Copyright 1986-2022 Xilinx, Inc. All Rights Reserved. Copyright 2022-2023 Advanced Micro Devices, Inc. All Rights Reserved.
---------------------------------------------------------------------------------------------------------------------------------------------
| Tool Version : Vivado v.2023.2 (win64) Build 4029153 Fri Oct 13 20:14:34 MDT 2023
| Date         : Sat Jul  4 11:17:02 2026
| Host         : DESKTOP-CGVJL45 running 64-bit major release  (build 9200)
| Command      : report_methodology -file D:/System/desktop/jyd-feature/pipilined5/reports/timing_after_div_ip/methodology_after_div_ip.rpt
| Design       : top
| Device       : xc7k325tffg900-2
| Speed File   : -2
| Design State : Fully Routed
---------------------------------------------------------------------------------------------------------------------------------------------

Report Methodology

Table of Contents
-----------------
1. REPORT SUMMARY
2. REPORT DETAILS

1. REPORT SUMMARY
-----------------
            Netlist: netlist
          Floorplan: impl_1
      Design limits: <entire design considered>
             Max violations: <unlimited>
             Violations found: 146
+-----------+----------+---------------------------------------------+------------+
| Rule      | Severity | Description                                 | Violations |
+-----------+----------+---------------------------------------------+------------+
| SYNTH-10  | Warning  | Wide multiplier                             | 4          |
| TIMING-16 | Warning  | Large setup violation                       | 141        |
| ULMTCS-1  | Warning  | Control Sets use limits recommend reduction | 1          |
+-----------+----------+---------------------------------------------+------------+

2. REPORT DETAILS
-----------------
SYNTH-10#1 Warning
Wide multiplier  
Detected multiplier at student_top_inst/u_KLDJ_top/exu2/u_KLDJ_alu/u_alu_mul/out0 of size 16x18, it is decomposed from a wide multipler into 4 DSP blocks.
Related violations: <none>

SYNTH-10#2 Warning
Wide multiplier  
Detected multiplier at student_top_inst/u_KLDJ_top/exu2/u_KLDJ_alu/u_alu_mul/out0__0 of size 16x16, it is decomposed from a wide multipler into 4 DSP blocks.
Related violations: <none>

SYNTH-10#3 Warning
Wide multiplier  
Detected multiplier at student_top_inst/u_KLDJ_top/exu2/u_KLDJ_alu/u_alu_mul/out0__1 of size 18x18, it is decomposed from a wide multipler into 4 DSP blocks.
Related violations: <none>

SYNTH-10#4 Warning
Wide multiplier  
Detected multiplier at student_top_inst/u_KLDJ_top/exu2/u_KLDJ_alu/u_alu_mul/out0__2 of size 18x16, it is decomposed from a wide multipler into 4 DSP blocks.
Related violations: <none>

TIMING-16#1 Warning
Large setup violation  
There is a large setup violation of -1.001 ns between student_top_inst/u_KLDJ_top/u_pipe_id_ex/id_ex_rs1_addr_reg[0]/C (clocked by clk_out2_pll) and student_top_inst/u_KLDJ_top/u_pipe_ex_mem/ex_mem_mem_addr_reg[8]_replica_2/D (clocked by clk_out2_pll). Large setup violations at the end of those stages might be difficult to fix during the post-placement implementation flow and could be the result of non-optimal XDC constraints or non-optimal design architecture
Related violations: <none>

TIMING-16#2 Warning
Large setup violation  
There is a large setup violation of -1.001 ns between student_top_inst/u_KLDJ_top/u_pipe_id_ex/id_ex_rs1_addr_reg[0]/C (clocked by clk_out2_pll) and student_top_inst/u_KLDJ_top/u_pipe_ex_mem/ex_mem_mem_addr_reg[8]_replica_3/D (clocked by clk_out2_pll). Large setup violations at the end of those stages might be difficult to fix during the post-placement implementation flow and could be the result of non-optimal XDC constraints or non-optimal design architecture
Related violations: <none>

TIMING-16#3 Warning
Large setup violation  
There is a large setup violation of -1.003 ns between student_top_inst/u_KLDJ_top/u_pipe_ex_mem/ex_mem_mem_addr_reg[5]/C (clocked by clk_out2_pll) and student_top_inst/bridge_inst/dram_driver_inst/Mem_DRAM/U0/synth_options.dist_mem_inst/gen_sp_ram.spram_inst/ram_reg_53760_54015_2_2/RAMS64E_A/I (clocked by clk_out2_pll). Large setup violations at the end of those stages might be difficult to fix during the post-placement implementation flow and could be the result of non-optimal XDC constraints or non-optimal design architecture
Related violations: <none>

TIMING-16#4 Warning
Large setup violation  
There is a large setup violation of -1.005 ns between student_top_inst/u_KLDJ_top/u_pipe_ex_mem/ex_mem_mem_addr_reg[4]/C (clocked by clk_out2_pll) and student_top_inst/bridge_inst/dram_driver_inst/Mem_DRAM/U0/synth_options.dist_mem_inst/gen_sp_ram.spram_inst/ram_reg_50176_50431_21_21/RAMS64E_A/I (clocked by clk_out2_pll). Large setup violations at the end of those stages might be difficult to fix during the post-placement implementation flow and could be the result of non-optimal XDC constraints or non-optimal design architecture
Related violations: <none>

TIMING-16#5 Warning
Large setup violation  
There is a large setup violation of -1.006 ns between student_top_inst/u_KLDJ_top/u_pipe_ex_mem/ex_mem_mem_addr_reg[4]/C (clocked by clk_out2_pll) and student_top_inst/bridge_inst/dram_driver_inst/Mem_DRAM/U0/synth_options.dist_mem_inst/gen_sp_ram.spram_inst/ram_reg_45312_45567_19_19/RAMS64E_A/I (clocked by clk_out2_pll). Large setup violations at the end of those stages might be difficult to fix during the post-placement implementation flow and could be the result of non-optimal XDC constraints or non-optimal design architecture
Related violations: <none>

TIMING-16#6 Warning
Large setup violation  
There is a large setup violation of -1.008 ns between student_top_inst/u_KLDJ_top/u_pipe_ex_mem/ex_mem_mem_addr_reg[4]/C (clocked by clk_out2_pll) and student_top_inst/bridge_inst/dram_driver_inst/Mem_DRAM/U0/synth_options.dist_mem_inst/gen_sp_ram.spram_inst/ram_reg_50688_50943_21_21/RAMS64E_A/I (clocked by clk_out2_pll). Large setup violations at the end of those stages might be difficult to fix during the post-placement implementation flow and could be the result of non-optimal XDC constraints or non-optimal design architecture
Related violations: <none>

TIMING-16#7 Warning
Large setup violation  
There is a large setup violation of -1.009 ns between student_top_inst/u_KLDJ_top/u_pipe_id_ex/id_ex_rs1_addr_reg[0]/C (clocked by clk_out2_pll) and student_top_inst/u_KLDJ_top/u_pipe_ex_mem/ex_mem_mem_addr_reg[8]_replica_4/D (clocked by clk_out2_pll). Large setup violations at the end of those stages might be difficult to fix during the post-placement implementation flow and could be the result of non-optimal XDC constraints or non-optimal design architecture
Related violations: <none>

TIMING-16#8 Warning
Large setup violation  
There is a large setup violation of -1.014 ns between student_top_inst/u_KLDJ_top/u_pipe_ex_mem/ex_mem_mem_addr_reg[4]/C (clocked by clk_out2_pll) and student_top_inst/bridge_inst/dram_driver_inst/Mem_DRAM/U0/synth_options.dist_mem_inst/gen_sp_ram.spram_inst/ram_reg_62208_62463_19_19/RAMS64E_A/I (clocked by clk_out2_pll). Large setup violations at the end of those stages might be difficult to fix during the post-placement implementation flow and could be the result of non-optimal XDC constraints or non-optimal design architecture
Related violations: <none>

TIMING-16#9 Warning
Large setup violation  
There is a large setup violation of -1.014 ns between student_top_inst/u_KLDJ_top/u_pipe_ex_mem/ex_mem_mem_addr_reg[4]/C (clocked by clk_out2_pll) and student_top_inst/bridge_inst/dram_driver_inst/Mem_DRAM/U0/synth_options.dist_mem_inst/gen_sp_ram.spram_inst/ram_reg_62464_62719_19_19/RAMS64E_A/I (clocked by clk_out2_pll). Large setup violations at the end of those stages might be difficult to fix during the post-placement implementation flow and could be the result of non-optimal XDC constraints or non-optimal design architecture
Related violations: <none>

TIMING-16#10 Warning
Large setup violation  
There is a large setup violation of -1.020 ns between student_top_inst/u_KLDJ_top/u_pipe_id_ex/id_ex_rs1_addr_reg[0]/C (clocked by clk_out2_pll) and student_top_inst/u_KLDJ_top/ifu0/pc_reg_reg[12]/D (clocked by clk_out2_pll). Large setup violations at the end of those stages might be difficult to fix during the post-placement implementation flow and could be the result of non-optimal XDC constraints or non-optimal design architecture
Related violations: <none>

TIMING-16#11 Warning
Large setup violation  
There is a large setup violation of -1.021 ns between student_top_inst/u_KLDJ_top/u_pipe_ex_mem/ex_mem_mem_addr_reg[4]/C (clocked by clk_out2_pll) and student_top_inst/bridge_inst/dram_driver_inst/Mem_DRAM/U0/synth_options.dist_mem_inst/gen_sp_ram.spram_inst/ram_reg_52224_52479_21_21/RAMS64E_A/I (clocked by clk_out2_pll). Large setup violations at the end of those stages might be difficult to fix during the post-placement implementation flow and could be the result of non-optimal XDC constraints or non-optimal design architecture
Related violations: <none>

TIMING-16#12 Warning
Large setup violation  
There is a large setup violation of -1.021 ns between student_top_inst/u_KLDJ_top/u_pipe_id_ex/id_ex_rs1_addr_reg[0]/C (clocked by clk_out2_pll) and student_top_inst/u_KLDJ_top/ifu0/pc_reg_reg[25]/D (clocked by clk_out2_pll). Large setup violations at the end of those stages might be difficult to fix during the post-placement implementation flow and could be the result of non-optimal XDC constraints or non-optimal design architecture
Related violations: <none>

TIMING-16#13 Warning
Large setup violation  
There is a large setup violation of -1.024 ns between student_top_inst/u_KLDJ_top/u_pipe_id_ex/id_ex_rs1_addr_reg[0]/C (clocked by clk_out2_pll) and student_top_inst/u_KLDJ_top/ifu0/pc_reg_reg[23]/D (clocked by clk_out2_pll). Large setup violations at the end of those stages might be difficult to fix during the post-placement implementation flow and could be the result of non-optimal XDC constraints or non-optimal design architecture
Related violations: <none>

TIMING-16#14 Warning
Large setup violation  
There is a large setup violation of -1.026 ns between student_top_inst/u_KLDJ_top/u_pipe_id_ex/id_ex_rs1_addr_reg[0]/C (clocked by clk_out2_pll) and student_top_inst/u_KLDJ_top/u_pipe_ex_mem/ex_mem_exu_res_reg[31]/D (clocked by clk_out2_pll). Large setup violations at the end of those stages might be difficult to fix during the post-placement implementation flow and could be the result of non-optimal XDC constraints or non-optimal design architecture
Related violations: <none>

TIMING-16#15 Warning
Large setup violation  
There is a large setup violation of -1.029 ns between student_top_inst/u_KLDJ_top/u_pipe_id_ex/id_ex_rs1_addr_reg[0]/C (clocked by clk_out2_pll) and student_top_inst/u_KLDJ_top/u_pipe_ex_mem/ex_mem_mem_addr_reg[11]/D (clocked by clk_out2_pll). Large setup violations at the end of those stages might be difficult to fix during the post-placement implementation flow and could be the result of non-optimal XDC constraints or non-optimal design architecture
Related violations: <none>

TIMING-16#16 Warning
Large setup violation  
There is a large setup violation of -1.033 ns between student_top_inst/u_KLDJ_top/u_pipe_ex_mem/ex_mem_mem_addr_reg[4]/C (clocked by clk_out2_pll) and student_top_inst/bridge_inst/dram_driver_inst/Mem_DRAM/U0/synth_options.dist_mem_inst/gen_sp_ram.spram_inst/ram_reg_61440_61695_19_19/RAMS64E_A/I (clocked by clk_out2_pll). Large setup violations at the end of those stages might be difficult to fix during the post-placement implementation flow and could be the result of non-optimal XDC constraints or non-optimal design architecture
Related violations: <none>

TIMING-16#17 Warning
Large setup violation  
There is a large setup violation of -1.042 ns between student_top_inst/u_KLDJ_top/u_pipe_mem_wb/mem_wb_rd_addr_reg[4]/C (clocked by clk_out2_pll) and student_top_inst/u_KLDJ_top/u_pipe_ex_mem/ex_mem_mem_addr_reg[1]/D (clocked by clk_out2_pll). Large setup violations at the end of those stages might be difficult to fix during the post-placement implementation flow and could be the result of non-optimal XDC constraints or non-optimal design architecture
Related violations: <none>

TIMING-16#18 Warning
Large setup violation  
There is a large setup violation of -1.044 ns between student_top_inst/u_KLDJ_top/u_pipe_id_ex/id_ex_rs1_addr_reg[0]/C (clocked by clk_out2_pll) and student_top_inst/u_KLDJ_top/u_pipe_ex_mem/ex_mem_exu_res_reg[28]/D (clocked by clk_out2_pll). Large setup violations at the end of those stages might be difficult to fix during the post-placement implementation flow and could be the result of non-optimal XDC constraints or non-optimal design architecture
Related violations: <none>

TIMING-16#19 Warning
Large setup violation  
There is a large setup violation of -1.046 ns between student_top_inst/u_KLDJ_top/u_pipe_id_ex/id_ex_rs1_addr_reg[0]/C (clocked by clk_out2_pll) and student_top_inst/u_KLDJ_top/ifu0/pc_reg_reg[6]/D (clocked by clk_out2_pll). Large setup violations at the end of those stages might be difficult to fix during the post-placement implementation flow and could be the result of non-optimal XDC constraints or non-optimal design architecture
Related violations: <none>

TIMING-16#20 Warning
Large setup violation  
There is a large setup violation of -1.047 ns between student_top_inst/u_KLDJ_top/u_pipe_ex_mem/ex_mem_mem_addr_reg[5]/C (clocked by clk_out2_pll) and student_top_inst/bridge_inst/dram_driver_inst/Mem_DRAM/U0/synth_options.dist_mem_inst/gen_sp_ram.spram_inst/ram_reg_56064_56319_2_2/RAMS64E_A/I (clocked by clk_out2_pll). Large setup violations at the end of those stages might be difficult to fix during the post-placement implementation flow and could be the result of non-optimal XDC constraints or non-optimal design architecture
Related violations: <none>

TIMING-16#21 Warning
Large setup violation  
There is a large setup violation of -1.052 ns between student_top_inst/u_KLDJ_top/u_pipe_ex_mem/ex_mem_mem_addr_reg[4]/C (clocked by clk_out2_pll) and student_top_inst/bridge_inst/dram_driver_inst/Mem_DRAM/U0/synth_options.dist_mem_inst/gen_sp_ram.spram_inst/ram_reg_49408_49663_21_21/RAMS64E_A/I (clocked by clk_out2_pll). Large setup violations at the end of those stages might be difficult to fix during the post-placement implementation flow and could be the result of non-optimal XDC constraints or non-optimal design architecture
Related violations: <none>

TIMING-16#22 Warning
Large setup violation  
There is a large setup violation of -1.052 ns between student_top_inst/u_KLDJ_top/u_pipe_id_ex/id_ex_rs1_addr_reg[0]/C (clocked by clk_out2_pll) and student_top_inst/u_KLDJ_top/u_pipe_ex_mem/ex_mem_exu_res_reg[1]/D (clocked by clk_out2_pll). Large setup violations at the end of those stages might be difficult to fix during the post-placement implementation flow and could be the result of non-optimal XDC constraints or non-optimal design architecture
Related violations: <none>

TIMING-16#23 Warning
Large setup violation  
There is a large setup violation of -1.060 ns between student_top_inst/u_KLDJ_top/u_pipe_id_ex/id_ex_rs1_addr_reg[0]/C (clocked by clk_out2_pll) and student_top_inst/u_KLDJ_top/u_pipe_ex_mem/ex_mem_mem_addr_reg[11]_replica_4/D (clocked by clk_out2_pll). Large setup violations at the end of those stages might be difficult to fix during the post-placement implementation flow and could be the result of non-optimal XDC constraints or non-optimal design architecture
Related violations: <none>

TIMING-16#24 Warning
Large setup violation  
There is a large setup violation of -1.064 ns between student_top_inst/u_KLDJ_top/u_pipe_id_ex/id_ex_rs1_addr_reg[0]/C (clocked by clk_out2_pll) and student_top_inst/u_KLDJ_top/ifu0/pc_reg_reg[26]/D (clocked by clk_out2_pll). Large setup violations at the end of those stages might be difficult to fix during the post-placement implementation flow and could be the result of non-optimal XDC constraints or non-optimal design architecture
Related violations: <none>

TIMING-16#25 Warning
Large setup violation  
There is a large setup violation of -1.068 ns between student_top_inst/u_KLDJ_top/u_pipe_id_ex/id_ex_rs1_addr_reg[0]/C (clocked by clk_out2_pll) and student_top_inst/u_KLDJ_top/u_pipe_ex_mem/ex_mem_mem_addr_reg[11]_replica/D (clocked by clk_out2_pll). Large setup violations at the end of those stages might be difficult to fix during the post-placement implementation flow and could be the result of non-optimal XDC constraints or non-optimal design architecture
Related violations: <none>

TIMING-16#26 Warning
Large setup violation  
There is a large setup violation of -1.071 ns between student_top_inst/u_KLDJ_top/u_pipe_ex_mem/ex_mem_mem_addr_reg[3]/C (clocked by clk_out2_pll) and student_top_inst/u_KLDJ_top/u_pipe_mem_wb/mem_wb_wb_data_reg[4]/D (clocked by clk_out2_pll). Large setup violations at the end of those stages might be difficult to fix during the post-placement implementation flow and could be the result of non-optimal XDC constraints or non-optimal design architecture
Related violations: <none>

TIMING-16#27 Warning
Large setup violation  
There is a large setup violation of -1.074 ns between student_top_inst/u_KLDJ_top/u_pipe_ex_mem/ex_mem_mem_addr_reg[5]/C (clocked by clk_out2_pll) and student_top_inst/bridge_inst/dram_driver_inst/Mem_DRAM/U0/synth_options.dist_mem_inst/gen_sp_ram.spram_inst/ram_reg_53248_53503_2_2/RAMS64E_A/I (clocked by clk_out2_pll). Large setup violations at the end of those stages might be difficult to fix during the post-placement implementation flow and could be the result of non-optimal XDC constraints or non-optimal design architecture
Related violations: <none>

TIMING-16#28 Warning
Large setup violation  
There is a large setup violation of -1.076 ns between student_top_inst/u_KLDJ_top/u_pipe_id_ex/id_ex_rs1_addr_reg[0]/C (clocked by clk_out2_pll) and student_top_inst/u_KLDJ_top/u_pipe_ex_mem/ex_mem_mem_addr_reg[12]/D (clocked by clk_out2_pll). Large setup violations at the end of those stages might be difficult to fix during the post-placement implementation flow and could be the result of non-optimal XDC constraints or non-optimal design architecture
Related violations: <none>

TIMING-16#29 Warning
Large setup violation  
There is a large setup violation of -1.082 ns between student_top_inst/u_KLDJ_top/u_pipe_id_ex/id_ex_rs1_addr_reg[0]/C (clocked by clk_out2_pll) and student_top_inst/u_KLDJ_top/u_pipe_ex_mem/ex_mem_mem_addr_reg[27]/D (clocked by clk_out2_pll). Large setup violations at the end of those stages might be difficult to fix during the post-placement implementation flow and could be the result of non-optimal XDC constraints or non-optimal design architecture
Related violations: <none>

TIMING-16#30 Warning
Large setup violation  
There is a large setup violation of -1.086 ns between student_top_inst/u_KLDJ_top/u_pipe_id_ex/id_ex_rs1_addr_reg[0]/C (clocked by clk_out2_pll) and student_top_inst/u_KLDJ_top/u_pipe_ex_mem/ex_mem_mem_addr_reg[12]_replica_8/D (clocked by clk_out2_pll). Large setup violations at the end of those stages might be difficult to fix during the post-placement implementation flow and could be the result of non-optimal XDC constraints or non-optimal design architecture
Related violations: <none>

TIMING-16#31 Warning
Large setup violation  
There is a large setup violation of -1.093 ns between student_top_inst/u_KLDJ_top/u_pipe_id_ex/id_ex_rs1_addr_reg[0]/C (clocked by clk_out2_pll) and student_top_inst/u_KLDJ_top/u_pipe_ex_mem/ex_mem_mem_addr_reg[12]_replica_1/D (clocked by clk_out2_pll). Large setup violations at the end of those stages might be difficult to fix during the post-placement implementation flow and could be the result of non-optimal XDC constraints or non-optimal design architecture
Related violations: <none>

TIMING-16#32 Warning
Large setup violation  
There is a large setup violation of -1.093 ns between student_top_inst/u_KLDJ_top/u_pipe_id_ex/id_ex_rs1_addr_reg[0]/C (clocked by clk_out2_pll) and student_top_inst/u_KLDJ_top/u_pipe_ex_mem/ex_mem_mem_addr_reg[12]_replica_4/D (clocked by clk_out2_pll). Large setup violations at the end of those stages might be difficult to fix during the post-placement implementation flow and could be the result of non-optimal XDC constraints or non-optimal design architecture
Related violations: <none>

TIMING-16#33 Warning
Large setup violation  
There is a large setup violation of -1.095 ns between student_top_inst/u_KLDJ_top/u_pipe_id_ex/id_ex_rs1_addr_reg[0]/C (clocked by clk_out2_pll) and student_top_inst/u_KLDJ_top/u_pipe_ex_mem/ex_mem_exu_res_reg[25]/D (clocked by clk_out2_pll). Large setup violations at the end of those stages might be difficult to fix during the post-placement implementation flow and could be the result of non-optimal XDC constraints or non-optimal design architecture
Related violations: <none>

TIMING-16#34 Warning
Large setup violation  
There is a large setup violation of -1.097 ns between student_top_inst/u_KLDJ_top/u_pipe_id_ex/id_ex_rs1_addr_reg[0]/C (clocked by clk_out2_pll) and student_top_inst/u_KLDJ_top/u_pipe_ex_mem/ex_mem_mem_addr_reg[12]_replica_10/D (clocked by clk_out2_pll). Large setup violations at the end of those stages might be difficult to fix during the post-placement implementation flow and could be the result of non-optimal XDC constraints or non-optimal design architecture
Related violations: <none>

TIMING-16#35 Warning
Large setup violation  
There is a large setup violation of -1.100 ns between student_top_inst/u_KLDJ_top/u_pipe_id_ex/id_ex_rs1_addr_reg[0]/C (clocked by clk_out2_pll) and student_top_inst/u_KLDJ_top/ifu0/pc_reg_reg[14]/D (clocked by clk_out2_pll). Large setup violations at the end of those stages might be difficult to fix during the post-placement implementation flow and could be the result of non-optimal XDC constraints or non-optimal design architecture
Related violations: <none>

TIMING-16#36 Warning
Large setup violation  
There is a large setup violation of -1.103 ns between student_top_inst/u_KLDJ_top/u_pipe_id_ex/id_ex_rs1_addr_reg[0]/C (clocked by clk_out2_pll) and student_top_inst/u_KLDJ_top/u_pipe_ex_mem/ex_mem_mem_addr_reg[12]_replica_11/D (clocked by clk_out2_pll). Large setup violations at the end of those stages might be difficult to fix during the post-placement implementation flow and could be the result of non-optimal XDC constraints or non-optimal design architecture
Related violations: <none>

TIMING-16#37 Warning
Large setup violation  
There is a large setup violation of -1.104 ns between student_top_inst/u_KLDJ_top/u_pipe_id_ex/id_ex_rs1_addr_reg[0]/C (clocked by clk_out2_pll) and student_top_inst/u_KLDJ_top/u_pipe_ex_mem/ex_mem_mem_addr_reg[25]/D (clocked by clk_out2_pll). Large setup violations at the end of those stages might be difficult to fix during the post-placement implementation flow and could be the result of non-optimal XDC constraints or non-optimal design architecture
Related violations: <none>

TIMING-16#38 Warning
Large setup violation  
There is a large setup violation of -1.106 ns between student_top_inst/u_KLDJ_top/u_pipe_id_ex/id_ex_rs1_addr_reg[0]/C (clocked by clk_out2_pll) and student_top_inst/u_KLDJ_top/u_pipe_ex_mem/ex_mem_exu_res_reg[14]/D (clocked by clk_out2_pll). Large setup violations at the end of those stages might be difficult to fix during the post-placement implementation flow and could be the result of non-optimal XDC constraints or non-optimal design architecture
Related violations: <none>

TIMING-16#39 Warning
Large setup violation  
There is a large setup violation of -1.106 ns between student_top_inst/u_KLDJ_top/u_pipe_id_ex/id_ex_rs1_addr_reg[0]/C (clocked by clk_out2_pll) and student_top_inst/u_KLDJ_top/u_pipe_ex_mem/ex_mem_mem_addr_reg[12]_replica_2/D (clocked by clk_out2_pll). Large setup violations at the end of those stages might be difficult to fix during the post-placement implementation flow and could be the result of non-optimal XDC constraints or non-optimal design architecture
Related violations: <none>

TIMING-16#40 Warning
Large setup violation  
There is a large setup violation of -1.109 ns between student_top_inst/u_KLDJ_top/u_pipe_id_ex/id_ex_rs1_addr_reg[0]/C (clocked by clk_out2_pll) and student_top_inst/u_KLDJ_top/u_pipe_ex_mem/ex_mem_mem_addr_reg[9]/D (clocked by clk_out2_pll). Large setup violations at the end of those stages might be difficult to fix during the post-placement implementation flow and could be the result of non-optimal XDC constraints or non-optimal design architecture
Related violations: <none>

TIMING-16#41 Warning
Large setup violation  
There is a large setup violation of -1.111 ns between student_top_inst/u_KLDJ_top/u_pipe_id_ex/id_ex_rs1_addr_reg[0]/C (clocked by clk_out2_pll) and student_top_inst/u_KLDJ_top/ifu0/pc_reg_reg[4]/D (clocked by clk_out2_pll). Large setup violations at the end of those stages might be difficult to fix during the post-placement implementation flow and could be the result of non-optimal XDC constraints or non-optimal design architecture
Related violations: <none>

TIMING-16#42 Warning
Large setup violation  
There is a large setup violation of -1.112 ns between student_top_inst/u_KLDJ_top/u_pipe_id_ex/id_ex_rs1_addr_reg[0]/C (clocked by clk_out2_pll) and student_top_inst/u_KLDJ_top/u_pipe_ex_mem/ex_mem_exu_res_reg[29]/D (clocked by clk_out2_pll). Large setup violations at the end of those stages might be difficult to fix during the post-placement implementation flow and could be the result of non-optimal XDC constraints or non-optimal design architecture
Related violations: <none>

TIMING-16#43 Warning
Large setup violation  
There is a large setup violation of -1.112 ns between student_top_inst/u_KLDJ_top/u_pipe_id_ex/id_ex_rs1_addr_reg[0]/C (clocked by clk_out2_pll) and student_top_inst/u_KLDJ_top/u_pipe_ex_mem/ex_mem_exu_res_reg[9]/D (clocked by clk_out2_pll). Large setup violations at the end of those stages might be difficult to fix during the post-placement implementation flow and could be the result of non-optimal XDC constraints or non-optimal design architecture
Related violations: <none>

TIMING-16#44 Warning
Large setup violation  
There is a large setup violation of -1.125 ns between student_top_inst/u_KLDJ_top/u_pipe_id_ex/id_ex_rs1_addr_reg[0]/C (clocked by clk_out2_pll) and student_top_inst/u_KLDJ_top/u_pipe_ex_mem/ex_mem_exu_res_reg[4]/D (clocked by clk_out2_pll). Large setup violations at the end of those stages might be difficult to fix during the post-placement implementation flow and could be the result of non-optimal XDC constraints or non-optimal design architecture
Related violations: <none>

TIMING-16#45 Warning
Large setup violation  
There is a large setup violation of -1.130 ns between student_top_inst/u_KLDJ_top/u_pipe_id_ex/id_ex_rs1_addr_reg[0]/C (clocked by clk_out2_pll) and student_top_inst/u_KLDJ_top/u_pipe_ex_mem/ex_mem_exu_res_reg[20]/D (clocked by clk_out2_pll). Large setup violations at the end of those stages might be difficult to fix during the post-placement implementation flow and could be the result of non-optimal XDC constraints or non-optimal design architecture
Related violations: <none>

TIMING-16#46 Warning
Large setup violation  
There is a large setup violation of -1.130 ns between student_top_inst/u_KLDJ_top/u_pipe_id_ex/id_ex_rs1_addr_reg[0]/C (clocked by clk_out2_pll) and student_top_inst/u_KLDJ_top/u_pipe_ex_mem/ex_mem_mem_addr_reg[10]_replica/D (clocked by clk_out2_pll). Large setup violations at the end of those stages might be difficult to fix during the post-placement implementation flow and could be the result of non-optimal XDC constraints or non-optimal design architecture
Related violations: <none>

TIMING-16#47 Warning
Large setup violation  
There is a large setup violation of -1.138 ns between student_top_inst/u_KLDJ_top/u_pipe_id_ex/id_ex_rs1_addr_reg[0]/C (clocked by clk_out2_pll) and student_top_inst/u_KLDJ_top/u_pipe_ex_mem/ex_mem_exu_res_reg[8]/D (clocked by clk_out2_pll). Large setup violations at the end of those stages might be difficult to fix during the post-placement implementation flow and could be the result of non-optimal XDC constraints or non-optimal design architecture
Related violations: <none>

TIMING-16#48 Warning
Large setup violation  
There is a large setup violation of -1.143 ns between student_top_inst/u_KLDJ_top/u_pipe_id_ex/id_ex_rs1_addr_reg[0]/C (clocked by clk_out2_pll) and student_top_inst/u_KLDJ_top/ifu0/pc_reg_reg[24]/D (clocked by clk_out2_pll). Large setup violations at the end of those stages might be difficult to fix during the post-placement implementation flow and could be the result of non-optimal XDC constraints or non-optimal design architecture
Related violations: <none>

TIMING-16#49 Warning
Large setup violation  
There is a large setup violation of -1.145 ns between student_top_inst/u_KLDJ_top/u_pipe_id_ex/id_ex_rs1_addr_reg[0]/C (clocked by clk_out2_pll) and student_top_inst/u_KLDJ_top/u_pipe_ex_mem/ex_mem_mem_addr_reg[26]/D (clocked by clk_out2_pll). Large setup violations at the end of those stages might be difficult to fix during the post-placement implementation flow and could be the result of non-optimal XDC constraints or non-optimal design architecture
Related violations: <none>

TIMING-16#50 Warning
Large setup violation  
There is a large setup violation of -1.147 ns between student_top_inst/u_KLDJ_top/u_pipe_id_ex/id_ex_rs1_addr_reg[0]/C (clocked by clk_out2_pll) and student_top_inst/u_KLDJ_top/u_pipe_ex_mem/ex_mem_mem_addr_reg[11]_replica_2/D (clocked by clk_out2_pll). Large setup violations at the end of those stages might be difficult to fix during the post-placement implementation flow and could be the result of non-optimal XDC constraints or non-optimal design architecture
Related violations: <none>

TIMING-16#51 Warning
Large setup violation  
There is a large setup violation of -1.147 ns between student_top_inst/u_KLDJ_top/u_pipe_id_ex/id_ex_rs1_addr_reg[0]/C (clocked by clk_out2_pll) and student_top_inst/u_KLDJ_top/u_pipe_ex_mem/ex_mem_mem_addr_reg[6]_replica/D (clocked by clk_out2_pll). Large setup violations at the end of those stages might be difficult to fix during the post-placement implementation flow and could be the result of non-optimal XDC constraints or non-optimal design architecture
Related violations: <none>

TIMING-16#52 Warning
Large setup violation  
There is a large setup violation of -1.149 ns between student_top_inst/u_KLDJ_top/u_pipe_id_ex/id_ex_rs1_addr_reg[0]/C (clocked by clk_out2_pll) and student_top_inst/u_KLDJ_top/u_pipe_ex_mem/ex_mem_exu_res_reg[11]/D (clocked by clk_out2_pll). Large setup violations at the end of those stages might be difficult to fix during the post-placement implementation flow and could be the result of non-optimal XDC constraints or non-optimal design architecture
Related violations: <none>

TIMING-16#53 Warning
Large setup violation  
There is a large setup violation of -1.154 ns between student_top_inst/u_KLDJ_top/u_pipe_id_ex/id_ex_rs1_addr_reg[0]/C (clocked by clk_out2_pll) and student_top_inst/u_KLDJ_top/ifu0/pc_reg_reg[18]/D (clocked by clk_out2_pll). Large setup violations at the end of those stages might be difficult to fix during the post-placement implementation flow and could be the result of non-optimal XDC constraints or non-optimal design architecture
Related violations: <none>

TIMING-16#54 Warning
Large setup violation  
There is a large setup violation of -1.154 ns between student_top_inst/u_KLDJ_top/u_pipe_id_ex/id_ex_rs1_addr_reg[0]/C (clocked by clk_out2_pll) and student_top_inst/u_KLDJ_top/u_pipe_ex_mem/ex_mem_mem_addr_reg[11]_replica_5/D (clocked by clk_out2_pll). Large setup violations at the end of those stages might be difficult to fix during the post-placement implementation flow and could be the result of non-optimal XDC constraints or non-optimal design architecture
Related violations: <none>

TIMING-16#55 Warning
Large setup violation  
There is a large setup violation of -1.156 ns between student_top_inst/u_KLDJ_top/u_pipe_id_ex/id_ex_rs1_addr_reg[0]/C (clocked by clk_out2_pll) and student_top_inst/u_KLDJ_top/u_pipe_ex_mem/ex_mem_mem_addr_reg[24]/D (clocked by clk_out2_pll). Large setup violations at the end of those stages might be difficult to fix during the post-placement implementation flow and could be the result of non-optimal XDC constraints or non-optimal design architecture
Related violations: <none>

TIMING-16#56 Warning
Large setup violation  
There is a large setup violation of -1.158 ns between student_top_inst/u_KLDJ_top/u_pipe_id_ex/id_ex_rs1_addr_reg[0]/C (clocked by clk_out2_pll) and student_top_inst/u_KLDJ_top/ifu0/pc_reg_reg[1]/D (clocked by clk_out2_pll). Large setup violations at the end of those stages might be difficult to fix during the post-placement implementation flow and could be the result of non-optimal XDC constraints or non-optimal design architecture
Related violations: <none>

TIMING-16#57 Warning
Large setup violation  
There is a large setup violation of -1.163 ns between student_top_inst/u_KLDJ_top/u_pipe_id_ex/id_ex_rs1_addr_reg[0]/C (clocked by clk_out2_pll) and student_top_inst/u_KLDJ_top/ifu0/pc_reg_reg[30]/D (clocked by clk_out2_pll). Large setup violations at the end of those stages might be difficult to fix during the post-placement implementation flow and could be the result of non-optimal XDC constraints or non-optimal design architecture
Related violations: <none>

TIMING-16#58 Warning
Large setup violation  
There is a large setup violation of -1.163 ns between student_top_inst/u_KLDJ_top/u_pipe_id_ex/id_ex_rs1_addr_reg[0]/C (clocked by clk_out2_pll) and student_top_inst/u_KLDJ_top/u_pipe_ex_mem/ex_mem_mem_addr_reg[11]_replica_1/D (clocked by clk_out2_pll). Large setup violations at the end of those stages might be difficult to fix during the post-placement implementation flow and could be the result of non-optimal XDC constraints or non-optimal design architecture
Related violations: <none>

TIMING-16#59 Warning
Large setup violation  
There is a large setup violation of -1.167 ns between student_top_inst/u_KLDJ_top/u_pipe_id_ex/id_ex_rs1_addr_reg[0]/C (clocked by clk_out2_pll) and student_top_inst/u_KLDJ_top/u_pipe_ex_mem/ex_mem_exu_res_reg[30]/D (clocked by clk_out2_pll). Large setup violations at the end of those stages might be difficult to fix during the post-placement implementation flow and could be the result of non-optimal XDC constraints or non-optimal design architecture
Related violations: <none>

TIMING-16#60 Warning
Large setup violation  
There is a large setup violation of -1.174 ns between student_top_inst/u_KLDJ_top/u_pipe_id_ex/id_ex_rs1_addr_reg[0]/C (clocked by clk_out2_pll) and student_top_inst/u_KLDJ_top/u_pipe_ex_mem/ex_mem_exu_res_reg[16]/D (clocked by clk_out2_pll). Large setup violations at the end of those stages might be difficult to fix during the post-placement implementation flow and could be the result of non-optimal XDC constraints or non-optimal design architecture
Related violations: <none>

TIMING-16#61 Warning
Large setup violation  
There is a large setup violation of -1.175 ns between student_top_inst/u_KLDJ_top/u_pipe_id_ex/id_ex_rs1_addr_reg[0]/C (clocked by clk_out2_pll) and student_top_inst/u_KLDJ_top/u_pipe_ex_mem/ex_mem_exu_res_reg[0]/D (clocked by clk_out2_pll). Large setup violations at the end of those stages might be difficult to fix during the post-placement implementation flow and could be the result of non-optimal XDC constraints or non-optimal design architecture
Related violations: <none>

TIMING-16#62 Warning
Large setup violation  
There is a large setup violation of -1.176 ns between student_top_inst/u_KLDJ_top/u_pipe_id_ex/id_ex_rs1_addr_reg[0]/C (clocked by clk_out2_pll) and student_top_inst/u_KLDJ_top/u_pipe_ex_mem/ex_mem_mem_addr_reg[0]/D (clocked by clk_out2_pll). Large setup violations at the end of those stages might be difficult to fix during the post-placement implementation flow and could be the result of non-optimal XDC constraints or non-optimal design architecture
Related violations: <none>

TIMING-16#63 Warning
Large setup violation  
There is a large setup violation of -1.181 ns between student_top_inst/u_KLDJ_top/u_pipe_id_ex/id_ex_rs1_addr_reg[0]/C (clocked by clk_out2_pll) and student_top_inst/u_KLDJ_top/u_pipe_ex_mem/ex_mem_mem_addr_reg[17]/D (clocked by clk_out2_pll). Large setup violations at the end of those stages might be difficult to fix during the post-placement implementation flow and could be the result of non-optimal XDC constraints or non-optimal design architecture
Related violations: <none>

TIMING-16#64 Warning
Large setup violation  
There is a large setup violation of -1.183 ns between student_top_inst/u_KLDJ_top/u_pipe_id_ex/id_ex_rs1_addr_reg[0]/C (clocked by clk_out2_pll) and student_top_inst/u_KLDJ_top/ifu0/pc_reg_reg[5]/D (clocked by clk_out2_pll). Large setup violations at the end of those stages might be difficult to fix during the post-placement implementation flow and could be the result of non-optimal XDC constraints or non-optimal design architecture
Related violations: <none>

TIMING-16#65 Warning
Large setup violation  
There is a large setup violation of -1.186 ns between student_top_inst/u_KLDJ_top/u_pipe_id_ex/id_ex_rs1_addr_reg[0]/C (clocked by clk_out2_pll) and student_top_inst/u_KLDJ_top/u_pipe_ex_mem/ex_mem_mem_addr_reg[6]/D (clocked by clk_out2_pll). Large setup violations at the end of those stages might be difficult to fix during the post-placement implementation flow and could be the result of non-optimal XDC constraints or non-optimal design architecture
Related violations: <none>

TIMING-16#66 Warning
Large setup violation  
There is a large setup violation of -1.187 ns between student_top_inst/u_KLDJ_top/u_pipe_mem_wb/mem_wb_rd_addr_reg[4]/C (clocked by clk_out2_pll) and student_top_inst/u_KLDJ_top/u_pipe_ex_mem/ex_mem_mem_addr_reg[19]/D (clocked by clk_out2_pll). Large setup violations at the end of those stages might be difficult to fix during the post-placement implementation flow and could be the result of non-optimal XDC constraints or non-optimal design architecture
Related violations: <none>

TIMING-16#67 Warning
Large setup violation  
There is a large setup violation of -1.193 ns between student_top_inst/u_KLDJ_top/u_pipe_id_ex/id_ex_rs1_addr_reg[0]/C (clocked by clk_out2_pll) and student_top_inst/u_KLDJ_top/u_pipe_ex_mem/ex_mem_mem_addr_reg[12]_replica_14/D (clocked by clk_out2_pll). Large setup violations at the end of those stages might be difficult to fix during the post-placement implementation flow and could be the result of non-optimal XDC constraints or non-optimal design architecture
Related violations: <none>

TIMING-16#68 Warning
Large setup violation  
There is a large setup violation of -1.195 ns between student_top_inst/u_KLDJ_top/u_pipe_id_ex/id_ex_rs1_addr_reg[0]/C (clocked by clk_out2_pll) and student_top_inst/u_KLDJ_top/u_pipe_ex_mem/ex_mem_mem_addr_reg[12]_replica_13/D (clocked by clk_out2_pll). Large setup violations at the end of those stages might be difficult to fix during the post-placement implementation flow and could be the result of non-optimal XDC constraints or non-optimal design architecture
Related violations: <none>

TIMING-16#69 Warning
Large setup violation  
There is a large setup violation of -1.196 ns between student_top_inst/u_KLDJ_top/u_pipe_id_ex/id_ex_rs1_addr_reg[0]/C (clocked by clk_out2_pll) and student_top_inst/u_KLDJ_top/u_pipe_ex_mem/ex_mem_mem_addr_reg[12]_replica/D (clocked by clk_out2_pll). Large setup violations at the end of those stages might be difficult to fix during the post-placement implementation flow and could be the result of non-optimal XDC constraints or non-optimal design architecture
Related violations: <none>

TIMING-16#70 Warning
Large setup violation  
There is a large setup violation of -1.205 ns between student_top_inst/u_KLDJ_top/u_pipe_id_ex/id_ex_rs1_addr_reg[0]/C (clocked by clk_out2_pll) and student_top_inst/u_KLDJ_top/ifu0/pc_reg_reg[20]/D (clocked by clk_out2_pll). Large setup violations at the end of those stages might be difficult to fix during the post-placement implementation flow and could be the result of non-optimal XDC constraints or non-optimal design architecture
Related violations: <none>

TIMING-16#71 Warning
Large setup violation  
There is a large setup violation of -1.205 ns between student_top_inst/u_KLDJ_top/u_pipe_id_ex/id_ex_rs1_addr_reg[0]/C (clocked by clk_out2_pll) and student_top_inst/u_KLDJ_top/u_pipe_ex_mem/ex_mem_mem_addr_reg[22]/D (clocked by clk_out2_pll). Large setup violations at the end of those stages might be difficult to fix during the post-placement implementation flow and could be the result of non-optimal XDC constraints or non-optimal design architecture
Related violations: <none>

TIMING-16#72 Warning
Large setup violation  
There is a large setup violation of -1.205 ns between student_top_inst/u_KLDJ_top/u_pipe_id_ex/id_ex_rs1_addr_reg[0]/C (clocked by clk_out2_pll) and student_top_inst/u_KLDJ_top/u_pipe_ex_mem/ex_mem_mem_addr_reg[7]_replica/D (clocked by clk_out2_pll). Large setup violations at the end of those stages might be difficult to fix during the post-placement implementation flow and could be the result of non-optimal XDC constraints or non-optimal design architecture
Related violations: <none>

TIMING-16#73 Warning
Large setup violation  
There is a large setup violation of -1.206 ns between student_top_inst/u_KLDJ_top/u_pipe_id_ex/id_ex_rs1_addr_reg[0]/C (clocked by clk_out2_pll) and student_top_inst/u_KLDJ_top/u_pipe_ex_mem/ex_mem_mem_addr_reg[15]/D (clocked by clk_out2_pll). Large setup violations at the end of those stages might be difficult to fix during the post-placement implementation flow and could be the result of non-optimal XDC constraints or non-optimal design architecture
Related violations: <none>

TIMING-16#74 Warning
Large setup violation  
There is a large setup violation of -1.207 ns between student_top_inst/u_KLDJ_top/u_pipe_id_ex/id_ex_rs1_addr_reg[0]/C (clocked by clk_out2_pll) and student_top_inst/u_KLDJ_top/u_pipe_ex_mem/ex_mem_mem_addr_reg[12]_replica_12/D (clocked by clk_out2_pll). Large setup violations at the end of those stages might be difficult to fix during the post-placement implementation flow and could be the result of non-optimal XDC constraints or non-optimal design architecture
Related violations: <none>

TIMING-16#75 Warning
Large setup violation  
There is a large setup violation of -1.211 ns between student_top_inst/u_KLDJ_top/u_pipe_id_ex/id_ex_rs1_addr_reg[0]/C (clocked by clk_out2_pll) and student_top_inst/u_KLDJ_top/u_pipe_ex_mem/ex_mem_exu_res_reg[10]/D (clocked by clk_out2_pll). Large setup violations at the end of those stages might be difficult to fix during the post-placement implementation flow and could be the result of non-optimal XDC constraints or non-optimal design architecture
Related violations: <none>

TIMING-16#76 Warning
Large setup violation  
There is a large setup violation of -1.213 ns between student_top_inst/u_KLDJ_top/u_pipe_id_ex/id_ex_rs1_addr_reg[0]/C (clocked by clk_out2_pll) and student_top_inst/u_KLDJ_top/ifu0/pc_reg_reg[2]/D (clocked by clk_out2_pll). Large setup violations at the end of those stages might be difficult to fix during the post-placement implementation flow and could be the result of non-optimal XDC constraints or non-optimal design architecture
Related violations: <none>

TIMING-16#77 Warning
Large setup violation  
There is a large setup violation of -1.214 ns between student_top_inst/u_KLDJ_top/u_pipe_id_ex/id_ex_rs1_addr_reg[0]/C (clocked by clk_out2_pll) and student_top_inst/u_KLDJ_top/u_pipe_ex_mem/ex_mem_exu_res_reg[18]/D (clocked by clk_out2_pll). Large setup violations at the end of those stages might be difficult to fix during the post-placement implementation flow and could be the result of non-optimal XDC constraints or non-optimal design architecture
Related violations: <none>

TIMING-16#78 Warning
Large setup violation  
There is a large setup violation of -1.214 ns between student_top_inst/u_KLDJ_top/u_pipe_id_ex/id_ex_rs1_addr_reg[0]/C (clocked by clk_out2_pll) and student_top_inst/u_KLDJ_top/u_pipe_ex_mem/ex_mem_mem_addr_reg[18]/D (clocked by clk_out2_pll). Large setup violations at the end of those stages might be difficult to fix during the post-placement implementation flow and could be the result of non-optimal XDC constraints or non-optimal design architecture
Related violations: <none>

TIMING-16#79 Warning
Large setup violation  
There is a large setup violation of -1.215 ns between student_top_inst/u_KLDJ_top/u_pipe_id_ex/id_ex_rs1_addr_reg[0]/C (clocked by clk_out2_pll) and student_top_inst/u_KLDJ_top/u_pipe_ex_mem/ex_mem_mem_addr_reg[10]/D (clocked by clk_out2_pll). Large setup violations at the end of those stages might be difficult to fix during the post-placement implementation flow and could be the result of non-optimal XDC constraints or non-optimal design architecture
Related violations: <none>

TIMING-16#80 Warning
Large setup violation  
There is a large setup violation of -1.217 ns between student_top_inst/u_KLDJ_top/u_pipe_id_ex/id_ex_rs1_addr_reg[0]/C (clocked by clk_out2_pll) and student_top_inst/u_KLDJ_top/ifu0/pc_reg_reg[22]/D (clocked by clk_out2_pll). Large setup violations at the end of those stages might be difficult to fix during the post-placement implementation flow and could be the result of non-optimal XDC constraints or non-optimal design architecture
Related violations: <none>

TIMING-16#81 Warning
Large setup violation  
There is a large setup violation of -1.218 ns between student_top_inst/u_KLDJ_top/u_pipe_id_ex/id_ex_rs1_addr_reg[0]/C (clocked by clk_out2_pll) and student_top_inst/u_KLDJ_top/u_pipe_ex_mem/ex_mem_mem_addr_reg[12]_replica_5/D (clocked by clk_out2_pll). Large setup violations at the end of those stages might be difficult to fix during the post-placement implementation flow and could be the result of non-optimal XDC constraints or non-optimal design architecture
Related violations: <none>

TIMING-16#82 Warning
Large setup violation  
There is a large setup violation of -1.218 ns between student_top_inst/u_KLDJ_top/u_pipe_id_ex/id_ex_rs1_addr_reg[0]/C (clocked by clk_out2_pll) and student_top_inst/u_KLDJ_top/u_pipe_ex_mem/ex_mem_mem_addr_reg[12]_replica_7/D (clocked by clk_out2_pll). Large setup violations at the end of those stages might be difficult to fix during the post-placement implementation flow and could be the result of non-optimal XDC constraints or non-optimal design architecture
Related violations: <none>

TIMING-16#83 Warning
Large setup violation  
There is a large setup violation of -1.219 ns between student_top_inst/u_KLDJ_top/u_pipe_id_ex/id_ex_rs1_addr_reg[0]/C (clocked by clk_out2_pll) and student_top_inst/u_KLDJ_top/u_pipe_ex_mem/ex_mem_exu_res_reg[22]/D (clocked by clk_out2_pll). Large setup violations at the end of those stages might be difficult to fix during the post-placement implementation flow and could be the result of non-optimal XDC constraints or non-optimal design architecture
Related violations: <none>

TIMING-16#84 Warning
Large setup violation  
There is a large setup violation of -1.230 ns between student_top_inst/u_KLDJ_top/u_pipe_id_ex/id_ex_rs1_addr_reg[0]/C (clocked by clk_out2_pll) and student_top_inst/u_KLDJ_top/u_pipe_ex_mem/ex_mem_mem_addr_reg[12]_replica_6/D (clocked by clk_out2_pll). Large setup violations at the end of those stages might be difficult to fix during the post-placement implementation flow and could be the result of non-optimal XDC constraints or non-optimal design architecture
Related violations: <none>

TIMING-16#85 Warning
Large setup violation  
There is a large setup violation of -1.233 ns between student_top_inst/u_KLDJ_top/u_pipe_id_ex/id_ex_rs1_addr_reg[0]/C (clocked by clk_out2_pll) and student_top_inst/u_KLDJ_top/u_pipe_ex_mem/ex_mem_mem_addr_reg[11]_replica_10/D (clocked by clk_out2_pll). Large setup violations at the end of those stages might be difficult to fix during the post-placement implementation flow and could be the result of non-optimal XDC constraints or non-optimal design architecture
Related violations: <none>

TIMING-16#86 Warning
Large setup violation  
There is a large setup violation of -1.239 ns between student_top_inst/u_KLDJ_top/u_pipe_id_ex/id_ex_rs1_addr_reg[0]/C (clocked by clk_out2_pll) and student_top_inst/u_KLDJ_top/u_pipe_ex_mem/ex_mem_mem_addr_reg[10]_replica_8/D (clocked by clk_out2_pll). Large setup violations at the end of those stages might be difficult to fix during the post-placement implementation flow and could be the result of non-optimal XDC constraints or non-optimal design architecture
Related violations: <none>

TIMING-16#87 Warning
Large setup violation  
There is a large setup violation of -1.240 ns between student_top_inst/u_KLDJ_top/u_pipe_id_ex/id_ex_rs1_addr_reg[0]/C (clocked by clk_out2_pll) and student_top_inst/u_KLDJ_top/u_pipe_ex_mem/ex_mem_mem_addr_reg[12]_replica_9/D (clocked by clk_out2_pll). Large setup violations at the end of those stages might be difficult to fix during the post-placement implementation flow and could be the result of non-optimal XDC constraints or non-optimal design architecture
Related violations: <none>

TIMING-16#88 Warning
Large setup violation  
There is a large setup violation of -1.244 ns between student_top_inst/u_KLDJ_top/u_pipe_id_ex/id_ex_rs1_addr_reg[0]/C (clocked by clk_out2_pll) and student_top_inst/u_KLDJ_top/u_pipe_ex_mem/ex_mem_exu_res_reg[6]/D (clocked by clk_out2_pll). Large setup violations at the end of those stages might be difficult to fix during the post-placement implementation flow and could be the result of non-optimal XDC constraints or non-optimal design architecture
Related violations: <none>

TIMING-16#89 Warning
Large setup violation  
There is a large setup violation of -1.245 ns between student_top_inst/u_KLDJ_top/u_pipe_id_ex/id_ex_rs1_addr_reg[0]/C (clocked by clk_out2_pll) and student_top_inst/u_KLDJ_top/u_pipe_ex_mem/ex_mem_mem_addr_reg[11]_replica_9/D (clocked by clk_out2_pll). Large setup violations at the end of those stages might be difficult to fix during the post-placement implementation flow and could be the result of non-optimal XDC constraints or non-optimal design architecture
Related violations: <none>

TIMING-16#90 Warning
Large setup violation  
There is a large setup violation of -1.247 ns between student_top_inst/u_KLDJ_top/u_pipe_id_ex/id_ex_rs1_addr_reg[0]/C (clocked by clk_out2_pll) and student_top_inst/u_KLDJ_top/u_pipe_ex_mem/ex_mem_mem_addr_reg[10]_replica_7/D (clocked by clk_out2_pll). Large setup violations at the end of those stages might be difficult to fix during the post-placement implementation flow and could be the result of non-optimal XDC constraints or non-optimal design architecture
Related violations: <none>

TIMING-16#91 Warning
Large setup violation  
There is a large setup violation of -1.250 ns between student_top_inst/u_KLDJ_top/u_pipe_id_ex/id_ex_rs1_addr_reg[0]/C (clocked by clk_out2_pll) and student_top_inst/u_KLDJ_top/u_pipe_ex_mem/ex_mem_mem_addr_reg[10]_replica_2/D (clocked by clk_out2_pll). Large setup violations at the end of those stages might be difficult to fix during the post-placement implementation flow and could be the result of non-optimal XDC constraints or non-optimal design architecture
Related violations: <none>

TIMING-16#92 Warning
Large setup violation  
There is a large setup violation of -1.251 ns between student_top_inst/u_KLDJ_top/u_pipe_id_ex/id_ex_rs1_addr_reg[0]/C (clocked by clk_out2_pll) and student_top_inst/u_KLDJ_top/ifu0/pc_reg_reg[9]/D (clocked by clk_out2_pll). Large setup violations at the end of those stages might be difficult to fix during the post-placement implementation flow and could be the result of non-optimal XDC constraints or non-optimal design architecture
Related violations: <none>

TIMING-16#93 Warning
Large setup violation  
There is a large setup violation of -1.257 ns between student_top_inst/u_KLDJ_top/u_pipe_id_ex/id_ex_rs1_addr_reg[0]/C (clocked by clk_out2_pll) and student_top_inst/u_KLDJ_top/ifu0/pc_reg_reg[21]/D (clocked by clk_out2_pll). Large setup violations at the end of those stages might be difficult to fix during the post-placement implementation flow and could be the result of non-optimal XDC constraints or non-optimal design architecture
Related violations: <none>

TIMING-16#94 Warning
Large setup violation  
There is a large setup violation of -1.257 ns between student_top_inst/u_KLDJ_top/u_pipe_id_ex/id_ex_rs1_addr_reg[0]/C (clocked by clk_out2_pll) and student_top_inst/u_KLDJ_top/u_pipe_ex_mem/ex_mem_mem_addr_reg[11]_replica_3/D (clocked by clk_out2_pll). Large setup violations at the end of those stages might be difficult to fix during the post-placement implementation flow and could be the result of non-optimal XDC constraints or non-optimal design architecture
Related violations: <none>

TIMING-16#95 Warning
Large setup violation  
There is a large setup violation of -1.259 ns between student_top_inst/u_KLDJ_top/u_pipe_id_ex/id_ex_rs1_addr_reg[0]/C (clocked by clk_out2_pll) and student_top_inst/u_KLDJ_top/u_pipe_ex_mem/ex_mem_mem_addr_reg[31]/D (clocked by clk_out2_pll). Large setup violations at the end of those stages might be difficult to fix during the post-placement implementation flow and could be the result of non-optimal XDC constraints or non-optimal design architecture
Related violations: <none>

TIMING-16#96 Warning
Large setup violation  
There is a large setup violation of -1.260 ns between student_top_inst/u_KLDJ_top/u_pipe_id_ex/id_ex_rs1_addr_reg[0]/C (clocked by clk_out2_pll) and student_top_inst/u_KLDJ_top/u_pipe_ex_mem/ex_mem_mem_addr_reg[14]/D (clocked by clk_out2_pll). Large setup violations at the end of those stages might be difficult to fix during the post-placement implementation flow and could be the result of non-optimal XDC constraints or non-optimal design architecture
Related violations: <none>

TIMING-16#97 Warning
Large setup violation  
There is a large setup violation of -1.262 ns between student_top_inst/u_KLDJ_top/u_pipe_id_ex/id_ex_rs1_addr_reg[0]/C (clocked by clk_out2_pll) and student_top_inst/u_KLDJ_top/u_pipe_ex_mem/ex_mem_mem_addr_reg[11]_replica_7/D (clocked by clk_out2_pll). Large setup violations at the end of those stages might be difficult to fix during the post-placement implementation flow and could be the result of non-optimal XDC constraints or non-optimal design architecture
Related violations: <none>

TIMING-16#98 Warning
Large setup violation  
There is a large setup violation of -1.265 ns between student_top_inst/u_KLDJ_top/u_pipe_id_ex/id_ex_rs1_addr_reg[0]/C (clocked by clk_out2_pll) and student_top_inst/u_KLDJ_top/u_pipe_ex_mem/ex_mem_mem_addr_reg[4]_replica/D (clocked by clk_out2_pll). Large setup violations at the end of those stages might be difficult to fix during the post-placement implementation flow and could be the result of non-optimal XDC constraints or non-optimal design architecture
Related violations: <none>

TIMING-16#99 Warning
Large setup violation  
There is a large setup violation of -1.268 ns between student_top_inst/u_KLDJ_top/u_pipe_id_ex/id_ex_rs1_addr_reg[0]/C (clocked by clk_out2_pll) and student_top_inst/u_KLDJ_top/u_pipe_ex_mem/ex_mem_mem_addr_reg[13]/D (clocked by clk_out2_pll). Large setup violations at the end of those stages might be difficult to fix during the post-placement implementation flow and could be the result of non-optimal XDC constraints or non-optimal design architecture
Related violations: <none>

TIMING-16#100 Warning
Large setup violation  
There is a large setup violation of -1.274 ns between student_top_inst/u_KLDJ_top/u_pipe_id_ex/id_ex_rs1_addr_reg[0]/C (clocked by clk_out2_pll) and student_top_inst/u_KLDJ_top/ifu0/pc_reg_reg[10]/D (clocked by clk_out2_pll). Large setup violations at the end of those stages might be difficult to fix during the post-placement implementation flow and could be the result of non-optimal XDC constraints or non-optimal design architecture
Related violations: <none>

TIMING-16#101 Warning
Large setup violation  
There is a large setup violation of -1.274 ns between student_top_inst/u_KLDJ_top/u_pipe_id_ex/id_ex_rs1_addr_reg[0]/C (clocked by clk_out2_pll) and student_top_inst/u_KLDJ_top/ifu0/pc_reg_reg[28]/D (clocked by clk_out2_pll). Large setup violations at the end of those stages might be difficult to fix during the post-placement implementation flow and could be the result of non-optimal XDC constraints or non-optimal design architecture
Related violations: <none>

TIMING-16#102 Warning
Large setup violation  
There is a large setup violation of -1.276 ns between student_top_inst/u_KLDJ_top/u_pipe_id_ex/id_ex_rs1_addr_reg[0]/C (clocked by clk_out2_pll) and student_top_inst/u_KLDJ_top/ifu0/pc_reg_reg[31]/D (clocked by clk_out2_pll). Large setup violations at the end of those stages might be difficult to fix during the post-placement implementation flow and could be the result of non-optimal XDC constraints or non-optimal design architecture
Related violations: <none>

TIMING-16#103 Warning
Large setup violation  
There is a large setup violation of -1.276 ns between student_top_inst/u_KLDJ_top/u_pipe_id_ex/id_ex_rs1_addr_reg[0]/C (clocked by clk_out2_pll) and student_top_inst/u_KLDJ_top/u_pipe_ex_mem/ex_mem_exu_res_reg[13]/D (clocked by clk_out2_pll). Large setup violations at the end of those stages might be difficult to fix during the post-placement implementation flow and could be the result of non-optimal XDC constraints or non-optimal design architecture
Related violations: <none>

TIMING-16#104 Warning
Large setup violation  
There is a large setup violation of -1.277 ns between student_top_inst/u_KLDJ_top/u_pipe_id_ex/id_ex_rs1_addr_reg[0]/C (clocked by clk_out2_pll) and student_top_inst/u_KLDJ_top/u_pipe_ex_mem/ex_mem_exu_res_reg[21]/D (clocked by clk_out2_pll). Large setup violations at the end of those stages might be difficult to fix during the post-placement implementation flow and could be the result of non-optimal XDC constraints or non-optimal design architecture
Related violations: <none>

TIMING-16#105 Warning
Large setup violation  
There is a large setup violation of -1.284 ns between student_top_inst/u_KLDJ_top/u_pipe_id_ex/id_ex_rs1_addr_reg[0]/C (clocked by clk_out2_pll) and student_top_inst/u_KLDJ_top/u_pipe_ex_mem/ex_mem_mem_addr_reg[12]_replica_3/D (clocked by clk_out2_pll). Large setup violations at the end of those stages might be difficult to fix during the post-placement implementation flow and could be the result of non-optimal XDC constraints or non-optimal design architecture
Related violations: <none>

TIMING-16#106 Warning
Large setup violation  
There is a large setup violation of -1.289 ns between student_top_inst/u_KLDJ_top/u_pipe_id_ex/id_ex_rs1_addr_reg[0]/C (clocked by clk_out2_pll) and student_top_inst/u_KLDJ_top/u_pipe_ex_mem/ex_mem_mem_addr_reg[21]/D (clocked by clk_out2_pll). Large setup violations at the end of those stages might be difficult to fix during the post-placement implementation flow and could be the result of non-optimal XDC constraints or non-optimal design architecture
Related violations: <none>

TIMING-16#107 Warning
Large setup violation  
There is a large setup violation of -1.290 ns between student_top_inst/u_KLDJ_top/u_pipe_id_ex/id_ex_rs1_addr_reg[0]/C (clocked by clk_out2_pll) and student_top_inst/u_KLDJ_top/ifu0/pc_reg_reg[8]/D (clocked by clk_out2_pll). Large setup violations at the end of those stages might be difficult to fix during the post-placement implementation flow and could be the result of non-optimal XDC constraints or non-optimal design architecture
Related violations: <none>

TIMING-16#108 Warning
Large setup violation  
There is a large setup violation of -1.298 ns between student_top_inst/u_KLDJ_top/u_pipe_id_ex/id_ex_rs1_addr_reg[0]/C (clocked by clk_out2_pll) and student_top_inst/u_KLDJ_top/u_pipe_ex_mem/ex_mem_exu_res_reg[7]/D (clocked by clk_out2_pll). Large setup violations at the end of those stages might be difficult to fix during the post-placement implementation flow and could be the result of non-optimal XDC constraints or non-optimal design architecture
Related violations: <none>

TIMING-16#109 Warning
Large setup violation  
There is a large setup violation of -1.313 ns between student_top_inst/u_KLDJ_top/u_pipe_id_ex/id_ex_rs1_addr_reg[0]/C (clocked by clk_out2_pll) and student_top_inst/u_KLDJ_top/ifu0/pc_reg_reg[27]/D (clocked by clk_out2_pll). Large setup violations at the end of those stages might be difficult to fix during the post-placement implementation flow and could be the result of non-optimal XDC constraints or non-optimal design architecture
Related violations: <none>

TIMING-16#110 Warning
Large setup violation  
There is a large setup violation of -1.313 ns between student_top_inst/u_KLDJ_top/u_pipe_id_ex/id_ex_rs1_addr_reg[0]/C (clocked by clk_out2_pll) and student_top_inst/u_KLDJ_top/u_pipe_ex_mem/ex_mem_mem_addr_reg[10]_replica_9/D (clocked by clk_out2_pll). Large setup violations at the end of those stages might be difficult to fix during the post-placement implementation flow and could be the result of non-optimal XDC constraints or non-optimal design architecture
Related violations: <none>

TIMING-16#111 Warning
Large setup violation  
There is a large setup violation of -1.315 ns between student_top_inst/u_KLDJ_top/u_pipe_id_ex/id_ex_rs1_addr_reg[0]/C (clocked by clk_out2_pll) and student_top_inst/u_KLDJ_top/u_pipe_ex_mem/ex_mem_mem_addr_reg[7]/D (clocked by clk_out2_pll). Large setup violations at the end of those stages might be difficult to fix during the post-placement implementation flow and could be the result of non-optimal XDC constraints or non-optimal design architecture
Related violations: <none>

TIMING-16#112 Warning
Large setup violation  
There is a large setup violation of -1.318 ns between student_top_inst/u_KLDJ_top/u_pipe_id_ex/id_ex_rs1_addr_reg[0]/C (clocked by clk_out2_pll) and student_top_inst/u_KLDJ_top/u_pipe_ex_mem/ex_mem_exu_res_reg[27]/D (clocked by clk_out2_pll). Large setup violations at the end of those stages might be difficult to fix during the post-placement implementation flow and could be the result of non-optimal XDC constraints or non-optimal design architecture
Related violations: <none>

TIMING-16#113 Warning
Large setup violation  
There is a large setup violation of -1.318 ns between student_top_inst/u_KLDJ_top/u_pipe_id_ex/id_ex_rs1_addr_reg[0]/C (clocked by clk_out2_pll) and student_top_inst/u_KLDJ_top/u_pipe_ex_mem/ex_mem_mem_addr_reg[10]_replica_4/D (clocked by clk_out2_pll). Large setup violations at the end of those stages might be difficult to fix during the post-placement implementation flow and could be the result of non-optimal XDC constraints or non-optimal design architecture
Related violations: <none>

TIMING-16#114 Warning
Large setup violation  
There is a large setup violation of -1.321 ns between student_top_inst/u_KLDJ_top/u_pipe_id_ex/id_ex_rs1_addr_reg[0]/C (clocked by clk_out2_pll) and student_top_inst/u_KLDJ_top/u_pipe_ex_mem/ex_mem_mem_addr_reg[10]_replica_1/D (clocked by clk_out2_pll). Large setup violations at the end of those stages might be difficult to fix during the post-placement implementation flow and could be the result of non-optimal XDC constraints or non-optimal design architecture
Related violations: <none>

TIMING-16#115 Warning
Large setup violation  
There is a large setup violation of -1.323 ns between student_top_inst/u_KLDJ_top/u_pipe_id_ex/id_ex_rs1_addr_reg[0]/C (clocked by clk_out2_pll) and student_top_inst/u_KLDJ_top/u_pipe_ex_mem/ex_mem_mem_addr_reg[29]/D (clocked by clk_out2_pll). Large setup violations at the end of those stages might be difficult to fix during the post-placement implementation flow and could be the result of non-optimal XDC constraints or non-optimal design architecture
Related violations: <none>

TIMING-16#116 Warning
Large setup violation  
There is a large setup violation of -1.327 ns between student_top_inst/u_KLDJ_top/u_pipe_id_ex/id_ex_rs1_addr_reg[0]/C (clocked by clk_out2_pll) and student_top_inst/u_KLDJ_top/u_pipe_ex_mem/ex_mem_mem_addr_reg[10]_replica_3/D (clocked by clk_out2_pll). Large setup violations at the end of those stages might be difficult to fix during the post-placement implementation flow and could be the result of non-optimal XDC constraints or non-optimal design architecture
Related violations: <none>

TIMING-16#117 Warning
Large setup violation  
There is a large setup violation of -1.327 ns between student_top_inst/u_KLDJ_top/u_pipe_id_ex/id_ex_rs1_addr_reg[0]/C (clocked by clk_out2_pll) and student_top_inst/u_KLDJ_top/u_pipe_ex_mem/ex_mem_mem_addr_reg[11]_replica_8/D (clocked by clk_out2_pll). Large setup violations at the end of those stages might be difficult to fix during the post-placement implementation flow and could be the result of non-optimal XDC constraints or non-optimal design architecture
Related violations: <none>

TIMING-16#118 Warning
Large setup violation  
There is a large setup violation of -1.332 ns between student_top_inst/u_KLDJ_top/u_pipe_mem_wb/mem_wb_rd_addr_reg[4]/C (clocked by clk_out2_pll) and student_top_inst/u_KLDJ_top/u_pipe_ex_mem/ex_mem_mem_addr_reg[13]_replica/D (clocked by clk_out2_pll). Large setup violations at the end of those stages might be difficult to fix during the post-placement implementation flow and could be the result of non-optimal XDC constraints or non-optimal design architecture
Related violations: <none>

TIMING-16#119 Warning
Large setup violation  
There is a large setup violation of -1.337 ns between student_top_inst/u_KLDJ_top/u_pipe_id_ex/id_ex_rs1_addr_reg[0]/C (clocked by clk_out2_pll) and student_top_inst/u_KLDJ_top/ifu0/pc_reg_reg[11]/D (clocked by clk_out2_pll). Large setup violations at the end of those stages might be difficult to fix during the post-placement implementation flow and could be the result of non-optimal XDC constraints or non-optimal design architecture
Related violations: <none>

TIMING-16#120 Warning
Large setup violation  
There is a large setup violation of -1.343 ns between student_top_inst/u_KLDJ_top/u_pipe_id_ex/id_ex_rs1_addr_reg[0]/C (clocked by clk_out2_pll) and student_top_inst/u_KLDJ_top/u_pipe_ex_mem/ex_mem_mem_addr_reg[5]_replica/D (clocked by clk_out2_pll). Large setup violations at the end of those stages might be difficult to fix during the post-placement implementation flow and could be the result of non-optimal XDC constraints or non-optimal design architecture
Related violations: <none>

TIMING-16#121 Warning
Large setup violation  
There is a large setup violation of -1.348 ns between student_top_inst/u_KLDJ_top/u_pipe_mem_wb/mem_wb_rd_addr_reg[4]/C (clocked by clk_out2_pll) and student_top_inst/u_KLDJ_top/u_pipe_ex_mem/ex_mem_mem_addr_reg[13]_replica_2/D (clocked by clk_out2_pll). Large setup violations at the end of those stages might be difficult to fix during the post-placement implementation flow and could be the result of non-optimal XDC constraints or non-optimal design architecture
Related violations: <none>

TIMING-16#122 Warning
Large setup violation  
There is a large setup violation of -1.353 ns between student_top_inst/u_KLDJ_top/u_pipe_id_ex/id_ex_rs1_addr_reg[0]/C (clocked by clk_out2_pll) and student_top_inst/u_KLDJ_top/u_pipe_ex_mem/ex_mem_mem_addr_reg[10]_replica_6/D (clocked by clk_out2_pll). Large setup violations at the end of those stages might be difficult to fix during the post-placement implementation flow and could be the result of non-optimal XDC constraints or non-optimal design architecture
Related violations: <none>

TIMING-16#123 Warning
Large setup violation  
There is a large setup violation of -1.355 ns between student_top_inst/u_KLDJ_top/u_pipe_mem_wb/mem_wb_rd_addr_reg[4]/C (clocked by clk_out2_pll) and student_top_inst/u_KLDJ_top/u_pipe_ex_mem/ex_mem_mem_addr_reg[13]_replica_1/D (clocked by clk_out2_pll). Large setup violations at the end of those stages might be difficult to fix during the post-placement implementation flow and could be the result of non-optimal XDC constraints or non-optimal design architecture
Related violations: <none>

TIMING-16#124 Warning
Large setup violation  
There is a large setup violation of -1.361 ns between student_top_inst/u_KLDJ_top/u_pipe_id_ex/id_ex_rs1_addr_reg[0]/C (clocked by clk_out2_pll) and student_top_inst/u_KLDJ_top/u_pipe_ex_mem/ex_mem_exu_res_reg[23]/D (clocked by clk_out2_pll). Large setup violations at the end of those stages might be difficult to fix during the post-placement implementation flow and could be the result of non-optimal XDC constraints or non-optimal design architecture
Related violations: <none>

TIMING-16#125 Warning
Large setup violation  
There is a large setup violation of -1.361 ns between student_top_inst/u_KLDJ_top/u_pipe_id_ex/id_ex_rs1_addr_reg[0]/C (clocked by clk_out2_pll) and student_top_inst/u_KLDJ_top/u_pipe_ex_mem/ex_mem_mem_addr_reg[13]_replica_3/D (clocked by clk_out2_pll). Large setup violations at the end of those stages might be difficult to fix during the post-placement implementation flow and could be the result of non-optimal XDC constraints or non-optimal design architecture
Related violations: <none>

TIMING-16#126 Warning
Large setup violation  
There is a large setup violation of -1.362 ns between student_top_inst/u_KLDJ_top/u_pipe_id_ex/id_ex_rs1_addr_reg[0]/C (clocked by clk_out2_pll) and student_top_inst/u_KLDJ_top/u_pipe_ex_mem/ex_mem_mem_addr_reg[11]_replica_6/D (clocked by clk_out2_pll). Large setup violations at the end of those stages might be difficult to fix during the post-placement implementation flow and could be the result of non-optimal XDC constraints or non-optimal design architecture
Related violations: <none>

TIMING-16#127 Warning
Large setup violation  
There is a large setup violation of -1.367 ns between student_top_inst/u_KLDJ_top/u_pipe_id_ex/id_ex_rs1_addr_reg[0]/C (clocked by clk_out2_pll) and student_top_inst/u_KLDJ_top/ifu0/pc_reg_reg[7]/D (clocked by clk_out2_pll). Large setup violations at the end of those stages might be difficult to fix during the post-placement implementation flow and could be the result of non-optimal XDC constraints or non-optimal design architecture
Related violations: <none>

TIMING-16#128 Warning
Large setup violation  
There is a large setup violation of -1.369 ns between student_top_inst/u_KLDJ_top/u_pipe_id_ex/id_ex_rs1_addr_reg[0]/C (clocked by clk_out2_pll) and student_top_inst/u_KLDJ_top/u_pipe_ex_mem/ex_mem_exu_res_reg[5]/D (clocked by clk_out2_pll). Large setup violations at the end of those stages might be difficult to fix during the post-placement implementation flow and could be the result of non-optimal XDC constraints or non-optimal design architecture
Related violations: <none>

TIMING-16#129 Warning
Large setup violation  
There is a large setup violation of -1.370 ns between student_top_inst/u_KLDJ_top/u_pipe_id_ex/id_ex_rs1_addr_reg[0]/C (clocked by clk_out2_pll) and student_top_inst/u_KLDJ_top/u_pipe_ex_mem/ex_mem_exu_res_reg[26]/D (clocked by clk_out2_pll). Large setup violations at the end of those stages might be difficult to fix during the post-placement implementation flow and could be the result of non-optimal XDC constraints or non-optimal design architecture
Related violations: <none>

TIMING-16#130 Warning
Large setup violation  
There is a large setup violation of -1.371 ns between student_top_inst/u_KLDJ_top/u_pipe_id_ex/id_ex_rs1_addr_reg[0]/C (clocked by clk_out2_pll) and student_top_inst/u_KLDJ_top/ifu0/pc_reg_reg[13]/D (clocked by clk_out2_pll). Large setup violations at the end of those stages might be difficult to fix during the post-placement implementation flow and could be the result of non-optimal XDC constraints or non-optimal design architecture
Related violations: <none>

TIMING-16#131 Warning
Large setup violation  
There is a large setup violation of -1.381 ns between student_top_inst/u_KLDJ_top/u_pipe_id_ex/id_ex_rs1_addr_reg[0]/C (clocked by clk_out2_pll) and student_top_inst/u_KLDJ_top/u_pipe_ex_mem/ex_mem_mem_addr_reg[23]/D (clocked by clk_out2_pll). Large setup violations at the end of those stages might be difficult to fix during the post-placement implementation flow and could be the result of non-optimal XDC constraints or non-optimal design architecture
Related violations: <none>

TIMING-16#132 Warning
Large setup violation  
There is a large setup violation of -1.382 ns between student_top_inst/u_KLDJ_top/u_pipe_id_ex/id_ex_rs1_addr_reg[0]/C (clocked by clk_out2_pll) and student_top_inst/u_KLDJ_top/u_pipe_ex_mem/ex_mem_mem_addr_reg[3]/D (clocked by clk_out2_pll). Large setup violations at the end of those stages might be difficult to fix during the post-placement implementation flow and could be the result of non-optimal XDC constraints or non-optimal design architecture
Related violations: <none>

TIMING-16#133 Warning
Large setup violation  
There is a large setup violation of -1.386 ns between student_top_inst/u_KLDJ_top/u_pipe_id_ex/id_ex_rs1_addr_reg[0]/C (clocked by clk_out2_pll) and student_top_inst/u_KLDJ_top/u_pipe_ex_mem/ex_mem_mem_addr_reg[4]/D (clocked by clk_out2_pll). Large setup violations at the end of those stages might be difficult to fix during the post-placement implementation flow and could be the result of non-optimal XDC constraints or non-optimal design architecture
Related violations: <none>

TIMING-16#134 Warning
Large setup violation  
There is a large setup violation of -1.398 ns between student_top_inst/u_KLDJ_top/u_pipe_id_ex/id_ex_rs1_addr_reg[0]/C (clocked by clk_out2_pll) and student_top_inst/u_KLDJ_top/ifu0/pc_reg_reg[29]/D (clocked by clk_out2_pll). Large setup violations at the end of those stages might be difficult to fix during the post-placement implementation flow and could be the result of non-optimal XDC constraints or non-optimal design architecture
Related violations: <none>

TIMING-16#135 Warning
Large setup violation  
There is a large setup violation of -1.403 ns between student_top_inst/u_KLDJ_top/u_pipe_id_ex/id_ex_rs1_addr_reg[0]/C (clocked by clk_out2_pll) and student_top_inst/u_KLDJ_top/u_pipe_ex_mem/ex_mem_mem_addr_reg[8]/D (clocked by clk_out2_pll). Large setup violations at the end of those stages might be difficult to fix during the post-placement implementation flow and could be the result of non-optimal XDC constraints or non-optimal design architecture
Related violations: <none>

TIMING-16#136 Warning
Large setup violation  
There is a large setup violation of -1.411 ns between student_top_inst/u_KLDJ_top/u_pipe_id_ex/id_ex_rs1_addr_reg[0]/C (clocked by clk_out2_pll) and student_top_inst/u_KLDJ_top/u_pipe_ex_mem/ex_mem_mem_addr_reg[2]/D (clocked by clk_out2_pll). Large setup violations at the end of those stages might be difficult to fix during the post-placement implementation flow and could be the result of non-optimal XDC constraints or non-optimal design architecture
Related violations: <none>

TIMING-16#137 Warning
Large setup violation  
There is a large setup violation of -1.413 ns between student_top_inst/u_KLDJ_top/u_pipe_id_ex/id_ex_rs1_addr_reg[0]/C (clocked by clk_out2_pll) and student_top_inst/u_KLDJ_top/u_pipe_ex_mem/ex_mem_mem_addr_reg[5]/D (clocked by clk_out2_pll). Large setup violations at the end of those stages might be difficult to fix during the post-placement implementation flow and could be the result of non-optimal XDC constraints or non-optimal design architecture
Related violations: <none>

TIMING-16#138 Warning
Large setup violation  
There is a large setup violation of -1.418 ns between student_top_inst/u_KLDJ_top/u_pipe_id_ex/id_ex_rs1_addr_reg[0]/C (clocked by clk_out2_pll) and student_top_inst/u_KLDJ_top/u_pipe_ex_mem/ex_mem_mem_addr_reg[10]_replica_5/D (clocked by clk_out2_pll). Large setup violations at the end of those stages might be difficult to fix during the post-placement implementation flow and could be the result of non-optimal XDC constraints or non-optimal design architecture
Related violations: <none>

TIMING-16#139 Warning
Large setup violation  
There is a large setup violation of -1.435 ns between student_top_inst/u_KLDJ_top/u_pipe_id_ex/id_ex_rs1_addr_reg[0]/C (clocked by clk_out2_pll) and student_top_inst/u_KLDJ_top/u_pipe_ex_mem/ex_mem_mem_addr_reg[28]/D (clocked by clk_out2_pll). Large setup violations at the end of those stages might be difficult to fix during the post-placement implementation flow and could be the result of non-optimal XDC constraints or non-optimal design architecture
Related violations: <none>

TIMING-16#140 Warning
Large setup violation  
There is a large setup violation of -1.447 ns between student_top_inst/u_KLDJ_top/u_pipe_id_ex/id_ex_rs1_addr_reg[0]/C (clocked by clk_out2_pll) and student_top_inst/u_KLDJ_top/u_pipe_ex_mem/ex_mem_mem_addr_reg[20]/D (clocked by clk_out2_pll). Large setup violations at the end of those stages might be difficult to fix during the post-placement implementation flow and could be the result of non-optimal XDC constraints or non-optimal design architecture
Related violations: <none>

TIMING-16#141 Warning
Large setup violation  
There is a large setup violation of -1.450 ns between student_top_inst/u_KLDJ_top/u_pipe_id_ex/id_ex_rs1_addr_reg[0]/C (clocked by clk_out2_pll) and student_top_inst/u_KLDJ_top/u_pipe_ex_mem/ex_mem_mem_addr_reg[8]_replica_1/D (clocked by clk_out2_pll). Large setup violations at the end of those stages might be difficult to fix during the post-placement implementation flow and could be the result of non-optimal XDC constraints or non-optimal design architecture
Related violations: <none>

ULMTCS-1#1 Warning
Control Sets use limits recommend reduction  
This design uses 4347 control sets (vs. available limit of 50950, determined by 1 control set per CLB). This exceeds the control set use guideline of 7.5 percent. This is at a level where reduction is RECOMMENDED (see UG949). Use report_control_sets to get more details.
Related violations: <none>


