Copyright 1986-2018 Xilinx, Inc. All Rights Reserved.
---------------------------------------------------------------------------------------------------------------------------------------------------------------------------------------------------
| Tool Version : Vivado v.2018.3 (win64) Build 2405991 Thu Dec  6 23:38:27 MST 2018
| Date         : Sat Jul 11 16:57:40 2026
| Host         : DESKTOP-MO7L2KR running 64-bit major release  (build 9200)
| Command      : report_high_fanout_nets -timing -load_types -max_nets 30 -file D:/DESKTOP/JYD/Source_code/merge_dualport_bpu/jyd/pipilined5/TimingFix_Log/Fix_timing1_synth/high_fanout_synth.rpt
| Design       : bpu
| Device       : xc7a35t
---------------------------------------------------------------------------------------------------------------------------------------------------------------------------------------------------

High Fan-out Nets Information

1. LoadTypewise Fanout Summary
------------------------------

+---------------------------------------------------+--------+-------------+-----------------+-----------------+--------------+-----------+--------------+-------+
| Net Name                                          | Fanout | Driver Type | Worst Slack(ns) | Worst Delay(ns) | Clock Enable | Set/Reset | Data & Other | Clock |
+---------------------------------------------------+--------+-------------+-----------------+-----------------+--------------+-----------+--------------+-------+
| rst                                               |    136 | PORT        |             inf |           0.000 |            0 |       134 |            2 |     0 |
| update_valid                                      |    136 | PORT        |             inf |           0.000 |            6 |         0 |          130 |     0 |
| lookup_pc[2]                                      |    106 | PORT        |             inf |           0.000 |            0 |         0 |          106 |     0 |
| update_pc[2]                                      |    103 | PORT        |             inf |           0.000 |            0 |         0 |          103 |     0 |
| update_pc[3]                                      |    103 | PORT        |             inf |           0.000 |            0 |         0 |          103 |     0 |
| update_pc[4]                                      |    103 | PORT        |             inf |           0.000 |            0 |         0 |          103 |     0 |
| update_pc[5]                                      |    103 | PORT        |             inf |           0.000 |            0 |         0 |          103 |     0 |
| update_pc[6]                                      |    103 | PORT        |             inf |           0.000 |            0 |         0 |          103 |     0 |
| update_pc[7]                                      |    103 | PORT        |             inf |           0.000 |            0 |         0 |          103 |     0 |
| u_gshare_btb_core/btb_data_reg_0_63_30_32_i_1_n_0 |     76 | LUT3        |             inf |           0.333 |           76 |         0 |            0 |     0 |
| lookup_pc[3]                                      |     74 | PORT        |             inf |           0.000 |            0 |         0 |           74 |     0 |
| update_pht_idx[3]                                 |     74 | PORT        |             inf |           0.000 |            0 |         0 |           74 |     0 |
| update_pht_idx[4]                                 |     71 | PORT        |             inf |           0.000 |            0 |         0 |           71 |     0 |
| update_pht_idx[5]                                 |     71 | PORT        |             inf |           0.000 |            0 |         0 |           71 |     0 |
| update_taken                                      |     68 | PORT        |             inf |           0.000 |            0 |         0 |           68 |     0 |
| lookup_pc[4]                                      |     66 | PORT        |             inf |           0.000 |            0 |         0 |           66 |     0 |
| lookup_pc[5]                                      |     63 | PORT        |             inf |           0.000 |            0 |         0 |           63 |     0 |
| lookup_pc[6]                                      |     61 | PORT        |             inf |           0.000 |            0 |         0 |           61 |     0 |
| lookup_pc[7]                                      |     60 | PORT        |             inf |           0.000 |            0 |         0 |           60 |     0 |
| u_gshare_btb_core/ghr[0]                          |     34 | FDRE        |           5.485 |           0.334 |            0 |         0 |           34 |     0 |
| update_pht_idx[0]                                 |     30 | PORT        |             inf |           0.000 |            0 |         0 |           30 |     0 |
| update_pht_idx[1]                                 |     30 | PORT        |             inf |           0.000 |            0 |         0 |           30 |     0 |
| update_pht_idx[2]                                 |     22 | PORT        |             inf |           0.000 |            0 |         0 |           22 |     0 |
| u_gshare_btb_core/lookup_pht_idx[1]               |     11 | LUT2        |             inf |           1.111 |            0 |         0 |           11 |     0 |
| u_gshare_btb_core/lookup_pht_idx[2]               |     11 | LUT2        |             inf |           0.665 |            0 |         0 |           11 |     0 |
| u_gshare_btb_core/btb_valid[15]_i_2_n_0           |      8 | LUT3        |             inf |           0.902 |            0 |         0 |            8 |     0 |
| u_gshare_btb_core/btb_valid[23]_i_2_n_0           |      8 | LUT3        |             inf |           0.902 |            0 |         0 |            8 |     0 |
| u_gshare_btb_core/btb_valid[31]_i_2_n_0           |      8 | LUT3        |             inf |           0.902 |            0 |         0 |            8 |     0 |
| u_gshare_btb_core/btb_valid[39]_i_2_n_0           |      8 | LUT3        |             inf |           0.902 |            0 |         0 |            8 |     0 |
| u_gshare_btb_core/btb_valid[47]_i_2_n_0           |      8 | LUT3        |             inf |           0.902 |            0 |         0 |            8 |     0 |
+---------------------------------------------------+--------+-------------+-----------------+-----------------+--------------+-----------+--------------+-------+


