Copyright 1986-2022 Xilinx, Inc. All Rights Reserved. Copyright 2022-2023 Advanced Micro Devices, Inc. All Rights Reserved.
---------------------------------------------------------------------------------------------------------------------------------------------
| Tool Version : Vivado v.2023.2 (win64) Build 4029153 Fri Oct 13 20:14:34 MDT 2023
| Date         : Sun Jul 12 15:11:45 2026
| Host         : DESKTOP-MO7L2KR running 64-bit major release  (build 9200)
| Command      : report_utilization -hierarchical -hierarchical_depth 6 -file Timing_info/fixtiming4A/175mhz/utilization_hier.rpt
| Design       : top
| Device       : xc7k325tffg900-2
| Speed File   : -2
| Design State : Routed
---------------------------------------------------------------------------------------------------------------------------------------------

Utilization Design Information

Table of Contents
-----------------
1. Utilization by Hierarchy

1. Utilization by Hierarchy
---------------------------

+------------------------------+-----------------------------------+------------+------------+---------+------+------+--------+--------+------------+
|           Instance           |               Module              | Total LUTs | Logic LUTs | LUTRAMs | SRLs |  FFs | RAMB36 | RAMB18 | DSP Blocks |
+------------------------------+-----------------------------------+------------+------------+---------+------+------+--------+--------+------------+
| top                          |                             (top) |       5854 |       5809 |      35 |   10 | 6012 |     64 |      0 |          4 |
|   (top)                      |                             (top) |          0 |          0 |       0 |    0 |    0 |      0 |      0 |          0 |
|   pll_inst                   |                               pll |          0 |          0 |       0 |    0 |    0 |      0 |      0 |          0 |
|     inst                     |                       pll_clk_wiz |          0 |          0 |       0 |    0 |    0 |      0 |      0 |          0 |
|   student_top_inst           |                       student_top |       5655 |       5610 |      35 |   10 | 5708 |     64 |      0 |          4 |
|     (student_top_inst)       |                       student_top |          2 |          2 |       0 |    0 |    0 |      0 |      0 |          0 |
|     Mem_IROM                 |                              IROM |       1193 |       1193 |       0 |    0 |    0 |      0 |      0 |          0 |
|       U0                     |         IROM_dist_mem_gen_v8_0_14 |       1193 |       1193 |       0 |    0 |    0 |      0 |      0 |          0 |
|     bridge_inst              |                      perip_bridge |        403 |        403 |       0 |    0 |  416 |     64 |      0 |          0 |
|       (bridge_inst)          |                      perip_bridge |         25 |         25 |       0 |    0 |  167 |      0 |      0 |          0 |
|       counter_inst           |                           counter |         59 |         59 |       0 |    0 |  146 |      0 |      0 |          0 |
|       dram_driver_inst       |                       dram_driver |        280 |        280 |       0 |    0 |   98 |     64 |      0 |          0 |
|         (dram_driver_inst)   |                       dram_driver |        103 |        103 |       0 |    0 |   94 |      0 |      0 |          0 |
|         u_dram_tdp           |                          DRAM_TDP |        177 |        177 |       0 |    0 |    4 |     64 |      0 |          0 |
|           U0                 |       DRAM_TDP_blk_mem_gen_v8_4_7 |        177 |        177 |       0 |    0 |    4 |     64 |      0 |          0 |
|             inst_blk_mem_gen | DRAM_TDP_blk_mem_gen_v8_4_7_synth |        177 |        177 |       0 |    0 |    4 |     64 |      0 |          0 |
|       seg_driver             |                       display_seg |         39 |         39 |       0 |    0 |    5 |      0 |      0 |          0 |
|     u_KLDJ_top               |                          KLDJ_top |       4057 |       4012 |      35 |   10 | 5292 |      0 |      0 |          4 |
|       (u_KLDJ_top)           |                          KLDJ_top |          1 |          1 |       0 |    0 |    0 |      0 |      0 |          0 |
|       exu2                   |                          KLDJ_exu |       1434 |       1424 |       0 |   10 | 3489 |      0 |      0 |          4 |
|         u_KLDJ_alu           |                          KLDJ_alu |          0 |          0 |       0 |    0 |    0 |      0 |      0 |          0 |
|           u_alu_add          |                           alu_add |          0 |          0 |       0 |    0 |    0 |      0 |      0 |          0 |
|         u_div_ip_wrapper     |                    div_ip_wrapper |       1269 |       1268 |       0 |    1 | 3307 |      0 |      0 |          0 |
|           (u_div_ip_wrapper) |                    div_ip_wrapper |        117 |        117 |       0 |    0 |  105 |      0 |      0 |          0 |
|           u_div_gen_u32      |                       div_gen_u32 |       1152 |       1151 |       0 |    1 | 3202 |      0 |      0 |          0 |
|             U0               |       div_gen_u32_div_gen_v5_1_20 |       1152 |       1151 |       0 |    1 | 3202 |      0 |      0 |          0 |
|         u_mul_ip_wrapper     |                    mul_ip_wrapper |        165 |        156 |       0 |    9 |  182 |      0 |      0 |          4 |
|           (u_mul_ip_wrapper) |                    mul_ip_wrapper |        156 |        156 |       0 |    0 |  132 |      0 |      0 |          0 |
|           u_mult_gen_u33     |                      mult_gen_u33 |          9 |          0 |       0 |    9 |   50 |      0 |      0 |          4 |
|             U0               |    mult_gen_u33_mult_gen_v12_0_19 |          9 |          0 |       0 |    9 |   50 |      0 |      0 |          4 |
|       ifu0                   |                          KLDJ_ifu |         65 |         65 |       0 |    0 |   32 |      0 |      0 |          0 |
|       reg5                   |                      KLDJ_regfile |        513 |        513 |       0 |    0 |  992 |      0 |      0 |          0 |
|       u_bpu                  |                               bpu |        105 |         70 |      35 |    0 |  134 |      0 |      0 |          0 |
|         u_gshare_btb_core    |                   gshare_btb_core |        105 |         70 |      35 |    0 |  134 |      0 |      0 |          0 |
|       u_csr                  |                          KLDJ_csr |         80 |         80 |       0 |    0 |  160 |      0 |      0 |          0 |
|       u_pipe_ex_mem          |                       pipe_ex_mem |         90 |         90 |       0 |    0 |   50 |      0 |      0 |          0 |
|       u_pipe_id_ex           |                        pipe_id_ex |       1382 |       1382 |       0 |    0 |  293 |      0 |      0 |          0 |
|       u_pipe_if_id           |                        pipe_if_id |        342 |        342 |       0 |    0 |  103 |      0 |      0 |          0 |
|       u_pipe_mem_wb          |                       pipe_mem_wb |         48 |         48 |       0 |    0 |   39 |      0 |      0 |          0 |
|   twin_controller_inst       |                   twin_controller |         94 |         94 |       0 |    0 |  222 |      0 |      0 |          0 |
|   uart_inst                  |                              uart |        105 |        105 |       0 |    0 |   82 |      0 |      0 |          0 |
+------------------------------+-----------------------------------+------------+------------+---------+------+------+--------+--------+------------+
* Note: The sum of lower-level cells may be larger than their parent cells total, due to cross-hierarchy LUT combining


