Copyright 1986-2022 Xilinx, Inc. All Rights Reserved. Copyright 2022-2023 Advanced Micro Devices, Inc. All Rights Reserved.
---------------------------------------------------------------------------------------------------------------------------------------------
| Tool Version : Vivado v.2023.2 (win64) Build 4029153 Fri Oct 13 20:14:34 MDT 2023
| Date         : Sat Jul 11 15:20:17 2026
| Host         : DESKTOP-MO7L2KR running 64-bit major release  (build 9200)
| Command      : report_control_sets -verbose -file top_control_sets_placed.rpt
| Design       : top
| Device       : xc7k325t
---------------------------------------------------------------------------------------------------------------------------------------------

Control Set Information

Table of Contents
-----------------
1. Summary
2. Histogram
3. Flip-Flop Distribution
4. Detailed Control Set Information

1. Summary
----------

+----------------------------------------------------------+-------+
|                          Status                          | Count |
+----------------------------------------------------------+-------+
| Total control sets                                       |   136 |
|    Minimum number of control sets                        |   136 |
|    Addition due to synthesis replication                 |     0 |
|    Addition due to physical synthesis replication        |     0 |
| Unused register locations in slices containing registers |   109 |
+----------------------------------------------------------+-------+
* Control sets can be merged at opt_design using control_set_merge or merge_equivalent_drivers
** Run report_qor_suggestions for automated merging and remapping suggestions


2. Histogram
------------

+--------------------+-------+
|       Fanout       | Count |
+--------------------+-------+
| Total control sets |   136 |
| >= 0 to < 4        |     1 |
| >= 4 to < 6        |     5 |
| >= 6 to < 8        |     2 |
| >= 8 to < 10       |     5 |
| >= 10 to < 12      |     0 |
| >= 12 to < 14      |     3 |
| >= 14 to < 16      |     0 |
| >= 16              |   120 |
+--------------------+-------+
* Control sets can be remapped at either synth_design or opt_design


3. Flip-Flop Distribution
-------------------------

+--------------+-----------------------+------------------------+-----------------+--------------+
| Clock Enable | Synchronous Set/Reset | Asynchronous Set/Reset | Total Registers | Total Slices |
+--------------+-----------------------+------------------------+-----------------+--------------+
| No           | No                    | No                     |             100 |           35 |
| No           | No                    | Yes                    |              89 |           34 |
| No           | Yes                   | No                     |            3748 |          873 |
| Yes          | No                    | No                     |              32 |           18 |
| Yes          | No                    | Yes                    |             220 |           62 |
| Yes          | Yes                   | No                     |            5574 |         2565 |
+--------------+-----------------------+------------------------+-----------------+--------------+


4. Detailed Control Set Information
-----------------------------------

+-------------------------+------------------------------------------------------------------------+---------------------------------------------------------------------------------------------------------------------------+------------------+----------------+--------------+
|       Clock Signal      |                              Enable Signal                             |                                                      Set/Reset Signal                                                     | Slice Load Count | Bel Load Count | Bels / Slice |
+-------------------------+------------------------------------------------------------------------+---------------------------------------------------------------------------------------------------------------------------+------------------+----------------+--------------+
|  pll_inst/inst/clk_out1 | uart_inst/tx_i_1_n_0                                                   | student_top_inst/u_KLDJ_top/u_bpu/u_gshare_btb_core/SR[0]                                                                 |                1 |              1 |         1.00 |
|  pll_inst/inst/clk_out2 |                                                                        | student_top_inst/u_KLDJ_top/u_pipe_id_ex/id_ex_valid_reg_8                                                                |                1 |              4 |         4.00 |
|  pll_inst/inst/clk_out2 |                                                                        | student_top_inst/u_KLDJ_top/u_pipe_id_ex/buf_valid_sr_reg[0][0]                                                           |                2 |              4 |         2.00 |
|  pll_inst/inst/clk_out1 | uart_inst/rx_bit_cnt                                                   | student_top_inst/u_KLDJ_top/u_bpu/u_gshare_btb_core/SR[0]                                                                 |                1 |              4 |         4.00 |
|  pll_inst/inst/clk_out1 | uart_inst/tx_bit_cnt                                                   | student_top_inst/u_KLDJ_top/u_bpu/u_gshare_btb_core/SR[0]                                                                 |                1 |              4 |         4.00 |
|  pll_inst/inst/clk_out1 | twin_controller_inst/send_cnt[4]_i_1_n_0                               | student_top_inst/u_KLDJ_top/u_bpu/u_gshare_btb_core/SR[0]                                                                 |                1 |              5 |         5.00 |
|  pll_inst/inst/clk_out2 | student_top_inst/u_KLDJ_top/u_pipe_id_ex/id_ex_valid_i_2_n_0           | student_top_inst/u_KLDJ_top/u_pipe_id_ex/id_ex_valid_i_1_n_0                                                              |                1 |              6 |         6.00 |
|  pll_inst/inst/clk_out2 | student_top_inst/u_KLDJ_top/u_pipe_id_ex/id_ex_valid_reg_6             | student_top_inst/u_KLDJ_top/u_bpu/u_gshare_btb_core/SR[0]                                                                 |                3 |              6 |         2.00 |
|  pll_inst/inst/clk_out2 |                                                                        | student_top_inst/u_KLDJ_top/u_pipe_id_ex/bbstub_locked[0]                                                                 |                2 |              8 |         4.00 |
|  pll_inst/inst/clk_out1 | twin_controller_inst/tx_start_next                                     | student_top_inst/u_KLDJ_top/u_bpu/u_gshare_btb_core/SR[0]                                                                 |                2 |              8 |         4.00 |
|  pll_inst/inst/clk_out1 | uart_inst/rx_data[7]_i_1_n_0                                           | student_top_inst/u_KLDJ_top/u_bpu/u_gshare_btb_core/SR[0]                                                                 |                2 |              8 |         4.00 |
|  pll_inst/inst/clk_out1 | uart_inst/rx_shift_1                                                   | student_top_inst/u_KLDJ_top/u_bpu/u_gshare_btb_core/SR[0]                                                                 |                4 |              8 |         2.00 |
|  pll_inst/inst/clk_out1 | uart_inst/tx_shift                                                     | student_top_inst/u_KLDJ_top/u_bpu/u_gshare_btb_core/SR[0]                                                                 |                2 |              9 |         4.50 |
|  pll_inst/inst/clk_out1 | uart_inst/rx_ready_cnt[12]_i_1_n_0                                     | student_top_inst/u_KLDJ_top/u_bpu/u_gshare_btb_core/SR[0]                                                                 |                3 |             13 |         4.33 |
|  pll_inst/inst/clk_out1 | uart_inst/rx_cnt_2                                                     | student_top_inst/u_KLDJ_top/u_bpu/u_gshare_btb_core/SR[0]                                                                 |                3 |             13 |         4.33 |
|  pll_inst/inst/clk_out1 | uart_inst/tx_cnt_0                                                     | student_top_inst/u_KLDJ_top/u_bpu/u_gshare_btb_core/SR[0]                                                                 |                3 |             13 |         4.33 |
|  pll_inst/inst/clk_out1 |                                                                        | student_top_inst/bridge_inst/counter_inst/cnt_1ms[0]_i_1_n_0                                                              |                4 |             16 |         4.00 |
|  pll_inst/inst/clk_out2 | student_top_inst/u_KLDJ_top/u_pipe_id_ex/id_ex_valid_i_2_n_0           | student_top_inst/u_KLDJ_top/u_pipe_id_ex/id_ex_exu_op[5]_i_1_n_0                                                          |               10 |             19 |         1.90 |
|  pll_inst/inst/clk_out2 | student_top_inst/u_KLDJ_top/u_pipe_id_ex/dram_wen0                     | student_top_inst/u_KLDJ_top/u_pipe_id_ex/id_ex_valid_reg_7                                                                |                6 |             20 |         3.33 |
|  pll_inst/inst/clk_out2 | student_top_inst/u_KLDJ_top/u_pipe_id_ex/id_ex_valid_reg_5             | student_top_inst/u_KLDJ_top/u_bpu/u_gshare_btb_core/SR[0]                                                                 |                4 |             28 |         7.00 |
|  pll_inst/inst/clk_out2 | student_top_inst/u_KLDJ_top/u_pipe_id_ex/id_ex_csr_addr_reg[2]_0       | student_top_inst/u_KLDJ_top/u_pipe_id_ex/id_ex_valid_reg_83                                                               |               12 |             29 |         2.42 |
|  pll_inst/inst/clk_out2 |                                                                        | student_top_inst/u_KLDJ_top/exu2/u_mul_ip_wrapper/wait_count[31]_i_1_n_0                                                  |                7 |             31 |         4.43 |
|  pll_inst/inst/clk_out2 | student_top_inst/u_KLDJ_top/u_pipe_mem_wb/mem_wb_wb_ctl_reg_8[0]       | student_top_inst/u_KLDJ_top/u_bpu/u_gshare_btb_core/SR[0]                                                                 |               14 |             32 |         2.29 |
|  pll_inst/inst/clk_out2 | student_top_inst/u_KLDJ_top/u_pipe_mem_wb/mem_wb_wb_ctl_reg_20[0]      | student_top_inst/u_KLDJ_top/u_bpu/u_gshare_btb_core/SR[0]                                                                 |               15 |             32 |         2.13 |
|  pll_inst/inst/clk_out2 | student_top_inst/u_KLDJ_top/u_pipe_mem_wb/mem_wb_wb_ctl_reg_14[0]      | student_top_inst/u_KLDJ_top/u_bpu/u_gshare_btb_core/SR[0]                                                                 |               16 |             32 |         2.00 |
|  pll_inst/inst/clk_out2 | student_top_inst/u_KLDJ_top/u_pipe_mem_wb/mem_wb_wb_ctl_reg_5[0]       | student_top_inst/u_KLDJ_top/u_bpu/u_gshare_btb_core/SR[0]                                                                 |               20 |             32 |         1.60 |
|  pll_inst/inst/clk_out2 | student_top_inst/u_KLDJ_top/u_pipe_mem_wb/mem_wb_wb_ctl_reg_4[0]       | student_top_inst/u_KLDJ_top/u_bpu/u_gshare_btb_core/SR[0]                                                                 |               19 |             32 |         1.68 |
|  pll_inst/inst/clk_out2 | student_top_inst/u_KLDJ_top/u_pipe_mem_wb/mem_wb_wb_ctl_reg_28[0]      | student_top_inst/u_KLDJ_top/u_bpu/u_gshare_btb_core/SR[0]                                                                 |               26 |             32 |         1.23 |
|  pll_inst/inst/clk_out2 | student_top_inst/u_KLDJ_top/u_pipe_mem_wb/mem_wb_wb_ctl_reg_23[0]      | student_top_inst/u_KLDJ_top/u_bpu/u_gshare_btb_core/SR[0]                                                                 |               18 |             32 |         1.78 |
|  pll_inst/inst/clk_out2 | student_top_inst/u_KLDJ_top/u_pipe_mem_wb/mem_wb_wb_ctl_reg_1[0]       | student_top_inst/u_KLDJ_top/u_bpu/u_gshare_btb_core/SR[0]                                                                 |               21 |             32 |         1.52 |
|  pll_inst/inst/clk_out2 | student_top_inst/u_KLDJ_top/u_pipe_mem_wb/mem_wb_wb_ctl_reg_29[0]      | student_top_inst/u_KLDJ_top/u_bpu/u_gshare_btb_core/SR[0]                                                                 |               20 |             32 |         1.60 |
|  pll_inst/inst/clk_out2 | student_top_inst/u_KLDJ_top/u_pipe_id_ex/dram_wen0                     |                                                                                                                           |               18 |             32 |         1.78 |
|  pll_inst/inst/clk_out2 | student_top_inst/u_KLDJ_top/u_pipe_mem_wb/mem_wb_wb_ctl_reg_11[0]      | student_top_inst/u_KLDJ_top/u_bpu/u_gshare_btb_core/SR[0]                                                                 |               19 |             32 |         1.68 |
|  pll_inst/inst/clk_out2 | student_top_inst/u_KLDJ_top/u_pipe_mem_wb/mem_wb_wb_ctl_reg_21[0]      | student_top_inst/u_KLDJ_top/u_bpu/u_gshare_btb_core/SR[0]                                                                 |               14 |             32 |         2.29 |
|  pll_inst/inst/clk_out1 | student_top_inst/bridge_inst/counter_inst/cnt_ms_bin[0]_i_1_n_0        | student_top_inst/u_KLDJ_top/u_bpu/u_gshare_btb_core/SR[0]                                                                 |                8 |             32 |         4.00 |
|  pll_inst/inst/clk_out2 | student_top_inst/u_KLDJ_top/u_pipe_mem_wb/mem_wb_wb_ctl_reg_27[0]      | student_top_inst/u_KLDJ_top/u_bpu/u_gshare_btb_core/SR[0]                                                                 |               25 |             32 |         1.28 |
|  pll_inst/inst/clk_out2 | student_top_inst/u_KLDJ_top/u_pipe_mem_wb/mem_wb_wb_ctl_reg_10[0]      | student_top_inst/u_KLDJ_top/u_bpu/u_gshare_btb_core/SR[0]                                                                 |               16 |             32 |         2.00 |
|  pll_inst/inst/clk_out2 | student_top_inst/u_KLDJ_top/u_pipe_mem_wb/mem_wb_wb_ctl_reg_17[0]      | student_top_inst/u_KLDJ_top/u_bpu/u_gshare_btb_core/SR[0]                                                                 |               18 |             32 |         1.78 |
|  pll_inst/inst/clk_out2 | student_top_inst/u_KLDJ_top/u_pipe_mem_wb/mem_wb_wb_ctl_reg_13[0]      | student_top_inst/u_KLDJ_top/u_bpu/u_gshare_btb_core/SR[0]                                                                 |               20 |             32 |         1.60 |
|  pll_inst/inst/clk_out2 | student_top_inst/u_KLDJ_top/u_pipe_mem_wb/mem_wb_wb_ctl_reg_19[0]      | student_top_inst/u_KLDJ_top/u_bpu/u_gshare_btb_core/SR[0]                                                                 |               20 |             32 |         1.60 |
|  pll_inst/inst/clk_out2 | student_top_inst/u_KLDJ_top/u_pipe_mem_wb/mem_wb_wb_ctl_reg_24[0]      | student_top_inst/u_KLDJ_top/u_bpu/u_gshare_btb_core/SR[0]                                                                 |               16 |             32 |         2.00 |
|  pll_inst/inst/clk_out2 | student_top_inst/u_KLDJ_top/u_pipe_id_ex/id_ex_csr_addr_reg[2]_2[0]    | student_top_inst/u_KLDJ_top/u_bpu/u_gshare_btb_core/SR[0]                                                                 |               10 |             32 |         3.20 |
|  pll_inst/inst/clk_out2 | student_top_inst/u_KLDJ_top/u_pipe_id_ex/id_ex_csr_addr_reg[2]_1[0]    | student_top_inst/u_KLDJ_top/u_bpu/u_gshare_btb_core/SR[0]                                                                 |                8 |             32 |         4.00 |
|  pll_inst/inst/clk_out2 | student_top_inst/u_KLDJ_top/u_pipe_id_ex/id_ex_csr_addr_reg[1]_0[0]    | student_top_inst/u_KLDJ_top/u_bpu/u_gshare_btb_core/SR[0]                                                                 |               13 |             32 |         2.46 |
|  pll_inst/inst/clk_out2 | student_top_inst/u_KLDJ_top/u_pipe_mem_wb/mem_wb_wb_ctl_reg_12[0]      | student_top_inst/u_KLDJ_top/u_bpu/u_gshare_btb_core/SR[0]                                                                 |               14 |             32 |         2.29 |
|  pll_inst/inst/clk_out2 | student_top_inst/u_KLDJ_top/u_pipe_id_ex/id_ex_valid_reg_2[0]          | student_top_inst/u_KLDJ_top/u_bpu/u_gshare_btb_core/SR[0]                                                                 |                8 |             32 |         4.00 |
|  pll_inst/inst/clk_out2 | student_top_inst/u_KLDJ_top/exu2/u_mul_ip_wrapper/result[31]_i_1_n_0   | student_top_inst/u_KLDJ_top/u_bpu/u_gshare_btb_core/SR[0]                                                                 |               10 |             32 |         3.20 |
|  pll_inst/inst/clk_out2 | student_top_inst/u_KLDJ_top/u_pipe_mem_wb/mem_wb_wb_ctl_reg_25[0]      | student_top_inst/u_KLDJ_top/u_bpu/u_gshare_btb_core/SR[0]                                                                 |               22 |             32 |         1.45 |
|  pll_inst/inst/clk_out2 | student_top_inst/u_KLDJ_top/exu2/u_div_ip_wrapper/result_q[31]_i_1_n_0 | student_top_inst/u_KLDJ_top/u_bpu/u_gshare_btb_core/SR[0]                                                                 |               12 |             32 |         2.67 |
|  pll_inst/inst/clk_out2 | student_top_inst/u_KLDJ_top/u_pipe_mem_wb/mem_wb_wb_ctl_reg_18[0]      | student_top_inst/u_KLDJ_top/u_bpu/u_gshare_btb_core/SR[0]                                                                 |               18 |             32 |         1.78 |
|  pll_inst/inst/clk_out2 | student_top_inst/u_KLDJ_top/u_pipe_mem_wb/mem_wb_wb_ctl_reg_6[0]       | student_top_inst/u_KLDJ_top/u_bpu/u_gshare_btb_core/SR[0]                                                                 |               13 |             32 |         2.46 |
|  pll_inst/inst/clk_out2 | student_top_inst/u_KLDJ_top/u_pipe_mem_wb/mem_wb_wb_ctl_reg_26[0]      | student_top_inst/u_KLDJ_top/u_bpu/u_gshare_btb_core/SR[0]                                                                 |               22 |             32 |         1.45 |
|  pll_inst/inst/clk_out2 | student_top_inst/u_KLDJ_top/u_pipe_mem_wb/mem_wb_wb_ctl_reg_2[0]       | student_top_inst/u_KLDJ_top/u_bpu/u_gshare_btb_core/SR[0]                                                                 |               24 |             32 |         1.33 |
|  pll_inst/inst/clk_out2 | student_top_inst/u_KLDJ_top/u_pipe_mem_wb/E[0]                         | student_top_inst/u_KLDJ_top/u_bpu/u_gshare_btb_core/SR[0]                                                                 |               14 |             32 |         2.29 |
|  pll_inst/inst/clk_out2 | student_top_inst/u_KLDJ_top/u_pipe_mem_wb/mem_wb_wb_ctl_reg_16[0]      | student_top_inst/u_KLDJ_top/u_bpu/u_gshare_btb_core/SR[0]                                                                 |               13 |             32 |         2.46 |
|  pll_inst/inst/clk_out2 | student_top_inst/u_KLDJ_top/u_pipe_mem_wb/mem_wb_wb_ctl_reg_0[0]       | student_top_inst/u_KLDJ_top/u_bpu/u_gshare_btb_core/SR[0]                                                                 |               21 |             32 |         1.52 |
|  pll_inst/inst/clk_out2 | student_top_inst/u_KLDJ_top/u_pipe_mem_wb/mem_wb_wb_ctl_reg_22[0]      | student_top_inst/u_KLDJ_top/u_bpu/u_gshare_btb_core/SR[0]                                                                 |               16 |             32 |         2.00 |
|  pll_inst/inst/clk_out2 | student_top_inst/u_KLDJ_top/u_pipe_mem_wb/mem_wb_wb_ctl_reg_15[0]      | student_top_inst/u_KLDJ_top/u_bpu/u_gshare_btb_core/SR[0]                                                                 |               15 |             32 |         2.13 |
|  pll_inst/inst/clk_out2 | student_top_inst/u_KLDJ_top/u_pipe_mem_wb/mem_wb_wb_ctl_reg_3[0]       | student_top_inst/u_KLDJ_top/u_bpu/u_gshare_btb_core/SR[0]                                                                 |               20 |             32 |         1.60 |
|  pll_inst/inst/clk_out2 | student_top_inst/u_KLDJ_top/u_pipe_mem_wb/mem_wb_wb_ctl_reg_7[0]       | student_top_inst/u_KLDJ_top/u_bpu/u_gshare_btb_core/SR[0]                                                                 |               19 |             32 |         1.68 |
|  pll_inst/inst/clk_out2 | student_top_inst/u_KLDJ_top/u_pipe_mem_wb/mem_wb_wb_ctl_reg_9[0]       | student_top_inst/u_KLDJ_top/u_bpu/u_gshare_btb_core/SR[0]                                                                 |               11 |             32 |         2.91 |
|  pll_inst/inst/clk_out2 | student_top_inst/u_KLDJ_top/u_pipe_id_ex/id_ex_exu_op_reg[5]_1         | student_top_inst/u_KLDJ_top/u_bpu/u_gshare_btb_core/SR[0]                                                                 |               11 |             36 |         3.27 |
|  pll_inst/inst/clk_out2 |                                                                        | student_top_inst/u_KLDJ_top/u_pipe_id_ex/SR[0]                                                                            |               27 |             50 |         1.85 |
|  pll_inst/inst/clk_out2 | student_top_inst/u_KLDJ_top/u_pipe_id_ex/id_ex_pc_reg[7]_25[0]         | student_top_inst/u_KLDJ_top/u_bpu/u_gshare_btb_core/SR[0]                                                                 |               33 |             56 |         1.70 |
|  pll_inst/inst/clk_out2 | student_top_inst/u_KLDJ_top/u_pipe_id_ex/id_ex_pc_reg[5]_15[0]         | student_top_inst/u_KLDJ_top/u_bpu/u_gshare_btb_core/SR[0]                                                                 |               24 |             56 |         2.33 |
|  pll_inst/inst/clk_out2 | student_top_inst/u_KLDJ_top/u_pipe_id_ex/id_ex_pc_reg[3]_24[0]         | student_top_inst/u_KLDJ_top/u_bpu/u_gshare_btb_core/SR[0]                                                                 |               21 |             56 |         2.67 |
|  pll_inst/inst/clk_out2 | student_top_inst/u_KLDJ_top/u_pipe_id_ex/id_ex_pc_reg[5]_17[0]         | student_top_inst/u_KLDJ_top/u_bpu/u_gshare_btb_core/SR[0]                                                                 |               24 |             56 |         2.33 |
|  pll_inst/inst/clk_out2 | student_top_inst/u_KLDJ_top/u_pipe_id_ex/id_ex_pc_reg[7]_18[0]         | student_top_inst/u_KLDJ_top/u_bpu/u_gshare_btb_core/SR[0]                                                                 |               29 |             56 |         1.93 |
|  pll_inst/inst/clk_out2 | student_top_inst/u_KLDJ_top/u_pipe_id_ex/id_ex_pc_reg[4]_6[0]          | student_top_inst/u_KLDJ_top/u_bpu/u_gshare_btb_core/SR[0]                                                                 |               25 |             56 |         2.24 |
|  pll_inst/inst/clk_out2 | student_top_inst/u_KLDJ_top/u_pipe_id_ex/id_ex_pc_reg[6]_11[0]         | student_top_inst/u_KLDJ_top/u_bpu/u_gshare_btb_core/SR[0]                                                                 |               25 |             56 |         2.24 |
|  pll_inst/inst/clk_out2 | student_top_inst/u_KLDJ_top/u_pipe_id_ex/id_ex_pc_reg[6]_7[0]          | student_top_inst/u_KLDJ_top/u_bpu/u_gshare_btb_core/SR[0]                                                                 |               41 |             56 |         1.37 |
|  pll_inst/inst/clk_out2 | student_top_inst/u_KLDJ_top/u_pipe_id_ex/id_ex_pc_reg[5]_13[0]         | student_top_inst/u_KLDJ_top/u_bpu/u_gshare_btb_core/SR[0]                                                                 |               22 |             56 |         2.55 |
|  pll_inst/inst/clk_out2 | student_top_inst/u_KLDJ_top/u_pipe_id_ex/id_ex_pc_reg[3]_22[0]         | student_top_inst/u_KLDJ_top/u_bpu/u_gshare_btb_core/SR[0]                                                                 |               22 |             56 |         2.55 |
|  pll_inst/inst/clk_out2 | student_top_inst/u_KLDJ_top/u_pipe_id_ex/id_ex_pc_reg[5]_18[0]         | student_top_inst/u_KLDJ_top/u_bpu/u_gshare_btb_core/SR[0]                                                                 |               25 |             56 |         2.24 |
|  pll_inst/inst/clk_out2 | student_top_inst/u_KLDJ_top/u_pipe_id_ex/id_ex_pc_reg[3]_25[0]         | student_top_inst/u_KLDJ_top/u_bpu/u_gshare_btb_core/SR[0]                                                                 |               26 |             56 |         2.15 |
|  pll_inst/inst/clk_out2 | student_top_inst/u_KLDJ_top/u_pipe_id_ex/id_ex_pc_reg[7]_22[0]         | student_top_inst/u_KLDJ_top/u_bpu/u_gshare_btb_core/SR[0]                                                                 |               22 |             56 |         2.55 |
|  pll_inst/inst/clk_out2 | student_top_inst/u_KLDJ_top/u_pipe_id_ex/id_ex_pc_reg[7]_27[0]         | student_top_inst/u_KLDJ_top/u_bpu/u_gshare_btb_core/SR[0]                                                                 |               28 |             56 |         2.00 |
|  pll_inst/inst/clk_out2 | student_top_inst/u_KLDJ_top/u_pipe_id_ex/id_ex_pc_reg[7]_23[0]         | student_top_inst/u_KLDJ_top/u_bpu/u_gshare_btb_core/SR[0]                                                                 |               23 |             56 |         2.43 |
|  pll_inst/inst/clk_out2 | student_top_inst/u_KLDJ_top/u_pipe_id_ex/id_ex_pc_reg[7]_20[0]         | student_top_inst/u_KLDJ_top/u_bpu/u_gshare_btb_core/SR[0]                                                                 |               27 |             56 |         2.07 |
|  pll_inst/inst/clk_out2 | student_top_inst/u_KLDJ_top/u_pipe_id_ex/id_ex_pc_reg[6]_8[0]          | student_top_inst/u_KLDJ_top/u_bpu/u_gshare_btb_core/SR[0]                                                                 |               22 |             56 |         2.55 |
|  pll_inst/inst/clk_out2 | student_top_inst/u_KLDJ_top/u_pipe_id_ex/id_ex_pc_reg[4]_7[0]          | student_top_inst/u_KLDJ_top/u_bpu/u_gshare_btb_core/SR[0]                                                                 |               21 |             56 |         2.67 |
|  pll_inst/inst/clk_out2 | student_top_inst/u_KLDJ_top/u_pipe_id_ex/id_ex_pc_reg[5]_20[0]         | student_top_inst/u_KLDJ_top/u_bpu/u_gshare_btb_core/SR[0]                                                                 |               23 |             56 |         2.43 |
|  pll_inst/inst/clk_out2 | student_top_inst/u_KLDJ_top/u_pipe_id_ex/id_ex_pc_reg[7]_24[0]         | student_top_inst/u_KLDJ_top/u_bpu/u_gshare_btb_core/SR[0]                                                                 |               23 |             56 |         2.43 |
|  pll_inst/inst/clk_out2 | student_top_inst/u_KLDJ_top/u_pipe_id_ex/id_ex_pc_reg[7]_26[0]         | student_top_inst/u_KLDJ_top/u_bpu/u_gshare_btb_core/SR[0]                                                                 |               28 |             56 |         2.00 |
|  pll_inst/inst/clk_out2 | student_top_inst/u_KLDJ_top/u_pipe_id_ex/id_ex_pc_reg[5]_23[0]         | student_top_inst/u_KLDJ_top/u_bpu/u_gshare_btb_core/SR[0]                                                                 |               27 |             56 |         2.07 |
|  pll_inst/inst/clk_out2 | student_top_inst/u_KLDJ_top/u_pipe_id_ex/id_ex_pc_reg[6]_10[0]         | student_top_inst/u_KLDJ_top/u_bpu/u_gshare_btb_core/SR[0]                                                                 |               25 |             56 |         2.24 |
|  pll_inst/inst/clk_out2 | student_top_inst/u_KLDJ_top/u_pipe_id_ex/id_ex_pc_reg[5]_21[0]         | student_top_inst/u_KLDJ_top/u_bpu/u_gshare_btb_core/SR[0]                                                                 |               27 |             56 |         2.07 |
|  pll_inst/inst/clk_out2 | student_top_inst/u_KLDJ_top/u_pipe_id_ex/id_ex_pc_reg[7]_29[0]         | student_top_inst/u_KLDJ_top/u_bpu/u_gshare_btb_core/SR[0]                                                                 |               29 |             56 |         1.93 |
|  pll_inst/inst/clk_out2 | student_top_inst/u_KLDJ_top/u_pipe_id_ex/id_ex_pc_reg[3]_23[0]         | student_top_inst/u_KLDJ_top/u_bpu/u_gshare_btb_core/SR[0]                                                                 |               25 |             56 |         2.24 |
|  pll_inst/inst/clk_out2 | student_top_inst/u_KLDJ_top/u_pipe_id_ex/id_ex_pc_reg[4]_9[0]          | student_top_inst/u_KLDJ_top/u_bpu/u_gshare_btb_core/SR[0]                                                                 |               26 |             56 |         2.15 |
|  pll_inst/inst/clk_out2 | student_top_inst/u_KLDJ_top/u_pipe_id_ex/id_ex_pc_reg[6]_9[0]          | student_top_inst/u_KLDJ_top/u_bpu/u_gshare_btb_core/SR[0]                                                                 |               26 |             56 |         2.15 |
|  pll_inst/inst/clk_out2 | student_top_inst/u_KLDJ_top/u_pipe_id_ex/id_ex_pc_reg[4]_5[0]          | student_top_inst/u_KLDJ_top/u_bpu/u_gshare_btb_core/SR[0]                                                                 |               20 |             56 |         2.80 |
|  pll_inst/inst/clk_out2 | student_top_inst/u_KLDJ_top/u_pipe_id_ex/id_ex_pc_reg[4]_8[0]          | student_top_inst/u_KLDJ_top/u_bpu/u_gshare_btb_core/SR[0]                                                                 |               34 |             56 |         1.65 |
|  pll_inst/inst/clk_out2 | student_top_inst/u_KLDJ_top/u_pipe_id_ex/id_ex_pc_reg[5]_14[0]         | student_top_inst/u_KLDJ_top/u_bpu/u_gshare_btb_core/SR[0]                                                                 |               24 |             56 |         2.33 |
|  pll_inst/inst/clk_out2 | student_top_inst/u_KLDJ_top/u_pipe_id_ex/id_ex_pc_reg[6]_13[0]         | student_top_inst/u_KLDJ_top/u_bpu/u_gshare_btb_core/SR[0]                                                                 |               33 |             56 |         1.70 |
|  pll_inst/inst/clk_out2 | student_top_inst/u_KLDJ_top/u_pipe_id_ex/id_ex_pc_reg[3]_21[0]         | student_top_inst/u_KLDJ_top/u_bpu/u_gshare_btb_core/SR[0]                                                                 |               25 |             56 |         2.24 |
|  pll_inst/inst/clk_out2 | student_top_inst/u_KLDJ_top/u_pipe_id_ex/id_ex_pc_reg[5]_19[0]         | student_top_inst/u_KLDJ_top/u_bpu/u_gshare_btb_core/SR[0]                                                                 |               28 |             56 |         2.00 |
|  pll_inst/inst/clk_out2 | student_top_inst/u_KLDJ_top/u_pipe_id_ex/id_ex_pc_reg[7]_21[0]         | student_top_inst/u_KLDJ_top/u_bpu/u_gshare_btb_core/SR[0]                                                                 |               27 |             56 |         2.07 |
|  pll_inst/inst/clk_out2 | student_top_inst/u_KLDJ_top/u_pipe_id_ex/id_ex_pc_reg[7]_19[0]         | student_top_inst/u_KLDJ_top/u_bpu/u_gshare_btb_core/SR[0]                                                                 |               34 |             56 |         1.65 |
|  pll_inst/inst/clk_out2 | student_top_inst/u_KLDJ_top/u_pipe_id_ex/id_ex_pc_reg[5]_12[0]         | student_top_inst/u_KLDJ_top/u_bpu/u_gshare_btb_core/SR[0]                                                                 |               20 |             56 |         2.80 |
|  pll_inst/inst/clk_out2 | student_top_inst/u_KLDJ_top/u_pipe_id_ex/id_ex_valid_reg_80[0]         | student_top_inst/u_KLDJ_top/u_bpu/u_gshare_btb_core/SR[0]                                                                 |               32 |             56 |         1.75 |
|  pll_inst/inst/clk_out2 | student_top_inst/u_KLDJ_top/u_pipe_id_ex/id_ex_valid_reg_75[0]         | student_top_inst/u_KLDJ_top/u_bpu/u_gshare_btb_core/SR[0]                                                                 |               29 |             56 |         1.93 |
|  pll_inst/inst/clk_out2 | student_top_inst/u_KLDJ_top/u_pipe_id_ex/id_ex_valid_reg_78[0]         | student_top_inst/u_KLDJ_top/u_bpu/u_gshare_btb_core/SR[0]                                                                 |               22 |             56 |         2.55 |
|  pll_inst/inst/clk_out2 | student_top_inst/u_KLDJ_top/u_pipe_id_ex/id_ex_valid_reg_77[0]         | student_top_inst/u_KLDJ_top/u_bpu/u_gshare_btb_core/SR[0]                                                                 |               25 |             56 |         2.24 |
|  pll_inst/inst/clk_out2 | student_top_inst/u_KLDJ_top/u_pipe_id_ex/id_ex_valid_reg_79[0]         | student_top_inst/u_KLDJ_top/u_bpu/u_gshare_btb_core/SR[0]                                                                 |               29 |             56 |         1.93 |
|  pll_inst/inst/clk_out2 | student_top_inst/u_KLDJ_top/u_pipe_id_ex/id_ex_valid_reg_76[0]         | student_top_inst/u_KLDJ_top/u_bpu/u_gshare_btb_core/SR[0]                                                                 |               26 |             56 |         2.15 |
|  pll_inst/inst/clk_out2 | student_top_inst/u_KLDJ_top/u_pipe_id_ex/id_ex_valid_reg_81[0]         | student_top_inst/u_KLDJ_top/u_bpu/u_gshare_btb_core/SR[0]                                                                 |               37 |             56 |         1.51 |
|  pll_inst/inst/clk_out2 | student_top_inst/u_KLDJ_top/u_pipe_id_ex/id_ex_pc_reg[2]_5[0]          | student_top_inst/u_KLDJ_top/u_bpu/u_gshare_btb_core/SR[0]                                                                 |               20 |             56 |         2.80 |
|  pll_inst/inst/clk_out2 | student_top_inst/u_KLDJ_top/u_pipe_id_ex/id_ex_pc_reg[2]_4[0]          | student_top_inst/u_KLDJ_top/u_bpu/u_gshare_btb_core/SR[0]                                                                 |               23 |             56 |         2.43 |
|  pll_inst/inst/clk_out2 | student_top_inst/u_KLDJ_top/u_pipe_id_ex/id_ex_pc_reg[2]_6[0]          | student_top_inst/u_KLDJ_top/u_bpu/u_gshare_btb_core/SR[0]                                                                 |               25 |             56 |         2.24 |
|  pll_inst/inst/clk_out2 | student_top_inst/u_KLDJ_top/u_pipe_id_ex/id_ex_pc_reg[2]_7[0]          | student_top_inst/u_KLDJ_top/u_bpu/u_gshare_btb_core/SR[0]                                                                 |               19 |             56 |         2.95 |
|  pll_inst/inst/clk_out2 | student_top_inst/u_KLDJ_top/u_pipe_id_ex/id_ex_pc_reg[3]_13[0]         | student_top_inst/u_KLDJ_top/u_bpu/u_gshare_btb_core/SR[0]                                                                 |               29 |             56 |         1.93 |
|  pll_inst/inst/clk_out2 | student_top_inst/u_KLDJ_top/u_pipe_id_ex/id_ex_pc_reg[3]_14[0]         | student_top_inst/u_KLDJ_top/u_bpu/u_gshare_btb_core/SR[0]                                                                 |               21 |             56 |         2.67 |
|  pll_inst/inst/clk_out2 | student_top_inst/u_KLDJ_top/u_pipe_id_ex/id_ex_valid_reg_82[0]         | student_top_inst/u_KLDJ_top/u_bpu/u_gshare_btb_core/SR[0]                                                                 |               32 |             56 |         1.75 |
|  pll_inst/inst/clk_out2 | student_top_inst/u_KLDJ_top/u_pipe_id_ex/id_ex_pc_reg[3]_15[0]         | student_top_inst/u_KLDJ_top/u_bpu/u_gshare_btb_core/SR[0]                                                                 |               27 |             56 |         2.07 |
|  pll_inst/inst/clk_out2 | student_top_inst/u_KLDJ_top/u_pipe_id_ex/id_ex_pc_reg[3]_16[0]         | student_top_inst/u_KLDJ_top/u_bpu/u_gshare_btb_core/SR[0]                                                                 |               25 |             56 |         2.24 |
|  pll_inst/inst/clk_out2 | student_top_inst/u_KLDJ_top/u_pipe_id_ex/id_ex_pc_reg[3]_17[0]         | student_top_inst/u_KLDJ_top/u_bpu/u_gshare_btb_core/SR[0]                                                                 |               22 |             56 |         2.55 |
|  pll_inst/inst/clk_out2 | student_top_inst/u_KLDJ_top/u_pipe_id_ex/id_ex_pc_reg[3]_18[0]         | student_top_inst/u_KLDJ_top/u_bpu/u_gshare_btb_core/SR[0]                                                                 |               19 |             56 |         2.95 |
|  pll_inst/inst/clk_out2 | student_top_inst/u_KLDJ_top/u_pipe_id_ex/id_ex_pc_reg[3]_19[0]         | student_top_inst/u_KLDJ_top/u_bpu/u_gshare_btb_core/SR[0]                                                                 |               29 |             56 |         1.93 |
|  pll_inst/inst/clk_out2 | student_top_inst/u_KLDJ_top/u_pipe_id_ex/id_ex_pc_reg[3]_20[0]         | student_top_inst/u_KLDJ_top/u_bpu/u_gshare_btb_core/SR[0]                                                                 |               21 |             56 |         2.67 |
|  pll_inst/inst/clk_out2 | student_top_inst/u_KLDJ_top/u_pipe_id_ex/id_ex_pc_reg[7]_16[0]         | student_top_inst/u_KLDJ_top/u_bpu/u_gshare_btb_core/SR[0]                                                                 |               37 |             56 |         1.51 |
|  pll_inst/inst/clk_out2 | student_top_inst/u_KLDJ_top/u_pipe_id_ex/id_ex_pc_reg[7]_28[0]         | student_top_inst/u_KLDJ_top/u_bpu/u_gshare_btb_core/SR[0]                                                                 |               32 |             56 |         1.75 |
|  pll_inst/inst/clk_out2 | student_top_inst/u_KLDJ_top/u_pipe_id_ex/id_ex_pc_reg[7]_15[0]         | student_top_inst/u_KLDJ_top/u_bpu/u_gshare_btb_core/SR[0]                                                                 |               26 |             56 |         2.15 |
|  pll_inst/inst/clk_out2 | student_top_inst/u_KLDJ_top/u_pipe_id_ex/id_ex_pc_reg[6]_12[0]         | student_top_inst/u_KLDJ_top/u_bpu/u_gshare_btb_core/SR[0]                                                                 |               25 |             56 |         2.24 |
|  pll_inst/inst/clk_out2 | student_top_inst/u_KLDJ_top/u_pipe_id_ex/id_ex_pc_reg[5]_22[0]         | student_top_inst/u_KLDJ_top/u_bpu/u_gshare_btb_core/SR[0]                                                                 |               23 |             56 |         2.43 |
|  pll_inst/inst/clk_out2 | student_top_inst/u_KLDJ_top/u_pipe_id_ex/id_ex_pc_reg[7]_17[0]         | student_top_inst/u_KLDJ_top/u_bpu/u_gshare_btb_core/SR[0]                                                                 |               35 |             56 |         1.60 |
|  pll_inst/inst/clk_out2 | student_top_inst/u_KLDJ_top/u_pipe_id_ex/id_ex_pc_reg[5]_16[0]         | student_top_inst/u_KLDJ_top/u_bpu/u_gshare_btb_core/SR[0]                                                                 |               22 |             56 |         2.55 |
|  pll_inst/inst/clk_out2 | student_top_inst/u_KLDJ_top/u_pipe_id_ex/id_ex_valid_reg_10[0]         | student_top_inst/u_KLDJ_top/u_bpu/u_gshare_btb_core/SR[0]                                                                 |               18 |             64 |         3.56 |
|  pll_inst/inst/clk_out2 | student_top_inst/u_KLDJ_top/exu2/u_mul_ip_wrapper/op_q[1]_i_1_n_0      | student_top_inst/u_KLDJ_top/u_bpu/u_gshare_btb_core/SR[0]                                                                 |               22 |             66 |         3.00 |
|  pll_inst/inst/clk_out2 | student_top_inst/u_KLDJ_top/exu2/u_div_ip_wrapper/op_q                 | student_top_inst/u_KLDJ_top/u_bpu/u_gshare_btb_core/SR[0]                                                                 |               18 |             67 |         3.72 |
|  pll_inst/inst/clk_out2 |                                                                        |                                                                                                                           |               35 |            117 |         3.34 |
|  pll_inst/inst/clk_out1 |                                                                        | student_top_inst/u_KLDJ_top/u_bpu/u_gshare_btb_core/SR[0]                                                                 |               42 |            118 |         2.81 |
|  pll_inst/inst/clk_out1 | uart_inst/E[0]                                                         | student_top_inst/u_KLDJ_top/u_bpu/u_gshare_btb_core/SR[0]                                                                 |               39 |            134 |         3.44 |
|  pll_inst/inst/clk_out2 |                                                                        | student_top_inst/u_KLDJ_top/u_bpu/u_gshare_btb_core/SR[0]                                                                 |              142 |            372 |         2.62 |
|  pll_inst/inst/clk_out2 | student_top_inst/u_KLDJ_top/u_pipe_id_ex/E[0]                          | student_top_inst/u_KLDJ_top/u_bpu/u_gshare_btb_core/SR[0]                                                                 |              156 |            433 |         2.78 |
|  pll_inst/inst/clk_out2 |                                                                        | student_top_inst/u_KLDJ_top/exu2/u_div_ip_wrapper/u_div_gen_u32/U0/i_synth/i_has_aresetn.i_reg_reset/opt_has_pipe.first_q |              680 |           3234 |         4.76 |
+-------------------------+------------------------------------------------------------------------+---------------------------------------------------------------------------------------------------------------------------+------------------+----------------+--------------+


