Copyright 1986-2022 Xilinx, Inc. All Rights Reserved. Copyright 2022-2023 Advanced Micro Devices, Inc. All Rights Reserved.
---------------------------------------------------------------------------------------------------------------------------------------------
| Tool Version : Vivado v.2023.2 (win64) Build 4029153 Fri Oct 13 20:14:34 MDT 2023
| Date         : Sat Jul 11 17:10:21 2026
| Host         : DESKTOP-MO7L2KR running 64-bit major release  (build 9200)
| Command      : report_high_fanout_nets -timing -load_types -max_nets 100 -file Timing_info/fixtiming1/high_fanout.rpt
| Design       : top
| Device       : xc7k325t
---------------------------------------------------------------------------------------------------------------------------------------------

High Fan-out Nets Information

1. Fanout Summary
-----------------

+------------------------------------------------------------------------------------------------------------------------------------------------------------------------------------------------------------------------------------------------------------------------------------------+--------+-------------+-----------------+-----------------+-----------------------------+-----------------------------+-----------------------------+-----------------------------+
|                                                                                                                                                                                                                                                                                          |        |             |                 |                 |         Clock Enable        |          Set/Reset          |         Data & Other        |            Clock            |
+------------------------------------------------------------------------------------------------------------------------------------------------------------------------------------------------------------------------------------------------------------------------------------------+--------+-------------+-----------------+-----------------+-------+----+----------------+-------+----+----------------+-------+----+----------------+-------+----+----------------+
| Net Name                                                                                                                                                                                                                                                                                 | Fanout | Driver Type | Worst Slack(ns) | Worst Delay(ns) | Slice | IO | BRAM/DSP/OTHER | Slice | IO | BRAM/DSP/OTHER | Slice | IO | BRAM/DSP/OTHER | Slice | IO | BRAM/DSP/OTHER |
+------------------------------------------------------------------------------------------------------------------------------------------------------------------------------------------------------------------------------------------------------------------------------------------+--------+-------------+-----------------+-----------------+-------+----+----------------+-------+----+----------------+-------+----+----------------+-------+----+----------------+
| student_top_inst/u_KLDJ_top/reg5/bbstub_locked                                                                                                                                                                                                                                           |   2558 | LUT1        |             inf |           6.365 |     0 |  0 |              0 |  2558 |  0 |              0 |     0 |  0 |              0 |     0 |  0 |              0 |
| student_top_inst/u_KLDJ_top/ifu0/Q[2]                                                                                                                                                                                                                                                    |   1056 | FDRE        |           0.322 |           1.709 |     0 |  0 |              0 |     0 |  0 |              0 |  1056 |  0 |              0 |     0 |  0 |              0 |
| student_top_inst/u_KLDJ_top/ifu0/Q[3]                                                                                                                                                                                                                                                    |   1056 | FDRE        |           0.341 |           1.757 |     0 |  0 |              0 |     0 |  0 |              0 |  1056 |  0 |              0 |     0 |  0 |              0 |
| student_top_inst/u_KLDJ_top/ifu0/Q[4]                                                                                                                                                                                                                                                    |   1049 | FDRE        |           0.364 |           1.775 |     0 |  0 |              0 |     0 |  0 |              0 |  1049 |  0 |              0 |     0 |  0 |              0 |
| student_top_inst/u_KLDJ_top/ifu0/Q[5]                                                                                                                                                                                                                                                    |   1048 | FDRE        |           0.356 |           1.720 |     0 |  0 |              0 |     0 |  0 |              0 |  1048 |  0 |              0 |     0 |  0 |              0 |
| student_top_inst/u_KLDJ_top/ifu0/Q[6]                                                                                                                                                                                                                                                    |   1045 | FDRE        |           0.500 |           1.677 |     0 |  0 |              0 |     0 |  0 |              0 |  1045 |  0 |              0 |     0 |  0 |              0 |
| student_top_inst/u_KLDJ_top/ifu0/Q[7]                                                                                                                                                                                                                                                    |   1045 | FDRE        |           0.357 |           1.645 |     0 |  0 |              0 |     0 |  0 |              0 |  1045 |  0 |              0 |     0 |  0 |              0 |
| student_top_inst/u_KLDJ_top/ifu0/Q[8]                                                                                                                                                                                                                                                    |    454 | FDRE        |           0.657 |           1.828 |     0 |  0 |              0 |     0 |  0 |              0 |   454 |  0 |              0 |     0 |  0 |              0 |
| student_top_inst/u_KLDJ_top/u_pipe_id_ex/E[0]                                                                                                                                                                                                                                            |    433 | LUT2        |           1.476 |           1.033 |   433 |  0 |              0 |     0 |  0 |              0 |     0 |  0 |              0 |     0 |  0 |              0 |
| student_top_inst/u_KLDJ_top/ifu0/Q[9]                                                                                                                                                                                                                                                    |    185 | FDRE        |           0.639 |           1.679 |     0 |  0 |              0 |     0 |  0 |              0 |   185 |  0 |              0 |     0 |  0 |              0 |
| student_top_inst/u_KLDJ_top/u_pipe_if_id/if_id_valid_reg_rep__0_0                                                                                                                                                                                                                        |    160 | FDRE        |           0.433 |           0.625 |     0 |  0 |              0 |     0 |  0 |              0 |   160 |  0 |              0 |     0 |  0 |              0 |
| student_top_inst/u_KLDJ_top/ifu0/Q[10]                                                                                                                                                                                                                                                   |    156 | FDRE        |           0.733 |           1.821 |     0 |  0 |              0 |     0 |  0 |              0 |   156 |  0 |              0 |     0 |  0 |              0 |
| student_top_inst/u_KLDJ_top/u_pipe_id_ex/id_ex_valid_reg_5                                                                                                                                                                                                                               |    136 | LUT2        |           1.101 |           2.830 |     6 |  0 |              0 |     0 |  0 |              0 |   130 |  0 |              0 |     0 |  0 |              0 |
| uart_inst/E[0]                                                                                                                                                                                                                                                                           |    134 | LUT5        |          16.575 |           1.364 |   134 |  0 |              0 |     0 |  0 |              0 |     0 |  0 |              0 |     0 |  0 |              0 |
| student_top_inst/u_KLDJ_top/u_pipe_if_id/id_reg_rs1_addr[0]                                                                                                                                                                                                                              |    131 | LUT3        |           0.433 |           1.386 |     0 |  0 |              0 |     0 |  0 |              0 |   131 |  0 |              0 |     0 |  0 |              0 |
| student_top_inst/u_KLDJ_top/u_pipe_if_id/id_reg_rs1_addr[1]                                                                                                                                                                                                                              |    131 | LUT3        |           0.478 |           1.357 |     0 |  0 |              0 |     0 |  0 |              0 |   131 |  0 |              0 |     0 |  0 |              0 |
| student_top_inst/u_KLDJ_top/u_pipe_if_id/id_reg_rs1_addr[2]                                                                                                                                                                                                                              |    131 | LUT3        |           0.648 |           1.376 |     0 |  0 |              0 |     0 |  0 |              0 |   131 |  0 |              0 |     0 |  0 |              0 |
| student_top_inst/u_KLDJ_top/u_pipe_if_id/id_reg_rs2_addr[0]                                                                                                                                                                                                                              |    131 | LUT3        |           0.888 |           1.605 |     0 |  0 |              0 |     0 |  0 |              0 |   131 |  0 |              0 |     0 |  0 |              0 |
| student_top_inst/u_KLDJ_top/u_pipe_if_id/id_reg_rs2_addr[1]                                                                                                                                                                                                                              |    131 | LUT3        |           0.659 |           1.689 |     0 |  0 |              0 |     0 |  0 |              0 |   131 |  0 |              0 |     0 |  0 |              0 |
| student_top_inst/u_KLDJ_top/u_pipe_if_id/id_reg_rs2_addr[2]                                                                                                                                                                                                                              |    131 | LUT3        |           0.727 |           1.650 |     0 |  0 |              0 |     0 |  0 |              0 |   131 |  0 |              0 |     0 |  0 |              0 |
| student_top_inst/bridge_inst/dram_driver_inst/u_dram_tdp/U0/inst_blk_mem_gen/gnbram.gnativebmg.native_blk_mem_gen/valid.cstr/has_mux_b.B/no_softecc_sel_reg.ce_pri.sel_pipe_reg_n_0_[1]                                                                                                  |    128 | FDRE        |           1.193 |           1.890 |     0 |  0 |              0 |     0 |  0 |              0 |   128 |  0 |              0 |     0 |  0 |              0 |
| student_top_inst/bridge_inst/dram_driver_inst/u_dram_tdp/U0/inst_blk_mem_gen/gnbram.gnativebmg.native_blk_mem_gen/valid.cstr/has_mux_b.B/no_softecc_sel_reg.ce_pri.sel_pipe_reg_n_0_[2]                                                                                                  |    128 | FDRE        |           1.070 |           1.820 |     0 |  0 |              0 |     0 |  0 |              0 |   128 |  0 |              0 |     0 |  0 |              0 |
| student_top_inst/u_KLDJ_top/u_pipe_if_id/if_id_inst_reg[15]_0                                                                                                                                                                                                                            |    128 | LUT3        |           0.690 |           1.144 |     0 |  0 |              0 |     0 |  0 |              0 |   128 |  0 |              0 |     0 |  0 |              0 |
| student_top_inst/u_KLDJ_top/u_pipe_if_id/if_id_inst_reg[16]_0                                                                                                                                                                                                                            |    128 | LUT3        |           0.684 |           1.123 |     0 |  0 |              0 |     0 |  0 |              0 |   128 |  0 |              0 |     0 |  0 |              0 |
| student_top_inst/u_KLDJ_top/u_pipe_if_id/if_id_inst_reg[20]_0                                                                                                                                                                                                                            |    128 | LUT3        |           1.006 |           1.142 |     0 |  0 |              0 |     0 |  0 |              0 |   128 |  0 |              0 |     0 |  0 |              0 |
| student_top_inst/u_KLDJ_top/u_pipe_if_id/if_id_inst_reg[21]_0                                                                                                                                                                                                                            |    128 | LUT3        |           0.888 |           1.331 |     0 |  0 |              0 |     0 |  0 |              0 |   128 |  0 |              0 |     0 |  0 |              0 |
| student_top_inst/u_KLDJ_top/u_pipe_id_ex/ex_data2[2]                                                                                                                                                                                                                                     |    120 | LUT5        |          -0.093 |           1.719 |     0 |  0 |              0 |     0 |  0 |              0 |   120 |  0 |              0 |     0 |  0 |              0 |
| student_top_inst/u_KLDJ_top/u_pipe_id_ex/id_ex_valid_reg_0                                                                                                                                                                                                                               |    116 | LUT3        |           0.670 |           2.071 |     0 |  0 |              0 |     0 |  0 |              0 |    52 |  0 |             64 |     0 |  0 |              0 |
| student_top_inst/u_KLDJ_top/u_pipe_id_ex/ex_data2[1]                                                                                                                                                                                                                                     |    115 | LUT5        |          -0.186 |           2.011 |     0 |  0 |              0 |     0 |  0 |              0 |   115 |  0 |              0 |     0 |  0 |              0 |
| student_top_inst/u_KLDJ_top/u_pipe_id_ex/ex_data2[4]                                                                                                                                                                                                                                     |    115 | LUT5        |          -0.201 |           1.942 |     0 |  0 |              0 |     0 |  0 |              0 |   115 |  0 |              0 |     0 |  0 |              0 |
| student_top_inst/u_KLDJ_top/u_pipe_id_ex/ex_data2[3]                                                                                                                                                                                                                                     |    112 | LUT5        |          -0.064 |           2.429 |     0 |  0 |              0 |     0 |  0 |              0 |   112 |  0 |              0 |     0 |  0 |              0 |
| student_top_inst/u_KLDJ_top/u_pipe_id_ex/id_ex_pc_reg[31]_0[0]                                                                                                                                                                                                                           |    104 | FDRE        |           1.726 |           3.145 |     0 |  0 |              0 |     0 |  0 |              0 |   104 |  0 |              0 |     0 |  0 |              0 |
| student_top_inst/u_KLDJ_top/u_pipe_id_ex/id_ex_pc_reg[31]_0[1]                                                                                                                                                                                                                           |    104 | FDRE        |           2.437 |           2.432 |     0 |  0 |              0 |     0 |  0 |              0 |   104 |  0 |              0 |     0 |  0 |              0 |
| student_top_inst/u_KLDJ_top/u_pipe_id_ex/id_ex_pc_reg[31]_0[2]                                                                                                                                                                                                                           |    104 | FDRE        |           2.772 |           2.161 |     0 |  0 |              0 |     0 |  0 |              0 |   104 |  0 |              0 |     0 |  0 |              0 |
| student_top_inst/u_KLDJ_top/u_pipe_id_ex/id_ex_pc_reg[31]_0[3]                                                                                                                                                                                                                           |    104 | FDRE        |           2.545 |           2.552 |     0 |  0 |              0 |     0 |  0 |              0 |   104 |  0 |              0 |     0 |  0 |              0 |
| student_top_inst/u_KLDJ_top/u_pipe_id_ex/id_ex_pc_reg[31]_0[4]                                                                                                                                                                                                                           |    104 | FDRE        |           2.798 |           2.299 |     0 |  0 |              0 |     0 |  0 |              0 |   104 |  0 |              0 |     0 |  0 |              0 |
| student_top_inst/u_KLDJ_top/u_pipe_id_ex/id_ex_pc_reg[31]_0[5]                                                                                                                                                                                                                           |    104 | FDRE        |           2.353 |           2.747 |     0 |  0 |              0 |     0 |  0 |              0 |   104 |  0 |              0 |     0 |  0 |              0 |
| student_top_inst/u_KLDJ_top/u_pipe_id_ex/id_ex_valid_reg_1                                                                                                                                                                                                                               |    104 | LUT3        |           0.841 |           1.945 |     0 |  0 |              0 |     0 |  0 |              0 |    40 |  0 |             64 |     0 |  0 |              0 |
| student_top_inst/u_KLDJ_top/u_pipe_id_ex/id_ex_exu_op_reg[3]_0                                                                                                                                                                                                                           |    102 | LUT6        |           0.853 |           0.345 |     0 |  0 |              0 |     0 |  0 |              0 |   102 |  0 |              0 |     0 |  0 |              0 |
| student_top_inst/u_KLDJ_top/exu2/u_mul_ip_wrapper/state_reg_0                                                                                                                                                                                                                            |    101 | FDRE        |           3.489 |           1.330 |     0 |  0 |              0 |     0 |  0 |              0 |   101 |  0 |              0 |     0 |  0 |              0 |
| student_top_inst/u_KLDJ_top/u_pipe_id_ex/rs2_q[31]_i_2_n_0                                                                                                                                                                                                                               |     97 | LUT6        |           0.154 |           0.899 |     0 |  0 |              0 |     0 |  0 |              0 |    97 |  0 |              0 |     0 |  0 |              0 |
| student_top_inst/u_KLDJ_top/u_pipe_id_ex/ghr[0]_i_3_n_0                                                                                                                                                                                                                                  |     96 | LUT6        |           1.698 |           1.997 |     0 |  0 |              0 |     0 |  0 |              0 |    96 |  0 |              0 |     0 |  0 |              0 |
| student_top_inst/u_KLDJ_top/ifu0/Q[11]                                                                                                                                                                                                                                                   |     92 | FDRE        |           1.218 |           1.839 |     0 |  0 |              0 |     0 |  0 |              0 |    92 |  0 |              0 |     0 |  0 |              0 |
| student_top_inst/u_KLDJ_top/u_pipe_id_ex/ex_mem_exu_res[31]_i_5_n_0                                                                                                                                                                                                                      |     90 | LUT6        |           1.746 |           1.408 |     0 |  0 |              0 |     0 |  0 |              0 |    90 |  0 |              0 |     0 |  0 |              0 |
| student_top_inst/u_KLDJ_top/u_pipe_id_ex/id_ex_valid                                                                                                                                                                                                                                     |     88 | FDRE        |           1.820 |           0.415 |     0 |  0 |              0 |     0 |  0 |              0 |    88 |  0 |              0 |     0 |  0 |              0 |
| student_top_inst/u_KLDJ_top/u_pipe_id_ex/ex_data2[0]                                                                                                                                                                                                                                     |     85 | LUT5        |          -0.076 |           1.693 |     0 |  0 |              0 |     0 |  0 |              0 |    85 |  0 |              0 |     0 |  0 |              0 |
| student_top_inst/u_KLDJ_top/u_pipe_if_id/if_id_valid_reg_rep_0                                                                                                                                                                                                                           |     83 | FDRE        |           0.773 |           1.079 |     0 |  0 |              0 |     0 |  0 |              0 |    83 |  0 |              0 |     0 |  0 |              0 |
| student_top_inst/u_KLDJ_top/u_pipe_if_id/if_id_inst[5]                                                                                                                                                                                                                                   |     80 | FDRE        |           0.820 |           1.363 |     0 |  0 |              0 |     0 |  0 |              0 |    80 |  0 |              0 |     0 |  0 |              0 |
| student_top_inst/u_KLDJ_top/u_pipe_id_ex/id_ex_valid_reg_3                                                                                                                                                                                                                               |     79 | LUT3        |           0.674 |           2.212 |     0 |  0 |              0 |     0 |  0 |              0 |    15 |  0 |             64 |     0 |  0 |              0 |
| student_top_inst/u_KLDJ_top/u_pipe_id_ex/id_ex_valid_reg_4                                                                                                                                                                                                                               |     76 | LUT3        |           0.360 |           0.731 |    76 |  0 |              0 |     0 |  0 |              0 |     0 |  0 |              0 |     0 |  0 |              0 |
| uart_inst/Q[2]                                                                                                                                                                                                                                                                           |     74 | FDCE        |          17.264 |           1.127 |     0 |  0 |              0 |     0 |  0 |              0 |    74 |  0 |              0 |     0 |  0 |              0 |
| student_top_inst/u_KLDJ_top/u_pipe_id_ex/Q[3]                                                                                                                                                                                                                                            |     72 | FDRE        |           1.280 |           2.144 |     0 |  0 |              0 |     0 |  0 |              0 |    72 |  0 |              0 |     0 |  0 |              0 |
| student_top_inst/u_KLDJ_top/exu2/u_div_ip_wrapper/op_q                                                                                                                                                                                                                                   |     70 | LUT5        |           2.018 |           1.755 |    67 |  0 |              0 |     0 |  0 |              0 |     3 |  0 |              0 |     0 |  0 |              0 |
| student_top_inst/u_KLDJ_top/exu2/u_mul_ip_wrapper/done_reg_0                                                                                                                                                                                                                             |     70 | FDRE        |           1.302 |           1.101 |     0 |  0 |              0 |     0 |  0 |              0 |    70 |  0 |              0 |     0 |  0 |              0 |
| student_top_inst/u_KLDJ_top/u_pipe_id_ex/Q[4]                                                                                                                                                                                                                                            |     69 | FDRE        |           2.752 |           1.600 |     0 |  0 |              0 |     0 |  0 |              0 |    69 |  0 |              0 |     0 |  0 |              0 |
| student_top_inst/u_KLDJ_top/u_pipe_id_ex/Q[5]                                                                                                                                                                                                                                            |     69 | FDRE        |           2.541 |           1.747 |     0 |  0 |              0 |     0 |  0 |              0 |    69 |  0 |              0 |     0 |  0 |              0 |
| student_top_inst/u_KLDJ_top/u_pipe_id_ex/id_ex_alu_ctrl[1]                                                                                                                                                                                                                               |     69 | FDRE        |           1.550 |           1.515 |     0 |  0 |              0 |     0 |  0 |              0 |    69 |  0 |              0 |     0 |  0 |              0 |
| student_top_inst/u_KLDJ_top/u_pipe_id_ex/bpu_update_taken                                                                                                                                                                                                                                |     68 | LUT5        |           0.135 |           1.113 |     0 |  0 |              0 |     0 |  0 |              0 |    68 |  0 |              0 |     0 |  0 |              0 |
| student_top_inst/u_KLDJ_top/u_pipe_if_id/if_id_inst_reg[4]_0[0]                                                                                                                                                                                                                          |     68 | FDSE        |           0.652 |           0.387 |     0 |  0 |              0 |     0 |  0 |              0 |    68 |  0 |              0 |     0 |  0 |              0 |
| student_top_inst/u_KLDJ_top/u_pipe_if_id/id_reg_rs1_addr[3]                                                                                                                                                                                                                              |     67 | LUT3        |           0.794 |           1.546 |     0 |  0 |              0 |     0 |  0 |              0 |    67 |  0 |              0 |     0 |  0 |              0 |
| student_top_inst/u_KLDJ_top/u_pipe_if_id/id_reg_rs2_addr[3]                                                                                                                                                                                                                              |     67 | LUT3        |           0.844 |           1.437 |     0 |  0 |              0 |     0 |  0 |              0 |    67 |  0 |              0 |     0 |  0 |              0 |
| student_top_inst/u_KLDJ_top/exu2/u_mul_ip_wrapper/op_q[1]_i_1_n_0                                                                                                                                                                                                                        |     66 | LUT4        |           2.389 |           0.778 |    66 |  0 |              0 |     0 |  0 |              0 |     0 |  0 |              0 |     0 |  0 |              0 |
| student_top_inst/bridge_inst/dram_driver_inst/addra[0]                                                                                                                                                                                                                                   |     65 | FDRE        |           1.236 |           4.687 |     0 |  0 |              0 |     0 |  0 |              0 |     1 |  0 |             64 |     0 |  0 |              0 |
| student_top_inst/bridge_inst/dram_driver_inst/addra[10]                                                                                                                                                                                                                                  |     65 | FDRE        |           1.800 |           2.993 |     0 |  0 |              0 |     0 |  0 |              0 |    65 |  0 |              0 |     0 |  0 |              0 |
| student_top_inst/bridge_inst/dram_driver_inst/addra[11]                                                                                                                                                                                                                                  |     65 | FDRE        |           1.594 |           3.794 |     0 |  0 |              0 |     0 |  0 |              0 |    65 |  0 |              0 |     0 |  0 |              0 |
| student_top_inst/bridge_inst/dram_driver_inst/addra[12]                                                                                                                                                                                                                                  |     65 | FDRE        |           2.547 |           2.981 |     0 |  0 |              0 |     0 |  0 |              0 |    65 |  0 |              0 |     0 |  0 |              0 |
| student_top_inst/bridge_inst/dram_driver_inst/addra[1]                                                                                                                                                                                                                                   |     65 | FDRE        |           1.656 |           4.236 |     0 |  0 |              0 |     0 |  0 |              0 |     1 |  0 |             64 |     0 |  0 |              0 |
| student_top_inst/bridge_inst/dram_driver_inst/addra[2]                                                                                                                                                                                                                                   |     65 | FDRE        |           1.283 |           4.583 |     0 |  0 |              0 |     0 |  0 |              0 |     1 |  0 |             64 |     0 |  0 |              0 |
| student_top_inst/bridge_inst/dram_driver_inst/addra[3]                                                                                                                                                                                                                                   |     65 | FDRE        |           1.264 |           4.781 |     0 |  0 |              0 |     0 |  0 |              0 |     1 |  0 |             64 |     0 |  0 |              0 |
| student_top_inst/bridge_inst/dram_driver_inst/addra[4]                                                                                                                                                                                                                                   |     65 | FDRE        |           1.313 |           4.670 |     0 |  0 |              0 |     0 |  0 |              0 |     1 |  0 |             64 |     0 |  0 |              0 |
| student_top_inst/bridge_inst/dram_driver_inst/addra[5]                                                                                                                                                                                                                                   |     65 | FDRE        |           1.307 |           4.742 |     0 |  0 |              0 |     0 |  0 |              0 |     1 |  0 |             64 |     0 |  0 |              0 |
| student_top_inst/bridge_inst/dram_driver_inst/addra[6]                                                                                                                                                                                                                                   |     65 | FDRE        |           1.575 |           4.409 |     0 |  0 |              0 |     0 |  0 |              0 |     1 |  0 |             64 |     0 |  0 |              0 |
| student_top_inst/bridge_inst/dram_driver_inst/addra[7]                                                                                                                                                                                                                                   |     65 | FDRE        |           1.706 |           4.259 |     0 |  0 |              0 |     0 |  0 |              0 |     1 |  0 |             64 |     0 |  0 |              0 |
| student_top_inst/bridge_inst/dram_driver_inst/addra[8]                                                                                                                                                                                                                                   |     65 | FDRE        |           1.811 |           4.119 |     0 |  0 |              0 |     0 |  0 |              0 |     1 |  0 |             64 |     0 |  0 |              0 |
| student_top_inst/bridge_inst/dram_driver_inst/addra[9]                                                                                                                                                                                                                                   |     65 | FDRE        |           1.342 |           3.786 |     0 |  0 |              0 |     0 |  0 |              0 |    65 |  0 |              0 |     0 |  0 |              0 |
| student_top_inst/bridge_inst/dram_driver_inst/bram_addr_r[0]                                                                                                                                                                                                                             |     65 | FDRE        |           1.189 |           4.770 |     0 |  0 |              0 |     0 |  0 |              0 |     1 |  0 |             64 |     0 |  0 |              0 |
| student_top_inst/bridge_inst/dram_driver_inst/bram_addr_r[1]                                                                                                                                                                                                                             |     65 | FDRE        |           1.471 |           4.424 |     0 |  0 |              0 |     0 |  0 |              0 |     1 |  0 |             64 |     0 |  0 |              0 |
| student_top_inst/bridge_inst/dram_driver_inst/bram_addr_r[2]                                                                                                                                                                                                                             |     65 | FDRE        |           1.487 |           4.467 |     0 |  0 |              0 |     0 |  0 |              0 |     1 |  0 |             64 |     0 |  0 |              0 |
| student_top_inst/u_KLDJ_top/exu2/u_div_ip_wrapper/u_div_gen_u32/U0/i_synth/i_nonzero_fract.i_synth/i_algo_r2_or_lutmult.i_nonzero_fract.i_sdivider/i_sdivider.divider_blk/div_loop[31].adder_gen.reg_req.adsu_mod/add1/no_pipelining.the_addsub/i_q_simple.qreg/opt_has_pipe.first_q[32] |     65 | FDRE        |           4.486 |           1.210 |     0 |  0 |              0 |     0 |  0 |              0 |    65 |  0 |              0 |     0 |  0 |              0 |
| student_top_inst/u_KLDJ_top/u_pipe_id_ex/addrb[0]                                                                                                                                                                                                                                        |     65 | LUT3        |           0.816 |           1.843 |     0 |  0 |              0 |     0 |  0 |              0 |     1 |  0 |             64 |     0 |  0 |              0 |
| student_top_inst/u_KLDJ_top/u_pipe_id_ex/addrb[1]                                                                                                                                                                                                                                        |     65 | LUT3        |           0.606 |           2.021 |     0 |  0 |              0 |     0 |  0 |              0 |     1 |  0 |             64 |     0 |  0 |              0 |
| student_top_inst/u_KLDJ_top/u_pipe_id_ex/addrb[2]                                                                                                                                                                                                                                        |     65 | LUT3        |           0.809 |           1.989 |     0 |  0 |              0 |     0 |  0 |              0 |     1 |  0 |             64 |     0 |  0 |              0 |
| student_top_inst/u_KLDJ_top/u_pipe_id_ex/addrb[3]                                                                                                                                                                                                                                        |     65 | LUT3        |           0.707 |           1.698 |     0 |  0 |              0 |     0 |  0 |              0 |     1 |  0 |             64 |     0 |  0 |              0 |
| student_top_inst/u_KLDJ_top/u_pipe_id_ex/addrb[4]                                                                                                                                                                                                                                        |     65 | LUT3        |           0.508 |           1.975 |     0 |  0 |              0 |     0 |  0 |              0 |     1 |  0 |             64 |     0 |  0 |              0 |
| student_top_inst/u_KLDJ_top/u_pipe_id_ex/addrb[5]                                                                                                                                                                                                                                        |     65 | LUT3        |           0.645 |           2.203 |     0 |  0 |              0 |     0 |  0 |              0 |     1 |  0 |             64 |     0 |  0 |              0 |
| student_top_inst/u_KLDJ_top/u_pipe_id_ex/addrb[6]                                                                                                                                                                                                                                        |     65 | LUT3        |           0.841 |           1.864 |     0 |  0 |              0 |     0 |  0 |              0 |     1 |  0 |             64 |     0 |  0 |              0 |
| student_top_inst/u_KLDJ_top/u_pipe_id_ex/addrb[7]                                                                                                                                                                                                                                        |     65 | LUT3        |           0.613 |           1.809 |     0 |  0 |              0 |     0 |  0 |              0 |     1 |  0 |             64 |     0 |  0 |              0 |
| student_top_inst/u_KLDJ_top/u_pipe_id_ex/addrb[8]                                                                                                                                                                                                                                        |     65 | LUT3        |           0.636 |           1.873 |     0 |  0 |              0 |     0 |  0 |              0 |     1 |  0 |             64 |     0 |  0 |              0 |
| student_top_inst/u_KLDJ_top/u_pipe_id_ex/id_ex_alu_ctrl[0]                                                                                                                                                                                                                               |     65 | FDRE        |           2.173 |           1.146 |     0 |  0 |              0 |     0 |  0 |              0 |    65 |  0 |              0 |     0 |  0 |              0 |
| student_top_inst/u_KLDJ_top/u_pipe_id_ex/id_ex_alu_ctrl[2]                                                                                                                                                                                                                               |     65 | FDRE        |           1.984 |           0.488 |     0 |  0 |              0 |     0 |  0 |              0 |    65 |  0 |              0 |     0 |  0 |              0 |
| student_top_inst/u_KLDJ_top/u_pipe_id_ex/id_ex_csr_op                                                                                                                                                                                                                                    |     65 | FDRE        |           2.971 |           1.068 |     0 |  0 |              0 |     0 |  0 |              0 |    65 |  0 |              0 |     0 |  0 |              0 |
| student_top_inst/bridge_inst/dram_driver_inst/u_dram_tdp/U0/inst_blk_mem_gen/gnbram.gnativebmg.native_blk_mem_gen/valid.cstr/has_mux_b.B/no_softecc_sel_reg.ce_pri.sel_pipe_reg_n_0_[3]                                                                                                  |     64 | FDRE        |           1.323 |           1.976 |     0 |  0 |              0 |     0 |  0 |              0 |    64 |  0 |              0 |     0 |  0 |              0 |
| student_top_inst/u_KLDJ_top/u_pipe_id_ex/id_ex_valid_reg_11[0]                                                                                                                                                                                                                           |     64 | LUT4        |           0.182 |           0.514 |    64 |  0 |              0 |     0 |  0 |              0 |     0 |  0 |              0 |     0 |  0 |              0 |
| student_top_inst/u_KLDJ_top/u_pipe_id_ex/ex_data1[31]                                                                                                                                                                                                                                    |     58 | LUT5        |          -0.245 |           1.924 |     0 |  0 |              0 |     0 |  0 |              0 |    58 |  0 |              0 |     0 |  0 |              0 |
| student_top_inst/u_KLDJ_top/u_pipe_id_ex/id_ex_exu_op_reg[5]_0[5]                                                                                                                                                                                                                        |     58 | FDRE        |           0.254 |           2.100 |     0 |  0 |              0 |     0 |  0 |              0 |    58 |  0 |              0 |     0 |  0 |              0 |
| student_top_inst/u_KLDJ_top/u_pipe_if_id/if_id_inst[2]                                                                                                                                                                                                                                   |     57 | FDRE        |           0.727 |           0.329 |     0 |  0 |              0 |     0 |  0 |              0 |    57 |  0 |              0 |     0 |  0 |              0 |
| student_top_inst/u_KLDJ_top/u_pipe_if_id/if_id_inst[6]                                                                                                                                                                                                                                   |     57 | FDRE        |           0.564 |           1.480 |     0 |  0 |              0 |     0 |  0 |              0 |    57 |  0 |              0 |     0 |  0 |              0 |
| student_top_inst/u_KLDJ_top/u_pipe_id_ex/dram_wen0                                                                                                                                                                                                                                       |     53 | LUT4        |           0.615 |           0.778 |    52 |  0 |              0 |     0 |  0 |              0 |     1 |  0 |              0 |     0 |  0 |              0 |
| student_top_inst/u_KLDJ_top/u_pipe_id_ex/SR[0]                                                                                                                                                                                                                                           |     50 | LUT2        |           1.555 |           2.291 |     0 |  0 |              0 |    50 |  0 |              0 |     0 |  0 |              0 |     0 |  0 |              0 |
| student_top_inst/bridge_inst/seg_driver/Q[0]                                                                                                                                                                                                                                             |     49 | FDCE        |           1.396 |           2.640 |     0 |  0 |              0 |     0 |  0 |              0 |    45 |  4 |              0 |     0 |  0 |              0 |
+------------------------------------------------------------------------------------------------------------------------------------------------------------------------------------------------------------------------------------------------------------------------------------------+--------+-------------+-----------------+-----------------+-------+----+----------------+-------+----+----------------+-------+----+----------------+-------+----+----------------+


