Copyright 1986-2018 Xilinx, Inc. All Rights Reserved.
----------------------------------------------------------------------------------------------------------------------------------------------------------------------------------------------------
| Tool Version : Vivado v.2018.3 (win64) Build 2405991 Thu Dec  6 23:38:27 MST 2018
| Date         : Sun Jul 12 14:21:33 2026
| Host         : DESKTOP-MO7L2KR running 64-bit major release  (build 9200)
| Command      : report_high_fanout_nets -timing -load_types -max_nets 30 -file D:/DESKTOP/JYD/Source_code/merge_dualport_bpu/jyd/pipilined5/TimingFix_Log/Fix_timing4A_synth/high_fanout_synth.rpt
| Design       : bpu
| Device       : xc7a35t
----------------------------------------------------------------------------------------------------------------------------------------------------------------------------------------------------

High Fan-out Nets Information

1. LoadTypewise Fanout Summary
------------------------------

+------------------------------------------------+--------+-------------+-----------------+-----------------+--------------+-----------+--------------+-------+
| Net Name                                       | Fanout | Driver Type | Worst Slack(ns) | Worst Delay(ns) | Clock Enable | Set/Reset | Data & Other | Clock |
+------------------------------------------------+--------+-------------+-----------------+-----------------+--------------+-----------+--------------+-------+
| rst                                            |    136 | PORT        |             inf |           0.000 |            0 |       134 |            2 |     0 |
| update_valid                                   |    136 | PORT        |             inf |           0.000 |            6 |         0 |          130 |     0 |
| update_pht_idx[3]                              |     74 | PORT        |             inf |           0.000 |            0 |         0 |           74 |     0 |
| lookup_pc[2]                                   |     73 | PORT        |             inf |           0.000 |            0 |         0 |           73 |     0 |
| update_pht_idx[4]                              |     71 | PORT        |             inf |           0.000 |            0 |         0 |           71 |     0 |
| update_pht_idx[5]                              |     71 | PORT        |             inf |           0.000 |            0 |         0 |           71 |     0 |
| update_taken                                   |     68 | PORT        |             inf |           0.000 |            0 |         0 |           68 |     0 |
| update_pc[2]                                   |     48 | PORT        |             inf |           0.000 |            0 |         0 |           48 |     0 |
| update_pc[3]                                   |     48 | PORT        |             inf |           0.000 |            0 |         0 |           48 |     0 |
| update_pc[4]                                   |     48 | PORT        |             inf |           0.000 |            0 |         0 |           48 |     0 |
| update_pc[5]                                   |     48 | PORT        |             inf |           0.000 |            0 |         0 |           48 |     0 |
| update_pc[6]                                   |     48 | PORT        |             inf |           0.000 |            0 |         0 |           48 |     0 |
| update_pc[7]                                   |     48 | PORT        |             inf |           0.000 |            0 |         0 |           48 |     0 |
| lookup_pc[3]                                   |     41 | PORT        |             inf |           0.000 |            0 |         0 |           41 |     0 |
| u_gshare_btb_core/ghr[0]                       |     34 | FDRE        |           5.485 |           0.334 |            0 |         0 |           34 |     0 |
| lookup_pc[4]                                   |     33 | PORT        |             inf |           0.000 |            0 |         0 |           33 |     0 |
| u_gshare_btb_core/btb_tag_reg_0_63_0_2_i_1_n_0 |     32 | LUT3        |             inf |           0.333 |           32 |         0 |            0 |     0 |
| lookup_pc[5]                                   |     30 | PORT        |             inf |           0.000 |            0 |         0 |           30 |     0 |
| update_pht_idx[0]                              |     30 | PORT        |             inf |           0.000 |            0 |         0 |           30 |     0 |
| update_pht_idx[1]                              |     30 | PORT        |             inf |           0.000 |            0 |         0 |           30 |     0 |
| lookup_pc[6]                                   |     28 | PORT        |             inf |           0.000 |            0 |         0 |           28 |     0 |
| lookup_pc[7]                                   |     27 | PORT        |             inf |           0.000 |            0 |         0 |           27 |     0 |
| update_pht_idx[2]                              |     22 | PORT        |             inf |           0.000 |            0 |         0 |           22 |     0 |
| u_gshare_btb_core/lookup_pht_idx[1]            |     11 | LUT2        |             inf |           1.111 |            0 |         0 |           11 |     0 |
| u_gshare_btb_core/lookup_pht_idx[2]            |     11 | LUT2        |             inf |           0.665 |            0 |         0 |           11 |     0 |
| u_gshare_btb_core/btb_valid[15]_i_2_n_0        |      8 | LUT3        |             inf |           0.902 |            0 |         0 |            8 |     0 |
| u_gshare_btb_core/btb_valid[23]_i_2_n_0        |      8 | LUT3        |             inf |           0.902 |            0 |         0 |            8 |     0 |
| u_gshare_btb_core/btb_valid[31]_i_2_n_0        |      8 | LUT3        |             inf |           0.902 |            0 |         0 |            8 |     0 |
| u_gshare_btb_core/btb_valid[39]_i_2_n_0        |      8 | LUT3        |             inf |           0.902 |            0 |         0 |            8 |     0 |
| u_gshare_btb_core/btb_valid[47]_i_2_n_0        |      8 | LUT3        |             inf |           0.902 |            0 |         0 |            8 |     0 |
+------------------------------------------------+--------+-------------+-----------------+-----------------+--------------+-----------+--------------+-------+


