Copyright 1986-2018 Xilinx, Inc. All Rights Reserved.
--------------------------------------------------------------------------------------------------------------------------------------------------------------------------------------------------
| Tool Version : Vivado v.2018.3 (win64) Build 2405991 Thu Dec  6 23:38:27 MST 2018
| Date         : Sun Jul 12 14:21:33 2026
| Host         : DESKTOP-MO7L2KR running 64-bit major release  (build 9200)
| Command      : report_timing_summary -delay_type max -max_paths 20 -file D:/DESKTOP/JYD/Source_code/merge_dualport_bpu/jyd/pipilined5/TimingFix_Log/Fix_timing4A_synth/timing_summary_synth.rpt
| Design       : bpu
| Device       : 7a35t-cpg236
| Speed File   : -1  PRODUCTION 1.23 2018-06-13
--------------------------------------------------------------------------------------------------------------------------------------------------------------------------------------------------

Timing Summary Report

------------------------------------------------------------------------------------------------
| Timer Settings
| --------------
------------------------------------------------------------------------------------------------

  Enable Multi Corner Analysis               :  Yes
  Enable Pessimism Removal                   :  Yes
  Pessimism Removal Resolution               :  Nearest Common Node
  Enable Input Delay Default Clock           :  No
  Enable Preset / Clear Arcs                 :  No
  Disable Flight Delays                      :  No
  Ignore I/O Paths                           :  No
  Timing Early Launch at Borrowing Latches   :  false

  Corner  Analyze    Analyze    
  Name    Max Paths  Min Paths  
  ------  ---------  ---------  
  Slow    Yes        Yes        
  Fast    Yes        Yes        



check_timing report

Table of Contents
-----------------
1. checking no_clock
2. checking constant_clock
3. checking pulse_width_clock
4. checking unconstrained_internal_endpoints
5. checking no_input_delay
6. checking no_output_delay
7. checking multiple_clock
8. checking generated_clocks
9. checking loops
10. checking partial_input_delay
11. checking partial_output_delay
12. checking latch_loops

1. checking no_clock
--------------------
 There are 0 register/latch pins with no clock.


2. checking constant_clock
--------------------------
 There are 0 register/latch pins with constant_clock.


3. checking pulse_width_clock
-----------------------------
 There are 0 register/latch pins which need pulse_width check


4. checking unconstrained_internal_endpoints
--------------------------------------------
 There are 0 pins that are not constrained for maximum delay.

 There are 0 pins that are not constrained for maximum delay due to constant clock.


5. checking no_input_delay
--------------------------
 There are 39 input ports with no input delay specified. (HIGH)

 There are 0 input ports with no input delay but user has a false path constraint.


6. checking no_output_delay
---------------------------
 There are 8 ports with no output delay specified. (HIGH)

 There are 0 ports with no output delay but user has a false path constraint

 There are 0 ports with no output delay but with a timing clock defined on it or propagating through it


7. checking multiple_clock
--------------------------
 There are 0 register/latch pins with multiple clocks.


8. checking generated_clocks
----------------------------
 There are 0 generated clocks that are not connected to a clock source.


9. checking loops
-----------------
 There are 0 combinational loops in the design.


10. checking partial_input_delay
--------------------------------
 There are 0 input ports with partial input delay specified.


11. checking partial_output_delay
---------------------------------
 There are 0 ports with partial output delay specified.


12. checking latch_loops
------------------------
 There are 0 combinational latch loops in the design through latch input



------------------------------------------------------------------------------------------------
| Design Timing Summary
| ---------------------
------------------------------------------------------------------------------------------------

    WNS(ns)      TNS(ns)  TNS Failing Endpoints  TNS Total Endpoints     WPWS(ns)     TPWS(ns)  TPWS Failing Endpoints  TPWS Total Endpoints  
    -------      -------  ---------------------  -------------------     --------     --------  ----------------------  --------------------  
      2.205        0.000                      0                  137        2.083        0.000                       0                   170  


All user specified timing constraints are met.


------------------------------------------------------------------------------------------------
| Clock Summary
| -------------
------------------------------------------------------------------------------------------------

Clock    Waveform(ns)         Period(ns)      Frequency(MHz)
-----    ------------         ----------      --------------
bpu_clk  {0.000 3.333}        6.667           149.992         


------------------------------------------------------------------------------------------------
| Intra Clock Table
| -----------------
------------------------------------------------------------------------------------------------

Clock             WNS(ns)      TNS(ns)  TNS Failing Endpoints  TNS Total Endpoints     WPWS(ns)     TPWS(ns)  TPWS Failing Endpoints  TPWS Total Endpoints  
-----             -------      -------  ---------------------  -------------------     --------     --------  ----------------------  --------------------  
bpu_clk             2.205        0.000                      0                  137        2.083        0.000                       0                   170  


------------------------------------------------------------------------------------------------
| Inter Clock Table
| -----------------
------------------------------------------------------------------------------------------------

From Clock    To Clock          WNS(ns)      TNS(ns)  TNS Failing Endpoints  TNS Total Endpoints  
----------    --------          -------      -------  ---------------------  -------------------  


------------------------------------------------------------------------------------------------
| Other Path Groups Table
| -----------------------
------------------------------------------------------------------------------------------------

Path Group    From Clock    To Clock          WNS(ns)      TNS(ns)  TNS Failing Endpoints  TNS Total Endpoints  
----------    ----------    --------          -------      -------  ---------------------  -------------------  


------------------------------------------------------------------------------------------------
| Timing Details
| --------------
------------------------------------------------------------------------------------------------


---------------------------------------------------------------------------------------------------
From Clock:  bpu_clk
  To Clock:  bpu_clk

Setup :            0  Failing Endpoints,  Worst Slack        2.205ns,  Total Violation        0.000ns
Hold  :           NA  Failing Endpoints,  Worst Slack           NA  ,  Total Violation           NA
PW    :            0  Failing Endpoints,  Worst Slack        2.083ns,  Total Violation        0.000ns
---------------------------------------------------------------------------------------------------


Max Delay Paths
--------------------------------------------------------------------------------------
Slack (MET) :             2.205ns  (required time - arrival time)
  Source:                 u_gshare_btb_core/pht_valid_reg[55]/C
                            (rising edge-triggered cell FDRE clocked by bpu_clk  {rise@0.000ns fall@3.333ns period=6.667ns})
  Destination:            u_gshare_btb_core/pht_reg_0_63_0_0/DP/I
                            (rising edge-triggered cell RAMD64E clocked by bpu_clk  {rise@0.000ns fall@3.333ns period=6.667ns})
  Path Group:             bpu_clk
  Path Type:              Setup (Max at Slow Process Corner)
  Requirement:            6.667ns  (bpu_clk rise@6.667ns - bpu_clk rise@0.000ns)
  Data Path Delay:        4.047ns  (logic 1.543ns (38.127%)  route 2.504ns (61.873%))
  Logic Levels:           5  (LUT4=1 LUT6=2 MUXF7=1 MUXF8=1)
  Clock Path Skew:        -0.049ns (DCD - SCD + CPR)
    Destination Clock Delay (DCD):    0.924ns = ( 7.591 - 6.667 ) 
    Source Clock Delay      (SCD):    0.973ns
    Clock Pessimism Removal (CPR):    0.000ns
  Clock Uncertainty:      0.035ns  ((TSJ^2 + TIJ^2)^1/2 + DJ) / 2 + PE
    Total System Jitter     (TSJ):    0.071ns
    Total Input Jitter      (TIJ):    0.000ns
    Discrete Jitter          (DJ):    0.000ns
    Phase Error              (PE):    0.000ns

    Location             Delay type                Incr(ns)  Path(ns)    Netlist Resource(s)
  -------------------------------------------------------------------    -------------------
                         (clock bpu_clk rise edge)    0.000     0.000 r  
                                                      0.000     0.000 r  clk (IN)
                         net (fo=169, unset)          0.973     0.973    u_gshare_btb_core/clk
                         FDRE                                         r  u_gshare_btb_core/pht_valid_reg[55]/C
  -------------------------------------------------------------------    -------------------
                         FDRE (Prop_fdre_C_Q)         0.456     1.429 r  u_gshare_btb_core/pht_valid_reg[55]/Q
                         net (fo=3, unplaced)         0.983     2.412    u_gshare_btb_core/pht_valid[55]
                         LUT6 (Prop_lut6_I0_O)        0.295     2.707 r  u_gshare_btb_core/pht_reg_0_63_0_0_i_17/O
                         net (fo=1, unplaced)         0.000     2.707    u_gshare_btb_core/pht_reg_0_63_0_0_i_17_n_0
                         MUXF7 (Prop_muxf7_I1_O)      0.245     2.952 r  u_gshare_btb_core/pht_reg_0_63_0_0_i_8/O
                         net (fo=1, unplaced)         0.000     2.952    u_gshare_btb_core/pht_reg_0_63_0_0_i_8_n_0
                         MUXF8 (Prop_muxf8_I0_O)      0.104     3.056 r  u_gshare_btb_core/pht_reg_0_63_0_0_i_4/O
                         net (fo=1, unplaced)         0.717     3.773    u_gshare_btb_core/pht_reg_0_63_0_0_i_4_n_0
                         LUT6 (Prop_lut6_I0_O)        0.319     4.092 r  u_gshare_btb_core/pht_reg_0_63_0_0_i_3/O
                         net (fo=2, unplaced)         0.460     4.552    u_gshare_btb_core/pht_reg_0_63_0_0_i_3_n_0
                         LUT4 (Prop_lut4_I2_O)        0.124     4.676 r  u_gshare_btb_core/pht_reg_0_63_0_0_i_1/O
                         net (fo=2, unplaced)         0.344     5.020    u_gshare_btb_core/pht_reg_0_63_0_0/D
                         RAMD64E                                      r  u_gshare_btb_core/pht_reg_0_63_0_0/DP/I
  -------------------------------------------------------------------    -------------------

                         (clock bpu_clk rise edge)    6.667     6.667 r  
                                                      0.000     6.667 r  clk (IN)
                         net (fo=169, unset)          0.924     7.591    u_gshare_btb_core/pht_reg_0_63_0_0/WCLK
                         RAMD64E                                      r  u_gshare_btb_core/pht_reg_0_63_0_0/DP/CLK
                         clock pessimism              0.000     7.591    
                         clock uncertainty           -0.035     7.556    
                         RAMD64E (Setup_ramd64e_CLK_I)
                                                     -0.331     7.225    u_gshare_btb_core/pht_reg_0_63_0_0/DP
  -------------------------------------------------------------------
                         required time                          7.225    
                         arrival time                          -5.020    
  -------------------------------------------------------------------
                         slack                                  2.205    

Slack (MET) :             2.205ns  (required time - arrival time)
  Source:                 u_gshare_btb_core/pht_valid_reg[55]/C
                            (rising edge-triggered cell FDRE clocked by bpu_clk  {rise@0.000ns fall@3.333ns period=6.667ns})
  Destination:            u_gshare_btb_core/pht_reg_0_63_1_1/DP/I
                            (rising edge-triggered cell RAMD64E clocked by bpu_clk  {rise@0.000ns fall@3.333ns period=6.667ns})
  Path Group:             bpu_clk
  Path Type:              Setup (Max at Slow Process Corner)
  Requirement:            6.667ns  (bpu_clk rise@6.667ns - bpu_clk rise@0.000ns)
  Data Path Delay:        4.047ns  (logic 1.543ns (38.127%)  route 2.504ns (61.873%))
  Logic Levels:           5  (LUT4=1 LUT6=2 MUXF7=1 MUXF8=1)
  Clock Path Skew:        -0.049ns (DCD - SCD + CPR)
    Destination Clock Delay (DCD):    0.924ns = ( 7.591 - 6.667 ) 
    Source Clock Delay      (SCD):    0.973ns
    Clock Pessimism Removal (CPR):    0.000ns
  Clock Uncertainty:      0.035ns  ((TSJ^2 + TIJ^2)^1/2 + DJ) / 2 + PE
    Total System Jitter     (TSJ):    0.071ns
    Total Input Jitter      (TIJ):    0.000ns
    Discrete Jitter          (DJ):    0.000ns
    Phase Error              (PE):    0.000ns

    Location             Delay type                Incr(ns)  Path(ns)    Netlist Resource(s)
  -------------------------------------------------------------------    -------------------
                         (clock bpu_clk rise edge)    0.000     0.000 r  
                                                      0.000     0.000 r  clk (IN)
                         net (fo=169, unset)          0.973     0.973    u_gshare_btb_core/clk
                         FDRE                                         r  u_gshare_btb_core/pht_valid_reg[55]/C
  -------------------------------------------------------------------    -------------------
                         FDRE (Prop_fdre_C_Q)         0.456     1.429 r  u_gshare_btb_core/pht_valid_reg[55]/Q
                         net (fo=3, unplaced)         0.983     2.412    u_gshare_btb_core/pht_valid[55]
                         LUT6 (Prop_lut6_I0_O)        0.295     2.707 r  u_gshare_btb_core/pht_reg_0_63_0_0_i_17/O
                         net (fo=1, unplaced)         0.000     2.707    u_gshare_btb_core/pht_reg_0_63_0_0_i_17_n_0
                         MUXF7 (Prop_muxf7_I1_O)      0.245     2.952 r  u_gshare_btb_core/pht_reg_0_63_0_0_i_8/O
                         net (fo=1, unplaced)         0.000     2.952    u_gshare_btb_core/pht_reg_0_63_0_0_i_8_n_0
                         MUXF8 (Prop_muxf8_I0_O)      0.104     3.056 r  u_gshare_btb_core/pht_reg_0_63_0_0_i_4/O
                         net (fo=1, unplaced)         0.717     3.773    u_gshare_btb_core/pht_reg_0_63_0_0_i_4_n_0
                         LUT6 (Prop_lut6_I0_O)        0.319     4.092 r  u_gshare_btb_core/pht_reg_0_63_0_0_i_3/O
                         net (fo=2, unplaced)         0.460     4.552    u_gshare_btb_core/pht_reg_0_63_0_0_i_3_n_0
                         LUT4 (Prop_lut4_I1_O)        0.124     4.676 r  u_gshare_btb_core/pht_reg_0_63_1_1_i_1/O
                         net (fo=2, unplaced)         0.344     5.020    u_gshare_btb_core/pht_reg_0_63_1_1/D
                         RAMD64E                                      r  u_gshare_btb_core/pht_reg_0_63_1_1/DP/I
  -------------------------------------------------------------------    -------------------

                         (clock bpu_clk rise edge)    6.667     6.667 r  
                                                      0.000     6.667 r  clk (IN)
                         net (fo=169, unset)          0.924     7.591    u_gshare_btb_core/pht_reg_0_63_1_1/WCLK
                         RAMD64E                                      r  u_gshare_btb_core/pht_reg_0_63_1_1/DP/CLK
                         clock pessimism              0.000     7.591    
                         clock uncertainty           -0.035     7.556    
                         RAMD64E (Setup_ramd64e_CLK_I)
                                                     -0.331     7.225    u_gshare_btb_core/pht_reg_0_63_1_1/DP
  -------------------------------------------------------------------
                         required time                          7.225    
                         arrival time                          -5.020    
  -------------------------------------------------------------------
                         slack                                  2.205    

Slack (MET) :             2.352ns  (required time - arrival time)
  Source:                 u_gshare_btb_core/pht_valid_reg[55]/C
                            (rising edge-triggered cell FDRE clocked by bpu_clk  {rise@0.000ns fall@3.333ns period=6.667ns})
  Destination:            u_gshare_btb_core/pht_reg_0_63_0_0/SP/I
                            (rising edge-triggered cell RAMD64E clocked by bpu_clk  {rise@0.000ns fall@3.333ns period=6.667ns})
  Path Group:             bpu_clk
  Path Type:              Setup (Max at Slow Process Corner)
  Requirement:            6.667ns  (bpu_clk rise@6.667ns - bpu_clk rise@0.000ns)
  Data Path Delay:        4.047ns  (logic 1.543ns (38.127%)  route 2.504ns (61.873%))
  Logic Levels:           5  (LUT4=1 LUT6=2 MUXF7=1 MUXF8=1)
  Clock Path Skew:        -0.049ns (DCD - SCD + CPR)
    Destination Clock Delay (DCD):    0.924ns = ( 7.591 - 6.667 ) 
    Source Clock Delay      (SCD):    0.973ns
    Clock Pessimism Removal (CPR):    0.000ns
  Clock Uncertainty:      0.035ns  ((TSJ^2 + TIJ^2)^1/2 + DJ) / 2 + PE
    Total System Jitter     (TSJ):    0.071ns
    Total Input Jitter      (TIJ):    0.000ns
    Discrete Jitter          (DJ):    0.000ns
    Phase Error              (PE):    0.000ns

    Location             Delay type                Incr(ns)  Path(ns)    Netlist Resource(s)
  -------------------------------------------------------------------    -------------------
                         (clock bpu_clk rise edge)    0.000     0.000 r  
                                                      0.000     0.000 r  clk (IN)
                         net (fo=169, unset)          0.973     0.973    u_gshare_btb_core/clk
                         FDRE                                         r  u_gshare_btb_core/pht_valid_reg[55]/C
  -------------------------------------------------------------------    -------------------
                         FDRE (Prop_fdre_C_Q)         0.456     1.429 r  u_gshare_btb_core/pht_valid_reg[55]/Q
                         net (fo=3, unplaced)         0.983     2.412    u_gshare_btb_core/pht_valid[55]
                         LUT6 (Prop_lut6_I0_O)        0.295     2.707 r  u_gshare_btb_core/pht_reg_0_63_0_0_i_17/O
                         net (fo=1, unplaced)         0.000     2.707    u_gshare_btb_core/pht_reg_0_63_0_0_i_17_n_0
                         MUXF7 (Prop_muxf7_I1_O)      0.245     2.952 r  u_gshare_btb_core/pht_reg_0_63_0_0_i_8/O
                         net (fo=1, unplaced)         0.000     2.952    u_gshare_btb_core/pht_reg_0_63_0_0_i_8_n_0
                         MUXF8 (Prop_muxf8_I0_O)      0.104     3.056 r  u_gshare_btb_core/pht_reg_0_63_0_0_i_4/O
                         net (fo=1, unplaced)         0.717     3.773    u_gshare_btb_core/pht_reg_0_63_0_0_i_4_n_0
                         LUT6 (Prop_lut6_I0_O)        0.319     4.092 r  u_gshare_btb_core/pht_reg_0_63_0_0_i_3/O
                         net (fo=2, unplaced)         0.460     4.552    u_gshare_btb_core/pht_reg_0_63_0_0_i_3_n_0
                         LUT4 (Prop_lut4_I2_O)        0.124     4.676 r  u_gshare_btb_core/pht_reg_0_63_0_0_i_1/O
                         net (fo=2, unplaced)         0.344     5.020    u_gshare_btb_core/pht_reg_0_63_0_0/D
                         RAMD64E                                      r  u_gshare_btb_core/pht_reg_0_63_0_0/SP/I
  -------------------------------------------------------------------    -------------------

                         (clock bpu_clk rise edge)    6.667     6.667 r  
                                                      0.000     6.667 r  clk (IN)
                         net (fo=169, unset)          0.924     7.591    u_gshare_btb_core/pht_reg_0_63_0_0/WCLK
                         RAMD64E                                      r  u_gshare_btb_core/pht_reg_0_63_0_0/SP/CLK
                         clock pessimism              0.000     7.591    
                         clock uncertainty           -0.035     7.556    
                         RAMD64E (Setup_ramd64e_CLK_I)
                                                     -0.184     7.372    u_gshare_btb_core/pht_reg_0_63_0_0/SP
  -------------------------------------------------------------------
                         required time                          7.372    
                         arrival time                          -5.020    
  -------------------------------------------------------------------
                         slack                                  2.352    

Slack (MET) :             2.352ns  (required time - arrival time)
  Source:                 u_gshare_btb_core/pht_valid_reg[55]/C
                            (rising edge-triggered cell FDRE clocked by bpu_clk  {rise@0.000ns fall@3.333ns period=6.667ns})
  Destination:            u_gshare_btb_core/pht_reg_0_63_1_1/SP/I
                            (rising edge-triggered cell RAMD64E clocked by bpu_clk  {rise@0.000ns fall@3.333ns period=6.667ns})
  Path Group:             bpu_clk
  Path Type:              Setup (Max at Slow Process Corner)
  Requirement:            6.667ns  (bpu_clk rise@6.667ns - bpu_clk rise@0.000ns)
  Data Path Delay:        4.047ns  (logic 1.543ns (38.127%)  route 2.504ns (61.873%))
  Logic Levels:           5  (LUT4=1 LUT6=2 MUXF7=1 MUXF8=1)
  Clock Path Skew:        -0.049ns (DCD - SCD + CPR)
    Destination Clock Delay (DCD):    0.924ns = ( 7.591 - 6.667 ) 
    Source Clock Delay      (SCD):    0.973ns
    Clock Pessimism Removal (CPR):    0.000ns
  Clock Uncertainty:      0.035ns  ((TSJ^2 + TIJ^2)^1/2 + DJ) / 2 + PE
    Total System Jitter     (TSJ):    0.071ns
    Total Input Jitter      (TIJ):    0.000ns
    Discrete Jitter          (DJ):    0.000ns
    Phase Error              (PE):    0.000ns

    Location             Delay type                Incr(ns)  Path(ns)    Netlist Resource(s)
  -------------------------------------------------------------------    -------------------
                         (clock bpu_clk rise edge)    0.000     0.000 r  
                                                      0.000     0.000 r  clk (IN)
                         net (fo=169, unset)          0.973     0.973    u_gshare_btb_core/clk
                         FDRE                                         r  u_gshare_btb_core/pht_valid_reg[55]/C
  -------------------------------------------------------------------    -------------------
                         FDRE (Prop_fdre_C_Q)         0.456     1.429 r  u_gshare_btb_core/pht_valid_reg[55]/Q
                         net (fo=3, unplaced)         0.983     2.412    u_gshare_btb_core/pht_valid[55]
                         LUT6 (Prop_lut6_I0_O)        0.295     2.707 r  u_gshare_btb_core/pht_reg_0_63_0_0_i_17/O
                         net (fo=1, unplaced)         0.000     2.707    u_gshare_btb_core/pht_reg_0_63_0_0_i_17_n_0
                         MUXF7 (Prop_muxf7_I1_O)      0.245     2.952 r  u_gshare_btb_core/pht_reg_0_63_0_0_i_8/O
                         net (fo=1, unplaced)         0.000     2.952    u_gshare_btb_core/pht_reg_0_63_0_0_i_8_n_0
                         MUXF8 (Prop_muxf8_I0_O)      0.104     3.056 r  u_gshare_btb_core/pht_reg_0_63_0_0_i_4/O
                         net (fo=1, unplaced)         0.717     3.773    u_gshare_btb_core/pht_reg_0_63_0_0_i_4_n_0
                         LUT6 (Prop_lut6_I0_O)        0.319     4.092 r  u_gshare_btb_core/pht_reg_0_63_0_0_i_3/O
                         net (fo=2, unplaced)         0.460     4.552    u_gshare_btb_core/pht_reg_0_63_0_0_i_3_n_0
                         LUT4 (Prop_lut4_I1_O)        0.124     4.676 r  u_gshare_btb_core/pht_reg_0_63_1_1_i_1/O
                         net (fo=2, unplaced)         0.344     5.020    u_gshare_btb_core/pht_reg_0_63_1_1/D
                         RAMD64E                                      r  u_gshare_btb_core/pht_reg_0_63_1_1/SP/I
  -------------------------------------------------------------------    -------------------

                         (clock bpu_clk rise edge)    6.667     6.667 r  
                                                      0.000     6.667 r  clk (IN)
                         net (fo=169, unset)          0.924     7.591    u_gshare_btb_core/pht_reg_0_63_1_1/WCLK
                         RAMD64E                                      r  u_gshare_btb_core/pht_reg_0_63_1_1/SP/CLK
                         clock pessimism              0.000     7.591    
                         clock uncertainty           -0.035     7.556    
                         RAMD64E (Setup_ramd64e_CLK_I)
                                                     -0.184     7.372    u_gshare_btb_core/pht_reg_0_63_1_1/SP
  -------------------------------------------------------------------
                         required time                          7.372    
                         arrival time                          -5.020    
  -------------------------------------------------------------------
                         slack                                  2.352    

Slack (MET) :             5.485ns  (required time - arrival time)
  Source:                 u_gshare_btb_core/ghr_reg[0]/C
                            (rising edge-triggered cell FDRE clocked by bpu_clk  {rise@0.000ns fall@3.333ns period=6.667ns})
  Destination:            u_gshare_btb_core/ghr_reg[1]/D
                            (rising edge-triggered cell FDRE clocked by bpu_clk  {rise@0.000ns fall@3.333ns period=6.667ns})
  Path Group:             bpu_clk
  Path Type:              Setup (Max at Slow Process Corner)
  Requirement:            6.667ns  (bpu_clk rise@6.667ns - bpu_clk rise@0.000ns)
  Data Path Delay:        0.863ns  (logic 0.456ns (52.839%)  route 0.407ns (47.161%))
  Logic Levels:           0  
  Clock Path Skew:        -0.049ns (DCD - SCD + CPR)
    Destination Clock Delay (DCD):    0.924ns = ( 7.591 - 6.667 ) 
    Source Clock Delay      (SCD):    0.973ns
    Clock Pessimism Removal (CPR):    0.000ns
  Clock Uncertainty:      0.035ns  ((TSJ^2 + TIJ^2)^1/2 + DJ) / 2 + PE
    Total System Jitter     (TSJ):    0.071ns
    Total Input Jitter      (TIJ):    0.000ns
    Discrete Jitter          (DJ):    0.000ns
    Phase Error              (PE):    0.000ns

    Location             Delay type                Incr(ns)  Path(ns)    Netlist Resource(s)
  -------------------------------------------------------------------    -------------------
                         (clock bpu_clk rise edge)    0.000     0.000 r  
                                                      0.000     0.000 r  clk (IN)
                         net (fo=169, unset)          0.973     0.973    u_gshare_btb_core/clk
                         FDRE                                         r  u_gshare_btb_core/ghr_reg[0]/C
  -------------------------------------------------------------------    -------------------
                         FDRE (Prop_fdre_C_Q)         0.456     1.429 r  u_gshare_btb_core/ghr_reg[0]/Q
                         net (fo=34, unplaced)        0.407     1.836    u_gshare_btb_core/ghr[0]
                         FDRE                                         r  u_gshare_btb_core/ghr_reg[1]/D
  -------------------------------------------------------------------    -------------------

                         (clock bpu_clk rise edge)    6.667     6.667 r  
                                                      0.000     6.667 r  clk (IN)
                         net (fo=169, unset)          0.924     7.591    u_gshare_btb_core/clk
                         FDRE                                         r  u_gshare_btb_core/ghr_reg[1]/C
                         clock pessimism              0.000     7.591    
                         clock uncertainty           -0.035     7.556    
                         FDRE (Setup_fdre_C_D)       -0.235     7.321    u_gshare_btb_core/ghr_reg[1]
  -------------------------------------------------------------------
                         required time                          7.321    
                         arrival time                          -1.836    
  -------------------------------------------------------------------
                         slack                                  5.485    

Slack (MET) :             5.532ns  (required time - arrival time)
  Source:                 u_gshare_btb_core/pht_valid_reg[0]/C
                            (rising edge-triggered cell FDRE clocked by bpu_clk  {rise@0.000ns fall@3.333ns period=6.667ns})
  Destination:            u_gshare_btb_core/pht_valid_reg[0]/D
                            (rising edge-triggered cell FDRE clocked by bpu_clk  {rise@0.000ns fall@3.333ns period=6.667ns})
  Path Group:             bpu_clk
  Path Type:              Setup (Max at Slow Process Corner)
  Requirement:            6.667ns  (bpu_clk rise@6.667ns - bpu_clk rise@0.000ns)
  Data Path Delay:        1.080ns  (logic 0.751ns (69.537%)  route 0.329ns (30.463%))
  Logic Levels:           1  (LUT6=1)
  Clock Path Skew:        -0.049ns (DCD - SCD + CPR)
    Destination Clock Delay (DCD):    0.924ns = ( 7.591 - 6.667 ) 
    Source Clock Delay      (SCD):    0.973ns
    Clock Pessimism Removal (CPR):    0.000ns
  Clock Uncertainty:      0.035ns  ((TSJ^2 + TIJ^2)^1/2 + DJ) / 2 + PE
    Total System Jitter     (TSJ):    0.071ns
    Total Input Jitter      (TIJ):    0.000ns
    Discrete Jitter          (DJ):    0.000ns
    Phase Error              (PE):    0.000ns

    Location             Delay type                Incr(ns)  Path(ns)    Netlist Resource(s)
  -------------------------------------------------------------------    -------------------
                         (clock bpu_clk rise edge)    0.000     0.000 r  
                                                      0.000     0.000 r  clk (IN)
                         net (fo=169, unset)          0.973     0.973    u_gshare_btb_core/clk
                         FDRE                                         r  u_gshare_btb_core/pht_valid_reg[0]/C
  -------------------------------------------------------------------    -------------------
                         FDRE (Prop_fdre_C_Q)         0.456     1.429 r  u_gshare_btb_core/pht_valid_reg[0]/Q
                         net (fo=3, unplaced)         0.329     1.758    u_gshare_btb_core/pht_valid[0]
                         LUT6 (Prop_lut6_I5_O)        0.295     2.053 r  u_gshare_btb_core/pht_valid[0]_i_1/O
                         net (fo=1, unplaced)         0.000     2.053    u_gshare_btb_core/pht_valid[0]_i_1_n_0
                         FDRE                                         r  u_gshare_btb_core/pht_valid_reg[0]/D
  -------------------------------------------------------------------    -------------------

                         (clock bpu_clk rise edge)    6.667     6.667 r  
                                                      0.000     6.667 r  clk (IN)
                         net (fo=169, unset)          0.924     7.591    u_gshare_btb_core/clk
                         FDRE                                         r  u_gshare_btb_core/pht_valid_reg[0]/C
                         clock pessimism              0.000     7.591    
                         clock uncertainty           -0.035     7.556    
                         FDRE (Setup_fdre_C_D)        0.029     7.585    u_gshare_btb_core/pht_valid_reg[0]
  -------------------------------------------------------------------
                         required time                          7.585    
                         arrival time                          -2.053    
  -------------------------------------------------------------------
                         slack                                  5.532    

Slack (MET) :             5.532ns  (required time - arrival time)
  Source:                 u_gshare_btb_core/pht_valid_reg[10]/C
                            (rising edge-triggered cell FDRE clocked by bpu_clk  {rise@0.000ns fall@3.333ns period=6.667ns})
  Destination:            u_gshare_btb_core/pht_valid_reg[10]/D
                            (rising edge-triggered cell FDRE clocked by bpu_clk  {rise@0.000ns fall@3.333ns period=6.667ns})
  Path Group:             bpu_clk
  Path Type:              Setup (Max at Slow Process Corner)
  Requirement:            6.667ns  (bpu_clk rise@6.667ns - bpu_clk rise@0.000ns)
  Data Path Delay:        1.080ns  (logic 0.751ns (69.537%)  route 0.329ns (30.463%))
  Logic Levels:           1  (LUT6=1)
  Clock Path Skew:        -0.049ns (DCD - SCD + CPR)
    Destination Clock Delay (DCD):    0.924ns = ( 7.591 - 6.667 ) 
    Source Clock Delay      (SCD):    0.973ns
    Clock Pessimism Removal (CPR):    0.000ns
  Clock Uncertainty:      0.035ns  ((TSJ^2 + TIJ^2)^1/2 + DJ) / 2 + PE
    Total System Jitter     (TSJ):    0.071ns
    Total Input Jitter      (TIJ):    0.000ns
    Discrete Jitter          (DJ):    0.000ns
    Phase Error              (PE):    0.000ns

    Location             Delay type                Incr(ns)  Path(ns)    Netlist Resource(s)
  -------------------------------------------------------------------    -------------------
                         (clock bpu_clk rise edge)    0.000     0.000 r  
                                                      0.000     0.000 r  clk (IN)
                         net (fo=169, unset)          0.973     0.973    u_gshare_btb_core/clk
                         FDRE                                         r  u_gshare_btb_core/pht_valid_reg[10]/C
  -------------------------------------------------------------------    -------------------
                         FDRE (Prop_fdre_C_Q)         0.456     1.429 r  u_gshare_btb_core/pht_valid_reg[10]/Q
                         net (fo=3, unplaced)         0.329     1.758    u_gshare_btb_core/pht_valid[10]
                         LUT6 (Prop_lut6_I5_O)        0.295     2.053 r  u_gshare_btb_core/pht_valid[10]_i_1/O
                         net (fo=1, unplaced)         0.000     2.053    u_gshare_btb_core/pht_valid[10]_i_1_n_0
                         FDRE                                         r  u_gshare_btb_core/pht_valid_reg[10]/D
  -------------------------------------------------------------------    -------------------

                         (clock bpu_clk rise edge)    6.667     6.667 r  
                                                      0.000     6.667 r  clk (IN)
                         net (fo=169, unset)          0.924     7.591    u_gshare_btb_core/clk
                         FDRE                                         r  u_gshare_btb_core/pht_valid_reg[10]/C
                         clock pessimism              0.000     7.591    
                         clock uncertainty           -0.035     7.556    
                         FDRE (Setup_fdre_C_D)        0.029     7.585    u_gshare_btb_core/pht_valid_reg[10]
  -------------------------------------------------------------------
                         required time                          7.585    
                         arrival time                          -2.053    
  -------------------------------------------------------------------
                         slack                                  5.532    

Slack (MET) :             5.532ns  (required time - arrival time)
  Source:                 u_gshare_btb_core/pht_valid_reg[11]/C
                            (rising edge-triggered cell FDRE clocked by bpu_clk  {rise@0.000ns fall@3.333ns period=6.667ns})
  Destination:            u_gshare_btb_core/pht_valid_reg[11]/D
                            (rising edge-triggered cell FDRE clocked by bpu_clk  {rise@0.000ns fall@3.333ns period=6.667ns})
  Path Group:             bpu_clk
  Path Type:              Setup (Max at Slow Process Corner)
  Requirement:            6.667ns  (bpu_clk rise@6.667ns - bpu_clk rise@0.000ns)
  Data Path Delay:        1.080ns  (logic 0.751ns (69.537%)  route 0.329ns (30.463%))
  Logic Levels:           1  (LUT6=1)
  Clock Path Skew:        -0.049ns (DCD - SCD + CPR)
    Destination Clock Delay (DCD):    0.924ns = ( 7.591 - 6.667 ) 
    Source Clock Delay      (SCD):    0.973ns
    Clock Pessimism Removal (CPR):    0.000ns
  Clock Uncertainty:      0.035ns  ((TSJ^2 + TIJ^2)^1/2 + DJ) / 2 + PE
    Total System Jitter     (TSJ):    0.071ns
    Total Input Jitter      (TIJ):    0.000ns
    Discrete Jitter          (DJ):    0.000ns
    Phase Error              (PE):    0.000ns

    Location             Delay type                Incr(ns)  Path(ns)    Netlist Resource(s)
  -------------------------------------------------------------------    -------------------
                         (clock bpu_clk rise edge)    0.000     0.000 r  
                                                      0.000     0.000 r  clk (IN)
                         net (fo=169, unset)          0.973     0.973    u_gshare_btb_core/clk
                         FDRE                                         r  u_gshare_btb_core/pht_valid_reg[11]/C
  -------------------------------------------------------------------    -------------------
                         FDRE (Prop_fdre_C_Q)         0.456     1.429 r  u_gshare_btb_core/pht_valid_reg[11]/Q
                         net (fo=3, unplaced)         0.329     1.758    u_gshare_btb_core/pht_valid[11]
                         LUT6 (Prop_lut6_I5_O)        0.295     2.053 r  u_gshare_btb_core/pht_valid[11]_i_1/O
                         net (fo=1, unplaced)         0.000     2.053    u_gshare_btb_core/pht_valid[11]_i_1_n_0
                         FDRE                                         r  u_gshare_btb_core/pht_valid_reg[11]/D
  -------------------------------------------------------------------    -------------------

                         (clock bpu_clk rise edge)    6.667     6.667 r  
                                                      0.000     6.667 r  clk (IN)
                         net (fo=169, unset)          0.924     7.591    u_gshare_btb_core/clk
                         FDRE                                         r  u_gshare_btb_core/pht_valid_reg[11]/C
                         clock pessimism              0.000     7.591    
                         clock uncertainty           -0.035     7.556    
                         FDRE (Setup_fdre_C_D)        0.029     7.585    u_gshare_btb_core/pht_valid_reg[11]
  -------------------------------------------------------------------
                         required time                          7.585    
                         arrival time                          -2.053    
  -------------------------------------------------------------------
                         slack                                  5.532    

Slack (MET) :             5.532ns  (required time - arrival time)
  Source:                 u_gshare_btb_core/pht_valid_reg[12]/C
                            (rising edge-triggered cell FDRE clocked by bpu_clk  {rise@0.000ns fall@3.333ns period=6.667ns})
  Destination:            u_gshare_btb_core/pht_valid_reg[12]/D
                            (rising edge-triggered cell FDRE clocked by bpu_clk  {rise@0.000ns fall@3.333ns period=6.667ns})
  Path Group:             bpu_clk
  Path Type:              Setup (Max at Slow Process Corner)
  Requirement:            6.667ns  (bpu_clk rise@6.667ns - bpu_clk rise@0.000ns)
  Data Path Delay:        1.080ns  (logic 0.751ns (69.537%)  route 0.329ns (30.463%))
  Logic Levels:           1  (LUT6=1)
  Clock Path Skew:        -0.049ns (DCD - SCD + CPR)
    Destination Clock Delay (DCD):    0.924ns = ( 7.591 - 6.667 ) 
    Source Clock Delay      (SCD):    0.973ns
    Clock Pessimism Removal (CPR):    0.000ns
  Clock Uncertainty:      0.035ns  ((TSJ^2 + TIJ^2)^1/2 + DJ) / 2 + PE
    Total System Jitter     (TSJ):    0.071ns
    Total Input Jitter      (TIJ):    0.000ns
    Discrete Jitter          (DJ):    0.000ns
    Phase Error              (PE):    0.000ns

    Location             Delay type                Incr(ns)  Path(ns)    Netlist Resource(s)
  -------------------------------------------------------------------    -------------------
                         (clock bpu_clk rise edge)    0.000     0.000 r  
                                                      0.000     0.000 r  clk (IN)
                         net (fo=169, unset)          0.973     0.973    u_gshare_btb_core/clk
                         FDRE                                         r  u_gshare_btb_core/pht_valid_reg[12]/C
  -------------------------------------------------------------------    -------------------
                         FDRE (Prop_fdre_C_Q)         0.456     1.429 r  u_gshare_btb_core/pht_valid_reg[12]/Q
                         net (fo=3, unplaced)         0.329     1.758    u_gshare_btb_core/pht_valid[12]
                         LUT6 (Prop_lut6_I5_O)        0.295     2.053 r  u_gshare_btb_core/pht_valid[12]_i_1/O
                         net (fo=1, unplaced)         0.000     2.053    u_gshare_btb_core/pht_valid[12]_i_1_n_0
                         FDRE                                         r  u_gshare_btb_core/pht_valid_reg[12]/D
  -------------------------------------------------------------------    -------------------

                         (clock bpu_clk rise edge)    6.667     6.667 r  
                                                      0.000     6.667 r  clk (IN)
                         net (fo=169, unset)          0.924     7.591    u_gshare_btb_core/clk
                         FDRE                                         r  u_gshare_btb_core/pht_valid_reg[12]/C
                         clock pessimism              0.000     7.591    
                         clock uncertainty           -0.035     7.556    
                         FDRE (Setup_fdre_C_D)        0.029     7.585    u_gshare_btb_core/pht_valid_reg[12]
  -------------------------------------------------------------------
                         required time                          7.585    
                         arrival time                          -2.053    
  -------------------------------------------------------------------
                         slack                                  5.532    

Slack (MET) :             5.532ns  (required time - arrival time)
  Source:                 u_gshare_btb_core/pht_valid_reg[13]/C
                            (rising edge-triggered cell FDRE clocked by bpu_clk  {rise@0.000ns fall@3.333ns period=6.667ns})
  Destination:            u_gshare_btb_core/pht_valid_reg[13]/D
                            (rising edge-triggered cell FDRE clocked by bpu_clk  {rise@0.000ns fall@3.333ns period=6.667ns})
  Path Group:             bpu_clk
  Path Type:              Setup (Max at Slow Process Corner)
  Requirement:            6.667ns  (bpu_clk rise@6.667ns - bpu_clk rise@0.000ns)
  Data Path Delay:        1.080ns  (logic 0.751ns (69.537%)  route 0.329ns (30.463%))
  Logic Levels:           1  (LUT6=1)
  Clock Path Skew:        -0.049ns (DCD - SCD + CPR)
    Destination Clock Delay (DCD):    0.924ns = ( 7.591 - 6.667 ) 
    Source Clock Delay      (SCD):    0.973ns
    Clock Pessimism Removal (CPR):    0.000ns
  Clock Uncertainty:      0.035ns  ((TSJ^2 + TIJ^2)^1/2 + DJ) / 2 + PE
    Total System Jitter     (TSJ):    0.071ns
    Total Input Jitter      (TIJ):    0.000ns
    Discrete Jitter          (DJ):    0.000ns
    Phase Error              (PE):    0.000ns

    Location             Delay type                Incr(ns)  Path(ns)    Netlist Resource(s)
  -------------------------------------------------------------------    -------------------
                         (clock bpu_clk rise edge)    0.000     0.000 r  
                                                      0.000     0.000 r  clk (IN)
                         net (fo=169, unset)          0.973     0.973    u_gshare_btb_core/clk
                         FDRE                                         r  u_gshare_btb_core/pht_valid_reg[13]/C
  -------------------------------------------------------------------    -------------------
                         FDRE (Prop_fdre_C_Q)         0.456     1.429 r  u_gshare_btb_core/pht_valid_reg[13]/Q
                         net (fo=3, unplaced)         0.329     1.758    u_gshare_btb_core/pht_valid[13]
                         LUT6 (Prop_lut6_I5_O)        0.295     2.053 r  u_gshare_btb_core/pht_valid[13]_i_1/O
                         net (fo=1, unplaced)         0.000     2.053    u_gshare_btb_core/pht_valid[13]_i_1_n_0
                         FDRE                                         r  u_gshare_btb_core/pht_valid_reg[13]/D
  -------------------------------------------------------------------    -------------------

                         (clock bpu_clk rise edge)    6.667     6.667 r  
                                                      0.000     6.667 r  clk (IN)
                         net (fo=169, unset)          0.924     7.591    u_gshare_btb_core/clk
                         FDRE                                         r  u_gshare_btb_core/pht_valid_reg[13]/C
                         clock pessimism              0.000     7.591    
                         clock uncertainty           -0.035     7.556    
                         FDRE (Setup_fdre_C_D)        0.029     7.585    u_gshare_btb_core/pht_valid_reg[13]
  -------------------------------------------------------------------
                         required time                          7.585    
                         arrival time                          -2.053    
  -------------------------------------------------------------------
                         slack                                  5.532    

Slack (MET) :             5.532ns  (required time - arrival time)
  Source:                 u_gshare_btb_core/pht_valid_reg[14]/C
                            (rising edge-triggered cell FDRE clocked by bpu_clk  {rise@0.000ns fall@3.333ns period=6.667ns})
  Destination:            u_gshare_btb_core/pht_valid_reg[14]/D
                            (rising edge-triggered cell FDRE clocked by bpu_clk  {rise@0.000ns fall@3.333ns period=6.667ns})
  Path Group:             bpu_clk
  Path Type:              Setup (Max at Slow Process Corner)
  Requirement:            6.667ns  (bpu_clk rise@6.667ns - bpu_clk rise@0.000ns)
  Data Path Delay:        1.080ns  (logic 0.751ns (69.537%)  route 0.329ns (30.463%))
  Logic Levels:           1  (LUT6=1)
  Clock Path Skew:        -0.049ns (DCD - SCD + CPR)
    Destination Clock Delay (DCD):    0.924ns = ( 7.591 - 6.667 ) 
    Source Clock Delay      (SCD):    0.973ns
    Clock Pessimism Removal (CPR):    0.000ns
  Clock Uncertainty:      0.035ns  ((TSJ^2 + TIJ^2)^1/2 + DJ) / 2 + PE
    Total System Jitter     (TSJ):    0.071ns
    Total Input Jitter      (TIJ):    0.000ns
    Discrete Jitter          (DJ):    0.000ns
    Phase Error              (PE):    0.000ns

    Location             Delay type                Incr(ns)  Path(ns)    Netlist Resource(s)
  -------------------------------------------------------------------    -------------------
                         (clock bpu_clk rise edge)    0.000     0.000 r  
                                                      0.000     0.000 r  clk (IN)
                         net (fo=169, unset)          0.973     0.973    u_gshare_btb_core/clk
                         FDRE                                         r  u_gshare_btb_core/pht_valid_reg[14]/C
  -------------------------------------------------------------------    -------------------
                         FDRE (Prop_fdre_C_Q)         0.456     1.429 r  u_gshare_btb_core/pht_valid_reg[14]/Q
                         net (fo=3, unplaced)         0.329     1.758    u_gshare_btb_core/pht_valid[14]
                         LUT6 (Prop_lut6_I5_O)        0.295     2.053 r  u_gshare_btb_core/pht_valid[14]_i_1/O
                         net (fo=1, unplaced)         0.000     2.053    u_gshare_btb_core/pht_valid[14]_i_1_n_0
                         FDRE                                         r  u_gshare_btb_core/pht_valid_reg[14]/D
  -------------------------------------------------------------------    -------------------

                         (clock bpu_clk rise edge)    6.667     6.667 r  
                                                      0.000     6.667 r  clk (IN)
                         net (fo=169, unset)          0.924     7.591    u_gshare_btb_core/clk
                         FDRE                                         r  u_gshare_btb_core/pht_valid_reg[14]/C
                         clock pessimism              0.000     7.591    
                         clock uncertainty           -0.035     7.556    
                         FDRE (Setup_fdre_C_D)        0.029     7.585    u_gshare_btb_core/pht_valid_reg[14]
  -------------------------------------------------------------------
                         required time                          7.585    
                         arrival time                          -2.053    
  -------------------------------------------------------------------
                         slack                                  5.532    

Slack (MET) :             5.532ns  (required time - arrival time)
  Source:                 u_gshare_btb_core/pht_valid_reg[15]/C
                            (rising edge-triggered cell FDRE clocked by bpu_clk  {rise@0.000ns fall@3.333ns period=6.667ns})
  Destination:            u_gshare_btb_core/pht_valid_reg[15]/D
                            (rising edge-triggered cell FDRE clocked by bpu_clk  {rise@0.000ns fall@3.333ns period=6.667ns})
  Path Group:             bpu_clk
  Path Type:              Setup (Max at Slow Process Corner)
  Requirement:            6.667ns  (bpu_clk rise@6.667ns - bpu_clk rise@0.000ns)
  Data Path Delay:        1.080ns  (logic 0.751ns (69.537%)  route 0.329ns (30.463%))
  Logic Levels:           1  (LUT6=1)
  Clock Path Skew:        -0.049ns (DCD - SCD + CPR)
    Destination Clock Delay (DCD):    0.924ns = ( 7.591 - 6.667 ) 
    Source Clock Delay      (SCD):    0.973ns
    Clock Pessimism Removal (CPR):    0.000ns
  Clock Uncertainty:      0.035ns  ((TSJ^2 + TIJ^2)^1/2 + DJ) / 2 + PE
    Total System Jitter     (TSJ):    0.071ns
    Total Input Jitter      (TIJ):    0.000ns
    Discrete Jitter          (DJ):    0.000ns
    Phase Error              (PE):    0.000ns

    Location             Delay type                Incr(ns)  Path(ns)    Netlist Resource(s)
  -------------------------------------------------------------------    -------------------
                         (clock bpu_clk rise edge)    0.000     0.000 r  
                                                      0.000     0.000 r  clk (IN)
                         net (fo=169, unset)          0.973     0.973    u_gshare_btb_core/clk
                         FDRE                                         r  u_gshare_btb_core/pht_valid_reg[15]/C
  -------------------------------------------------------------------    -------------------
                         FDRE (Prop_fdre_C_Q)         0.456     1.429 r  u_gshare_btb_core/pht_valid_reg[15]/Q
                         net (fo=3, unplaced)         0.329     1.758    u_gshare_btb_core/pht_valid[15]
                         LUT6 (Prop_lut6_I5_O)        0.295     2.053 r  u_gshare_btb_core/pht_valid[15]_i_1/O
                         net (fo=1, unplaced)         0.000     2.053    u_gshare_btb_core/pht_valid[15]_i_1_n_0
                         FDRE                                         r  u_gshare_btb_core/pht_valid_reg[15]/D
  -------------------------------------------------------------------    -------------------

                         (clock bpu_clk rise edge)    6.667     6.667 r  
                                                      0.000     6.667 r  clk (IN)
                         net (fo=169, unset)          0.924     7.591    u_gshare_btb_core/clk
                         FDRE                                         r  u_gshare_btb_core/pht_valid_reg[15]/C
                         clock pessimism              0.000     7.591    
                         clock uncertainty           -0.035     7.556    
                         FDRE (Setup_fdre_C_D)        0.029     7.585    u_gshare_btb_core/pht_valid_reg[15]
  -------------------------------------------------------------------
                         required time                          7.585    
                         arrival time                          -2.053    
  -------------------------------------------------------------------
                         slack                                  5.532    

Slack (MET) :             5.532ns  (required time - arrival time)
  Source:                 u_gshare_btb_core/pht_valid_reg[16]/C
                            (rising edge-triggered cell FDRE clocked by bpu_clk  {rise@0.000ns fall@3.333ns period=6.667ns})
  Destination:            u_gshare_btb_core/pht_valid_reg[16]/D
                            (rising edge-triggered cell FDRE clocked by bpu_clk  {rise@0.000ns fall@3.333ns period=6.667ns})
  Path Group:             bpu_clk
  Path Type:              Setup (Max at Slow Process Corner)
  Requirement:            6.667ns  (bpu_clk rise@6.667ns - bpu_clk rise@0.000ns)
  Data Path Delay:        1.080ns  (logic 0.751ns (69.537%)  route 0.329ns (30.463%))
  Logic Levels:           1  (LUT6=1)
  Clock Path Skew:        -0.049ns (DCD - SCD + CPR)
    Destination Clock Delay (DCD):    0.924ns = ( 7.591 - 6.667 ) 
    Source Clock Delay      (SCD):    0.973ns
    Clock Pessimism Removal (CPR):    0.000ns
  Clock Uncertainty:      0.035ns  ((TSJ^2 + TIJ^2)^1/2 + DJ) / 2 + PE
    Total System Jitter     (TSJ):    0.071ns
    Total Input Jitter      (TIJ):    0.000ns
    Discrete Jitter          (DJ):    0.000ns
    Phase Error              (PE):    0.000ns

    Location             Delay type                Incr(ns)  Path(ns)    Netlist Resource(s)
  -------------------------------------------------------------------    -------------------
                         (clock bpu_clk rise edge)    0.000     0.000 r  
                                                      0.000     0.000 r  clk (IN)
                         net (fo=169, unset)          0.973     0.973    u_gshare_btb_core/clk
                         FDRE                                         r  u_gshare_btb_core/pht_valid_reg[16]/C
  -------------------------------------------------------------------    -------------------
                         FDRE (Prop_fdre_C_Q)         0.456     1.429 r  u_gshare_btb_core/pht_valid_reg[16]/Q
                         net (fo=3, unplaced)         0.329     1.758    u_gshare_btb_core/pht_valid[16]
                         LUT6 (Prop_lut6_I5_O)        0.295     2.053 r  u_gshare_btb_core/pht_valid[16]_i_1/O
                         net (fo=1, unplaced)         0.000     2.053    u_gshare_btb_core/pht_valid[16]_i_1_n_0
                         FDRE                                         r  u_gshare_btb_core/pht_valid_reg[16]/D
  -------------------------------------------------------------------    -------------------

                         (clock bpu_clk rise edge)    6.667     6.667 r  
                                                      0.000     6.667 r  clk (IN)
                         net (fo=169, unset)          0.924     7.591    u_gshare_btb_core/clk
                         FDRE                                         r  u_gshare_btb_core/pht_valid_reg[16]/C
                         clock pessimism              0.000     7.591    
                         clock uncertainty           -0.035     7.556    
                         FDRE (Setup_fdre_C_D)        0.029     7.585    u_gshare_btb_core/pht_valid_reg[16]
  -------------------------------------------------------------------
                         required time                          7.585    
                         arrival time                          -2.053    
  -------------------------------------------------------------------
                         slack                                  5.532    

Slack (MET) :             5.532ns  (required time - arrival time)
  Source:                 u_gshare_btb_core/pht_valid_reg[17]/C
                            (rising edge-triggered cell FDRE clocked by bpu_clk  {rise@0.000ns fall@3.333ns period=6.667ns})
  Destination:            u_gshare_btb_core/pht_valid_reg[17]/D
                            (rising edge-triggered cell FDRE clocked by bpu_clk  {rise@0.000ns fall@3.333ns period=6.667ns})
  Path Group:             bpu_clk
  Path Type:              Setup (Max at Slow Process Corner)
  Requirement:            6.667ns  (bpu_clk rise@6.667ns - bpu_clk rise@0.000ns)
  Data Path Delay:        1.080ns  (logic 0.751ns (69.537%)  route 0.329ns (30.463%))
  Logic Levels:           1  (LUT6=1)
  Clock Path Skew:        -0.049ns (DCD - SCD + CPR)
    Destination Clock Delay (DCD):    0.924ns = ( 7.591 - 6.667 ) 
    Source Clock Delay      (SCD):    0.973ns
    Clock Pessimism Removal (CPR):    0.000ns
  Clock Uncertainty:      0.035ns  ((TSJ^2 + TIJ^2)^1/2 + DJ) / 2 + PE
    Total System Jitter     (TSJ):    0.071ns
    Total Input Jitter      (TIJ):    0.000ns
    Discrete Jitter          (DJ):    0.000ns
    Phase Error              (PE):    0.000ns

    Location             Delay type                Incr(ns)  Path(ns)    Netlist Resource(s)
  -------------------------------------------------------------------    -------------------
                         (clock bpu_clk rise edge)    0.000     0.000 r  
                                                      0.000     0.000 r  clk (IN)
                         net (fo=169, unset)          0.973     0.973    u_gshare_btb_core/clk
                         FDRE                                         r  u_gshare_btb_core/pht_valid_reg[17]/C
  -------------------------------------------------------------------    -------------------
                         FDRE (Prop_fdre_C_Q)         0.456     1.429 r  u_gshare_btb_core/pht_valid_reg[17]/Q
                         net (fo=3, unplaced)         0.329     1.758    u_gshare_btb_core/pht_valid[17]
                         LUT6 (Prop_lut6_I5_O)        0.295     2.053 r  u_gshare_btb_core/pht_valid[17]_i_1/O
                         net (fo=1, unplaced)         0.000     2.053    u_gshare_btb_core/pht_valid[17]_i_1_n_0
                         FDRE                                         r  u_gshare_btb_core/pht_valid_reg[17]/D
  -------------------------------------------------------------------    -------------------

                         (clock bpu_clk rise edge)    6.667     6.667 r  
                                                      0.000     6.667 r  clk (IN)
                         net (fo=169, unset)          0.924     7.591    u_gshare_btb_core/clk
                         FDRE                                         r  u_gshare_btb_core/pht_valid_reg[17]/C
                         clock pessimism              0.000     7.591    
                         clock uncertainty           -0.035     7.556    
                         FDRE (Setup_fdre_C_D)        0.029     7.585    u_gshare_btb_core/pht_valid_reg[17]
  -------------------------------------------------------------------
                         required time                          7.585    
                         arrival time                          -2.053    
  -------------------------------------------------------------------
                         slack                                  5.532    

Slack (MET) :             5.532ns  (required time - arrival time)
  Source:                 u_gshare_btb_core/pht_valid_reg[18]/C
                            (rising edge-triggered cell FDRE clocked by bpu_clk  {rise@0.000ns fall@3.333ns period=6.667ns})
  Destination:            u_gshare_btb_core/pht_valid_reg[18]/D
                            (rising edge-triggered cell FDRE clocked by bpu_clk  {rise@0.000ns fall@3.333ns period=6.667ns})
  Path Group:             bpu_clk
  Path Type:              Setup (Max at Slow Process Corner)
  Requirement:            6.667ns  (bpu_clk rise@6.667ns - bpu_clk rise@0.000ns)
  Data Path Delay:        1.080ns  (logic 0.751ns (69.537%)  route 0.329ns (30.463%))
  Logic Levels:           1  (LUT6=1)
  Clock Path Skew:        -0.049ns (DCD - SCD + CPR)
    Destination Clock Delay (DCD):    0.924ns = ( 7.591 - 6.667 ) 
    Source Clock Delay      (SCD):    0.973ns
    Clock Pessimism Removal (CPR):    0.000ns
  Clock Uncertainty:      0.035ns  ((TSJ^2 + TIJ^2)^1/2 + DJ) / 2 + PE
    Total System Jitter     (TSJ):    0.071ns
    Total Input Jitter      (TIJ):    0.000ns
    Discrete Jitter          (DJ):    0.000ns
    Phase Error              (PE):    0.000ns

    Location             Delay type                Incr(ns)  Path(ns)    Netlist Resource(s)
  -------------------------------------------------------------------    -------------------
                         (clock bpu_clk rise edge)    0.000     0.000 r  
                                                      0.000     0.000 r  clk (IN)
                         net (fo=169, unset)          0.973     0.973    u_gshare_btb_core/clk
                         FDRE                                         r  u_gshare_btb_core/pht_valid_reg[18]/C
  -------------------------------------------------------------------    -------------------
                         FDRE (Prop_fdre_C_Q)         0.456     1.429 r  u_gshare_btb_core/pht_valid_reg[18]/Q
                         net (fo=3, unplaced)         0.329     1.758    u_gshare_btb_core/pht_valid[18]
                         LUT6 (Prop_lut6_I5_O)        0.295     2.053 r  u_gshare_btb_core/pht_valid[18]_i_1/O
                         net (fo=1, unplaced)         0.000     2.053    u_gshare_btb_core/pht_valid[18]_i_1_n_0
                         FDRE                                         r  u_gshare_btb_core/pht_valid_reg[18]/D
  -------------------------------------------------------------------    -------------------

                         (clock bpu_clk rise edge)    6.667     6.667 r  
                                                      0.000     6.667 r  clk (IN)
                         net (fo=169, unset)          0.924     7.591    u_gshare_btb_core/clk
                         FDRE                                         r  u_gshare_btb_core/pht_valid_reg[18]/C
                         clock pessimism              0.000     7.591    
                         clock uncertainty           -0.035     7.556    
                         FDRE (Setup_fdre_C_D)        0.029     7.585    u_gshare_btb_core/pht_valid_reg[18]
  -------------------------------------------------------------------
                         required time                          7.585    
                         arrival time                          -2.053    
  -------------------------------------------------------------------
                         slack                                  5.532    

Slack (MET) :             5.532ns  (required time - arrival time)
  Source:                 u_gshare_btb_core/pht_valid_reg[19]/C
                            (rising edge-triggered cell FDRE clocked by bpu_clk  {rise@0.000ns fall@3.333ns period=6.667ns})
  Destination:            u_gshare_btb_core/pht_valid_reg[19]/D
                            (rising edge-triggered cell FDRE clocked by bpu_clk  {rise@0.000ns fall@3.333ns period=6.667ns})
  Path Group:             bpu_clk
  Path Type:              Setup (Max at Slow Process Corner)
  Requirement:            6.667ns  (bpu_clk rise@6.667ns - bpu_clk rise@0.000ns)
  Data Path Delay:        1.080ns  (logic 0.751ns (69.537%)  route 0.329ns (30.463%))
  Logic Levels:           1  (LUT6=1)
  Clock Path Skew:        -0.049ns (DCD - SCD + CPR)
    Destination Clock Delay (DCD):    0.924ns = ( 7.591 - 6.667 ) 
    Source Clock Delay      (SCD):    0.973ns
    Clock Pessimism Removal (CPR):    0.000ns
  Clock Uncertainty:      0.035ns  ((TSJ^2 + TIJ^2)^1/2 + DJ) / 2 + PE
    Total System Jitter     (TSJ):    0.071ns
    Total Input Jitter      (TIJ):    0.000ns
    Discrete Jitter          (DJ):    0.000ns
    Phase Error              (PE):    0.000ns

    Location             Delay type                Incr(ns)  Path(ns)    Netlist Resource(s)
  -------------------------------------------------------------------    -------------------
                         (clock bpu_clk rise edge)    0.000     0.000 r  
                                                      0.000     0.000 r  clk (IN)
                         net (fo=169, unset)          0.973     0.973    u_gshare_btb_core/clk
                         FDRE                                         r  u_gshare_btb_core/pht_valid_reg[19]/C
  -------------------------------------------------------------------    -------------------
                         FDRE (Prop_fdre_C_Q)         0.456     1.429 r  u_gshare_btb_core/pht_valid_reg[19]/Q
                         net (fo=3, unplaced)         0.329     1.758    u_gshare_btb_core/pht_valid[19]
                         LUT6 (Prop_lut6_I5_O)        0.295     2.053 r  u_gshare_btb_core/pht_valid[19]_i_1/O
                         net (fo=1, unplaced)         0.000     2.053    u_gshare_btb_core/pht_valid[19]_i_1_n_0
                         FDRE                                         r  u_gshare_btb_core/pht_valid_reg[19]/D
  -------------------------------------------------------------------    -------------------

                         (clock bpu_clk rise edge)    6.667     6.667 r  
                                                      0.000     6.667 r  clk (IN)
                         net (fo=169, unset)          0.924     7.591    u_gshare_btb_core/clk
                         FDRE                                         r  u_gshare_btb_core/pht_valid_reg[19]/C
                         clock pessimism              0.000     7.591    
                         clock uncertainty           -0.035     7.556    
                         FDRE (Setup_fdre_C_D)        0.029     7.585    u_gshare_btb_core/pht_valid_reg[19]
  -------------------------------------------------------------------
                         required time                          7.585    
                         arrival time                          -2.053    
  -------------------------------------------------------------------
                         slack                                  5.532    

Slack (MET) :             5.532ns  (required time - arrival time)
  Source:                 u_gshare_btb_core/pht_valid_reg[1]/C
                            (rising edge-triggered cell FDRE clocked by bpu_clk  {rise@0.000ns fall@3.333ns period=6.667ns})
  Destination:            u_gshare_btb_core/pht_valid_reg[1]/D
                            (rising edge-triggered cell FDRE clocked by bpu_clk  {rise@0.000ns fall@3.333ns period=6.667ns})
  Path Group:             bpu_clk
  Path Type:              Setup (Max at Slow Process Corner)
  Requirement:            6.667ns  (bpu_clk rise@6.667ns - bpu_clk rise@0.000ns)
  Data Path Delay:        1.080ns  (logic 0.751ns (69.537%)  route 0.329ns (30.463%))
  Logic Levels:           1  (LUT6=1)
  Clock Path Skew:        -0.049ns (DCD - SCD + CPR)
    Destination Clock Delay (DCD):    0.924ns = ( 7.591 - 6.667 ) 
    Source Clock Delay      (SCD):    0.973ns
    Clock Pessimism Removal (CPR):    0.000ns
  Clock Uncertainty:      0.035ns  ((TSJ^2 + TIJ^2)^1/2 + DJ) / 2 + PE
    Total System Jitter     (TSJ):    0.071ns
    Total Input Jitter      (TIJ):    0.000ns
    Discrete Jitter          (DJ):    0.000ns
    Phase Error              (PE):    0.000ns

    Location             Delay type                Incr(ns)  Path(ns)    Netlist Resource(s)
  -------------------------------------------------------------------    -------------------
                         (clock bpu_clk rise edge)    0.000     0.000 r  
                                                      0.000     0.000 r  clk (IN)
                         net (fo=169, unset)          0.973     0.973    u_gshare_btb_core/clk
                         FDRE                                         r  u_gshare_btb_core/pht_valid_reg[1]/C
  -------------------------------------------------------------------    -------------------
                         FDRE (Prop_fdre_C_Q)         0.456     1.429 r  u_gshare_btb_core/pht_valid_reg[1]/Q
                         net (fo=3, unplaced)         0.329     1.758    u_gshare_btb_core/pht_valid[1]
                         LUT6 (Prop_lut6_I5_O)        0.295     2.053 r  u_gshare_btb_core/pht_valid[1]_i_1/O
                         net (fo=1, unplaced)         0.000     2.053    u_gshare_btb_core/pht_valid[1]_i_1_n_0
                         FDRE                                         r  u_gshare_btb_core/pht_valid_reg[1]/D
  -------------------------------------------------------------------    -------------------

                         (clock bpu_clk rise edge)    6.667     6.667 r  
                                                      0.000     6.667 r  clk (IN)
                         net (fo=169, unset)          0.924     7.591    u_gshare_btb_core/clk
                         FDRE                                         r  u_gshare_btb_core/pht_valid_reg[1]/C
                         clock pessimism              0.000     7.591    
                         clock uncertainty           -0.035     7.556    
                         FDRE (Setup_fdre_C_D)        0.029     7.585    u_gshare_btb_core/pht_valid_reg[1]
  -------------------------------------------------------------------
                         required time                          7.585    
                         arrival time                          -2.053    
  -------------------------------------------------------------------
                         slack                                  5.532    

Slack (MET) :             5.532ns  (required time - arrival time)
  Source:                 u_gshare_btb_core/pht_valid_reg[20]/C
                            (rising edge-triggered cell FDRE clocked by bpu_clk  {rise@0.000ns fall@3.333ns period=6.667ns})
  Destination:            u_gshare_btb_core/pht_valid_reg[20]/D
                            (rising edge-triggered cell FDRE clocked by bpu_clk  {rise@0.000ns fall@3.333ns period=6.667ns})
  Path Group:             bpu_clk
  Path Type:              Setup (Max at Slow Process Corner)
  Requirement:            6.667ns  (bpu_clk rise@6.667ns - bpu_clk rise@0.000ns)
  Data Path Delay:        1.080ns  (logic 0.751ns (69.537%)  route 0.329ns (30.463%))
  Logic Levels:           1  (LUT6=1)
  Clock Path Skew:        -0.049ns (DCD - SCD + CPR)
    Destination Clock Delay (DCD):    0.924ns = ( 7.591 - 6.667 ) 
    Source Clock Delay      (SCD):    0.973ns
    Clock Pessimism Removal (CPR):    0.000ns
  Clock Uncertainty:      0.035ns  ((TSJ^2 + TIJ^2)^1/2 + DJ) / 2 + PE
    Total System Jitter     (TSJ):    0.071ns
    Total Input Jitter      (TIJ):    0.000ns
    Discrete Jitter          (DJ):    0.000ns
    Phase Error              (PE):    0.000ns

    Location             Delay type                Incr(ns)  Path(ns)    Netlist Resource(s)
  -------------------------------------------------------------------    -------------------
                         (clock bpu_clk rise edge)    0.000     0.000 r  
                                                      0.000     0.000 r  clk (IN)
                         net (fo=169, unset)          0.973     0.973    u_gshare_btb_core/clk
                         FDRE                                         r  u_gshare_btb_core/pht_valid_reg[20]/C
  -------------------------------------------------------------------    -------------------
                         FDRE (Prop_fdre_C_Q)         0.456     1.429 r  u_gshare_btb_core/pht_valid_reg[20]/Q
                         net (fo=3, unplaced)         0.329     1.758    u_gshare_btb_core/pht_valid[20]
                         LUT6 (Prop_lut6_I5_O)        0.295     2.053 r  u_gshare_btb_core/pht_valid[20]_i_1/O
                         net (fo=1, unplaced)         0.000     2.053    u_gshare_btb_core/pht_valid[20]_i_1_n_0
                         FDRE                                         r  u_gshare_btb_core/pht_valid_reg[20]/D
  -------------------------------------------------------------------    -------------------

                         (clock bpu_clk rise edge)    6.667     6.667 r  
                                                      0.000     6.667 r  clk (IN)
                         net (fo=169, unset)          0.924     7.591    u_gshare_btb_core/clk
                         FDRE                                         r  u_gshare_btb_core/pht_valid_reg[20]/C
                         clock pessimism              0.000     7.591    
                         clock uncertainty           -0.035     7.556    
                         FDRE (Setup_fdre_C_D)        0.029     7.585    u_gshare_btb_core/pht_valid_reg[20]
  -------------------------------------------------------------------
                         required time                          7.585    
                         arrival time                          -2.053    
  -------------------------------------------------------------------
                         slack                                  5.532    

Slack (MET) :             5.532ns  (required time - arrival time)
  Source:                 u_gshare_btb_core/pht_valid_reg[21]/C
                            (rising edge-triggered cell FDRE clocked by bpu_clk  {rise@0.000ns fall@3.333ns period=6.667ns})
  Destination:            u_gshare_btb_core/pht_valid_reg[21]/D
                            (rising edge-triggered cell FDRE clocked by bpu_clk  {rise@0.000ns fall@3.333ns period=6.667ns})
  Path Group:             bpu_clk
  Path Type:              Setup (Max at Slow Process Corner)
  Requirement:            6.667ns  (bpu_clk rise@6.667ns - bpu_clk rise@0.000ns)
  Data Path Delay:        1.080ns  (logic 0.751ns (69.537%)  route 0.329ns (30.463%))
  Logic Levels:           1  (LUT6=1)
  Clock Path Skew:        -0.049ns (DCD - SCD + CPR)
    Destination Clock Delay (DCD):    0.924ns = ( 7.591 - 6.667 ) 
    Source Clock Delay      (SCD):    0.973ns
    Clock Pessimism Removal (CPR):    0.000ns
  Clock Uncertainty:      0.035ns  ((TSJ^2 + TIJ^2)^1/2 + DJ) / 2 + PE
    Total System Jitter     (TSJ):    0.071ns
    Total Input Jitter      (TIJ):    0.000ns
    Discrete Jitter          (DJ):    0.000ns
    Phase Error              (PE):    0.000ns

    Location             Delay type                Incr(ns)  Path(ns)    Netlist Resource(s)
  -------------------------------------------------------------------    -------------------
                         (clock bpu_clk rise edge)    0.000     0.000 r  
                                                      0.000     0.000 r  clk (IN)
                         net (fo=169, unset)          0.973     0.973    u_gshare_btb_core/clk
                         FDRE                                         r  u_gshare_btb_core/pht_valid_reg[21]/C
  -------------------------------------------------------------------    -------------------
                         FDRE (Prop_fdre_C_Q)         0.456     1.429 r  u_gshare_btb_core/pht_valid_reg[21]/Q
                         net (fo=3, unplaced)         0.329     1.758    u_gshare_btb_core/pht_valid[21]
                         LUT6 (Prop_lut6_I5_O)        0.295     2.053 r  u_gshare_btb_core/pht_valid[21]_i_1/O
                         net (fo=1, unplaced)         0.000     2.053    u_gshare_btb_core/pht_valid[21]_i_1_n_0
                         FDRE                                         r  u_gshare_btb_core/pht_valid_reg[21]/D
  -------------------------------------------------------------------    -------------------

                         (clock bpu_clk rise edge)    6.667     6.667 r  
                                                      0.000     6.667 r  clk (IN)
                         net (fo=169, unset)          0.924     7.591    u_gshare_btb_core/clk
                         FDRE                                         r  u_gshare_btb_core/pht_valid_reg[21]/C
                         clock pessimism              0.000     7.591    
                         clock uncertainty           -0.035     7.556    
                         FDRE (Setup_fdre_C_D)        0.029     7.585    u_gshare_btb_core/pht_valid_reg[21]
  -------------------------------------------------------------------
                         required time                          7.585    
                         arrival time                          -2.053    
  -------------------------------------------------------------------
                         slack                                  5.532    

Slack (MET) :             5.532ns  (required time - arrival time)
  Source:                 u_gshare_btb_core/pht_valid_reg[22]/C
                            (rising edge-triggered cell FDRE clocked by bpu_clk  {rise@0.000ns fall@3.333ns period=6.667ns})
  Destination:            u_gshare_btb_core/pht_valid_reg[22]/D
                            (rising edge-triggered cell FDRE clocked by bpu_clk  {rise@0.000ns fall@3.333ns period=6.667ns})
  Path Group:             bpu_clk
  Path Type:              Setup (Max at Slow Process Corner)
  Requirement:            6.667ns  (bpu_clk rise@6.667ns - bpu_clk rise@0.000ns)
  Data Path Delay:        1.080ns  (logic 0.751ns (69.537%)  route 0.329ns (30.463%))
  Logic Levels:           1  (LUT6=1)
  Clock Path Skew:        -0.049ns (DCD - SCD + CPR)
    Destination Clock Delay (DCD):    0.924ns = ( 7.591 - 6.667 ) 
    Source Clock Delay      (SCD):    0.973ns
    Clock Pessimism Removal (CPR):    0.000ns
  Clock Uncertainty:      0.035ns  ((TSJ^2 + TIJ^2)^1/2 + DJ) / 2 + PE
    Total System Jitter     (TSJ):    0.071ns
    Total Input Jitter      (TIJ):    0.000ns
    Discrete Jitter          (DJ):    0.000ns
    Phase Error              (PE):    0.000ns

    Location             Delay type                Incr(ns)  Path(ns)    Netlist Resource(s)
  -------------------------------------------------------------------    -------------------
                         (clock bpu_clk rise edge)    0.000     0.000 r  
                                                      0.000     0.000 r  clk (IN)
                         net (fo=169, unset)          0.973     0.973    u_gshare_btb_core/clk
                         FDRE                                         r  u_gshare_btb_core/pht_valid_reg[22]/C
  -------------------------------------------------------------------    -------------------
                         FDRE (Prop_fdre_C_Q)         0.456     1.429 r  u_gshare_btb_core/pht_valid_reg[22]/Q
                         net (fo=3, unplaced)         0.329     1.758    u_gshare_btb_core/pht_valid[22]
                         LUT6 (Prop_lut6_I5_O)        0.295     2.053 r  u_gshare_btb_core/pht_valid[22]_i_1/O
                         net (fo=1, unplaced)         0.000     2.053    u_gshare_btb_core/pht_valid[22]_i_1_n_0
                         FDRE                                         r  u_gshare_btb_core/pht_valid_reg[22]/D
  -------------------------------------------------------------------    -------------------

                         (clock bpu_clk rise edge)    6.667     6.667 r  
                                                      0.000     6.667 r  clk (IN)
                         net (fo=169, unset)          0.924     7.591    u_gshare_btb_core/clk
                         FDRE                                         r  u_gshare_btb_core/pht_valid_reg[22]/C
                         clock pessimism              0.000     7.591    
                         clock uncertainty           -0.035     7.556    
                         FDRE (Setup_fdre_C_D)        0.029     7.585    u_gshare_btb_core/pht_valid_reg[22]
  -------------------------------------------------------------------
                         required time                          7.585    
                         arrival time                          -2.053    
  -------------------------------------------------------------------
                         slack                                  5.532    





Pulse Width Checks
--------------------------------------------------------------------------------------
Clock Name:         bpu_clk
Waveform(ns):       { 0.000 3.333 }
Period(ns):         6.667
Sources:            { clk }

Check Type        Corner  Lib Pin      Reference Pin  Required(ns)  Actual(ns)  Slack(ns)  Location  Pin
Min Period        n/a     FDRE/C       n/a            1.000         6.667       5.667                u_gshare_btb_core/btb_valid_reg[27]/C
Min Period        n/a     FDRE/C       n/a            1.000         6.667       5.667                u_gshare_btb_core/btb_valid_reg[28]/C
Min Period        n/a     FDRE/C       n/a            1.000         6.667       5.667                u_gshare_btb_core/btb_valid_reg[29]/C
Min Period        n/a     FDRE/C       n/a            1.000         6.667       5.667                u_gshare_btb_core/btb_valid_reg[2]/C
Min Period        n/a     FDRE/C       n/a            1.000         6.667       5.667                u_gshare_btb_core/btb_valid_reg[30]/C
Min Period        n/a     FDRE/C       n/a            1.000         6.667       5.667                u_gshare_btb_core/btb_valid_reg[31]/C
Min Period        n/a     FDRE/C       n/a            1.000         6.667       5.667                u_gshare_btb_core/btb_valid_reg[32]/C
Min Period        n/a     FDRE/C       n/a            1.000         6.667       5.667                u_gshare_btb_core/btb_valid_reg[33]/C
Min Period        n/a     FDRE/C       n/a            1.000         6.667       5.667                u_gshare_btb_core/btb_valid_reg[34]/C
Min Period        n/a     FDRE/C       n/a            1.000         6.667       5.667                u_gshare_btb_core/btb_valid_reg[35]/C
Min Period        n/a     FDRE/C       n/a            1.000         6.667       5.667                u_gshare_btb_core/btb_valid_reg[36]/C
Min Period        n/a     FDRE/C       n/a            1.000         6.667       5.667                u_gshare_btb_core/btb_valid_reg[37]/C
Min Period        n/a     FDRE/C       n/a            1.000         6.667       5.667                u_gshare_btb_core/btb_valid_reg[38]/C
Min Period        n/a     FDRE/C       n/a            1.000         6.667       5.667                u_gshare_btb_core/btb_valid_reg[39]/C
Min Period        n/a     FDRE/C       n/a            1.000         6.667       5.667                u_gshare_btb_core/btb_valid_reg[3]/C
Min Period        n/a     FDRE/C       n/a            1.000         6.667       5.667                u_gshare_btb_core/btb_valid_reg[40]/C
Min Period        n/a     FDRE/C       n/a            1.000         6.667       5.667                u_gshare_btb_core/btb_valid_reg[41]/C
Min Period        n/a     FDRE/C       n/a            1.000         6.667       5.667                u_gshare_btb_core/btb_valid_reg[54]/C
Min Period        n/a     FDRE/C       n/a            1.000         6.667       5.667                u_gshare_btb_core/btb_valid_reg[55]/C
Min Period        n/a     FDRE/C       n/a            1.000         6.667       5.667                u_gshare_btb_core/btb_valid_reg[56]/C
Low Pulse Width   Slow    RAMD64E/CLK  n/a            1.250         3.333       2.083                u_gshare_btb_core/btb_tag_reg_0_63_0_2/RAMD/CLK
Low Pulse Width   Slow    RAMD64E/CLK  n/a            1.250         3.333       2.083                u_gshare_btb_core/btb_tag_reg_0_63_12_14/RAMA/CLK
Low Pulse Width   Slow    RAMD64E/CLK  n/a            1.250         3.333       2.083                u_gshare_btb_core/btb_tag_reg_0_63_12_14/RAMB/CLK
Low Pulse Width   Slow    RAMD64E/CLK  n/a            1.250         3.333       2.083                u_gshare_btb_core/btb_tag_reg_0_63_12_14/RAMC/CLK
Low Pulse Width   Slow    RAMD64E/CLK  n/a            1.250         3.333       2.083                u_gshare_btb_core/btb_tag_reg_0_63_12_14/RAMD/CLK
Low Pulse Width   Slow    RAMD64E/CLK  n/a            1.250         3.333       2.083                u_gshare_btb_core/btb_tag_reg_0_63_15_17/RAMD/CLK
Low Pulse Width   Slow    RAMD64E/CLK  n/a            1.250         3.333       2.083                u_gshare_btb_core/btb_tag_reg_0_63_18_20/RAMA/CLK
Low Pulse Width   Slow    RAMD64E/CLK  n/a            1.250         3.333       2.083                u_gshare_btb_core/btb_tag_reg_0_63_18_20/RAMB/CLK
Low Pulse Width   Slow    RAMD64E/CLK  n/a            1.250         3.333       2.083                u_gshare_btb_core/btb_tag_reg_0_63_18_20/RAMC/CLK
Low Pulse Width   Slow    RAMD64E/CLK  n/a            1.250         3.333       2.083                u_gshare_btb_core/btb_tag_reg_0_63_18_20/RAMD/CLK
Low Pulse Width   Slow    RAMD64E/CLK  n/a            1.250         3.333       2.083                u_gshare_btb_core/btb_tag_reg_0_63_21_23/RAMD/CLK
Low Pulse Width   Slow    RAMD64E/CLK  n/a            1.250         3.333       2.083                u_gshare_btb_core/btb_tag_reg_0_63_3_5/RAMA/CLK
Low Pulse Width   Slow    RAMD64E/CLK  n/a            1.250         3.333       2.083                u_gshare_btb_core/btb_tag_reg_0_63_3_5/RAMB/CLK
Low Pulse Width   Slow    RAMD64E/CLK  n/a            1.250         3.333       2.083                u_gshare_btb_core/btb_tag_reg_0_63_3_5/RAMC/CLK
Low Pulse Width   Slow    RAMD64E/CLK  n/a            1.250         3.333       2.083                u_gshare_btb_core/btb_tag_reg_0_63_3_5/RAMD/CLK
Low Pulse Width   Slow    RAMD64E/CLK  n/a            1.250         3.333       2.083                u_gshare_btb_core/btb_tag_reg_0_63_6_8/RAMD/CLK
Low Pulse Width   Slow    RAMD64E/CLK  n/a            1.250         3.333       2.083                u_gshare_btb_core/btb_tag_reg_0_63_9_11/RAMA/CLK
Low Pulse Width   Slow    RAMD64E/CLK  n/a            1.250         3.333       2.083                u_gshare_btb_core/btb_tag_reg_0_63_9_11/RAMB/CLK
Low Pulse Width   Slow    RAMD64E/CLK  n/a            1.250         3.333       2.083                u_gshare_btb_core/btb_tag_reg_0_63_9_11/RAMC/CLK
Low Pulse Width   Slow    RAMD64E/CLK  n/a            1.250         3.333       2.083                u_gshare_btb_core/btb_tag_reg_0_63_9_11/RAMD/CLK
High Pulse Width  Fast    RAMD64E/CLK  n/a            1.250         3.333       2.083                u_gshare_btb_core/btb_tag_reg_0_63_0_2/RAMD/CLK
High Pulse Width  Fast    RAMD64E/CLK  n/a            1.250         3.333       2.083                u_gshare_btb_core/btb_tag_reg_0_63_12_14/RAMA/CLK
High Pulse Width  Fast    RAMD64E/CLK  n/a            1.250         3.333       2.083                u_gshare_btb_core/btb_tag_reg_0_63_12_14/RAMB/CLK
High Pulse Width  Fast    RAMD64E/CLK  n/a            1.250         3.333       2.083                u_gshare_btb_core/btb_tag_reg_0_63_12_14/RAMC/CLK
High Pulse Width  Fast    RAMD64E/CLK  n/a            1.250         3.333       2.083                u_gshare_btb_core/btb_tag_reg_0_63_12_14/RAMD/CLK
High Pulse Width  Fast    RAMD64E/CLK  n/a            1.250         3.333       2.083                u_gshare_btb_core/btb_tag_reg_0_63_15_17/RAMD/CLK
High Pulse Width  Fast    RAMD64E/CLK  n/a            1.250         3.333       2.083                u_gshare_btb_core/btb_tag_reg_0_63_18_20/RAMA/CLK
High Pulse Width  Fast    RAMD64E/CLK  n/a            1.250         3.333       2.083                u_gshare_btb_core/btb_tag_reg_0_63_18_20/RAMB/CLK
High Pulse Width  Fast    RAMD64E/CLK  n/a            1.250         3.333       2.083                u_gshare_btb_core/btb_tag_reg_0_63_18_20/RAMC/CLK
High Pulse Width  Fast    RAMD64E/CLK  n/a            1.250         3.333       2.083                u_gshare_btb_core/btb_tag_reg_0_63_18_20/RAMD/CLK
High Pulse Width  Fast    RAMD64E/CLK  n/a            1.250         3.333       2.083                u_gshare_btb_core/btb_tag_reg_0_63_21_23/RAMD/CLK
High Pulse Width  Fast    RAMD64E/CLK  n/a            1.250         3.333       2.083                u_gshare_btb_core/btb_tag_reg_0_63_3_5/RAMA/CLK
High Pulse Width  Fast    RAMD64E/CLK  n/a            1.250         3.333       2.083                u_gshare_btb_core/btb_tag_reg_0_63_3_5/RAMB/CLK
High Pulse Width  Fast    RAMD64E/CLK  n/a            1.250         3.333       2.083                u_gshare_btb_core/btb_tag_reg_0_63_3_5/RAMC/CLK
High Pulse Width  Fast    RAMD64E/CLK  n/a            1.250         3.333       2.083                u_gshare_btb_core/btb_tag_reg_0_63_3_5/RAMD/CLK
High Pulse Width  Fast    RAMD64E/CLK  n/a            1.250         3.333       2.083                u_gshare_btb_core/btb_tag_reg_0_63_6_8/RAMD/CLK
High Pulse Width  Fast    RAMD64E/CLK  n/a            1.250         3.333       2.083                u_gshare_btb_core/btb_tag_reg_0_63_9_11/RAMA/CLK
High Pulse Width  Fast    RAMD64E/CLK  n/a            1.250         3.333       2.083                u_gshare_btb_core/btb_tag_reg_0_63_9_11/RAMB/CLK
High Pulse Width  Fast    RAMD64E/CLK  n/a            1.250         3.333       2.083                u_gshare_btb_core/btb_tag_reg_0_63_9_11/RAMC/CLK
High Pulse Width  Fast    RAMD64E/CLK  n/a            1.250         3.333       2.083                u_gshare_btb_core/btb_tag_reg_0_63_9_11/RAMD/CLK



