Copyright 1986-2022 Xilinx, Inc. All Rights Reserved. Copyright 2022-2023 Advanced Micro Devices, Inc. All Rights Reserved.
---------------------------------------------------------------------------------------------------------------------------------------------
| Tool Version : Vivado v.2023.2 (win64) Build 4029153 Fri Oct 13 20:14:34 MDT 2023
| Date         : Thu Jul 16 12:29:58 2026
| Host         : DESKTOP-MO7L2KR running 64-bit major release  (build 9200)
| Command      : report_control_sets -verbose -file top_control_sets_placed.rpt
| Design       : top
| Device       : xc7k325t
---------------------------------------------------------------------------------------------------------------------------------------------

Control Set Information

Table of Contents
-----------------
1. Summary
2. Histogram
3. Flip-Flop Distribution
4. Detailed Control Set Information

1. Summary
----------

+----------------------------------------------------------+-------+
|                          Status                          | Count |
+----------------------------------------------------------+-------+
| Total control sets                                       |    76 |
|    Minimum number of control sets                        |    76 |
|    Addition due to synthesis replication                 |     0 |
|    Addition due to physical synthesis replication        |     0 |
| Unused register locations in slices containing registers |    98 |
+----------------------------------------------------------+-------+
* Control sets can be merged at opt_design using control_set_merge or merge_equivalent_drivers
** Run report_qor_suggestions for automated merging and remapping suggestions


2. Histogram
------------

+--------------------+-------+
|       Fanout       | Count |
+--------------------+-------+
| Total control sets |    76 |
| >= 0 to < 4        |     3 |
| >= 4 to < 6        |     6 |
| >= 6 to < 8        |     1 |
| >= 8 to < 10       |     5 |
| >= 10 to < 12      |     0 |
| >= 12 to < 14      |     4 |
| >= 14 to < 16      |     0 |
| >= 16              |    57 |
+--------------------+-------+
* Control sets can be remapped at either synth_design or opt_design


3. Flip-Flop Distribution
-------------------------

+--------------+-----------------------+------------------------+-----------------+--------------+
| Clock Enable | Synchronous Set/Reset | Asynchronous Set/Reset | Total Registers | Total Slices |
+--------------+-----------------------+------------------------+-----------------+--------------+
| No           | No                    | No                     |            3300 |          569 |
| No           | No                    | Yes                    |              89 |           30 |
| No           | Yes                   | No                     |             454 |          163 |
| Yes          | No                    | No                     |             101 |           54 |
| Yes          | No                    | Yes                    |             220 |           59 |
| Yes          | Yes                   | No                     |            2026 |          742 |
+--------------+-----------------------+------------------------+-----------------+--------------+


4. Detailed Control Set Information
-----------------------------------

+-------------------------+--------------------------------------------------------------------------------------+--------------------------------------------------------------------------+------------------+----------------+--------------+
|       Clock Signal      |                                     Enable Signal                                    |                             Set/Reset Signal                             | Slice Load Count | Bel Load Count | Bels / Slice |
+-------------------------+--------------------------------------------------------------------------------------+--------------------------------------------------------------------------+------------------+----------------+--------------+
|  pll_inst/inst/clk_out1 | uart_inst/tx_i_1_n_0                                                                 | student_top_inst/u_KLDJ_top/reg5/bbstub_locked                           |                1 |              1 |         1.00 |
|  pll_inst/inst/clk_out2 | student_top_inst/u_KLDJ_top/u_bpu/u_gshare_btb_core/btb_is_jalr_reg_0_63_0_0_i_1_n_0 |                                                                          |                1 |              2 |         2.00 |
|  pll_inst/inst/clk_out2 | student_top_inst/u_KLDJ_top/u_bpu/u_gshare_btb_core/pht_reg_0_63_0_0_i_2_n_0         |                                                                          |                1 |              3 |         3.00 |
|  pll_inst/inst/clk_out2 |                                                                                      | student_top_inst/u_KLDJ_top/u_pipe_id_ex/buf_valid_sr_reg[0][0]          |                1 |              4 |         4.00 |
|  pll_inst/inst/clk_out2 |                                                                                      | student_top_inst/u_KLDJ_top/u_pipe_id_ex/id_ex_valid_reg_8               |                3 |              4 |         1.33 |
|  pll_inst/inst/clk_out2 | student_top_inst/u_KLDJ_top/u_pipe_id_ex/id_ex_cf_rs1_fwd_sel[1]_i_1_n_0             | student_top_inst/u_KLDJ_top/reg5/bbstub_locked                           |                2 |              4 |         2.00 |
|  pll_inst/inst/clk_out1 | uart_inst/rx_bit_cnt                                                                 | student_top_inst/u_KLDJ_top/reg5/bbstub_locked                           |                1 |              4 |         4.00 |
|  pll_inst/inst/clk_out1 | uart_inst/tx_bit_cnt                                                                 | student_top_inst/u_KLDJ_top/reg5/bbstub_locked                           |                1 |              4 |         4.00 |
|  pll_inst/inst/clk_out1 | twin_controller_inst/send_cnt[4]_i_1_n_0                                             | student_top_inst/u_KLDJ_top/reg5/bbstub_locked                           |                2 |              5 |         2.50 |
|  pll_inst/inst/clk_out2 | student_top_inst/u_KLDJ_top/u_pipe_id_ex/id_ex_jal_op_reg_1[0]                       | student_top_inst/u_KLDJ_top/reg5/bbstub_locked                           |                1 |              6 |         6.00 |
|  pll_inst/inst/clk_out2 |                                                                                      | student_top_inst/u_KLDJ_top/u_pipe_id_ex/bbstub_locked[0]                |                3 |              8 |         2.67 |
|  pll_inst/inst/clk_out1 | twin_controller_inst/tx_start_next                                                   | student_top_inst/u_KLDJ_top/reg5/bbstub_locked                           |                2 |              8 |         4.00 |
|  pll_inst/inst/clk_out1 | uart_inst/rx_data[7]_i_1_n_0                                                         | student_top_inst/u_KLDJ_top/reg5/bbstub_locked                           |                4 |              8 |         2.00 |
|  pll_inst/inst/clk_out1 | uart_inst/rx_shift_1                                                                 | student_top_inst/u_KLDJ_top/reg5/bbstub_locked                           |                3 |              8 |         2.67 |
|  pll_inst/inst/clk_out1 | uart_inst/tx_shift                                                                   | student_top_inst/u_KLDJ_top/reg5/bbstub_locked                           |                2 |              9 |         4.50 |
|  pll_inst/inst/clk_out2 | student_top_inst/u_KLDJ_top/u_pipe_id_ex/id_ex_pred_taken_i_2_n_0                    | student_top_inst/u_KLDJ_top/u_pipe_id_ex/id_ex_pred_taken_i_1_n_0        |                5 |             12 |         2.40 |
|  pll_inst/inst/clk_out1 | uart_inst/rx_cnt_2                                                                   | student_top_inst/u_KLDJ_top/reg5/bbstub_locked                           |                4 |             13 |         3.25 |
|  pll_inst/inst/clk_out1 | uart_inst/rx_ready_cnt[12]_i_1_n_0                                                   | student_top_inst/u_KLDJ_top/reg5/bbstub_locked                           |                3 |             13 |         4.33 |
|  pll_inst/inst/clk_out1 | uart_inst/tx_cnt_0                                                                   | student_top_inst/u_KLDJ_top/reg5/bbstub_locked                           |                3 |             13 |         4.33 |
|  pll_inst/inst/clk_out1 |                                                                                      | student_top_inst/bridge_inst/counter_inst/cnt_1ms[0]_i_1_n_0             |                4 |             16 |         4.00 |
|  pll_inst/inst/clk_out2 | student_top_inst/u_KLDJ_top/exu2/u_div_ip_wrapper/E[0]                               | student_top_inst/u_KLDJ_top/u_pipe_id_ex/id_ex_exu_op[5]_i_1_n_0         |                7 |             19 |         2.71 |
|  pll_inst/inst/clk_out2 | student_top_inst/u_KLDJ_top/u_pipe_id_ex/dram_wen0                                   | student_top_inst/u_KLDJ_top/u_pipe_id_ex/id_ex_valid_reg_7               |                4 |             20 |         5.00 |
|  pll_inst/inst/clk_out2 | student_top_inst/u_KLDJ_top/u_pipe_id_ex/id_ex_valid_reg_6                           | student_top_inst/u_KLDJ_top/reg5/bbstub_locked                           |                7 |             28 |         4.00 |
|  pll_inst/inst/clk_out2 | student_top_inst/u_KLDJ_top/u_pipe_id_ex/id_ex_csr_addr_reg[2]_0                     | student_top_inst/u_KLDJ_top/u_pipe_id_ex/id_ex_valid_reg_12              |                7 |             29 |         4.14 |
|  pll_inst/inst/clk_out2 |                                                                                      | student_top_inst/u_KLDJ_top/exu2/u_mul_ip_wrapper/wait_count[31]_i_1_n_0 |                9 |             31 |         3.44 |
|  pll_inst/inst/clk_out2 | student_top_inst/u_KLDJ_top/u_pipe_mem_wb/mem_wb_wb_ctl_reg_28[0]                    | student_top_inst/u_KLDJ_top/reg5/bbstub_locked                           |               22 |             32 |         1.45 |
|  pll_inst/inst/clk_out2 | student_top_inst/u_KLDJ_top/u_pipe_mem_wb/mem_wb_wb_ctl_reg_29[0]                    | student_top_inst/u_KLDJ_top/reg5/bbstub_locked                           |               19 |             32 |         1.68 |
|  pll_inst/inst/clk_out2 | student_top_inst/u_KLDJ_top/u_pipe_mem_wb/mem_wb_wb_ctl_reg_4[0]                     | student_top_inst/u_KLDJ_top/reg5/bbstub_locked                           |               14 |             32 |         2.29 |
|  pll_inst/inst/clk_out2 | student_top_inst/u_KLDJ_top/u_pipe_mem_wb/mem_wb_wb_ctl_reg_16[0]                    | student_top_inst/u_KLDJ_top/reg5/bbstub_locked                           |               13 |             32 |         2.46 |
|  pll_inst/inst/clk_out2 | student_top_inst/u_KLDJ_top/u_pipe_mem_wb/mem_wb_wb_ctl_reg_24[0]                    | student_top_inst/u_KLDJ_top/reg5/bbstub_locked                           |               14 |             32 |         2.29 |
|  pll_inst/inst/clk_out2 | student_top_inst/u_KLDJ_top/u_pipe_mem_wb/mem_wb_wb_ctl_reg_18[0]                    | student_top_inst/u_KLDJ_top/reg5/bbstub_locked                           |               13 |             32 |         2.46 |
|  pll_inst/inst/clk_out2 | student_top_inst/u_KLDJ_top/u_pipe_mem_wb/mem_wb_wb_ctl_reg_13[0]                    | student_top_inst/u_KLDJ_top/reg5/bbstub_locked                           |               14 |             32 |         2.29 |
|  pll_inst/inst/clk_out2 | student_top_inst/u_KLDJ_top/u_pipe_mem_wb/mem_wb_wb_ctl_reg_15[0]                    | student_top_inst/u_KLDJ_top/reg5/bbstub_locked                           |                9 |             32 |         3.56 |
|  pll_inst/inst/clk_out2 | student_top_inst/u_KLDJ_top/u_pipe_mem_wb/mem_wb_wb_ctl_reg_19[0]                    | student_top_inst/u_KLDJ_top/reg5/bbstub_locked                           |               11 |             32 |         2.91 |
|  pll_inst/inst/clk_out2 | student_top_inst/u_KLDJ_top/u_pipe_mem_wb/mem_wb_wb_ctl_reg_8[0]                     | student_top_inst/u_KLDJ_top/reg5/bbstub_locked                           |                9 |             32 |         3.56 |
|  pll_inst/inst/clk_out2 | student_top_inst/u_KLDJ_top/u_pipe_mem_wb/mem_wb_wb_ctl_reg_6[0]                     | student_top_inst/u_KLDJ_top/reg5/bbstub_locked                           |               23 |             32 |         1.39 |
|  pll_inst/inst/clk_out2 | student_top_inst/u_KLDJ_top/u_pipe_mem_wb/mem_wb_wb_ctl_reg_7[0]                     | student_top_inst/u_KLDJ_top/reg5/bbstub_locked                           |               17 |             32 |         1.88 |
|  pll_inst/inst/clk_out2 | student_top_inst/u_KLDJ_top/u_pipe_mem_wb/mem_wb_wb_ctl_reg_9[0]                     | student_top_inst/u_KLDJ_top/reg5/bbstub_locked                           |                9 |             32 |         3.56 |
|  pll_inst/inst/clk_out2 | student_top_inst/u_KLDJ_top/u_pipe_mem_wb/mem_wb_wb_ctl_reg_11[0]                    | student_top_inst/u_KLDJ_top/reg5/bbstub_locked                           |               10 |             32 |         3.20 |
|  pll_inst/inst/clk_out2 | student_top_inst/u_KLDJ_top/exu2/u_mul_ip_wrapper/result[31]_i_1_n_0                 | student_top_inst/u_KLDJ_top/reg5/bbstub_locked                           |                9 |             32 |         3.56 |
|  pll_inst/inst/clk_out2 | student_top_inst/u_KLDJ_top/exu2/u_div_ip_wrapper/result_q[31]_i_1_n_0               | student_top_inst/u_KLDJ_top/reg5/bbstub_locked                           |               14 |             32 |         2.29 |
|  pll_inst/inst/clk_out2 | student_top_inst/u_KLDJ_top/u_pipe_id_ex/id_ex_csr_addr_reg[1]_0[0]                  | student_top_inst/u_KLDJ_top/reg5/bbstub_locked                           |                7 |             32 |         4.57 |
|  pll_inst/inst/clk_out2 | student_top_inst/u_KLDJ_top/u_pipe_id_ex/id_ex_csr_addr_reg[2]_1[0]                  | student_top_inst/u_KLDJ_top/reg5/bbstub_locked                           |                7 |             32 |         4.57 |
|  pll_inst/inst/clk_out2 | student_top_inst/u_KLDJ_top/u_pipe_id_ex/id_ex_csr_addr_reg[2]_2[0]                  | student_top_inst/u_KLDJ_top/reg5/bbstub_locked                           |               11 |             32 |         2.91 |
|  pll_inst/inst/clk_out2 | student_top_inst/u_KLDJ_top/u_pipe_id_ex/id_ex_valid_reg_3[0]                        | student_top_inst/u_KLDJ_top/reg5/bbstub_locked                           |                6 |             32 |         5.33 |
|  pll_inst/inst/clk_out2 | student_top_inst/u_KLDJ_top/u_pipe_id_ex/dram_wen0                                   |                                                                          |                9 |             32 |         3.56 |
|  pll_inst/inst/clk_out2 | student_top_inst/u_KLDJ_top/u_pipe_mem_wb/mem_wb_wb_ctl_reg_23[0]                    | student_top_inst/u_KLDJ_top/reg5/bbstub_locked                           |               11 |             32 |         2.91 |
|  pll_inst/inst/clk_out2 | student_top_inst/u_KLDJ_top/u_pipe_mem_wb/mem_wb_wb_ctl_reg_2[0]                     | student_top_inst/u_KLDJ_top/reg5/bbstub_locked                           |               14 |             32 |         2.29 |
|  pll_inst/inst/clk_out2 | student_top_inst/u_KLDJ_top/u_pipe_mem_wb/mem_wb_wb_ctl_reg_22[0]                    | student_top_inst/u_KLDJ_top/reg5/bbstub_locked                           |               12 |             32 |         2.67 |
|  pll_inst/inst/clk_out2 | student_top_inst/u_KLDJ_top/u_pipe_mem_wb/mem_wb_wb_ctl_reg_25[0]                    | student_top_inst/u_KLDJ_top/reg5/bbstub_locked                           |               12 |             32 |         2.67 |
|  pll_inst/inst/clk_out2 | student_top_inst/u_KLDJ_top/u_pipe_mem_wb/mem_wb_wb_ctl_reg_0[0]                     | student_top_inst/u_KLDJ_top/reg5/bbstub_locked                           |               11 |             32 |         2.91 |
|  pll_inst/inst/clk_out2 | student_top_inst/u_KLDJ_top/u_pipe_mem_wb/mem_wb_wb_ctl_reg_10[0]                    | student_top_inst/u_KLDJ_top/reg5/bbstub_locked                           |               10 |             32 |         3.20 |
|  pll_inst/inst/clk_out2 | student_top_inst/u_KLDJ_top/u_pipe_mem_wb/mem_wb_wb_ctl_reg_12[0]                    | student_top_inst/u_KLDJ_top/reg5/bbstub_locked                           |               13 |             32 |         2.46 |
|  pll_inst/inst/clk_out2 | student_top_inst/u_KLDJ_top/u_pipe_mem_wb/mem_wb_wb_ctl_reg_21[0]                    | student_top_inst/u_KLDJ_top/reg5/bbstub_locked                           |               12 |             32 |         2.67 |
|  pll_inst/inst/clk_out2 | student_top_inst/u_KLDJ_top/u_pipe_mem_wb/mem_wb_wb_ctl_reg_26[0]                    | student_top_inst/u_KLDJ_top/reg5/bbstub_locked                           |               19 |             32 |         1.68 |
|  pll_inst/inst/clk_out2 | student_top_inst/u_KLDJ_top/u_pipe_mem_wb/mem_wb_wb_ctl_reg_5[0]                     | student_top_inst/u_KLDJ_top/reg5/bbstub_locked                           |               17 |             32 |         1.88 |
|  pll_inst/inst/clk_out2 | student_top_inst/u_KLDJ_top/u_pipe_mem_wb/mem_wb_wb_ctl_reg_27[0]                    | student_top_inst/u_KLDJ_top/reg5/bbstub_locked                           |               18 |             32 |         1.78 |
|  pll_inst/inst/clk_out2 | student_top_inst/u_KLDJ_top/u_pipe_mem_wb/mem_wb_wb_ctl_reg_3[0]                     | student_top_inst/u_KLDJ_top/reg5/bbstub_locked                           |               12 |             32 |         2.67 |
|  pll_inst/inst/clk_out2 | student_top_inst/u_KLDJ_top/u_pipe_mem_wb/mem_wb_wb_ctl_reg_14[0]                    | student_top_inst/u_KLDJ_top/reg5/bbstub_locked                           |               16 |             32 |         2.00 |
|  pll_inst/inst/clk_out2 | student_top_inst/u_KLDJ_top/u_pipe_mem_wb/mem_wb_wb_ctl_reg_17[0]                    | student_top_inst/u_KLDJ_top/reg5/bbstub_locked                           |               13 |             32 |         2.46 |
|  pll_inst/inst/clk_out2 | student_top_inst/u_KLDJ_top/u_pipe_mem_wb/mem_wb_wb_ctl_reg_20[0]                    | student_top_inst/u_KLDJ_top/reg5/bbstub_locked                           |               14 |             32 |         2.29 |
|  pll_inst/inst/clk_out2 | student_top_inst/u_KLDJ_top/u_pipe_mem_wb/E[0]                                       | student_top_inst/u_KLDJ_top/reg5/bbstub_locked                           |               12 |             32 |         2.67 |
|  pll_inst/inst/clk_out2 | student_top_inst/u_KLDJ_top/u_pipe_mem_wb/mem_wb_wb_ctl_reg_1[0]                     | student_top_inst/u_KLDJ_top/reg5/bbstub_locked                           |               10 |             32 |         3.20 |
|  pll_inst/inst/clk_out1 | student_top_inst/bridge_inst/counter_inst/cnt_ms_bin[0]_i_1_n_0                      | student_top_inst/u_KLDJ_top/reg5/bbstub_locked                           |                8 |             32 |         4.00 |
|  pll_inst/inst/clk_out2 |                                                                                      | student_top_inst/u_KLDJ_top/u_pipe_id_ex/SR[0]                           |               25 |             51 |         2.04 |
|  pll_inst/inst/clk_out2 | student_top_inst/u_KLDJ_top/u_pipe_id_ex/id_ex_valid_reg_11[0]                       | student_top_inst/u_KLDJ_top/reg5/bbstub_locked                           |               39 |             63 |         1.62 |
|  pll_inst/inst/clk_out2 | student_top_inst/u_KLDJ_top/u_pipe_id_ex/id_ex_valid_reg_10[0]                       | student_top_inst/u_KLDJ_top/reg5/bbstub_locked                           |                9 |             64 |         7.11 |
|  pll_inst/inst/clk_out2 | student_top_inst/u_KLDJ_top/u_pipe_id_ex/done_reg_0[0]                               | student_top_inst/u_KLDJ_top/reg5/bbstub_locked                           |               19 |             66 |         3.47 |
|  pll_inst/inst/clk_out2 | student_top_inst/u_KLDJ_top/exu2/u_div_ip_wrapper/op_q                               | student_top_inst/u_KLDJ_top/reg5/bbstub_locked                           |               18 |             67 |         3.72 |
|  pll_inst/inst/clk_out2 | student_top_inst/u_KLDJ_top/u_pipe_id_ex/id_ex_jal_op_reg_0[0]                       |                                                                          |               45 |             69 |         1.53 |
|  pll_inst/inst/clk_out2 | student_top_inst/u_KLDJ_top/u_bpu/u_gshare_btb_core/btb_data_reg_0_63_0_2_i_1_n_0    |                                                                          |               19 |             76 |         4.00 |
|  pll_inst/inst/clk_out1 |                                                                                      | student_top_inst/u_KLDJ_top/reg5/bbstub_locked                           |               35 |            118 |         3.37 |
|  pll_inst/inst/clk_out1 | uart_inst/E[0]                                                                       | student_top_inst/u_KLDJ_top/reg5/bbstub_locked                           |               33 |            134 |         4.06 |
|  pll_inst/inst/clk_out2 |                                                                                      | student_top_inst/u_KLDJ_top/reg5/bbstub_locked                           |              113 |            311 |         2.75 |
|  pll_inst/inst/clk_out2 | student_top_inst/u_KLDJ_top/u_pipe_id_ex/E[0]                                        | student_top_inst/u_KLDJ_top/reg5/bbstub_locked                           |              139 |            432 |         3.11 |
|  pll_inst/inst/clk_out2 |                                                                                      |                                                                          |              569 |           3318 |         5.83 |
+-------------------------+--------------------------------------------------------------------------------------+--------------------------------------------------------------------------+------------------+----------------+--------------+


