Copyright 1986-2022 Xilinx, Inc. All Rights Reserved. Copyright 2022-2023 Advanced Micro Devices, Inc. All Rights Reserved.
----------------------------------------------------------------------------------------------------------------------------------------------------------------------------------
| Tool Version : Vivado v.2023.2 (win64) Build 4029153 Fri Oct 13 20:14:34 MDT 2023
| Date         : Wed Jul 15 16:01:37 2026
| Host         : DESKTOP-MO7L2KR running 64-bit major release  (build 9200)
| Command      : report_high_fanout_nets -timing -load_types -max_nets 100 -file D:/Desktop/JYD/Source_code/BPU_FixTiming3/jyd/pipilined5/Timing_info/fixtiming8B/high_fanout.rpt
| Design       : top
| Device       : xc7k325t
----------------------------------------------------------------------------------------------------------------------------------------------------------------------------------

High Fan-out Nets Information

1. Fanout Summary
-----------------

+------------------------------------------------------------------------------------------------------------------------------------------------------------------------------------------------------------------------------------------------------------------------------------------+--------+-------------+-----------------+-----------------+-----------------------------+-----------------------------+-----------------------------+-----------------------------+
|                                                                                                                                                                                                                                                                                          |        |             |                 |                 |         Clock Enable        |          Set/Reset          |         Data & Other        |            Clock            |
+------------------------------------------------------------------------------------------------------------------------------------------------------------------------------------------------------------------------------------------------------------------------------------------+--------+-------------+-----------------+-----------------+-------+----+----------------+-------+----+----------------+-------+----+----------------+-------+----+----------------+
| Net Name                                                                                                                                                                                                                                                                                 | Fanout | Driver Type | Worst Slack(ns) | Worst Delay(ns) | Slice | IO | BRAM/DSP/OTHER | Slice | IO | BRAM/DSP/OTHER | Slice | IO | BRAM/DSP/OTHER | Slice | IO | BRAM/DSP/OTHER |
+------------------------------------------------------------------------------------------------------------------------------------------------------------------------------------------------------------------------------------------------------------------------------------------+--------+-------------+-----------------+-----------------+-------+----+----------------+-------+----+----------------+-------+----+----------------+-------+----+----------------+
| student_top_inst/u_KLDJ_top/reg5/bbstub_locked                                                                                                                                                                                                                                           |   2564 | LUT1        |             inf |           6.803 |     0 |  0 |              0 |  2564 |  0 |              0 |     0 |  0 |              0 |     0 |  0 |              0 |
| student_top_inst/u_KLDJ_top/ifu0/Q[2]                                                                                                                                                                                                                                                    |   1057 | FDRE        |          -0.433 |           1.796 |     0 |  0 |              0 |     0 |  0 |              0 |  1057 |  0 |              0 |     0 |  0 |              0 |
| student_top_inst/u_KLDJ_top/ifu0/Q[3]                                                                                                                                                                                                                                                    |   1057 | FDRE        |          -0.416 |           1.910 |     0 |  0 |              0 |     0 |  0 |              0 |  1057 |  0 |              0 |     0 |  0 |              0 |
| student_top_inst/u_KLDJ_top/ifu0/Q[5]                                                                                                                                                                                                                                                    |   1049 | FDRE        |          -0.349 |           1.462 |     0 |  0 |              0 |     0 |  0 |              0 |  1049 |  0 |              0 |     0 |  0 |              0 |
| student_top_inst/u_KLDJ_top/ifu0/Q[4]                                                                                                                                                                                                                                                    |   1046 | FDRE        |          -0.419 |           1.872 |     0 |  0 |              0 |     0 |  0 |              0 |  1046 |  0 |              0 |     0 |  0 |              0 |
| student_top_inst/u_KLDJ_top/ifu0/Q[6]                                                                                                                                                                                                                                                    |   1046 | FDRE        |          -0.344 |           1.511 |     0 |  0 |              0 |     0 |  0 |              0 |  1046 |  0 |              0 |     0 |  0 |              0 |
| student_top_inst/u_KLDJ_top/ifu0/Q[7]                                                                                                                                                                                                                                                    |   1046 | FDRE        |          -0.232 |           1.501 |     0 |  0 |              0 |     0 |  0 |              0 |  1046 |  0 |              0 |     0 |  0 |              0 |
| student_top_inst/u_KLDJ_top/ifu0/Q[8]                                                                                                                                                                                                                                                    |    454 | FDRE        |          -0.002 |           1.556 |     0 |  0 |              0 |     0 |  0 |              0 |   454 |  0 |              0 |     0 |  0 |              0 |
| student_top_inst/u_KLDJ_top/u_pipe_id_ex/E[0]                                                                                                                                                                                                                                            |    432 | LUT2        |          -0.111 |           1.144 |   432 |  0 |              0 |     0 |  0 |              0 |     0 |  0 |              0 |     0 |  0 |              0 |
| student_top_inst/u_KLDJ_top/u_pipe_if_id/if_id_valid                                                                                                                                                                                                                                     |    272 | FDRE        |          -0.111 |           1.450 |     0 |  0 |              0 |     0 |  0 |              0 |   272 |  0 |              0 |     0 |  0 |              0 |
| student_top_inst/u_KLDJ_top/ifu0/Q[9]                                                                                                                                                                                                                                                    |    185 | FDRE        |           0.053 |           1.578 |     0 |  0 |              0 |     0 |  0 |              0 |   185 |  0 |              0 |     0 |  0 |              0 |
| student_top_inst/u_KLDJ_top/u_bpu/u_gshare_btb_core/update_btb_idx[0]                                                                                                                                                                                                                    |    162 | FDRE        |           1.489 |           3.880 |     0 |  0 |              0 |     0 |  0 |              0 |   162 |  0 |              0 |     0 |  0 |              0 |
| student_top_inst/u_KLDJ_top/u_bpu/u_gshare_btb_core/update_btb_idx[1]                                                                                                                                                                                                                    |    162 | FDRE        |           2.810 |           2.621 |     0 |  0 |              0 |     0 |  0 |              0 |   162 |  0 |              0 |     0 |  0 |              0 |
| student_top_inst/u_KLDJ_top/u_bpu/u_gshare_btb_core/update_btb_idx[2]                                                                                                                                                                                                                    |    162 | FDRE        |           2.686 |           2.670 |     0 |  0 |              0 |     0 |  0 |              0 |   162 |  0 |              0 |     0 |  0 |              0 |
| student_top_inst/u_KLDJ_top/ifu0/Q[10]                                                                                                                                                                                                                                                   |    156 | FDRE        |           0.155 |           1.616 |     0 |  0 |              0 |     0 |  0 |              0 |   156 |  0 |              0 |     0 |  0 |              0 |
| student_top_inst/u_KLDJ_top/u_pipe_id_ex/out_carry_i_10_n_0                                                                                                                                                                                                                              |    138 | LUT6        |          -0.477 |           0.518 |     0 |  0 |              0 |     0 |  0 |              0 |   138 |  0 |              0 |     0 |  0 |              0 |
| student_top_inst/u_KLDJ_top/u_pipe_id_ex/done_reg_0[0]                                                                                                                                                                                                                                   |    134 | LUT4        |           1.707 |           1.070 |    66 |  0 |              0 |     0 |  0 |              0 |    68 |  0 |              0 |     0 |  0 |              0 |
| uart_inst/E[0]                                                                                                                                                                                                                                                                           |    134 | LUT5        |          16.882 |           1.406 |   134 |  0 |              0 |     0 |  0 |              0 |     0 |  0 |              0 |     0 |  0 |              0 |
| student_top_inst/u_KLDJ_top/u_pipe_if_id/if_id_inst_reg[19]_0[2]                                                                                                                                                                                                                         |    133 | LUT3        |          -0.111 |           0.813 |     0 |  0 |              0 |     0 |  0 |              0 |   133 |  0 |              0 |     0 |  0 |              0 |
| student_top_inst/u_KLDJ_top/u_pipe_if_id/if_id_inst_reg[24]_0[2]                                                                                                                                                                                                                         |    133 | LUT3        |           0.328 |           1.404 |     0 |  0 |              0 |     0 |  0 |              0 |   133 |  0 |              0 |     0 |  0 |              0 |
| student_top_inst/bridge_inst/dram_driver_inst/u_dram_tdp/U0/inst_blk_mem_gen/gnbram.gnativebmg.native_blk_mem_gen/valid.cstr/has_mux_b.B/no_softecc_sel_reg.ce_pri.sel_pipe_reg_n_0_[1]                                                                                                  |    128 | FDRE        |           0.309 |           2.181 |     0 |  0 |              0 |     0 |  0 |              0 |   128 |  0 |              0 |     0 |  0 |              0 |
| student_top_inst/bridge_inst/dram_driver_inst/u_dram_tdp/U0/inst_blk_mem_gen/gnbram.gnativebmg.native_blk_mem_gen/valid.cstr/has_mux_b.B/no_softecc_sel_reg.ce_pri.sel_pipe_reg_n_0_[2]                                                                                                  |    128 | FDRE        |           0.312 |           2.122 |     0 |  0 |              0 |     0 |  0 |              0 |   128 |  0 |              0 |     0 |  0 |              0 |
| student_top_inst/u_KLDJ_top/u_pipe_if_id/id_reg_rs1_addr[0]                                                                                                                                                                                                                              |    128 | LUT3        |           0.176 |           1.058 |     0 |  0 |              0 |     0 |  0 |              0 |   128 |  0 |              0 |     0 |  0 |              0 |
| student_top_inst/u_KLDJ_top/u_pipe_if_id/id_reg_rs1_addr[1]                                                                                                                                                                                                                              |    128 | LUT3        |           0.015 |           1.185 |     0 |  0 |              0 |     0 |  0 |              0 |   128 |  0 |              0 |     0 |  0 |              0 |
| student_top_inst/u_KLDJ_top/u_pipe_if_id/id_reg_rs2_addr[0]                                                                                                                                                                                                                              |    128 | LUT3        |           0.425 |           1.462 |     0 |  0 |              0 |     0 |  0 |              0 |   128 |  0 |              0 |     0 |  0 |              0 |
| student_top_inst/u_KLDJ_top/u_pipe_if_id/id_reg_rs2_addr[1]                                                                                                                                                                                                                              |    128 | LUT3        |           0.504 |           1.354 |     0 |  0 |              0 |     0 |  0 |              0 |   128 |  0 |              0 |     0 |  0 |              0 |
| student_top_inst/u_KLDJ_top/u_pipe_if_id/if_id_inst_reg[15]_0                                                                                                                                                                                                                            |    128 | LUT3        |           0.132 |           1.164 |     0 |  0 |              0 |     0 |  0 |              0 |   128 |  0 |              0 |     0 |  0 |              0 |
| student_top_inst/u_KLDJ_top/u_pipe_if_id/if_id_inst_reg[16]_0                                                                                                                                                                                                                            |    128 | LUT3        |           0.212 |           1.042 |     0 |  0 |              0 |     0 |  0 |              0 |   128 |  0 |              0 |     0 |  0 |              0 |
| student_top_inst/u_KLDJ_top/u_pipe_if_id/if_id_inst_reg[20]_0                                                                                                                                                                                                                            |    128 | LUT3        |           0.516 |           1.072 |     0 |  0 |              0 |     0 |  0 |              0 |   128 |  0 |              0 |     0 |  0 |              0 |
| student_top_inst/u_KLDJ_top/u_pipe_if_id/if_id_inst_reg[21]_0                                                                                                                                                                                                                            |    128 | LUT3        |           0.462 |           1.088 |     0 |  0 |              0 |     0 |  0 |              0 |   128 |  0 |              0 |     0 |  0 |              0 |
| student_top_inst/u_KLDJ_top/u_pipe_id_ex/exu2/generic_alu_data2[4]                                                                                                                                                                                                                       |    116 | LUT6        |          -0.844 |           0.895 |     0 |  0 |              0 |     0 |  0 |              0 |   116 |  0 |              0 |     0 |  0 |              0 |
| student_top_inst/u_KLDJ_top/u_pipe_id_ex/id_ex_valid_reg_1                                                                                                                                                                                                                               |    115 | LUT3        |          -0.162 |           0.954 |     0 |  0 |              0 |     0 |  0 |              0 |    51 |  0 |             64 |     0 |  0 |              0 |
| student_top_inst/u_KLDJ_top/u_pipe_id_ex/exu2/generic_alu_data2[3]                                                                                                                                                                                                                       |    114 | LUT6        |          -0.721 |           0.788 |     0 |  0 |              0 |     0 |  0 |              0 |   114 |  0 |              0 |     0 |  0 |              0 |
| student_top_inst/u_KLDJ_top/u_pipe_id_ex/exu2/generic_alu_data2[2]                                                                                                                                                                                                                       |    110 | LUT6        |          -0.793 |           0.876 |     0 |  0 |              0 |     0 |  0 |              0 |   110 |  0 |              0 |     0 |  0 |              0 |
| student_top_inst/u_KLDJ_top/u_pipe_id_ex/exu2/generic_alu_data2[1]                                                                                                                                                                                                                       |    107 | LUT6        |          -0.658 |           1.197 |     0 |  0 |              0 |     0 |  0 |              0 |   107 |  0 |              0 |     0 |  0 |              0 |
| student_top_inst/u_KLDJ_top/u_bpu/u_gshare_btb_core/update_btb_idx[3]                                                                                                                                                                                                                    |    106 | FDRE        |           2.995 |           1.947 |     0 |  0 |              0 |     0 |  0 |              0 |   106 |  0 |              0 |     0 |  0 |              0 |
| student_top_inst/u_KLDJ_top/u_bpu/u_gshare_btb_core/update_btb_idx[4]                                                                                                                                                                                                                    |    106 | FDRE        |           3.070 |           2.216 |     0 |  0 |              0 |     0 |  0 |              0 |   106 |  0 |              0 |     0 |  0 |              0 |
| student_top_inst/u_KLDJ_top/u_bpu/u_gshare_btb_core/update_btb_idx[5]                                                                                                                                                                                                                    |    106 | FDRE        |           3.647 |           1.575 |     0 |  0 |              0 |     0 |  0 |              0 |   106 |  0 |              0 |     0 |  0 |              0 |
| student_top_inst/u_KLDJ_top/u_pipe_id_ex/id_ex_valid_reg_2                                                                                                                                                                                                                               |    104 | LUT3        |          -0.259 |           1.015 |     0 |  0 |              0 |     0 |  0 |              0 |    40 |  0 |             64 |     0 |  0 |              0 |
| student_top_inst/u_KLDJ_top/ifu0/Q[11]                                                                                                                                                                                                                                                   |     92 | FDRE        |           0.433 |           1.643 |     0 |  0 |              0 |     0 |  0 |              0 |    92 |  0 |              0 |     0 |  0 |              0 |
| student_top_inst/u_KLDJ_top/u_bpu/u_gshare_btb_core/update_pht_idx_q[0]                                                                                                                                                                                                                  |     84 | FDRE        |           2.349 |           1.275 |     0 |  0 |              0 |     0 |  0 |              0 |    84 |  0 |              0 |     0 |  0 |              0 |
| student_top_inst/u_KLDJ_top/u_bpu/u_gshare_btb_core/update_pht_idx_q[1]                                                                                                                                                                                                                  |     84 | FDRE        |           2.505 |           1.320 |     0 |  0 |              0 |     0 |  0 |              0 |    84 |  0 |              0 |     0 |  0 |              0 |
| student_top_inst/u_KLDJ_top/u_pipe_id_ex/id_ex_rs2_to_data2                                                                                                                                                                                                                              |     81 | FDRE        |          -0.429 |           0.990 |     0 |  0 |              0 |     0 |  0 |              0 |    81 |  0 |              0 |     0 |  0 |              0 |
| student_top_inst/u_KLDJ_top/u_pipe_if_id/if_id_inst[5]                                                                                                                                                                                                                                   |     80 | FDRE        |           0.371 |           0.607 |     0 |  0 |              0 |     0 |  0 |              0 |    80 |  0 |              0 |     0 |  0 |              0 |
| student_top_inst/u_KLDJ_top/u_pipe_id_ex/id_ex_valid_reg_4                                                                                                                                                                                                                               |     79 | LUT3        |          -0.330 |           1.744 |     0 |  0 |              0 |     0 |  0 |              0 |    15 |  0 |             64 |     0 |  0 |              0 |
| student_top_inst/u_KLDJ_top/u_pipe_id_ex/id_ex_alu_ctrl[2]                                                                                                                                                                                                                               |     78 | FDRE        |           0.643 |           2.129 |     0 |  0 |              0 |     0 |  0 |              0 |    78 |  0 |              0 |     0 |  0 |              0 |
| student_top_inst/u_KLDJ_top/u_pipe_id_ex/exu2/generic_alu_data2[0]                                                                                                                                                                                                                       |     77 | LUT4        |          -0.702 |           0.998 |     0 |  0 |              0 |     0 |  0 |              0 |    77 |  0 |              0 |     0 |  0 |              0 |
| student_top_inst/u_KLDJ_top/u_pipe_id_ex/is_mret                                                                                                                                                                                                                                         |     77 | LUT6        |           0.398 |           0.973 |     0 |  0 |              0 |     0 |  0 |              0 |    77 |  0 |              0 |     0 |  0 |              0 |
| student_top_inst/u_KLDJ_top/u_bpu/u_gshare_btb_core/btb_data_reg_0_63_0_2_i_1_n_0                                                                                                                                                                                                        |     76 | LUT3        |           2.755 |           1.527 |    76 |  0 |              0 |     0 |  0 |              0 |     0 |  0 |              0 |     0 |  0 |              0 |
| uart_inst/Q[2]                                                                                                                                                                                                                                                                           |     74 | FDCE        |          17.522 |           1.599 |     0 |  0 |              0 |     0 |  0 |              0 |    74 |  0 |              0 |     0 |  0 |              0 |
| student_top_inst/u_KLDJ_top/u_bpu/u_gshare_btb_core/update_pht_idx_q[2]                                                                                                                                                                                                                  |     72 | FDRE        |           2.663 |           1.156 |     0 |  0 |              0 |     0 |  0 |              0 |    72 |  0 |              0 |     0 |  0 |              0 |
| student_top_inst/u_KLDJ_top/u_pipe_if_id/if_id_inst[4]                                                                                                                                                                                                                                   |     72 | FDSE        |           0.148 |           0.862 |     0 |  0 |              0 |     0 |  0 |              0 |    72 |  0 |              0 |     0 |  0 |              0 |
| student_top_inst/u_KLDJ_top/u_pipe_id_ex/update_target_q[31]_i_5_n_0                                                                                                                                                                                                                     |     70 | LUT6        |           0.492 |           1.172 |     0 |  0 |              0 |     0 |  0 |              0 |    70 |  0 |              0 |     0 |  0 |              0 |
| student_top_inst/u_KLDJ_top/u_pipe_id_ex/id_ex_jal_op_reg_0[0]                                                                                                                                                                                                                           |     69 | LUT5        |           1.912 |           1.846 |    69 |  0 |              0 |     0 |  0 |              0 |     0 |  0 |              0 |     0 |  0 |              0 |
| student_top_inst/u_KLDJ_top/u_pipe_if_id/if_id_inst_reg[19]_0[3]                                                                                                                                                                                                                         |     69 | LUT3        |          -0.101 |           1.279 |     0 |  0 |              0 |     0 |  0 |              0 |    69 |  0 |              0 |     0 |  0 |              0 |
| student_top_inst/u_KLDJ_top/u_pipe_if_id/if_id_inst_reg[24]_0[3]                                                                                                                                                                                                                         |     69 | LUT3        |           0.425 |           1.414 |     0 |  0 |              0 |     0 |  0 |              0 |    69 |  0 |              0 |     0 |  0 |              0 |
| student_top_inst/u_KLDJ_top/exu2/u_div_ip_wrapper/op_q                                                                                                                                                                                                                                   |     67 | LUT5        |           2.608 |           1.105 |    67 |  0 |              0 |     0 |  0 |              0 |     0 |  0 |              0 |     0 |  0 |              0 |
| student_top_inst/u_KLDJ_top/u_pipe_id_ex/id_ex_alu_ctrl[0]                                                                                                                                                                                                                               |     66 | FDRE        |           0.976 |           1.749 |     0 |  0 |              0 |     0 |  0 |              0 |    66 |  0 |              0 |     0 |  0 |              0 |
| student_top_inst/u_KLDJ_top/u_pipe_id_ex/id_ex_rs1_ren                                                                                                                                                                                                                                   |     66 | FDRE        |          -0.778 |           0.517 |     0 |  0 |              0 |     0 |  0 |              0 |    66 |  0 |              0 |     0 |  0 |              0 |
| student_top_inst/bridge_inst/dram_driver_inst/addra[0]                                                                                                                                                                                                                                   |     65 | FDRE        |           0.275 |           4.733 |     0 |  0 |              0 |     0 |  0 |              0 |     1 |  0 |             64 |     0 |  0 |              0 |
| student_top_inst/bridge_inst/dram_driver_inst/addra[10]                                                                                                                                                                                                                                  |     65 | FDRE        |           1.281 |           3.004 |     0 |  0 |              0 |     0 |  0 |              0 |    65 |  0 |              0 |     0 |  0 |              0 |
| student_top_inst/bridge_inst/dram_driver_inst/addra[11]                                                                                                                                                                                                                                  |     65 | FDRE        |           1.182 |           3.281 |     0 |  0 |              0 |     0 |  0 |              0 |    65 |  0 |              0 |     0 |  0 |              0 |
| student_top_inst/bridge_inst/dram_driver_inst/addra[12]                                                                                                                                                                                                                                  |     65 | FDRE        |           1.118 |           2.719 |     0 |  0 |              0 |     0 |  0 |              0 |    65 |  0 |              0 |     0 |  0 |              0 |
| student_top_inst/bridge_inst/dram_driver_inst/addra[1]                                                                                                                                                                                                                                   |     65 | FDRE        |           0.808 |           4.313 |     0 |  0 |              0 |     0 |  0 |              0 |     1 |  0 |             64 |     0 |  0 |              0 |
| student_top_inst/bridge_inst/dram_driver_inst/addra[2]                                                                                                                                                                                                                                   |     65 | FDRE        |           0.886 |           4.176 |     0 |  0 |              0 |     0 |  0 |              0 |     1 |  0 |             64 |     0 |  0 |              0 |
| student_top_inst/bridge_inst/dram_driver_inst/addra[3]                                                                                                                                                                                                                                   |     65 | FDRE        |           0.317 |           4.801 |     0 |  0 |              0 |     0 |  0 |              0 |     1 |  0 |             64 |     0 |  0 |              0 |
| student_top_inst/bridge_inst/dram_driver_inst/addra[4]                                                                                                                                                                                                                                   |     65 | FDRE        |           0.756 |           4.344 |     0 |  0 |              0 |     0 |  0 |              0 |     1 |  0 |             64 |     0 |  0 |              0 |
| student_top_inst/bridge_inst/dram_driver_inst/addra[5]                                                                                                                                                                                                                                   |     65 | FDRE        |           0.633 |           4.366 |     0 |  0 |              0 |     0 |  0 |              0 |     1 |  0 |             64 |     0 |  0 |              0 |
| student_top_inst/bridge_inst/dram_driver_inst/addra[6]                                                                                                                                                                                                                                   |     65 | FDRE        |           0.885 |           4.154 |     0 |  0 |              0 |     0 |  0 |              0 |     1 |  0 |             64 |     0 |  0 |              0 |
| student_top_inst/bridge_inst/dram_driver_inst/addra[7]                                                                                                                                                                                                                                   |     65 | FDRE        |           0.721 |           4.434 |     0 |  0 |              0 |     0 |  0 |              0 |     1 |  0 |             64 |     0 |  0 |              0 |
| student_top_inst/bridge_inst/dram_driver_inst/addra[8]                                                                                                                                                                                                                                   |     65 | FDRE        |           0.971 |           4.126 |     0 |  0 |              0 |     0 |  0 |              0 |     1 |  0 |             64 |     0 |  0 |              0 |
| student_top_inst/bridge_inst/dram_driver_inst/addra[9]                                                                                                                                                                                                                                   |     65 | FDRE        |           1.334 |           2.680 |     0 |  0 |              0 |     0 |  0 |              0 |    65 |  0 |              0 |     0 |  0 |              0 |
| student_top_inst/bridge_inst/dram_driver_inst/bram_addr_r[0]                                                                                                                                                                                                                             |     65 | FDRE        |           0.422 |           4.678 |     0 |  0 |              0 |     0 |  0 |              0 |     1 |  0 |             64 |     0 |  0 |              0 |
| student_top_inst/bridge_inst/dram_driver_inst/bram_addr_r[1]                                                                                                                                                                                                                             |     65 | FDRE        |           0.689 |           4.404 |     0 |  0 |              0 |     0 |  0 |              0 |     1 |  0 |             64 |     0 |  0 |              0 |
| student_top_inst/bridge_inst/dram_driver_inst/bram_addr_r[2]                                                                                                                                                                                                                             |     65 | FDRE        |           1.177 |           3.946 |     0 |  0 |              0 |     0 |  0 |              0 |     1 |  0 |             64 |     0 |  0 |              0 |
| student_top_inst/u_KLDJ_top/exu2/u_div_ip_wrapper/u_div_gen_u32/U0/i_synth/i_nonzero_fract.i_synth/i_algo_r2_or_lutmult.i_nonzero_fract.i_sdivider/i_sdivider.divider_blk/div_loop[31].adder_gen.reg_req.adsu_mod/add1/no_pipelining.the_addsub/i_q_simple.qreg/opt_has_pipe.first_q[32] |     65 | FDRE        |           3.531 |           1.095 |     0 |  0 |              0 |     0 |  0 |              0 |    65 |  0 |              0 |     0 |  0 |              0 |
| student_top_inst/u_KLDJ_top/ifu0/if_static_jal                                                                                                                                                                                                                                           |     65 | LUT2        |          -0.358 |           0.749 |     0 |  0 |              0 |     0 |  0 |              0 |    65 |  0 |              0 |     0 |  0 |              0 |
| student_top_inst/u_KLDJ_top/u_pipe_id_ex/addrb[0]                                                                                                                                                                                                                                        |     65 | LUT3        |          -0.167 |           0.852 |     0 |  0 |              0 |     0 |  0 |              0 |     1 |  0 |             64 |     0 |  0 |              0 |
| student_top_inst/u_KLDJ_top/u_pipe_id_ex/addrb[1]                                                                                                                                                                                                                                        |     65 | LUT3        |          -0.373 |           1.695 |     0 |  0 |              0 |     0 |  0 |              0 |     1 |  0 |             64 |     0 |  0 |              0 |
| student_top_inst/u_KLDJ_top/u_pipe_id_ex/addrb[2]                                                                                                                                                                                                                                        |     65 | LUT3        |          -0.253 |           1.766 |     0 |  0 |              0 |     0 |  0 |              0 |     1 |  0 |             64 |     0 |  0 |              0 |
| student_top_inst/u_KLDJ_top/u_pipe_id_ex/addrb[3]                                                                                                                                                                                                                                        |     65 | LUT3        |          -0.115 |           1.891 |     0 |  0 |              0 |     0 |  0 |              0 |     1 |  0 |             64 |     0 |  0 |              0 |
| student_top_inst/u_KLDJ_top/u_pipe_id_ex/addrb[4]                                                                                                                                                                                                                                        |     65 | LUT3        |          -0.163 |           1.806 |     0 |  0 |              0 |     0 |  0 |              0 |     1 |  0 |             64 |     0 |  0 |              0 |
| student_top_inst/u_KLDJ_top/u_pipe_id_ex/addrb[5]                                                                                                                                                                                                                                        |     65 | LUT3        |          -0.203 |           1.836 |     0 |  0 |              0 |     0 |  0 |              0 |     1 |  0 |             64 |     0 |  0 |              0 |
| student_top_inst/u_KLDJ_top/u_pipe_id_ex/addrb[6]                                                                                                                                                                                                                                        |     65 | LUT3        |          -0.124 |           1.884 |     0 |  0 |              0 |     0 |  0 |              0 |     1 |  0 |             64 |     0 |  0 |              0 |
| student_top_inst/u_KLDJ_top/u_pipe_id_ex/addrb[7]                                                                                                                                                                                                                                        |     65 | LUT3        |          -0.149 |           1.850 |     0 |  0 |              0 |     0 |  0 |              0 |     1 |  0 |             64 |     0 |  0 |              0 |
| student_top_inst/u_KLDJ_top/u_pipe_id_ex/addrb[8]                                                                                                                                                                                                                                        |     65 | LUT3        |          -0.243 |           1.835 |     0 |  0 |              0 |     0 |  0 |              0 |     1 |  0 |             64 |     0 |  0 |              0 |
| student_top_inst/u_KLDJ_top/u_pipe_id_ex/exu2/u_div_ip_wrapper/signed_op                                                                                                                                                                                                                 |     65 | LUT6        |           1.448 |           1.271 |     0 |  0 |              0 |     0 |  0 |              0 |    65 |  0 |              0 |     0 |  0 |              0 |
| student_top_inst/u_KLDJ_top/u_pipe_id_ex/id_ex_alu_ctrl[1]                                                                                                                                                                                                                               |     65 | FDRE        |           0.708 |           1.675 |     0 |  0 |              0 |     0 |  0 |              0 |    65 |  0 |              0 |     0 |  0 |              0 |
| student_top_inst/bridge_inst/dram_driver_inst/u_dram_tdp/U0/inst_blk_mem_gen/gnbram.gnativebmg.native_blk_mem_gen/valid.cstr/has_mux_b.B/no_softecc_sel_reg.ce_pri.sel_pipe_reg_n_0_[3]                                                                                                  |     64 | FDRE        |           0.578 |           1.805 |     0 |  0 |              0 |     0 |  0 |              0 |    64 |  0 |              0 |     0 |  0 |              0 |
| student_top_inst/u_KLDJ_top/u_pipe_id_ex/id_ex_cf_rs1_fwd_sel[0]                                                                                                                                                                                                                         |     64 | FDRE        |          -0.473 |           0.894 |     0 |  0 |              0 |     0 |  0 |              0 |    64 |  0 |              0 |     0 |  0 |              0 |
| student_top_inst/u_KLDJ_top/u_pipe_id_ex/id_ex_cf_rs1_fwd_sel[1]                                                                                                                                                                                                                         |     64 | FDRE        |          -0.477 |           0.785 |     0 |  0 |              0 |     0 |  0 |              0 |    64 |  0 |              0 |     0 |  0 |              0 |
| student_top_inst/u_KLDJ_top/u_pipe_id_ex/id_ex_exu_op_reg[5]_11[1]                                                                                                                                                                                                                       |     64 | FDRE        |          -0.339 |           0.968 |     0 |  0 |              0 |     0 |  0 |              0 |    64 |  0 |              0 |     0 |  0 |              0 |
| student_top_inst/u_KLDJ_top/u_pipe_id_ex/id_ex_valid_reg_10[0]                                                                                                                                                                                                                           |     64 | LUT4        |          -0.425 |           0.584 |    64 |  0 |              0 |     0 |  0 |              0 |     0 |  0 |              0 |     0 |  0 |              0 |
| student_top_inst/u_KLDJ_top/u_pipe_id_ex/out_carry_i_13_n_0                                                                                                                                                                                                                              |     64 | LUT5        |          -0.778 |           0.715 |     0 |  0 |              0 |     0 |  0 |              0 |    64 |  0 |              0 |     0 |  0 |              0 |
| student_top_inst/u_KLDJ_top/exu2/u_div_ip_wrapper/op_q_reg_n_0_[1]                                                                                                                                                                                                                       |     63 | FDRE        |           1.880 |           1.678 |     0 |  0 |              0 |     0 |  0 |              0 |    63 |  0 |              0 |     0 |  0 |              0 |
| student_top_inst/u_KLDJ_top/u_pipe_id_ex/ex_mem_mem_addr[31]_i_2_n_0                                                                                                                                                                                                                     |     62 | LUT6        |           1.106 |           1.288 |     0 |  0 |              0 |     0 |  0 |              0 |    62 |  0 |              0 |     0 |  0 |              0 |
| student_top_inst/u_KLDJ_top/u_pipe_id_ex/id_ex_exu_op_reg[5]_11[0]                                                                                                                                                                                                                       |     62 | FDRE        |          -0.363 |           1.040 |     0 |  0 |              0 |     0 |  0 |              0 |    62 |  0 |              0 |     0 |  0 |              0 |
| student_top_inst/u_KLDJ_top/u_pipe_if_id/if_id_inst[2]                                                                                                                                                                                                                                   |     59 | FDRE        |           0.695 |           0.767 |     0 |  0 |              0 |     0 |  0 |              0 |    59 |  0 |              0 |     0 |  0 |              0 |
| student_top_inst/u_KLDJ_top/u_pipe_if_id/if_id_inst[6]                                                                                                                                                                                                                                   |     54 | FDRE        |           0.384 |           0.590 |     0 |  0 |              0 |     0 |  0 |              0 |    54 |  0 |              0 |     0 |  0 |              0 |
| student_top_inst/u_KLDJ_top/u_pipe_id_ex/dram_wen0                                                                                                                                                                                                                                       |     53 | LUT4        |          -0.078 |           0.800 |    52 |  0 |              0 |     0 |  0 |              0 |     1 |  0 |              0 |     0 |  0 |              0 |
+------------------------------------------------------------------------------------------------------------------------------------------------------------------------------------------------------------------------------------------------------------------------------------------+--------+-------------+-----------------+-----------------+-------+----+----------------+-------+----+----------------+-------+----+----------------+-------+----+----------------+


