#-----------------------------------------------------------
# Vivado v2023.2 (64-bit)
# SW Build 4029153 on Fri Oct 13 20:14:34 MDT 2023
# IP Build 4028589 on Sat Oct 14 00:45:43 MDT 2023
# SharedData Build 4025554 on Tue Oct 10 17:18:54 MDT 2023
# Start of session at: Sat Jul 11 17:53:23 2026
# Process ID: 28348
# Current directory: D:/DESKTOP/JYD/Source_code/merge_dualport_bpu/jyd/pipilined5/digital_twin
# Command line: vivado.exe -gui_launcher_event rodinguilauncherevent28556 D:\Desktop\JYD\Source_code\merge_dualport_bpu\jyd\pipilined5\digital_twin\digital_twin.xpr
# Log file: D:/DESKTOP/JYD/Source_code/merge_dualport_bpu/jyd/pipilined5/digital_twin/vivado.log
# Journal file: D:/DESKTOP/JYD/Source_code/merge_dualport_bpu/jyd/pipilined5/digital_twin\vivado.jou
# Running On: DESKTOP-MO7L2KR, OS: Windows, CPU Frequency: 3793 MHz, CPU Physical cores: 16, Host memory: 33618 MB
#-----------------------------------------------------------
start_gui
open_project D:/Desktop/JYD/Source_code/merge_dualport_bpu/jyd/pipilined5/digital_twin/digital_twin.xpr
WARNING: [Board 49-26] cannot add Board Part xilinx.com:vek280_es:part0:1.0 available at E:/Vivado2023.2/Vivado/2023.2/data/xhub/boards/XilinxBoardStore/boards/Xilinx/vek280/es/rev_a/1.0/board.xml as part xcve2802-vsvh1760-2lp-e-s-es1 specified in board_part file is either invalid or not available
WARNING: [Board 49-26] cannot add Board Part xilinx.com:vek280_es:part0:1.1 available at E:/Vivado2023.2/Vivado/2023.2/data/xhub/boards/XilinxBoardStore/boards/Xilinx/vek280/es/rev_a/1.1/board.xml as part xcve2802-vsvh1760-2lp-e-s-es1 specified in board_part file is either invalid or not available
WARNING: [Board 49-26] cannot add Board Part xilinx.com:vek280_es_revb:part0:1.0 available at E:/Vivado2023.2/Vivado/2023.2/data/xhub/boards/XilinxBoardStore/boards/Xilinx/vek280/es/rev_b/1.0/board.xml as part xcve2802-vsvh1760-2mp-e-s-es1 specified in board_part file is either invalid or not available
WARNING: [Board 49-26] cannot add Board Part xilinx.com:vek280_es_revb:part0:1.1 available at E:/Vivado2023.2/Vivado/2023.2/data/xhub/boards/XilinxBoardStore/boards/Xilinx/vek280/es/rev_b/1.1/board.xml as part xcve2802-vsvh1760-2mp-e-s-es1 specified in board_part file is either invalid or not available
WARNING: [Board 49-26] cannot add Board Part xilinx.com:vhk158_es:part0:1.0 available at E:/Vivado2023.2/Vivado/2023.2/data/xhub/boards/XilinxBoardStore/boards/Xilinx/vhk158/es/1.0/board.xml as part xcvh1582-vsva3697-2mp-e-s-es1 specified in board_part file is either invalid or not available
WARNING: [Board 49-26] cannot add Board Part xilinx.com:vhk158_es:part0:1.1 available at E:/Vivado2023.2/Vivado/2023.2/data/xhub/boards/XilinxBoardStore/boards/Xilinx/vhk158/es/1.1/board.xml as part xcvh1582-vsva3697-2mp-e-s-es1 specified in board_part file is either invalid or not available
WARNING: [Board 49-26] cannot add Board Part xilinx.com:zcu208ld:part0:2.0 available at E:/Vivado2023.2/Vivado/2023.2/data/xhub/boards/XilinxBoardStore/boards/Xilinx/zcu208ld/production/2.0/board.xml as part xczu58dr-fsvg1517-2-i specified in board_part file is either invalid or not available
WARNING: [Board 49-26] cannot add Board Part xilinx.com:zcu216ld:part0:2.0 available at E:/Vivado2023.2/Vivado/2023.2/data/xhub/boards/XilinxBoardStore/boards/Xilinx/zcu216ld/production/2.0/board.xml as part xczu59dr-ffvf1760-2-i specified in board_part file is either invalid or not available
WARNING: [Board 49-26] cannot add Board Part xilinx.com:zcu670:part0:2.0 available at E:/Vivado2023.2/Vivado/2023.2/data/xhub/boards/XilinxBoardStore/boards/Xilinx/zcu670/2.0/board.xml as part xczu67dr-fsve1156-2-i specified in board_part file is either invalid or not available
WARNING: [Board 49-26] cannot add Board Part xilinx.com:zcu670ld:part0:1.0 available at E:/Vivado2023.2/Vivado/2023.2/data/xhub/boards/XilinxBoardStore/boards/Xilinx/zcu670ld/1.0/board.xml as part xczu57dr-fsve1156-2-i specified in board_part file is either invalid or not available
Scanning sources...
Finished scanning sources
INFO: [IP_Flow 19-234] Refreshing IP repositories
INFO: [IP_Flow 19-1704] No user IP repositories specified
INFO: [IP_Flow 19-2313] Loaded Vivado IP repository 'E:/Vivado2023.2/Vivado/2023.2/data/ip'.
open_project: Time (s): cpu = 00:00:19 ; elapsed = 00:00:09 . Memory (MB): peak = 1708.852 ; gain = 258.590
update_compile_order -fileset sources_1
create_run fix_timing3 -flow {Vivado Synthesis 2023}
Run is defaulting to srcset: sources_1
Run is defaulting to constrset: constrs_1
Run is defaulting to part: xc7k325tffg900-2
create_run impl_8 -parent_run fix_timing3 -flow {Vivado Implementation 2023}
Run is defaulting to parent run srcset: sources_1
Run is defaulting to parent run constrset: constrs_1
Run is defaulting to parent run part: xc7k325tffg900-2
launch_runs impl_8 -jobs 8
INFO: [Vivado 12-4149] The synthesis checkpoint for IP 'D:/Desktop/JYD/Source_code/merge_dualport_bpu/jyd/pipilined5/digital_twin/digital_twin.srcs/sources_1/ip/div_gen_u32_1/div_gen_u32.xci' is already up-to-date
INFO: [Vivado 12-4149] The synthesis checkpoint for IP 'D:/Desktop/JYD/Source_code/merge_dualport_bpu/jyd/pipilined5/digital_twin/digital_twin.srcs/sources_1/ip/mult_gen_u33_1/mult_gen_u33.xci' is already up-to-date
INFO: [Vivado 12-4149] The synthesis checkpoint for IP 'D:/Desktop/JYD/Source_code/merge_dualport_bpu/jyd/pipilined5/digital_twin/digital_twin.srcs/sources_1/ip/pll_1/pll.xci' is already up-to-date
[Sat Jul 11 19:06:50 2026] Launched fix_timing3...
Run output will be captured here: D:/Desktop/JYD/Source_code/merge_dualport_bpu/jyd/pipilined5/digital_twin/digital_twin.runs/fix_timing3/runme.log
[Sat Jul 11 19:06:50 2026] Launched impl_8...
Run output will be captured here: D:/Desktop/JYD/Source_code/merge_dualport_bpu/jyd/pipilined5/digital_twin/digital_twin.runs/impl_8/runme.log
current_run [get_runs fix_timing3]
reset_run fix_timing3
WARNING: [Vivado 12-1017] Problems encountered:
1. Failed to delete one or more files in run directory D:/Desktop/JYD/Source_code/merge_dualport_bpu/jyd/pipilined5/digital_twin/digital_twin.runs/fix_timing3

launch_runs fix_timing3 -jobs 8
INFO: [Vivado 12-4149] The synthesis checkpoint for IP 'D:/Desktop/JYD/Source_code/merge_dualport_bpu/jyd/pipilined5/digital_twin/digital_twin.srcs/sources_1/ip/div_gen_u32_1/div_gen_u32.xci' is already up-to-date
INFO: [Vivado 12-4149] The synthesis checkpoint for IP 'D:/Desktop/JYD/Source_code/merge_dualport_bpu/jyd/pipilined5/digital_twin/digital_twin.srcs/sources_1/ip/mult_gen_u33_1/mult_gen_u33.xci' is already up-to-date
INFO: [Vivado 12-4149] The synthesis checkpoint for IP 'D:/Desktop/JYD/Source_code/merge_dualport_bpu/jyd/pipilined5/digital_twin/digital_twin.srcs/sources_1/ip/pll_1/pll.xci' is already up-to-date
WARNING: [Vivado 12-7122] Auto Incremental Compile:: No reference checkpoint was found in run fix_timing3. Auto-incremental flow will not be run, the standard flow will be run instead.
[Sat Jul 11 19:07:14 2026] Launched fix_timing3...
Run output will be captured here: D:/Desktop/JYD/Source_code/merge_dualport_bpu/jyd/pipilined5/digital_twin/digital_twin.runs/fix_timing3/runme.log
export_ip_user_files -of_objects  [get_files d:/Desktop/JYD/DESKTOP/JYD/src2/dram.coe] -no_script -reset -force -quiet
remove_files  d:/Desktop/JYD/DESKTOP/JYD/src2/dram.coe
reset_run fix_timing3
launch_runs impl_8 -jobs 8
INFO: [Vivado 12-4149] The synthesis checkpoint for IP 'D:/Desktop/JYD/Source_code/merge_dualport_bpu/jyd/pipilined5/digital_twin/digital_twin.srcs/sources_1/ip/div_gen_u32_1/div_gen_u32.xci' is already up-to-date
INFO: [Vivado 12-4149] The synthesis checkpoint for IP 'D:/Desktop/JYD/Source_code/merge_dualport_bpu/jyd/pipilined5/digital_twin/digital_twin.srcs/sources_1/ip/mult_gen_u33_1/mult_gen_u33.xci' is already up-to-date
INFO: [Vivado 12-4149] The synthesis checkpoint for IP 'D:/Desktop/JYD/Source_code/merge_dualport_bpu/jyd/pipilined5/digital_twin/digital_twin.srcs/sources_1/ip/pll_1/pll.xci' is already up-to-date
[Sat Jul 11 19:08:03 2026] Launched fix_timing3...
Run output will be captured here: D:/Desktop/JYD/Source_code/merge_dualport_bpu/jyd/pipilined5/digital_twin/digital_twin.runs/fix_timing3/runme.log
[Sat Jul 11 19:08:03 2026] Launched impl_8...
Run output will be captured here: D:/Desktop/JYD/Source_code/merge_dualport_bpu/jyd/pipilined5/digital_twin/digital_twin.runs/impl_8/runme.log
open_run impl_8
INFO: [Device 21-403] Loading part xc7k325tffg900-2
Netlist sorting complete. Time (s): cpu = 00:00:00 ; elapsed = 00:00:00.212 . Memory (MB): peak = 2119.469 ; gain = 0.000
INFO: [Netlist 29-17] Analyzing 1511 Unisim elements for replacement
INFO: [Netlist 29-28] Unisim Transformation completed in 0 CPU seconds
INFO: [Project 1-479] Netlist was created with Vivado 2023.2
INFO: [Project 1-570] Preparing netlist for logic optimization
Read ShapeDB Complete: Time (s): cpu = 00:00:00 ; elapsed = 00:00:00.030 . Memory (MB): peak = 2248.508 ; gain = 3.672
INFO: [Timing 38-478] Restoring timing data from binary archive.
INFO: [Timing 38-479] Binary timing data restore complete.
INFO: [Project 1-856] Restoring constraints from binary archive.
INFO: [Project 1-853] Binary constraint restore complete.
INFO: [Designutils 20-5722] Start Reading Physical Databases.
Reading placement.
Read Netlist Cache: Time (s): cpu = 00:00:00 ; elapsed = 00:00:00.010 . Memory (MB): peak = 2888.219 ; gain = 0.000
Reading placer database...
Read Device Cache: Time (s): cpu = 00:00:00 ; elapsed = 00:00:00.006 . Memory (MB): peak = 2888.219 ; gain = 0.000
Read PlaceDB: Time (s): cpu = 00:00:01 ; elapsed = 00:00:00.290 . Memory (MB): peak = 2888.219 ; gain = 0.000
Read PulsedLatchDB: Time (s): cpu = 00:00:00 ; elapsed = 00:00:00 . Memory (MB): peak = 2888.219 ; gain = 0.000
Reading routing.
Read RouteStorage: Time (s): cpu = 00:00:00 ; elapsed = 00:00:00.227 . Memory (MB): peak = 2888.219 ; gain = 0.000
Read Physdb Files: Time (s): cpu = 00:00:01 ; elapsed = 00:00:00.548 . Memory (MB): peak = 2888.219 ; gain = 0.000
Restored from archive | CPU: 1.000000 secs | Memory: 0.000000 MB |
Finished XDEF File Restore: Time (s): cpu = 00:00:01 ; elapsed = 00:00:00.548 . Memory (MB): peak = 2888.219 ; gain = 0.000
Netlist sorting complete. Time (s): cpu = 00:00:00 ; elapsed = 00:00:00.007 . Memory (MB): peak = 2888.219 ; gain = 0.000
INFO: [Project 1-111] Unisim Transformation Summary:
  A total of 21 instances were transformed.
  RAM64M => RAM64M (RAMD64E(x4)): 19 instances
  RAM64X1D => RAM64X1D (RAMD64E(x2)): 1 instance 
  RAM64X1S => RAM64X1S (RAMS64E): 1 instance 

open_run: Time (s): cpu = 00:00:20 ; elapsed = 00:00:14 . Memory (MB): peak = 3063.707 ; gain = 1354.855
open_report: Time (s): cpu = 00:00:07 ; elapsed = 00:00:06 . Memory (MB): peak = 3125.449 ; gain = 30.621
launch_runs impl_8 -to_step write_bitstream -jobs 8
INFO: [Vivado 12-4149] The synthesis checkpoint for IP 'D:/Desktop/JYD/Source_code/merge_dualport_bpu/jyd/pipilined5/digital_twin/digital_twin.srcs/sources_1/ip/div_gen_u32_1/div_gen_u32.xci' is already up-to-date
INFO: [Vivado 12-4149] The synthesis checkpoint for IP 'D:/Desktop/JYD/Source_code/merge_dualport_bpu/jyd/pipilined5/digital_twin/digital_twin.srcs/sources_1/ip/mult_gen_u33_1/mult_gen_u33.xci' is already up-to-date
INFO: [Vivado 12-4149] The synthesis checkpoint for IP 'D:/Desktop/JYD/Source_code/merge_dualport_bpu/jyd/pipilined5/digital_twin/digital_twin.srcs/sources_1/ip/pll_1/pll.xci' is already up-to-date
[Sat Jul 11 19:12:31 2026] Launched impl_8...
Run output will be captured here: D:/Desktop/JYD/Source_code/merge_dualport_bpu/jyd/pipilined5/digital_twin/digital_twin.runs/impl_8/runme.log
open_hw_manager
connect_hw_server -allow_non_jtag
INFO: [Labtools 27-2285] Connecting to hw_server url TCP:localhost:3121
INFO: [Labtools 27-2222] Launching hw_server...
INFO: [Labtools 27-2221] Launch Output:

****** Xilinx hw_server v2023.2
  **** Build date : Oct 13 2023 at 21:31:40
    ** Copyright 1986-2022 Xilinx, Inc. All Rights Reserved.


INFO: [Labtools 27-3415] Connecting to cs_server url TCP:localhost:0
INFO: [Labtools 27-3417] Launching cs_server...
INFO: [Labtools 27-2221] Launch Output:


******** Xilinx cs_server v2023.2.0
  ****** Build date   : Oct 10 2023-12:01:56
    **** Build number : 2023.2.1696910516
      ** Copyright 2017-2022 Xilinx, Inc. All Rights Reserved.
      ** Copyright 2022-2026 Advanced Micro Devices, Inc. All Rights Reserved.



connect_hw_server: Time (s): cpu = 00:00:01 ; elapsed = 00:00:05 . Memory (MB): peak = 3245.023 ; gain = 14.145
open_hw_target
INFO: [Labtoolstcl 44-466] Opening hw_target localhost:3121/xilinx_tcf/Digilent/C306A93EABCD
set_property PROGRAM.FILE {D:/Desktop/JYD/Source_code/merge_dualport_bpu/jyd/pipilined5/digital_twin/digital_twin.runs/impl_7/top.bit} [get_hw_devices xc7k325t_0]
current_hw_device [get_hw_devices xc7k325t_0]
refresh_hw_device -update_hw_probes false [lindex [get_hw_devices xc7k325t_0] 0]
INFO: [Labtools 27-1435] Device xc7k325t (JTAG device index = 0) is not programmed (DONE status = 0).
set_property PROBES.FILE {} [get_hw_devices xc7k325t_0]
set_property FULL_PROBES.FILE {} [get_hw_devices xc7k325t_0]
set_property PROGRAM.FILE {D:/DESKTOP/JYD/Source_code/merge_dualport_bpu/jyd/pipilined5/digital_twin/digital_twin.runs/impl_8/top.bit} [get_hw_devices xc7k325t_0]
program_hw_devices [get_hw_devices xc7k325t_0]
INFO: [Labtools 27-3164] End of startup status: HIGH
program_hw_devices: Time (s): cpu = 00:00:07 ; elapsed = 00:00:07 . Memory (MB): peak = 3290.703 ; gain = 0.000
refresh_hw_device [lindex [get_hw_devices xc7k325t_0] 0]
INFO: [Labtools 27-1434] Device xc7k325t (JTAG device index = 0) is programmed with a design that has no supported debug core(s) in it.
ERROR: [Labtoolstcl 44-513] HW Target shutdown. Closing target: localhost:3121/xilinx_tcf/Digilent/C306A93EABCD
pwd
D:/DESKTOP/JYD/Source_code/merge_dualport_bpu/jyd/pipilined5/digital_twin
open run impl8
illegal access mode "impl8"
open run impl_8
illegal access mode "impl_8"
open_run impl_8
Netlist sorting complete. Time (s): cpu = 00:00:00 ; elapsed = 00:00:00.211 . Memory (MB): peak = 3329.727 ; gain = 0.000
INFO: [Netlist 29-17] Analyzing 1511 Unisim elements for replacement
INFO: [Netlist 29-28] Unisim Transformation completed in 0 CPU seconds
INFO: [Project 1-479] Netlist was created with Vivado 2023.2
INFO: [Project 1-570] Preparing netlist for logic optimization
Read ShapeDB Complete: Time (s): cpu = 00:00:00 ; elapsed = 00:00:00.035 . Memory (MB): peak = 3329.727 ; gain = 0.000
INFO: [Timing 38-478] Restoring timing data from binary archive.
INFO: [Timing 38-479] Binary timing data restore complete.
INFO: [Project 1-856] Restoring constraints from binary archive.
INFO: [Project 1-853] Binary constraint restore complete.
INFO: [Designutils 20-5722] Start Reading Physical Databases.
Reading placement.
Read Netlist Cache: Time (s): cpu = 00:00:00 ; elapsed = 00:00:00.010 . Memory (MB): peak = 3329.727 ; gain = 0.000
Reading placer database...
Read Device Cache: Time (s): cpu = 00:00:00 ; elapsed = 00:00:00.006 . Memory (MB): peak = 3329.727 ; gain = 0.000
Read PlaceDB: Time (s): cpu = 00:00:00 ; elapsed = 00:00:00.311 . Memory (MB): peak = 3329.727 ; gain = 0.000
Read PulsedLatchDB: Time (s): cpu = 00:00:00 ; elapsed = 00:00:00 . Memory (MB): peak = 3329.727 ; gain = 0.000
Reading routing.
Read RouteStorage: Time (s): cpu = 00:00:00 ; elapsed = 00:00:00.177 . Memory (MB): peak = 3329.727 ; gain = 0.000
Read Physdb Files: Time (s): cpu = 00:00:00 ; elapsed = 00:00:00.515 . Memory (MB): peak = 3329.727 ; gain = 0.000
Restored from archive | CPU: 0.000000 secs | Memory: 0.000000 MB |
Finished XDEF File Restore: Time (s): cpu = 00:00:00 ; elapsed = 00:00:00.516 . Memory (MB): peak = 3329.727 ; gain = 0.000
Netlist sorting complete. Time (s): cpu = 00:00:00 ; elapsed = 00:00:00.005 . Memory (MB): peak = 3329.727 ; gain = 0.000
INFO: [Project 1-111] Unisim Transformation Summary:
  A total of 21 instances were transformed.
  RAM64M => RAM64M (RAMD64E(x4)): 19 instances
  RAM64X1D => RAM64X1D (RAMD64E(x2)): 1 instance 
  RAM64X1S => RAM64X1S (RAMS64E): 1 instance 

impl_8
create_run Try_175mhz -flow {Vivado Synthesis 2023}
Run is defaulting to srcset: sources_1
Run is defaulting to constrset: constrs_1
Run is defaulting to part: xc7k325tffg900-2
create_run impl_9 -parent_run Try_175mhz -flow {Vivado Implementation 2023}
Run is defaulting to parent run srcset: sources_1
Run is defaulting to parent run constrset: constrs_1
Run is defaulting to parent run part: xc7k325tffg900-2
launch_runs impl_9 -jobs 8
INFO: [Vivado 12-4149] The synthesis checkpoint for IP 'D:/Desktop/JYD/Source_code/merge_dualport_bpu/jyd/pipilined5/digital_twin/digital_twin.srcs/sources_1/ip/div_gen_u32_1/div_gen_u32.xci' is already up-to-date
INFO: [Vivado 12-4149] The synthesis checkpoint for IP 'D:/Desktop/JYD/Source_code/merge_dualport_bpu/jyd/pipilined5/digital_twin/digital_twin.srcs/sources_1/ip/mult_gen_u33_1/mult_gen_u33.xci' is already up-to-date
INFO: [Vivado 12-4149] The synthesis checkpoint for IP 'D:/Desktop/JYD/Source_code/merge_dualport_bpu/jyd/pipilined5/digital_twin/digital_twin.srcs/sources_1/ip/pll_1/pll.xci' is already up-to-date
[Sat Jul 11 19:26:42 2026] Launched Try_175mhz...
Run output will be captured here: D:/Desktop/JYD/Source_code/merge_dualport_bpu/jyd/pipilined5/digital_twin/digital_twin.runs/Try_175mhz/runme.log
[Sat Jul 11 19:26:43 2026] Launched impl_9...
Run output will be captured here: D:/Desktop/JYD/Source_code/merge_dualport_bpu/jyd/pipilined5/digital_twin/digital_twin.runs/impl_9/runme.log
current_run [get_runs Try_175mhz]
reset_run Try_175mhz
WARNING: [Vivado 12-1017] Problems encountered:
1. Failed to delete one or more files in run directory D:/Desktop/JYD/Source_code/merge_dualport_bpu/jyd/pipilined5/digital_twin/digital_twin.runs/Try_175mhz

set_property STEPS.PLACE_DESIGN.ARGS.DIRECTIVE ExtraNetDelay_high [get_runs impl_9]
set_property STEPS.ROUTE_DESIGN.ARGS.DIRECTIVE AggressiveExplore [get_runs impl_9]
WARNING: [filemgmt 56-199] Attempt to get parsing info during refresh. "On-the-fly" syntax checking information may be incorrect. [D:\DESKTOP\JYD\Source_code\merge_dualport_bpu\jyd\pipilined5\kldj.srcs2\sources_1\imports\rtl\pipe\ex_bpu_ctrl.v:]
WARNING: [filemgmt 56-199] Attempt to get parsing info during refresh. "On-the-fly" syntax checking information may be incorrect. [D:\DESKTOP\JYD\Source_code\merge_dualport_bpu\jyd\pipilined5\kldj.srcs2\sources_1\imports\rtl\pipe\bpu.v:]
ERROR: [Common 17-180] Spawn failed: No error
launch_runs impl_9 -jobs 8
INFO: [Vivado 12-4149] The synthesis checkpoint for IP 'D:/Desktop/JYD/Source_code/merge_dualport_bpu/jyd/pipilined5/digital_twin/digital_twin.srcs/sources_1/ip/div_gen_u32_1/div_gen_u32.xci' is already up-to-date
INFO: [Vivado 12-4149] The synthesis checkpoint for IP 'D:/Desktop/JYD/Source_code/merge_dualport_bpu/jyd/pipilined5/digital_twin/digital_twin.srcs/sources_1/ip/mult_gen_u33_1/mult_gen_u33.xci' is already up-to-date
INFO: [Vivado 12-4149] The synthesis checkpoint for IP 'D:/Desktop/JYD/Source_code/merge_dualport_bpu/jyd/pipilined5/digital_twin/digital_twin.srcs/sources_1/ip/pll_1/pll.xci' is already up-to-date
[Sat Jul 11 19:27:32 2026] Launched Try_175mhz...
Run output will be captured here: D:/Desktop/JYD/Source_code/merge_dualport_bpu/jyd/pipilined5/digital_twin/digital_twin.runs/Try_175mhz/runme.log
[Sat Jul 11 19:27:32 2026] Launched impl_9...
Run output will be captured here: D:/Desktop/JYD/Source_code/merge_dualport_bpu/jyd/pipilined5/digital_twin/digital_twin.runs/impl_9/runme.log
open_run impl_9
Netlist sorting complete. Time (s): cpu = 00:00:00 ; elapsed = 00:00:00.221 . Memory (MB): peak = 3518.953 ; gain = 0.000
INFO: [Netlist 29-17] Analyzing 1511 Unisim elements for replacement
INFO: [Netlist 29-28] Unisim Transformation completed in 0 CPU seconds
INFO: [Project 1-479] Netlist was created with Vivado 2023.2
INFO: [Project 1-570] Preparing netlist for logic optimization
Read ShapeDB Complete: Time (s): cpu = 00:00:00 ; elapsed = 00:00:00.033 . Memory (MB): peak = 3621.840 ; gain = 3.539
INFO: [Timing 38-478] Restoring timing data from binary archive.
INFO: [Timing 38-479] Binary timing data restore complete.
INFO: [Project 1-856] Restoring constraints from binary archive.
INFO: [Project 1-853] Binary constraint restore complete.
INFO: [Designutils 20-5722] Start Reading Physical Databases.
Reading placement.
Read Netlist Cache: Time (s): cpu = 00:00:00 ; elapsed = 00:00:00.010 . Memory (MB): peak = 3751.281 ; gain = 0.000
Reading placer database...
Read Device Cache: Time (s): cpu = 00:00:00 ; elapsed = 00:00:00.006 . Memory (MB): peak = 3751.281 ; gain = 0.000
Read PlaceDB: Time (s): cpu = 00:00:00 ; elapsed = 00:00:00.309 . Memory (MB): peak = 3751.281 ; gain = 0.000
Read PulsedLatchDB: Time (s): cpu = 00:00:00 ; elapsed = 00:00:00 . Memory (MB): peak = 3751.281 ; gain = 0.000
Reading routing.
Read RouteStorage: Time (s): cpu = 00:00:00 ; elapsed = 00:00:00.164 . Memory (MB): peak = 3751.281 ; gain = 0.000
Read Physdb Files: Time (s): cpu = 00:00:00 ; elapsed = 00:00:00.500 . Memory (MB): peak = 3751.281 ; gain = 0.000
Restored from archive | CPU: 0.000000 secs | Memory: 0.000000 MB |
Finished XDEF File Restore: Time (s): cpu = 00:00:00 ; elapsed = 00:00:00.501 . Memory (MB): peak = 3751.281 ; gain = 0.000
Netlist sorting complete. Time (s): cpu = 00:00:00 ; elapsed = 00:00:00.004 . Memory (MB): peak = 3751.281 ; gain = 0.000
INFO: [Project 1-111] Unisim Transformation Summary:
  A total of 21 instances were transformed.
  RAM64M => RAM64M (RAMD64E(x4)): 19 instances
  RAM64X1D => RAM64X1D (RAMD64E(x2)): 1 instance 
  RAM64X1S => RAM64X1S (RAMS64E): 1 instance 

open_report: Time (s): cpu = 00:00:08 ; elapsed = 00:00:06 . Memory (MB): peak = 3872.008 ; gain = 53.098
set_property -dict [list \
  CONFIG.CLKOUT1_JITTER {173.722} \
  CONFIG.CLKOUT1_PHASE_ERROR {164.344} \
  CONFIG.CLKOUT2_JITTER {136.649} \
  CONFIG.CLKOUT2_PHASE_ERROR {164.344} \
  CONFIG.CLKOUT2_REQUESTED_OUT_FREQ {175} \
  CONFIG.MMCM_CLKFBOUT_MULT_F {21} \
  CONFIG.MMCM_CLKOUT0_DIVIDE_F {21} \
  CONFIG.MMCM_DIVCLK_DIVIDE {4} \
] [get_ips pll]
generate_target all [get_files  D:/Desktop/JYD/Source_code/merge_dualport_bpu/jyd/pipilined5/digital_twin/digital_twin.srcs/sources_1/ip/pll_1/pll.xci]
INFO: [IP_Flow 19-1686] Generating 'Instantiation Template' target for IP 'pll'...
INFO: [IP_Flow 19-1686] Generating 'Synthesis' target for IP 'pll'...
WARNING: [filemgmt 56-199] Attempt to get parsing info during refresh. "On-the-fly" syntax checking information may be incorrect. [D:\DESKTOP\JYD\Source_code\merge_dualport_bpu\jyd\pipilined5\kldj.srcs2\sources_1\imports\rtl\pipe\ex_bpu_ctrl.v:]
WARNING: [filemgmt 56-199] Attempt to get parsing info during refresh. "On-the-fly" syntax checking information may be incorrect. [D:\DESKTOP\JYD\Source_code\merge_dualport_bpu\jyd\pipilined5\kldj.srcs2\sources_1\imports\rtl\pipe\bpu.v:]
INFO: [IP_Flow 19-1686] Generating 'Simulation' target for IP 'pll'...
INFO: [IP_Flow 19-1686] Generating 'Implementation' target for IP 'pll'...
INFO: [IP_Flow 19-1686] Generating 'Change Log' target for IP 'pll'...
catch { config_ip_cache -export [get_ips -all pll] }
INFO: [IP_Flow 19-6924] IPCACHE: Running cache check for IP inst: pll
export_ip_user_files -of_objects [get_files D:/Desktop/JYD/Source_code/merge_dualport_bpu/jyd/pipilined5/digital_twin/digital_twin.srcs/sources_1/ip/pll_1/pll.xci] -no_script -sync -force -quiet
create_ip_run [get_files -of_objects [get_fileset sources_1] D:/Desktop/JYD/Source_code/merge_dualport_bpu/jyd/pipilined5/digital_twin/digital_twin.srcs/sources_1/ip/pll_1/pll.xci]
launch_runs pll_synth_1 -jobs 8
INFO: [IP_Flow 19-6924] IPCACHE: Running cache check for IP inst: pll
[Sat Jul 11 19:33:57 2026] Launched pll_synth_1...
Run output will be captured here: D:/Desktop/JYD/Source_code/merge_dualport_bpu/jyd/pipilined5/digital_twin/digital_twin.runs/pll_synth_1/runme.log
export_simulation -of_objects [get_files D:/Desktop/JYD/Source_code/merge_dualport_bpu/jyd/pipilined5/digital_twin/digital_twin.srcs/sources_1/ip/pll_1/pll.xci] -directory D:/Desktop/JYD/Source_code/merge_dualport_bpu/jyd/pipilined5/digital_twin/digital_twin.ip_user_files/sim_scripts -ip_user_files_dir D:/Desktop/JYD/Source_code/merge_dualport_bpu/jyd/pipilined5/digital_twin/digital_twin.ip_user_files -ipstatic_source_dir D:/Desktop/JYD/Source_code/merge_dualport_bpu/jyd/pipilined5/digital_twin/digital_twin.ip_user_files/ipstatic -lib_map_path [list {modelsim=D:/Desktop/JYD/Source_code/merge_dualport_bpu/jyd/pipilined5/digital_twin/digital_twin.cache/compile_simlib/modelsim} {questa=D:/Desktop/JYD/Source_code/merge_dualport_bpu/jyd/pipilined5/digital_twin/digital_twin.cache/compile_simlib/questa} {riviera=D:/Desktop/JYD/Source_code/merge_dualport_bpu/jyd/pipilined5/digital_twin/digital_twin.cache/compile_simlib/riviera} {activehdl=D:/Desktop/JYD/Source_code/merge_dualport_bpu/jyd/pipilined5/digital_twin/digital_twin.cache/compile_simlib/activehdl}] -use_ip_compiled_libs -force -quiet
WARNING: [filemgmt 56-199] Attempt to get parsing info during refresh. "On-the-fly" syntax checking information may be incorrect. [D:\DESKTOP\JYD\Source_code\merge_dualport_bpu\jyd\pipilined5\kldj.srcs2\sources_1\imports\rtl\pipe\ex_bpu_ctrl.v:]
WARNING: [filemgmt 56-199] Attempt to get parsing info during refresh. "On-the-fly" syntax checking information may be incorrect. [D:\DESKTOP\JYD\Source_code\merge_dualport_bpu\jyd\pipilined5\kldj.srcs2\sources_1\imports\rtl\pipe\bpu.v:]
ERROR: [Common 17-180] Spawn failed: No error
reset_run Try_175mhz
INFO: [Project 1-1160] Copying file D:/Desktop/JYD/Source_code/merge_dualport_bpu/jyd/pipilined5/digital_twin/digital_twin.runs/Try_175mhz/top.dcp to D:/Desktop/JYD/Source_code/merge_dualport_bpu/jyd/pipilined5/digital_twin/digital_twin.srcs/utils_1/imports/Try_175mhz and adding it to utils fileset
WARNING: [filemgmt 56-199] Attempt to get parsing info during refresh. "On-the-fly" syntax checking information may be incorrect. [D:\DESKTOP\JYD\Source_code\merge_dualport_bpu\jyd\pipilined5\kldj.srcs2\sources_1\imports\rtl\pipe\ex_bpu_ctrl.v:]
WARNING: [filemgmt 56-199] Attempt to get parsing info during refresh. "On-the-fly" syntax checking information may be incorrect. [D:\DESKTOP\JYD\Source_code\merge_dualport_bpu\jyd\pipilined5\kldj.srcs2\sources_1\imports\rtl\pipe\bpu.v:]
launch_runs impl_9 -jobs 8
INFO: [Vivado 12-4149] The synthesis checkpoint for IP 'D:/Desktop/JYD/Source_code/merge_dualport_bpu/jyd/pipilined5/digital_twin/digital_twin.srcs/sources_1/ip/div_gen_u32_1/div_gen_u32.xci' is already up-to-date
INFO: [Vivado 12-4149] The synthesis checkpoint for IP 'D:/Desktop/JYD/Source_code/merge_dualport_bpu/jyd/pipilined5/digital_twin/digital_twin.srcs/sources_1/ip/mult_gen_u33_1/mult_gen_u33.xci' is already up-to-date
[Sat Jul 11 19:34:39 2026] Launched Try_175mhz...
Run output will be captured here: D:/Desktop/JYD/Source_code/merge_dualport_bpu/jyd/pipilined5/digital_twin/digital_twin.runs/Try_175mhz/runme.log
[Sat Jul 11 19:34:39 2026] Launched impl_9...
Run output will be captured here: D:/Desktop/JYD/Source_code/merge_dualport_bpu/jyd/pipilined5/digital_twin/digital_twin.runs/impl_9/runme.log
ERROR: [Common 17-180] Spawn failed: No error
refresh_design
Netlist sorting complete. Time (s): cpu = 00:00:00 ; elapsed = 00:00:00.221 . Memory (MB): peak = 4128.105 ; gain = 0.000
INFO: [Netlist 29-17] Analyzing 1511 Unisim elements for replacement
INFO: [Netlist 29-28] Unisim Transformation completed in 0 CPU seconds
INFO: [Project 1-479] Netlist was created with Vivado 2023.2
INFO: [Project 1-570] Preparing netlist for logic optimization
Read ShapeDB Complete: Time (s): cpu = 00:00:00 ; elapsed = 00:00:00.024 . Memory (MB): peak = 4128.105 ; gain = 0.000
INFO: [Timing 38-478] Restoring timing data from binary archive.
INFO: [Timing 38-479] Binary timing data restore complete.
INFO: [Project 1-856] Restoring constraints from binary archive.
INFO: [Project 1-853] Binary constraint restore complete.
INFO: [Designutils 20-5722] Start Reading Physical Databases.
Reading placement.
Read Netlist Cache: Time (s): cpu = 00:00:00 ; elapsed = 00:00:00.009 . Memory (MB): peak = 4128.105 ; gain = 0.000
Reading placer database...
Read Device Cache: Time (s): cpu = 00:00:00 ; elapsed = 00:00:00.005 . Memory (MB): peak = 4128.105 ; gain = 0.000
Read PlaceDB: Time (s): cpu = 00:00:00 ; elapsed = 00:00:00.320 . Memory (MB): peak = 4128.105 ; gain = 0.000
Read PulsedLatchDB: Time (s): cpu = 00:00:00 ; elapsed = 00:00:00 . Memory (MB): peak = 4128.105 ; gain = 0.000
Reading routing.
Read RouteStorage: Time (s): cpu = 00:00:00 ; elapsed = 00:00:00.190 . Memory (MB): peak = 4128.105 ; gain = 0.000
Read Physdb Files: Time (s): cpu = 00:00:00 ; elapsed = 00:00:00.539 . Memory (MB): peak = 4128.105 ; gain = 0.000
Restored from archive | CPU: 0.000000 secs | Memory: 0.000000 MB |
Finished XDEF File Restore: Time (s): cpu = 00:00:00 ; elapsed = 00:00:00.539 . Memory (MB): peak = 4128.105 ; gain = 0.000
open_report: Time (s): cpu = 00:00:08 ; elapsed = 00:00:06 . Memory (MB): peak = 4166.961 ; gain = 38.855
launch_runs impl_9 -to_step write_bitstream -jobs 8
INFO: [Vivado 12-4149] The synthesis checkpoint for IP 'D:/Desktop/JYD/Source_code/merge_dualport_bpu/jyd/pipilined5/digital_twin/digital_twin.srcs/sources_1/ip/div_gen_u32_1/div_gen_u32.xci' is already up-to-date
INFO: [Vivado 12-4149] The synthesis checkpoint for IP 'D:/Desktop/JYD/Source_code/merge_dualport_bpu/jyd/pipilined5/digital_twin/digital_twin.srcs/sources_1/ip/mult_gen_u33_1/mult_gen_u33.xci' is already up-to-date
[Sat Jul 11 19:47:56 2026] Launched impl_9...
Run output will be captured here: D:/Desktop/JYD/Source_code/merge_dualport_bpu/jyd/pipilined5/digital_twin/digital_twin.runs/impl_9/runme.log
