#-----------------------------------------------------------
# Vivado v2023.2 (64-bit)
# SW Build 4029153 on Fri Oct 13 20:14:34 MDT 2023
# IP Build 4028589 on Sat Oct 14 00:45:43 MDT 2023
# SharedData Build 4025554 on Tue Oct 10 17:18:54 MDT 2023
# Start of session at: Sat Jul 11 17:53:23 2026
# Process ID: 28348
# Current directory: D:/DESKTOP/JYD/Source_code/merge_dualport_bpu/jyd/pipilined5/digital_twin
# Command line: vivado.exe -gui_launcher_event rodinguilauncherevent28556 D:\Desktop\JYD\Source_code\merge_dualport_bpu\jyd\pipilined5\digital_twin\digital_twin.xpr
# Log file: D:/DESKTOP/JYD/Source_code/merge_dualport_bpu/jyd/pipilined5/digital_twin/vivado.log
# Journal file: D:/DESKTOP/JYD/Source_code/merge_dualport_bpu/jyd/pipilined5/digital_twin\vivado.jou
# Running On: DESKTOP-MO7L2KR, OS: Windows, CPU Frequency: 3793 MHz, CPU Physical cores: 16, Host memory: 33618 MB
#-----------------------------------------------------------
start_gui
open_project D:/Desktop/JYD/Source_code/merge_dualport_bpu/jyd/pipilined5/digital_twin/digital_twin.xpr
update_compile_order -fileset sources_1
create_run fix_timing3 -flow {Vivado Synthesis 2023}
create_run impl_8 -parent_run fix_timing3 -flow {Vivado Implementation 2023}
launch_runs impl_8 -jobs 8
wait_on_run impl_8
