Property                            Type     Read-only  Value
ALLOWED_SIM_MODELS                  string*  true       rtl
BASE_BOARD_PART                     string   true       
BOARD                               string   true       
BOARD_CONNECTIONS                   string   true       
CLASS                               string   true       ip
CONFIG.ACLKEN                       string   false      false
CONFIG.ACLK_INTF.FREQ_HZ            string   false      1000000
CONFIG.ACLK_INTF.INSERT_VIP         string   false      0
CONFIG.ARESETN                      string   false      true
CONFIG.ARESETN_INTF.INSERT_VIP      string   false      0
CONFIG.Component_Name               string   true       div_gen_u32
CONFIG.FlowControl                  string   false      NonBlocking
CONFIG.M_AXIS_DOUT.INSERT_VIP       string   false      0
CONFIG.OptimizeGoal                 string   false      Performance
CONFIG.OutTLASTBehv                 string   false      Null
CONFIG.OutTready                    string   false      false
CONFIG.S_AXIS_DIVIDEND.INSERT_VIP   string   false      0
CONFIG.S_AXIS_DIVISOR.INSERT_VIP    string   false      0
CONFIG.algorithm_type               string   false      Radix2
CONFIG.clocks_per_division          string   false      1
CONFIG.divide_by_zero_detect        string   false      false
CONFIG.dividend_and_quotient_width  string   false      32
CONFIG.dividend_has_tlast           string   false      false
CONFIG.dividend_has_tuser           string   false      false
CONFIG.dividend_tuser_width         string   false      1
CONFIG.divisor_has_tlast            string   false      false
CONFIG.divisor_has_tuser            string   false      false
CONFIG.divisor_tuser_width          string   false      1
CONFIG.divisor_width                string   false      32
CONFIG.fractional_width             string   false      32
CONFIG.latency                      string   false      34
CONFIG.latency_configuration        string   false      Automatic
CONFIG.operand_sign                 string   false      Unsigned
CONFIG.remainder_type               string   false      Remainder
CORE_REVISION                       long     true       20
DCP_RESOURCE_DATA                   string   true       LUT 1185  LUTAsLogic 1185  LUTAsMem 0  REG 3302  F7MUX 0  F8MUX 0  BRAM 0  DSP 0  GLOBAL_CLOCK_BUFFERS 0  MMCM 0  PLL 0
DELIVERED_TARGETS                   string*  true       instantiation_template synthesis simulation cmodel testbench changelog
DESIGN_TOOL_CONTEXTS                string*  true       HDL IPI Sysgen
IPDEF                               string   true       xilinx.com:ip:div_gen:5.1
IP_CORE_CONTAINER                   string   true       
IP_DIR                              string   true       d:/System/desktop/digital_twin/digital_twin.srcs/sources_1/ip/div_gen_u32
IP_FILE                             string   true       d:/System/desktop/digital_twin/digital_twin.srcs/sources_1/ip/div_gen_u32/div_gen_u32.xci
IS_BD_CONTEXT                       bool     true       0
IS_BOARD_AWARE                      bool     true       0
IS_LOCKED                           bool     true       0
KNOWN_TARGETS                       string*  true       instantiation_template synthesis simulation cmodel testbench changelog
NAME                                string   true       div_gen_u32
PART                                string   true       xc7k325tffg900-2
SELECTED_SIM_MODEL                  enum     false      rtl
STALE_TARGETS                       string*  true       
SUPPORTED_TARGETS                   string*  true       instantiation_template synthesis simulation cmodel testbench changelog
SUPPORTS_MODREF                     bool     true       1
SW_VERSION                          string   true       2023.2
UNSUPPORTED_SIMULATORS              string*  true       
USED_LICENSE_KEYS                   string*  true       
USER_LOCKED                         bool     false      0
