Property                        Type     Read-only  Value
ALLOWED_SIM_MODELS              string*  true       rtl
BASE_BOARD_PART                 string   true       
BOARD                           string   true       
BOARD_CONNECTIONS               string   true       
CLASS                           string   true       ip
CONFIG.CLK_INTF.FREQ_HZ         string   false      10000000
CONFIG.CLK_INTF.INSERT_VIP      string   false      0
CONFIG.CcmImp                   string   false      Distributed_Memory
CONFIG.ClockEnable              string   false      false
CONFIG.Component_Name           string   true       mult_gen_u33
CONFIG.ConstValue               string   false      129
CONFIG.InternalUser             string   false      0
CONFIG.MultType                 string   false      Parallel_Multiplier
CONFIG.Multiplier_Construction  string   false      Use_Mults
CONFIG.OptGoal                  string   false      Speed
CONFIG.OutputWidthHigh          string   false      65
CONFIG.OutputWidthLow           string   false      0
CONFIG.PipeStages               string   false      4
CONFIG.PortAType                string   false      Signed
CONFIG.PortAWidth               string   false      33
CONFIG.PortBType                string   false      Signed
CONFIG.PortBWidth               string   false      33
CONFIG.RoundPoint               string   false      0
CONFIG.SCLR_INTF.INSERT_VIP     string   false      0
CONFIG.SclrCePriority           string   false      SCLR_Overrides_CE
CONFIG.SyncClear                string   false      false
CONFIG.UseRounding              string   false      false
CONFIG.Use_Custom_Output_Width  string   false      false
CONFIG.ZeroDetect               string   false      false
CORE_REVISION                   long     true       19
DCP_RESOURCE_DATA               string   true       LUT 9  LUTAsLogic 0  LUTAsMem 9  REG 50  F7MUX 0  F8MUX 0  BRAM 0  DSP 4  GLOBAL_CLOCK_BUFFERS 0  MMCM 0  PLL 0
DELIVERED_TARGETS               string*  true       instantiation_template synthesis simulation changelog
DESIGN_TOOL_CONTEXTS            string*  true       HDL IPI Sysgen
IPDEF                           string   true       xilinx.com:ip:mult_gen:12.0
IP_CORE_CONTAINER               string   true       
IP_DIR                          string   true       d:/System/desktop/digital_twin/digital_twin.srcs/sources_1/ip/mult_gen_u33
IP_FILE                         string   true       d:/System/desktop/digital_twin/digital_twin.srcs/sources_1/ip/mult_gen_u33/mult_gen_u33.xci
IS_BD_CONTEXT                   bool     true       0
IS_BOARD_AWARE                  bool     true       0
IS_LOCKED                       bool     true       0
KNOWN_TARGETS                   string*  true       instantiation_template synthesis simulation changelog
NAME                            string   true       mult_gen_u33
PART                            string   true       xc7k325tffg900-2
SELECTED_SIM_MODEL              enum     false      rtl
STALE_TARGETS                   string*  true       
SUPPORTED_TARGETS               string*  true       instantiation_template synthesis simulation changelog
SUPPORTS_MODREF                 bool     true       1
SW_VERSION                      string   true       2023.2
UNSUPPORTED_SIMULATORS          string*  true       
USED_LICENSE_KEYS               string*  true       
USER_LOCKED                     bool     false      0
