Copyright 1986-2022 Xilinx, Inc. All Rights Reserved. Copyright 2022-2023 Advanced Micro Devices, Inc. All Rights Reserved.
---------------------------------------------------------------------------------------------------------------------------------------------------------------
| Tool Version : Vivado v.2023.2 (win64) Build 4029153 Fri Oct 13 20:14:34 MDT 2023
| Date         : Sat Jul  4 13:12:55 2026
| Host         : DESKTOP-CGVJL45 running 64-bit major release  (build 9200)
| Command      : report_utilization -hierarchical -file D:/System/desktop/jyd-feature/pipilined5/reports/timing_after_mul_ip/utilization_hier_after_mul_ip.rpt
| Design       : top
| Device       : xc7k325tffg900-2
| Speed File   : -2
| Design State : Routed
---------------------------------------------------------------------------------------------------------------------------------------------------------------

Utilization Design Information

Table of Contents
-----------------
1. Utilization by Hierarchy

1. Utilization by Hierarchy
---------------------------

+-------------------------------------------------------------------------------+------------------------------------------------------+------------+------------+---------+------+------+--------+--------+------------+
|                                    Instance                                   |                        Module                        | Total LUTs | Logic LUTs | LUTRAMs | SRLs |  FFs | RAMB36 | RAMB18 | DSP Blocks |
+-------------------------------------------------------------------------------+------------------------------------------------------+------------+------------+---------+------+------+--------+--------+------------+
| top                                                                           |                                                (top) |      46896 |      14119 |   32768 |    9 | 5839 |      0 |      0 |          4 |
|   (top)                                                                       |                                                (top) |          0 |          0 |       0 |    0 |    0 |      0 |      0 |          0 |
|   pll_inst                                                                    |                                                  pll |          0 |          0 |       0 |    0 |    0 |      0 |      0 |          0 |
|     inst                                                                      |                                          pll_clk_wiz |          0 |          0 |       0 |    0 |    0 |      0 |      0 |          0 |
|   student_top_inst                                                            |                                          student_top |      46704 |      13927 |   32768 |    9 | 5535 |      0 |      0 |          4 |
|     (student_top_inst)                                                        |                                          student_top |          4 |          4 |       0 |    0 |    0 |      0 |      0 |          0 |
|     Mem_IROM                                                                  |                                                 IROM |       1864 |       1864 |       0 |    0 |    0 |      0 |      0 |          0 |
|       U0                                                                      |                            IROM_dist_mem_gen_v8_0_14 |       1864 |       1864 |       0 |    0 |    0 |      0 |      0 |          0 |
|         synth_options.dist_mem_inst                                           |                      IROM_dist_mem_gen_v8_0_14_synth |       1864 |       1864 |       0 |    0 |    0 |      0 |      0 |          0 |
|           gen_rom.rom_inst                                                    |                                             IROM_rom |       1864 |       1864 |       0 |    0 |    0 |      0 |      0 |          0 |
|     bridge_inst                                                               |                                         perip_bridge |      41410 |       8642 |   32768 |    0 |  150 |      0 |      0 |          0 |
|       (bridge_inst)                                                           |                                         perip_bridge |          0 |          0 |       0 |    0 |   96 |      0 |      0 |          0 |
|       counter_inst                                                            |                                              counter |          7 |          7 |       0 |    0 |   49 |      0 |      0 |          0 |
|       dram_driver_inst                                                        |                                          dram_driver |      41365 |       8597 |   32768 |    0 |    0 |      0 |      0 |          0 |
|         Mem_DRAM                                                              |                                                 DRAM |      41365 |       8597 |   32768 |    0 |    0 |      0 |      0 |          0 |
|           U0                                                                  |                            DRAM_dist_mem_gen_v8_0_14 |      41365 |       8597 |   32768 |    0 |    0 |      0 |      0 |          0 |
|             synth_options.dist_mem_inst                                       |                      DRAM_dist_mem_gen_v8_0_14_synth |      41365 |       8597 |   32768 |    0 |    0 |      0 |      0 |          0 |
|               gen_sp_ram.spram_inst                                           |                                           DRAM_spram |      41365 |       8597 |   32768 |    0 |    0 |      0 |      0 |          0 |
|       seg_driver                                                              |                                          display_seg |         38 |         38 |       0 |    0 |    5 |      0 |      0 |          0 |
|     u_KLDJ_top                                                                |                                             KLDJ_top |       3426 |       3417 |       0 |    9 | 5385 |      0 |      0 |          4 |
|       (u_KLDJ_top)                                                            |                                             KLDJ_top |          1 |          1 |       0 |    0 |    0 |      0 |      0 |          0 |
|       exu2                                                                    |                                             KLDJ_exu |       1400 |       1391 |       0 |    9 | 3522 |      0 |      0 |          4 |
|         u_KLDJ_alu                                                            |                                             KLDJ_alu |          0 |          0 |       0 |    0 |    0 |      0 |      0 |          0 |
|           u_alu_add                                                           |                                              alu_add |          0 |          0 |       0 |    0 |    0 |      0 |      0 |          0 |
|         u_div_ip_wrapper                                                      |                                       div_ip_wrapper |       1267 |       1267 |       0 |    0 | 3340 |      0 |      0 |          0 |
|           (u_div_ip_wrapper)                                                  |                                       div_ip_wrapper |        117 |        117 |       0 |    0 |  105 |      0 |      0 |          0 |
|           u_div_gen_u32                                                       |                                          div_gen_u32 |       1150 |       1150 |       0 |    0 | 3235 |      0 |      0 |          0 |
|             U0                                                                |                          div_gen_u32_div_gen_v5_1_20 |       1150 |       1150 |       0 |    0 | 3235 |      0 |      0 |          0 |
|               i_synth                                                         |                      div_gen_u32_div_gen_v5_1_20_viv |       1150 |       1150 |       0 |    0 | 3235 |      0 |      0 |          0 |
|                 i_has_aresetn.i_reg_reset                                     |                     div_gen_u32_xbip_pipe_v3_0_7_viv |          0 |          0 |       0 |    0 |    1 |      0 |      0 |          0 |
|                 i_nd_to_rdy                                                   |     div_gen_u32_xbip_pipe_v3_0_7_viv__parameterized1 |          1 |          1 |       0 |    0 |   34 |      0 |      0 |          0 |
|                 i_nonzero_fract.i_synth                                       |                            div_gen_u32_div_gen_synth |       1149 |       1149 |       0 |    0 | 3200 |      0 |      0 |          0 |
|                   i_algo_r2_or_lutmult.i_nonzero_fract.i_sdivider             |                       div_gen_u32_bip_sdivider_synth |       1149 |       1149 |       0 |    0 | 3200 |      0 |      0 |          0 |
|                     i_sdivider.divider_blk                                    |                             div_gen_u32_dividervdc_v |       1149 |       1149 |       0 |    0 | 3200 |      0 |      0 |          0 |
|                       (i_sdivider.divider_blk)                                |                             div_gen_u32_dividervdc_v |         32 |         32 |       0 |    0 |    0 |      0 |      0 |          0 |
|                       div_loop[0].adder_gen.reg_req.adsu_mod                  |                              div_gen_u32_addsubreg_v |         33 |         33 |       0 |    0 |   33 |      0 |      0 |          0 |
|                         add1                                                  |                         div_gen_u32_c_addsub_viv_217 |         33 |         33 |       0 |    0 |   33 |      0 |      0 |          0 |
|                           no_pipelining.the_addsub                            |                        div_gen_u32_c_addsub_lut6_218 |         33 |         33 |       0 |    0 |   33 |      0 |      0 |          0 |
|                             (no_pipelining.the_addsub)                        |                        div_gen_u32_c_addsub_lut6_218 |         31 |         31 |       0 |    0 |    0 |      0 |      0 |          0 |
|                             i_q_simple.qreg                                   | div_gen_u32_xbip_pipe_v3_0_7_viv__parameterized9_220 |          2 |          2 |       0 |    0 |   33 |      0 |      0 |          0 |
|                       div_loop[0].divisor_gen.divisor_dc1.del_divisor_msbs    |     div_gen_u32_xbip_pipe_v3_0_7_viv__parameterized5 |          1 |          1 |       0 |    0 |   32 |      0 |      0 |          0 |
|                       div_loop[0].num_stages.numerator_gen.del_numer          |     div_gen_u32_xbip_pipe_v3_0_7_viv__parameterized3 |          0 |          0 |       0 |    0 |   32 |      0 |      0 |          0 |
|                       div_loop[10].adder_gen.reg_req.adsu_mod                 |                            div_gen_u32_addsubreg_v_0 |         34 |         34 |       0 |    0 |   33 |      0 |      0 |          0 |
|                         add1                                                  |                         div_gen_u32_c_addsub_viv_212 |         34 |         34 |       0 |    0 |   33 |      0 |      0 |          0 |
|                           no_pipelining.the_addsub                            |                        div_gen_u32_c_addsub_lut6_213 |         34 |         34 |       0 |    0 |   33 |      0 |      0 |          0 |
|                             (no_pipelining.the_addsub)                        |                        div_gen_u32_c_addsub_lut6_213 |         32 |         32 |       0 |    0 |    0 |      0 |      0 |          0 |
|                             i_q_simple.qreg                                   | div_gen_u32_xbip_pipe_v3_0_7_viv__parameterized9_215 |          2 |          2 |       0 |    0 |   33 |      0 |      0 |          0 |
|                       div_loop[10].divisor_gen.divisor_dc1.del_divisor_msbs   |   div_gen_u32_xbip_pipe_v3_0_7_viv__parameterized5_1 |          0 |          0 |       0 |    0 |   32 |      0 |      0 |          0 |
|                       div_loop[10].num_stages.numerator_gen.del_numer         |    div_gen_u32_xbip_pipe_v3_0_7_viv__parameterized47 |          0 |          0 |       0 |    0 |   22 |      0 |      0 |          0 |
|                       div_loop[10].quot_gen.quot_reg.i_div1.quot_out          |    div_gen_u32_xbip_pipe_v3_0_7_viv__parameterized49 |          0 |          0 |       0 |    0 |   10 |      0 |      0 |          0 |
|                       div_loop[11].adder_gen.reg_req.adsu_mod                 |                            div_gen_u32_addsubreg_v_2 |         34 |         34 |       0 |    0 |   33 |      0 |      0 |          0 |
|                         add1                                                  |                         div_gen_u32_c_addsub_viv_207 |         34 |         34 |       0 |    0 |   33 |      0 |      0 |          0 |
|                           no_pipelining.the_addsub                            |                        div_gen_u32_c_addsub_lut6_208 |         34 |         34 |       0 |    0 |   33 |      0 |      0 |          0 |
|                             (no_pipelining.the_addsub)                        |                        div_gen_u32_c_addsub_lut6_208 |         32 |         32 |       0 |    0 |    0 |      0 |      0 |          0 |
|                             i_q_simple.qreg                                   | div_gen_u32_xbip_pipe_v3_0_7_viv__parameterized9_210 |          2 |          2 |       0 |    0 |   33 |      0 |      0 |          0 |
|                       div_loop[11].divisor_gen.divisor_dc1.del_divisor_msbs   |   div_gen_u32_xbip_pipe_v3_0_7_viv__parameterized5_3 |          0 |          0 |       0 |    0 |   32 |      0 |      0 |          0 |
|                       div_loop[11].num_stages.numerator_gen.del_numer         |    div_gen_u32_xbip_pipe_v3_0_7_viv__parameterized51 |          0 |          0 |       0 |    0 |   21 |      0 |      0 |          0 |
|                       div_loop[11].quot_gen.quot_reg.i_div1.quot_out          |    div_gen_u32_xbip_pipe_v3_0_7_viv__parameterized53 |          0 |          0 |       0 |    0 |   11 |      0 |      0 |          0 |
|                       div_loop[12].adder_gen.reg_req.adsu_mod                 |                            div_gen_u32_addsubreg_v_4 |         34 |         34 |       0 |    0 |   33 |      0 |      0 |          0 |
|                         add1                                                  |                         div_gen_u32_c_addsub_viv_202 |         34 |         34 |       0 |    0 |   33 |      0 |      0 |          0 |
|                           no_pipelining.the_addsub                            |                        div_gen_u32_c_addsub_lut6_203 |         34 |         34 |       0 |    0 |   33 |      0 |      0 |          0 |
|                             (no_pipelining.the_addsub)                        |                        div_gen_u32_c_addsub_lut6_203 |         32 |         32 |       0 |    0 |    0 |      0 |      0 |          0 |
|                             i_q_simple.qreg                                   | div_gen_u32_xbip_pipe_v3_0_7_viv__parameterized9_205 |          2 |          2 |       0 |    0 |   33 |      0 |      0 |          0 |
|                       div_loop[12].divisor_gen.divisor_dc1.del_divisor_msbs   |   div_gen_u32_xbip_pipe_v3_0_7_viv__parameterized5_5 |          0 |          0 |       0 |    0 |   32 |      0 |      0 |          0 |
|                       div_loop[12].num_stages.numerator_gen.del_numer         |    div_gen_u32_xbip_pipe_v3_0_7_viv__parameterized55 |          0 |          0 |       0 |    0 |   20 |      0 |      0 |          0 |
|                       div_loop[12].quot_gen.quot_reg.i_div1.quot_out          |    div_gen_u32_xbip_pipe_v3_0_7_viv__parameterized57 |          0 |          0 |       0 |    0 |   12 |      0 |      0 |          0 |
|                       div_loop[13].adder_gen.reg_req.adsu_mod                 |                            div_gen_u32_addsubreg_v_6 |         34 |         34 |       0 |    0 |   33 |      0 |      0 |          0 |
|                         add1                                                  |                         div_gen_u32_c_addsub_viv_197 |         34 |         34 |       0 |    0 |   33 |      0 |      0 |          0 |
|                           no_pipelining.the_addsub                            |                        div_gen_u32_c_addsub_lut6_198 |         34 |         34 |       0 |    0 |   33 |      0 |      0 |          0 |
|                             (no_pipelining.the_addsub)                        |                        div_gen_u32_c_addsub_lut6_198 |         32 |         32 |       0 |    0 |    0 |      0 |      0 |          0 |
|                             i_q_simple.qreg                                   | div_gen_u32_xbip_pipe_v3_0_7_viv__parameterized9_200 |          2 |          2 |       0 |    0 |   33 |      0 |      0 |          0 |
|                       div_loop[13].divisor_gen.divisor_dc1.del_divisor_msbs   |   div_gen_u32_xbip_pipe_v3_0_7_viv__parameterized5_7 |          0 |          0 |       0 |    0 |   32 |      0 |      0 |          0 |
|                       div_loop[13].num_stages.numerator_gen.del_numer         |    div_gen_u32_xbip_pipe_v3_0_7_viv__parameterized59 |          0 |          0 |       0 |    0 |   19 |      0 |      0 |          0 |
|                       div_loop[13].quot_gen.quot_reg.i_div1.quot_out          |    div_gen_u32_xbip_pipe_v3_0_7_viv__parameterized61 |          0 |          0 |       0 |    0 |   13 |      0 |      0 |          0 |
|                       div_loop[14].adder_gen.reg_req.adsu_mod                 |                            div_gen_u32_addsubreg_v_8 |         34 |         34 |       0 |    0 |   33 |      0 |      0 |          0 |
|                         add1                                                  |                         div_gen_u32_c_addsub_viv_192 |         34 |         34 |       0 |    0 |   33 |      0 |      0 |          0 |
|                           no_pipelining.the_addsub                            |                        div_gen_u32_c_addsub_lut6_193 |         34 |         34 |       0 |    0 |   33 |      0 |      0 |          0 |
|                             (no_pipelining.the_addsub)                        |                        div_gen_u32_c_addsub_lut6_193 |         32 |         32 |       0 |    0 |    0 |      0 |      0 |          0 |
|                             i_q_simple.qreg                                   | div_gen_u32_xbip_pipe_v3_0_7_viv__parameterized9_195 |          2 |          2 |       0 |    0 |   33 |      0 |      0 |          0 |
|                       div_loop[14].divisor_gen.divisor_dc1.del_divisor_msbs   |   div_gen_u32_xbip_pipe_v3_0_7_viv__parameterized5_9 |          0 |          0 |       0 |    0 |   32 |      0 |      0 |          0 |
|                       div_loop[14].num_stages.numerator_gen.del_numer         |    div_gen_u32_xbip_pipe_v3_0_7_viv__parameterized63 |          0 |          0 |       0 |    0 |   18 |      0 |      0 |          0 |
|                       div_loop[14].quot_gen.quot_reg.i_div1.quot_out          |    div_gen_u32_xbip_pipe_v3_0_7_viv__parameterized65 |          0 |          0 |       0 |    0 |   14 |      0 |      0 |          0 |
|                       div_loop[15].adder_gen.reg_req.adsu_mod                 |                           div_gen_u32_addsubreg_v_10 |         34 |         34 |       0 |    0 |   33 |      0 |      0 |          0 |
|                         add1                                                  |                         div_gen_u32_c_addsub_viv_187 |         34 |         34 |       0 |    0 |   33 |      0 |      0 |          0 |
|                           no_pipelining.the_addsub                            |                        div_gen_u32_c_addsub_lut6_188 |         34 |         34 |       0 |    0 |   33 |      0 |      0 |          0 |
|                             (no_pipelining.the_addsub)                        |                        div_gen_u32_c_addsub_lut6_188 |         32 |         32 |       0 |    0 |    0 |      0 |      0 |          0 |
|                             i_q_simple.qreg                                   | div_gen_u32_xbip_pipe_v3_0_7_viv__parameterized9_190 |          2 |          2 |       0 |    0 |   33 |      0 |      0 |          0 |
|                       div_loop[15].divisor_gen.divisor_dc1.del_divisor_msbs   |  div_gen_u32_xbip_pipe_v3_0_7_viv__parameterized5_11 |          0 |          0 |       0 |    0 |   32 |      0 |      0 |          0 |
|                       div_loop[15].num_stages.numerator_gen.del_numer         |    div_gen_u32_xbip_pipe_v3_0_7_viv__parameterized67 |          0 |          0 |       0 |    0 |   17 |      0 |      0 |          0 |
|                       div_loop[15].quot_gen.quot_reg.i_div1.quot_out          |    div_gen_u32_xbip_pipe_v3_0_7_viv__parameterized69 |          0 |          0 |       0 |    0 |   15 |      0 |      0 |          0 |
|                       div_loop[16].adder_gen.reg_req.adsu_mod                 |                           div_gen_u32_addsubreg_v_12 |         34 |         34 |       0 |    0 |   33 |      0 |      0 |          0 |
|                         add1                                                  |                         div_gen_u32_c_addsub_viv_182 |         34 |         34 |       0 |    0 |   33 |      0 |      0 |          0 |
|                           no_pipelining.the_addsub                            |                        div_gen_u32_c_addsub_lut6_183 |         34 |         34 |       0 |    0 |   33 |      0 |      0 |          0 |
|                             (no_pipelining.the_addsub)                        |                        div_gen_u32_c_addsub_lut6_183 |         32 |         32 |       0 |    0 |    0 |      0 |      0 |          0 |
|                             i_q_simple.qreg                                   | div_gen_u32_xbip_pipe_v3_0_7_viv__parameterized9_185 |          2 |          2 |       0 |    0 |   33 |      0 |      0 |          0 |
|                       div_loop[16].divisor_gen.divisor_dc1.del_divisor_msbs   |  div_gen_u32_xbip_pipe_v3_0_7_viv__parameterized5_13 |          0 |          0 |       0 |    0 |   32 |      0 |      0 |          0 |
|                       div_loop[16].num_stages.numerator_gen.del_numer         |    div_gen_u32_xbip_pipe_v3_0_7_viv__parameterized71 |          0 |          0 |       0 |    0 |   16 |      0 |      0 |          0 |
|                       div_loop[16].quot_gen.quot_reg.i_div1.quot_out          |    div_gen_u32_xbip_pipe_v3_0_7_viv__parameterized73 |          0 |          0 |       0 |    0 |   16 |      0 |      0 |          0 |
|                       div_loop[17].adder_gen.reg_req.adsu_mod                 |                           div_gen_u32_addsubreg_v_14 |         34 |         34 |       0 |    0 |   33 |      0 |      0 |          0 |
|                         add1                                                  |                         div_gen_u32_c_addsub_viv_177 |         34 |         34 |       0 |    0 |   33 |      0 |      0 |          0 |
|                           no_pipelining.the_addsub                            |                        div_gen_u32_c_addsub_lut6_178 |         34 |         34 |       0 |    0 |   33 |      0 |      0 |          0 |
|                             (no_pipelining.the_addsub)                        |                        div_gen_u32_c_addsub_lut6_178 |         32 |         32 |       0 |    0 |    0 |      0 |      0 |          0 |
|                             i_q_simple.qreg                                   | div_gen_u32_xbip_pipe_v3_0_7_viv__parameterized9_180 |          2 |          2 |       0 |    0 |   33 |      0 |      0 |          0 |
|                       div_loop[17].divisor_gen.divisor_dc1.del_divisor_msbs   |  div_gen_u32_xbip_pipe_v3_0_7_viv__parameterized5_15 |          0 |          0 |       0 |    0 |   32 |      0 |      0 |          0 |
|                       div_loop[17].num_stages.numerator_gen.del_numer         |    div_gen_u32_xbip_pipe_v3_0_7_viv__parameterized75 |          0 |          0 |       0 |    0 |   15 |      0 |      0 |          0 |
|                       div_loop[17].quot_gen.quot_reg.i_div1.quot_out          |    div_gen_u32_xbip_pipe_v3_0_7_viv__parameterized77 |          0 |          0 |       0 |    0 |   17 |      0 |      0 |          0 |
|                       div_loop[18].adder_gen.reg_req.adsu_mod                 |                           div_gen_u32_addsubreg_v_16 |         34 |         34 |       0 |    0 |   33 |      0 |      0 |          0 |
|                         add1                                                  |                         div_gen_u32_c_addsub_viv_172 |         34 |         34 |       0 |    0 |   33 |      0 |      0 |          0 |
|                           no_pipelining.the_addsub                            |                        div_gen_u32_c_addsub_lut6_173 |         34 |         34 |       0 |    0 |   33 |      0 |      0 |          0 |
|                             (no_pipelining.the_addsub)                        |                        div_gen_u32_c_addsub_lut6_173 |         32 |         32 |       0 |    0 |    0 |      0 |      0 |          0 |
|                             i_q_simple.qreg                                   | div_gen_u32_xbip_pipe_v3_0_7_viv__parameterized9_175 |          2 |          2 |       0 |    0 |   33 |      0 |      0 |          0 |
|                       div_loop[18].divisor_gen.divisor_dc1.del_divisor_msbs   |  div_gen_u32_xbip_pipe_v3_0_7_viv__parameterized5_17 |          0 |          0 |       0 |    0 |   32 |      0 |      0 |          0 |
|                       div_loop[18].num_stages.numerator_gen.del_numer         |    div_gen_u32_xbip_pipe_v3_0_7_viv__parameterized79 |          0 |          0 |       0 |    0 |   14 |      0 |      0 |          0 |
|                       div_loop[18].quot_gen.quot_reg.i_div1.quot_out          |    div_gen_u32_xbip_pipe_v3_0_7_viv__parameterized81 |          0 |          0 |       0 |    0 |   18 |      0 |      0 |          0 |
|                       div_loop[19].adder_gen.reg_req.adsu_mod                 |                           div_gen_u32_addsubreg_v_18 |         34 |         34 |       0 |    0 |   33 |      0 |      0 |          0 |
|                         add1                                                  |                         div_gen_u32_c_addsub_viv_167 |         34 |         34 |       0 |    0 |   33 |      0 |      0 |          0 |
|                           no_pipelining.the_addsub                            |                        div_gen_u32_c_addsub_lut6_168 |         34 |         34 |       0 |    0 |   33 |      0 |      0 |          0 |
|                             (no_pipelining.the_addsub)                        |                        div_gen_u32_c_addsub_lut6_168 |         32 |         32 |       0 |    0 |    0 |      0 |      0 |          0 |
|                             i_q_simple.qreg                                   | div_gen_u32_xbip_pipe_v3_0_7_viv__parameterized9_170 |          2 |          2 |       0 |    0 |   33 |      0 |      0 |          0 |
|                       div_loop[19].divisor_gen.divisor_dc1.del_divisor_msbs   |  div_gen_u32_xbip_pipe_v3_0_7_viv__parameterized5_19 |          0 |          0 |       0 |    0 |   32 |      0 |      0 |          0 |
|                       div_loop[19].num_stages.numerator_gen.del_numer         |    div_gen_u32_xbip_pipe_v3_0_7_viv__parameterized83 |          0 |          0 |       0 |    0 |   13 |      0 |      0 |          0 |
|                       div_loop[19].quot_gen.quot_reg.i_div1.quot_out          |    div_gen_u32_xbip_pipe_v3_0_7_viv__parameterized85 |          0 |          0 |       0 |    0 |   19 |      0 |      0 |          0 |
|                       div_loop[1].adder_gen.reg_req.adsu_mod                  |                           div_gen_u32_addsubreg_v_20 |         34 |         34 |       0 |    0 |   33 |      0 |      0 |          0 |
|                         add1                                                  |                         div_gen_u32_c_addsub_viv_162 |         34 |         34 |       0 |    0 |   33 |      0 |      0 |          0 |
|                           no_pipelining.the_addsub                            |                        div_gen_u32_c_addsub_lut6_163 |         34 |         34 |       0 |    0 |   33 |      0 |      0 |          0 |
|                             (no_pipelining.the_addsub)                        |                        div_gen_u32_c_addsub_lut6_163 |         32 |         32 |       0 |    0 |    0 |      0 |      0 |          0 |
|                             i_q_simple.qreg                                   | div_gen_u32_xbip_pipe_v3_0_7_viv__parameterized9_165 |          2 |          2 |       0 |    0 |   33 |      0 |      0 |          0 |
|                       div_loop[1].divisor_gen.divisor_dc1.del_divisor_msbs    |  div_gen_u32_xbip_pipe_v3_0_7_viv__parameterized5_21 |          0 |          0 |       0 |    0 |   32 |      0 |      0 |          0 |
|                       div_loop[1].num_stages.numerator_gen.del_numer          |    div_gen_u32_xbip_pipe_v3_0_7_viv__parameterized11 |          0 |          0 |       0 |    0 |   31 |      0 |      0 |          0 |
|                       div_loop[1].quot_gen.quot_reg.i_div1.quot_out           |    div_gen_u32_xbip_pipe_v3_0_7_viv__parameterized13 |          0 |          0 |       0 |    0 |    1 |      0 |      0 |          0 |
|                       div_loop[20].adder_gen.reg_req.adsu_mod                 |                           div_gen_u32_addsubreg_v_22 |         34 |         34 |       0 |    0 |   33 |      0 |      0 |          0 |
|                         add1                                                  |                         div_gen_u32_c_addsub_viv_157 |         34 |         34 |       0 |    0 |   33 |      0 |      0 |          0 |
|                           no_pipelining.the_addsub                            |                        div_gen_u32_c_addsub_lut6_158 |         34 |         34 |       0 |    0 |   33 |      0 |      0 |          0 |
|                             (no_pipelining.the_addsub)                        |                        div_gen_u32_c_addsub_lut6_158 |         32 |         32 |       0 |    0 |    0 |      0 |      0 |          0 |
|                             i_q_simple.qreg                                   | div_gen_u32_xbip_pipe_v3_0_7_viv__parameterized9_160 |          2 |          2 |       0 |    0 |   33 |      0 |      0 |          0 |
|                       div_loop[20].divisor_gen.divisor_dc1.del_divisor_msbs   |  div_gen_u32_xbip_pipe_v3_0_7_viv__parameterized5_23 |          0 |          0 |       0 |    0 |   32 |      0 |      0 |          0 |
|                       div_loop[20].num_stages.numerator_gen.del_numer         |    div_gen_u32_xbip_pipe_v3_0_7_viv__parameterized87 |          0 |          0 |       0 |    0 |   12 |      0 |      0 |          0 |
|                       div_loop[20].quot_gen.quot_reg.i_div1.quot_out          |    div_gen_u32_xbip_pipe_v3_0_7_viv__parameterized89 |          0 |          0 |       0 |    0 |   20 |      0 |      0 |          0 |
|                       div_loop[21].adder_gen.reg_req.adsu_mod                 |                           div_gen_u32_addsubreg_v_24 |         34 |         34 |       0 |    0 |   33 |      0 |      0 |          0 |
|                         add1                                                  |                         div_gen_u32_c_addsub_viv_152 |         34 |         34 |       0 |    0 |   33 |      0 |      0 |          0 |
|                           no_pipelining.the_addsub                            |                        div_gen_u32_c_addsub_lut6_153 |         34 |         34 |       0 |    0 |   33 |      0 |      0 |          0 |
|                             (no_pipelining.the_addsub)                        |                        div_gen_u32_c_addsub_lut6_153 |         32 |         32 |       0 |    0 |    0 |      0 |      0 |          0 |
|                             i_q_simple.qreg                                   | div_gen_u32_xbip_pipe_v3_0_7_viv__parameterized9_155 |          2 |          2 |       0 |    0 |   33 |      0 |      0 |          0 |
|                       div_loop[21].divisor_gen.divisor_dc1.del_divisor_msbs   |  div_gen_u32_xbip_pipe_v3_0_7_viv__parameterized5_25 |          0 |          0 |       0 |    0 |   32 |      0 |      0 |          0 |
|                       div_loop[21].num_stages.numerator_gen.del_numer         |    div_gen_u32_xbip_pipe_v3_0_7_viv__parameterized91 |          0 |          0 |       0 |    0 |   11 |      0 |      0 |          0 |
|                       div_loop[21].quot_gen.quot_reg.i_div1.quot_out          |    div_gen_u32_xbip_pipe_v3_0_7_viv__parameterized93 |          0 |          0 |       0 |    0 |   21 |      0 |      0 |          0 |
|                       div_loop[22].adder_gen.reg_req.adsu_mod                 |                           div_gen_u32_addsubreg_v_26 |         34 |         34 |       0 |    0 |   33 |      0 |      0 |          0 |
|                         add1                                                  |                         div_gen_u32_c_addsub_viv_147 |         34 |         34 |       0 |    0 |   33 |      0 |      0 |          0 |
|                           no_pipelining.the_addsub                            |                        div_gen_u32_c_addsub_lut6_148 |         34 |         34 |       0 |    0 |   33 |      0 |      0 |          0 |
|                             (no_pipelining.the_addsub)                        |                        div_gen_u32_c_addsub_lut6_148 |         32 |         32 |       0 |    0 |    0 |      0 |      0 |          0 |
|                             i_q_simple.qreg                                   | div_gen_u32_xbip_pipe_v3_0_7_viv__parameterized9_150 |          2 |          2 |       0 |    0 |   33 |      0 |      0 |          0 |
|                       div_loop[22].divisor_gen.divisor_dc1.del_divisor_msbs   |  div_gen_u32_xbip_pipe_v3_0_7_viv__parameterized5_27 |          0 |          0 |       0 |    0 |   32 |      0 |      0 |          0 |
|                       div_loop[22].num_stages.numerator_gen.del_numer         |    div_gen_u32_xbip_pipe_v3_0_7_viv__parameterized95 |          0 |          0 |       0 |    0 |   10 |      0 |      0 |          0 |
|                       div_loop[22].quot_gen.quot_reg.i_div1.quot_out          |    div_gen_u32_xbip_pipe_v3_0_7_viv__parameterized97 |          0 |          0 |       0 |    0 |   22 |      0 |      0 |          0 |
|                       div_loop[23].adder_gen.reg_req.adsu_mod                 |                           div_gen_u32_addsubreg_v_28 |         34 |         34 |       0 |    0 |   33 |      0 |      0 |          0 |
|                         add1                                                  |                         div_gen_u32_c_addsub_viv_142 |         34 |         34 |       0 |    0 |   33 |      0 |      0 |          0 |
|                           no_pipelining.the_addsub                            |                        div_gen_u32_c_addsub_lut6_143 |         34 |         34 |       0 |    0 |   33 |      0 |      0 |          0 |
|                             (no_pipelining.the_addsub)                        |                        div_gen_u32_c_addsub_lut6_143 |         32 |         32 |       0 |    0 |    0 |      0 |      0 |          0 |
|                             i_q_simple.qreg                                   | div_gen_u32_xbip_pipe_v3_0_7_viv__parameterized9_145 |          2 |          2 |       0 |    0 |   33 |      0 |      0 |          0 |
|                       div_loop[23].divisor_gen.divisor_dc1.del_divisor_msbs   |  div_gen_u32_xbip_pipe_v3_0_7_viv__parameterized5_29 |          0 |          0 |       0 |    0 |   32 |      0 |      0 |          0 |
|                       div_loop[23].num_stages.numerator_gen.del_numer         |    div_gen_u32_xbip_pipe_v3_0_7_viv__parameterized99 |          0 |          0 |       0 |    0 |    9 |      0 |      0 |          0 |
|                       div_loop[23].quot_gen.quot_reg.i_div1.quot_out          |   div_gen_u32_xbip_pipe_v3_0_7_viv__parameterized101 |          0 |          0 |       0 |    0 |   23 |      0 |      0 |          0 |
|                       div_loop[24].adder_gen.reg_req.adsu_mod                 |                           div_gen_u32_addsubreg_v_30 |         34 |         34 |       0 |    0 |   33 |      0 |      0 |          0 |
|                         add1                                                  |                         div_gen_u32_c_addsub_viv_137 |         34 |         34 |       0 |    0 |   33 |      0 |      0 |          0 |
|                           no_pipelining.the_addsub                            |                        div_gen_u32_c_addsub_lut6_138 |         34 |         34 |       0 |    0 |   33 |      0 |      0 |          0 |
|                             (no_pipelining.the_addsub)                        |                        div_gen_u32_c_addsub_lut6_138 |         32 |         32 |       0 |    0 |    0 |      0 |      0 |          0 |
|                             i_q_simple.qreg                                   | div_gen_u32_xbip_pipe_v3_0_7_viv__parameterized9_140 |          2 |          2 |       0 |    0 |   33 |      0 |      0 |          0 |
|                       div_loop[24].divisor_gen.divisor_dc1.del_divisor_msbs   |  div_gen_u32_xbip_pipe_v3_0_7_viv__parameterized5_31 |          0 |          0 |       0 |    0 |   32 |      0 |      0 |          0 |
|                       div_loop[24].num_stages.numerator_gen.del_numer         |   div_gen_u32_xbip_pipe_v3_0_7_viv__parameterized103 |          0 |          0 |       0 |    0 |    8 |      0 |      0 |          0 |
|                       div_loop[24].quot_gen.quot_reg.i_div1.quot_out          |   div_gen_u32_xbip_pipe_v3_0_7_viv__parameterized105 |          0 |          0 |       0 |    0 |   24 |      0 |      0 |          0 |
|                       div_loop[25].adder_gen.reg_req.adsu_mod                 |                           div_gen_u32_addsubreg_v_32 |         34 |         34 |       0 |    0 |   33 |      0 |      0 |          0 |
|                         add1                                                  |                         div_gen_u32_c_addsub_viv_132 |         34 |         34 |       0 |    0 |   33 |      0 |      0 |          0 |
|                           no_pipelining.the_addsub                            |                        div_gen_u32_c_addsub_lut6_133 |         34 |         34 |       0 |    0 |   33 |      0 |      0 |          0 |
|                             (no_pipelining.the_addsub)                        |                        div_gen_u32_c_addsub_lut6_133 |         32 |         32 |       0 |    0 |    0 |      0 |      0 |          0 |
|                             i_q_simple.qreg                                   | div_gen_u32_xbip_pipe_v3_0_7_viv__parameterized9_135 |          2 |          2 |       0 |    0 |   33 |      0 |      0 |          0 |
|                       div_loop[25].divisor_gen.divisor_dc1.del_divisor_msbs   |  div_gen_u32_xbip_pipe_v3_0_7_viv__parameterized5_33 |          0 |          0 |       0 |    0 |   32 |      0 |      0 |          0 |
|                       div_loop[25].num_stages.numerator_gen.del_numer         |   div_gen_u32_xbip_pipe_v3_0_7_viv__parameterized107 |          0 |          0 |       0 |    0 |    7 |      0 |      0 |          0 |
|                       div_loop[25].quot_gen.quot_reg.i_div1.quot_out          |   div_gen_u32_xbip_pipe_v3_0_7_viv__parameterized109 |          0 |          0 |       0 |    0 |   25 |      0 |      0 |          0 |
|                       div_loop[26].adder_gen.reg_req.adsu_mod                 |                           div_gen_u32_addsubreg_v_34 |         34 |         34 |       0 |    0 |   33 |      0 |      0 |          0 |
|                         add1                                                  |                         div_gen_u32_c_addsub_viv_127 |         34 |         34 |       0 |    0 |   33 |      0 |      0 |          0 |
|                           no_pipelining.the_addsub                            |                        div_gen_u32_c_addsub_lut6_128 |         34 |         34 |       0 |    0 |   33 |      0 |      0 |          0 |
|                             (no_pipelining.the_addsub)                        |                        div_gen_u32_c_addsub_lut6_128 |         32 |         32 |       0 |    0 |    0 |      0 |      0 |          0 |
|                             i_q_simple.qreg                                   | div_gen_u32_xbip_pipe_v3_0_7_viv__parameterized9_130 |          2 |          2 |       0 |    0 |   33 |      0 |      0 |          0 |
|                       div_loop[26].divisor_gen.divisor_dc1.del_divisor_msbs   |  div_gen_u32_xbip_pipe_v3_0_7_viv__parameterized5_35 |          0 |          0 |       0 |    0 |   32 |      0 |      0 |          0 |
|                       div_loop[26].num_stages.numerator_gen.del_numer         |   div_gen_u32_xbip_pipe_v3_0_7_viv__parameterized111 |          0 |          0 |       0 |    0 |    6 |      0 |      0 |          0 |
|                       div_loop[26].quot_gen.quot_reg.i_div1.quot_out          |   div_gen_u32_xbip_pipe_v3_0_7_viv__parameterized113 |          0 |          0 |       0 |    0 |   26 |      0 |      0 |          0 |
|                       div_loop[27].adder_gen.reg_req.adsu_mod                 |                           div_gen_u32_addsubreg_v_36 |         34 |         34 |       0 |    0 |   33 |      0 |      0 |          0 |
|                         add1                                                  |                         div_gen_u32_c_addsub_viv_122 |         34 |         34 |       0 |    0 |   33 |      0 |      0 |          0 |
|                           no_pipelining.the_addsub                            |                        div_gen_u32_c_addsub_lut6_123 |         34 |         34 |       0 |    0 |   33 |      0 |      0 |          0 |
|                             (no_pipelining.the_addsub)                        |                        div_gen_u32_c_addsub_lut6_123 |         32 |         32 |       0 |    0 |    0 |      0 |      0 |          0 |
|                             i_q_simple.qreg                                   | div_gen_u32_xbip_pipe_v3_0_7_viv__parameterized9_125 |          2 |          2 |       0 |    0 |   33 |      0 |      0 |          0 |
|                       div_loop[27].divisor_gen.divisor_dc1.del_divisor_msbs   |  div_gen_u32_xbip_pipe_v3_0_7_viv__parameterized5_37 |          0 |          0 |       0 |    0 |   32 |      0 |      0 |          0 |
|                       div_loop[27].num_stages.numerator_gen.del_numer         |   div_gen_u32_xbip_pipe_v3_0_7_viv__parameterized115 |          0 |          0 |       0 |    0 |    5 |      0 |      0 |          0 |
|                       div_loop[27].quot_gen.quot_reg.i_div1.quot_out          |   div_gen_u32_xbip_pipe_v3_0_7_viv__parameterized117 |          0 |          0 |       0 |    0 |   27 |      0 |      0 |          0 |
|                       div_loop[28].adder_gen.reg_req.adsu_mod                 |                           div_gen_u32_addsubreg_v_38 |         34 |         34 |       0 |    0 |   33 |      0 |      0 |          0 |
|                         add1                                                  |                         div_gen_u32_c_addsub_viv_117 |         34 |         34 |       0 |    0 |   33 |      0 |      0 |          0 |
|                           no_pipelining.the_addsub                            |                        div_gen_u32_c_addsub_lut6_118 |         34 |         34 |       0 |    0 |   33 |      0 |      0 |          0 |
|                             (no_pipelining.the_addsub)                        |                        div_gen_u32_c_addsub_lut6_118 |         32 |         32 |       0 |    0 |    0 |      0 |      0 |          0 |
|                             i_q_simple.qreg                                   | div_gen_u32_xbip_pipe_v3_0_7_viv__parameterized9_120 |          2 |          2 |       0 |    0 |   33 |      0 |      0 |          0 |
|                       div_loop[28].divisor_gen.divisor_dc1.del_divisor_msbs   |  div_gen_u32_xbip_pipe_v3_0_7_viv__parameterized5_39 |          0 |          0 |       0 |    0 |   32 |      0 |      0 |          0 |
|                       div_loop[28].num_stages.numerator_gen.del_numer         |   div_gen_u32_xbip_pipe_v3_0_7_viv__parameterized119 |          0 |          0 |       0 |    0 |    4 |      0 |      0 |          0 |
|                       div_loop[28].quot_gen.quot_reg.i_div1.quot_out          |   div_gen_u32_xbip_pipe_v3_0_7_viv__parameterized121 |          0 |          0 |       0 |    0 |   28 |      0 |      0 |          0 |
|                       div_loop[29].adder_gen.reg_req.adsu_mod                 |                           div_gen_u32_addsubreg_v_40 |         34 |         34 |       0 |    0 |   33 |      0 |      0 |          0 |
|                         add1                                                  |                         div_gen_u32_c_addsub_viv_112 |         34 |         34 |       0 |    0 |   33 |      0 |      0 |          0 |
|                           no_pipelining.the_addsub                            |                        div_gen_u32_c_addsub_lut6_113 |         34 |         34 |       0 |    0 |   33 |      0 |      0 |          0 |
|                             (no_pipelining.the_addsub)                        |                        div_gen_u32_c_addsub_lut6_113 |         32 |         32 |       0 |    0 |    0 |      0 |      0 |          0 |
|                             i_q_simple.qreg                                   | div_gen_u32_xbip_pipe_v3_0_7_viv__parameterized9_115 |          2 |          2 |       0 |    0 |   33 |      0 |      0 |          0 |
|                       div_loop[29].divisor_gen.divisor_dc1.del_divisor_msbs   |  div_gen_u32_xbip_pipe_v3_0_7_viv__parameterized5_41 |          0 |          0 |       0 |    0 |   32 |      0 |      0 |          0 |
|                       div_loop[29].num_stages.numerator_gen.del_numer         |   div_gen_u32_xbip_pipe_v3_0_7_viv__parameterized123 |          0 |          0 |       0 |    0 |    3 |      0 |      0 |          0 |
|                       div_loop[29].quot_gen.quot_reg.i_div1.quot_out          |   div_gen_u32_xbip_pipe_v3_0_7_viv__parameterized125 |          0 |          0 |       0 |    0 |   29 |      0 |      0 |          0 |
|                       div_loop[2].adder_gen.reg_req.adsu_mod                  |                           div_gen_u32_addsubreg_v_42 |         34 |         34 |       0 |    0 |   33 |      0 |      0 |          0 |
|                         add1                                                  |                         div_gen_u32_c_addsub_viv_107 |         34 |         34 |       0 |    0 |   33 |      0 |      0 |          0 |
|                           no_pipelining.the_addsub                            |                        div_gen_u32_c_addsub_lut6_108 |         34 |         34 |       0 |    0 |   33 |      0 |      0 |          0 |
|                             (no_pipelining.the_addsub)                        |                        div_gen_u32_c_addsub_lut6_108 |         32 |         32 |       0 |    0 |    0 |      0 |      0 |          0 |
|                             i_q_simple.qreg                                   | div_gen_u32_xbip_pipe_v3_0_7_viv__parameterized9_110 |          2 |          2 |       0 |    0 |   33 |      0 |      0 |          0 |
|                       div_loop[2].divisor_gen.divisor_dc1.del_divisor_msbs    |  div_gen_u32_xbip_pipe_v3_0_7_viv__parameterized5_43 |          0 |          0 |       0 |    0 |   32 |      0 |      0 |          0 |
|                       div_loop[2].num_stages.numerator_gen.del_numer          |    div_gen_u32_xbip_pipe_v3_0_7_viv__parameterized15 |          0 |          0 |       0 |    0 |   30 |      0 |      0 |          0 |
|                       div_loop[2].quot_gen.quot_reg.i_div1.quot_out           |    div_gen_u32_xbip_pipe_v3_0_7_viv__parameterized17 |          0 |          0 |       0 |    0 |    2 |      0 |      0 |          0 |
|                       div_loop[30].adder_gen.reg_req.adsu_mod                 |                           div_gen_u32_addsubreg_v_44 |         34 |         34 |       0 |    0 |   33 |      0 |      0 |          0 |
|                         add1                                                  |                         div_gen_u32_c_addsub_viv_102 |         34 |         34 |       0 |    0 |   33 |      0 |      0 |          0 |
|                           no_pipelining.the_addsub                            |                        div_gen_u32_c_addsub_lut6_103 |         34 |         34 |       0 |    0 |   33 |      0 |      0 |          0 |
|                             (no_pipelining.the_addsub)                        |                        div_gen_u32_c_addsub_lut6_103 |         32 |         32 |       0 |    0 |    0 |      0 |      0 |          0 |
|                             i_q_simple.qreg                                   | div_gen_u32_xbip_pipe_v3_0_7_viv__parameterized9_105 |          2 |          2 |       0 |    0 |   33 |      0 |      0 |          0 |
|                       div_loop[30].divisor_gen.divisor_dc1.del_divisor_msbs   |  div_gen_u32_xbip_pipe_v3_0_7_viv__parameterized5_45 |          0 |          0 |       0 |    0 |   32 |      0 |      0 |          0 |
|                       div_loop[30].num_stages.numerator_gen.del_numer         |   div_gen_u32_xbip_pipe_v3_0_7_viv__parameterized127 |          0 |          0 |       0 |    0 |    2 |      0 |      0 |          0 |
|                       div_loop[30].quot_gen.quot_reg.i_div1.quot_out          |   div_gen_u32_xbip_pipe_v3_0_7_viv__parameterized129 |          0 |          0 |       0 |    0 |   30 |      0 |      0 |          0 |
|                       div_loop[31].adder_gen.reg_req.adsu_mod                 |                           div_gen_u32_addsubreg_v_46 |         32 |         32 |       0 |    0 |   33 |      0 |      0 |          0 |
|                         add1                                                  |                          div_gen_u32_c_addsub_viv_97 |         32 |         32 |       0 |    0 |   33 |      0 |      0 |          0 |
|                           no_pipelining.the_addsub                            |                         div_gen_u32_c_addsub_lut6_98 |         32 |         32 |       0 |    0 |   33 |      0 |      0 |          0 |
|                             (no_pipelining.the_addsub)                        |                         div_gen_u32_c_addsub_lut6_98 |         32 |         32 |       0 |    0 |    0 |      0 |      0 |          0 |
|                             i_q_simple.qreg                                   | div_gen_u32_xbip_pipe_v3_0_7_viv__parameterized9_100 |          0 |          0 |       0 |    0 |   33 |      0 |      0 |          0 |
|                       div_loop[31].divisor_gen.divisor_dc1.del_divisor_msbs   |  div_gen_u32_xbip_pipe_v3_0_7_viv__parameterized5_47 |          0 |          0 |       0 |    0 |   32 |      0 |      0 |          0 |
|                       div_loop[31].num_stages.numerator_gen.del_numer         |   div_gen_u32_xbip_pipe_v3_0_7_viv__parameterized131 |          0 |          0 |       0 |    0 |    1 |      0 |      0 |          0 |
|                       div_loop[31].quot_gen.quot_reg.i_div1.quot_out          |   div_gen_u32_xbip_pipe_v3_0_7_viv__parameterized133 |          0 |          0 |       0 |    0 |   31 |      0 |      0 |          0 |
|                       div_loop[3].adder_gen.reg_req.adsu_mod                  |                           div_gen_u32_addsubreg_v_48 |         34 |         34 |       0 |    0 |   33 |      0 |      0 |          0 |
|                         add1                                                  |                          div_gen_u32_c_addsub_viv_92 |         34 |         34 |       0 |    0 |   33 |      0 |      0 |          0 |
|                           no_pipelining.the_addsub                            |                         div_gen_u32_c_addsub_lut6_93 |         34 |         34 |       0 |    0 |   33 |      0 |      0 |          0 |
|                             (no_pipelining.the_addsub)                        |                         div_gen_u32_c_addsub_lut6_93 |         32 |         32 |       0 |    0 |    0 |      0 |      0 |          0 |
|                             i_q_simple.qreg                                   |  div_gen_u32_xbip_pipe_v3_0_7_viv__parameterized9_95 |          2 |          2 |       0 |    0 |   33 |      0 |      0 |          0 |
|                       div_loop[3].divisor_gen.divisor_dc1.del_divisor_msbs    |  div_gen_u32_xbip_pipe_v3_0_7_viv__parameterized5_49 |          0 |          0 |       0 |    0 |   32 |      0 |      0 |          0 |
|                       div_loop[3].num_stages.numerator_gen.del_numer          |    div_gen_u32_xbip_pipe_v3_0_7_viv__parameterized19 |          0 |          0 |       0 |    0 |   29 |      0 |      0 |          0 |
|                       div_loop[3].quot_gen.quot_reg.i_div1.quot_out           |    div_gen_u32_xbip_pipe_v3_0_7_viv__parameterized21 |          0 |          0 |       0 |    0 |    3 |      0 |      0 |          0 |
|                       div_loop[4].adder_gen.reg_req.adsu_mod                  |                           div_gen_u32_addsubreg_v_50 |         34 |         34 |       0 |    0 |   33 |      0 |      0 |          0 |
|                         add1                                                  |                          div_gen_u32_c_addsub_viv_87 |         34 |         34 |       0 |    0 |   33 |      0 |      0 |          0 |
|                           no_pipelining.the_addsub                            |                         div_gen_u32_c_addsub_lut6_88 |         34 |         34 |       0 |    0 |   33 |      0 |      0 |          0 |
|                             (no_pipelining.the_addsub)                        |                         div_gen_u32_c_addsub_lut6_88 |         32 |         32 |       0 |    0 |    0 |      0 |      0 |          0 |
|                             i_q_simple.qreg                                   |  div_gen_u32_xbip_pipe_v3_0_7_viv__parameterized9_90 |          2 |          2 |       0 |    0 |   33 |      0 |      0 |          0 |
|                       div_loop[4].divisor_gen.divisor_dc1.del_divisor_msbs    |  div_gen_u32_xbip_pipe_v3_0_7_viv__parameterized5_51 |          0 |          0 |       0 |    0 |   32 |      0 |      0 |          0 |
|                       div_loop[4].num_stages.numerator_gen.del_numer          |    div_gen_u32_xbip_pipe_v3_0_7_viv__parameterized23 |          0 |          0 |       0 |    0 |   28 |      0 |      0 |          0 |
|                       div_loop[4].quot_gen.quot_reg.i_div1.quot_out           |    div_gen_u32_xbip_pipe_v3_0_7_viv__parameterized25 |          0 |          0 |       0 |    0 |    4 |      0 |      0 |          0 |
|                       div_loop[5].adder_gen.reg_req.adsu_mod                  |                           div_gen_u32_addsubreg_v_52 |         34 |         34 |       0 |    0 |   33 |      0 |      0 |          0 |
|                         add1                                                  |                          div_gen_u32_c_addsub_viv_82 |         34 |         34 |       0 |    0 |   33 |      0 |      0 |          0 |
|                           no_pipelining.the_addsub                            |                         div_gen_u32_c_addsub_lut6_83 |         34 |         34 |       0 |    0 |   33 |      0 |      0 |          0 |
|                             (no_pipelining.the_addsub)                        |                         div_gen_u32_c_addsub_lut6_83 |         32 |         32 |       0 |    0 |    0 |      0 |      0 |          0 |
|                             i_q_simple.qreg                                   |  div_gen_u32_xbip_pipe_v3_0_7_viv__parameterized9_85 |          2 |          2 |       0 |    0 |   33 |      0 |      0 |          0 |
|                       div_loop[5].divisor_gen.divisor_dc1.del_divisor_msbs    |  div_gen_u32_xbip_pipe_v3_0_7_viv__parameterized5_53 |          0 |          0 |       0 |    0 |   32 |      0 |      0 |          0 |
|                       div_loop[5].num_stages.numerator_gen.del_numer          |    div_gen_u32_xbip_pipe_v3_0_7_viv__parameterized27 |          0 |          0 |       0 |    0 |   27 |      0 |      0 |          0 |
|                       div_loop[5].quot_gen.quot_reg.i_div1.quot_out           |    div_gen_u32_xbip_pipe_v3_0_7_viv__parameterized29 |          0 |          0 |       0 |    0 |    5 |      0 |      0 |          0 |
|                       div_loop[6].adder_gen.reg_req.adsu_mod                  |                           div_gen_u32_addsubreg_v_54 |         34 |         34 |       0 |    0 |   33 |      0 |      0 |          0 |
|                         add1                                                  |                          div_gen_u32_c_addsub_viv_77 |         34 |         34 |       0 |    0 |   33 |      0 |      0 |          0 |
|                           no_pipelining.the_addsub                            |                         div_gen_u32_c_addsub_lut6_78 |         34 |         34 |       0 |    0 |   33 |      0 |      0 |          0 |
|                             (no_pipelining.the_addsub)                        |                         div_gen_u32_c_addsub_lut6_78 |         32 |         32 |       0 |    0 |    0 |      0 |      0 |          0 |
|                             i_q_simple.qreg                                   |  div_gen_u32_xbip_pipe_v3_0_7_viv__parameterized9_80 |          2 |          2 |       0 |    0 |   33 |      0 |      0 |          0 |
|                       div_loop[6].divisor_gen.divisor_dc1.del_divisor_msbs    |  div_gen_u32_xbip_pipe_v3_0_7_viv__parameterized5_55 |          0 |          0 |       0 |    0 |   32 |      0 |      0 |          0 |
|                       div_loop[6].num_stages.numerator_gen.del_numer          |    div_gen_u32_xbip_pipe_v3_0_7_viv__parameterized31 |          0 |          0 |       0 |    0 |   26 |      0 |      0 |          0 |
|                       div_loop[6].quot_gen.quot_reg.i_div1.quot_out           |    div_gen_u32_xbip_pipe_v3_0_7_viv__parameterized33 |          0 |          0 |       0 |    0 |    6 |      0 |      0 |          0 |
|                       div_loop[7].adder_gen.reg_req.adsu_mod                  |                           div_gen_u32_addsubreg_v_56 |         34 |         34 |       0 |    0 |   33 |      0 |      0 |          0 |
|                         add1                                                  |                          div_gen_u32_c_addsub_viv_72 |         34 |         34 |       0 |    0 |   33 |      0 |      0 |          0 |
|                           no_pipelining.the_addsub                            |                         div_gen_u32_c_addsub_lut6_73 |         34 |         34 |       0 |    0 |   33 |      0 |      0 |          0 |
|                             (no_pipelining.the_addsub)                        |                         div_gen_u32_c_addsub_lut6_73 |         32 |         32 |       0 |    0 |    0 |      0 |      0 |          0 |
|                             i_q_simple.qreg                                   |  div_gen_u32_xbip_pipe_v3_0_7_viv__parameterized9_75 |          2 |          2 |       0 |    0 |   33 |      0 |      0 |          0 |
|                       div_loop[7].divisor_gen.divisor_dc1.del_divisor_msbs    |  div_gen_u32_xbip_pipe_v3_0_7_viv__parameterized5_57 |          0 |          0 |       0 |    0 |   32 |      0 |      0 |          0 |
|                       div_loop[7].num_stages.numerator_gen.del_numer          |    div_gen_u32_xbip_pipe_v3_0_7_viv__parameterized35 |          0 |          0 |       0 |    0 |   25 |      0 |      0 |          0 |
|                       div_loop[7].quot_gen.quot_reg.i_div1.quot_out           |    div_gen_u32_xbip_pipe_v3_0_7_viv__parameterized37 |          0 |          0 |       0 |    0 |    7 |      0 |      0 |          0 |
|                       div_loop[8].adder_gen.reg_req.adsu_mod                  |                           div_gen_u32_addsubreg_v_58 |         34 |         34 |       0 |    0 |   33 |      0 |      0 |          0 |
|                         add1                                                  |                          div_gen_u32_c_addsub_viv_67 |         34 |         34 |       0 |    0 |   33 |      0 |      0 |          0 |
|                           no_pipelining.the_addsub                            |                         div_gen_u32_c_addsub_lut6_68 |         34 |         34 |       0 |    0 |   33 |      0 |      0 |          0 |
|                             (no_pipelining.the_addsub)                        |                         div_gen_u32_c_addsub_lut6_68 |         32 |         32 |       0 |    0 |    0 |      0 |      0 |          0 |
|                             i_q_simple.qreg                                   |  div_gen_u32_xbip_pipe_v3_0_7_viv__parameterized9_70 |          2 |          2 |       0 |    0 |   33 |      0 |      0 |          0 |
|                       div_loop[8].divisor_gen.divisor_dc1.del_divisor_msbs    |  div_gen_u32_xbip_pipe_v3_0_7_viv__parameterized5_59 |          0 |          0 |       0 |    0 |   32 |      0 |      0 |          0 |
|                       div_loop[8].num_stages.numerator_gen.del_numer          |    div_gen_u32_xbip_pipe_v3_0_7_viv__parameterized39 |          0 |          0 |       0 |    0 |   24 |      0 |      0 |          0 |
|                       div_loop[8].quot_gen.quot_reg.i_div1.quot_out           |    div_gen_u32_xbip_pipe_v3_0_7_viv__parameterized41 |          0 |          0 |       0 |    0 |    8 |      0 |      0 |          0 |
|                       div_loop[9].adder_gen.reg_req.adsu_mod                  |                           div_gen_u32_addsubreg_v_60 |         34 |         34 |       0 |    0 |   33 |      0 |      0 |          0 |
|                         add1                                                  |                             div_gen_u32_c_addsub_viv |         34 |         34 |       0 |    0 |   33 |      0 |      0 |          0 |
|                           no_pipelining.the_addsub                            |                            div_gen_u32_c_addsub_lut6 |         34 |         34 |       0 |    0 |   33 |      0 |      0 |          0 |
|                             (no_pipelining.the_addsub)                        |                            div_gen_u32_c_addsub_lut6 |         32 |         32 |       0 |    0 |    0 |      0 |      0 |          0 |
|                             i_q_simple.qreg                                   |     div_gen_u32_xbip_pipe_v3_0_7_viv__parameterized9 |          2 |          2 |       0 |    0 |   33 |      0 |      0 |          0 |
|                       div_loop[9].divisor_gen.divisor_dc1.del_divisor_msbs    |  div_gen_u32_xbip_pipe_v3_0_7_viv__parameterized5_61 |          0 |          0 |       0 |    0 |   32 |      0 |      0 |          0 |
|                       div_loop[9].num_stages.numerator_gen.del_numer          |    div_gen_u32_xbip_pipe_v3_0_7_viv__parameterized43 |          0 |          0 |       0 |    0 |   23 |      0 |      0 |          0 |
|                       div_loop[9].quot_gen.quot_reg.i_div1.quot_out           |    div_gen_u32_xbip_pipe_v3_0_7_viv__parameterized45 |          0 |          0 |       0 |    0 |    9 |      0 |      0 |          0 |
|                       final_div.del_end_divisor                               |  div_gen_u32_xbip_pipe_v3_0_7_viv__parameterized5_62 |         32 |         32 |       0 |    0 |   32 |      0 |      0 |          0 |
|                       reg_quot_out.reg_quot                                   |  div_gen_u32_xbip_pipe_v3_0_7_viv__parameterized3_63 |          0 |          0 |       0 |    0 |   32 |      0 |      0 |          0 |
|                       remd_output.adsu_sel3                                   |              div_gen_u32_addsubreg_v__parameterized0 |         32 |         32 |       0 |    0 |   32 |      0 |      0 |          0 |
|                         add1                                                  |             div_gen_u32_c_addsub_viv__parameterized0 |         32 |         32 |       0 |    0 |   32 |      0 |      0 |          0 |
|                           no_pipelining.the_addsub                            |            div_gen_u32_c_addsub_lut6__parameterized1 |         32 |         32 |       0 |    0 |   32 |      0 |      0 |          0 |
|                             (no_pipelining.the_addsub)                        |            div_gen_u32_c_addsub_lut6__parameterized1 |         32 |         32 |       0 |    0 |    0 |      0 |      0 |          0 |
|                             i_q_simple.qreg                                   |   div_gen_u32_xbip_pipe_v3_0_7_viv__parameterized136 |          0 |          0 |       0 |    0 |   32 |      0 |      0 |          0 |
|         u_mul_ip_wrapper                                                      |                                       mul_ip_wrapper |        133 |        124 |       0 |    9 |  182 |      0 |      0 |          4 |
|           (u_mul_ip_wrapper)                                                  |                                       mul_ip_wrapper |        124 |        124 |       0 |    0 |  132 |      0 |      0 |          0 |
|           u_mult_gen_u33                                                      |                                         mult_gen_u33 |          9 |          0 |       0 |    9 |   50 |      0 |      0 |          4 |
|             U0                                                                |                       mult_gen_u33_mult_gen_v12_0_19 |          9 |          0 |       0 |    9 |   50 |      0 |      0 |          4 |
|               i_mult                                                          |                   mult_gen_u33_mult_gen_v12_0_19_viv |          9 |          0 |       0 |    9 |   50 |      0 |      0 |          4 |
|                 gDSP.gDSP_only.iDSP                                           |                                     mult_gen_u33_dsp |          9 |          0 |       0 |    9 |   50 |      0 |      0 |          4 |
|                   (gDSP.gDSP_only.iDSP)                                       |                                     mult_gen_u33_dsp |          0 |          0 |       0 |    0 |    0 |      0 |      0 |          4 |
|                   use_prim.appDSP[0].bppDSP[0].need_output_delay.output_delay |              mult_gen_u33_delay_line__parameterized3 |          9 |          0 |       0 |    9 |   17 |      0 |      0 |          0 |
|                   use_prim.appDSP[1].bppDSP[0].need_output_delay.output_delay |              mult_gen_u33_delay_line__parameterized5 |          0 |          0 |       0 |    0 |   17 |      0 |      0 |          0 |
|                   use_prim.iBdelx[1].iBdely[1].need_delay_line.Bdelay         |              mult_gen_u33_delay_line__parameterized1 |          0 |          0 |       0 |    0 |   16 |      0 |      0 |          0 |
|       ifu0                                                                    |                                             KLDJ_ifu |         31 |         31 |       0 |    0 |   32 |      0 |      0 |          0 |
|       reg5                                                                    |                                         KLDJ_regfile |        513 |        513 |       0 |    0 |  992 |      0 |      0 |          0 |
|       u_pipe_ex_mem                                                           |                                          pipe_ex_mem |        282 |        282 |       0 |    0 |  494 |      0 |      0 |          0 |
|       u_pipe_id_ex                                                            |                                           pipe_id_ex |        840 |        840 |       0 |    0 |  210 |      0 |      0 |          0 |
|       u_pipe_if_id                                                            |                                           pipe_if_id |        315 |        315 |       0 |    0 |   96 |      0 |      0 |          0 |
|       u_pipe_mem_wb                                                           |                                          pipe_mem_wb |         47 |         47 |       0 |    0 |   39 |      0 |      0 |          0 |
|   twin_controller_inst                                                        |                                      twin_controller |         49 |         49 |       0 |    0 |  222 |      0 |      0 |          0 |
|   uart_inst                                                                   |                                                 uart |        143 |        143 |       0 |    0 |   82 |      0 |      0 |          0 |
+-------------------------------------------------------------------------------+------------------------------------------------------+------------+------------+---------+------+------+--------+--------+------------+
* Note: The sum of lower-level cells may be larger than their parent cells total, due to cross-hierarchy LUT combining


