logic__215: 
muxpart__41: 
reg__147: 
logic__199: 
logic__1065: 
logic__111: 
reg__55: 
alu_xor: 
case__163: 
datapath__35: 
reg__27: 
reg__83: 
logic__511: 
reg__35: 
reg__76: 
reg__24: 
case__31: 
case__115: 
logic__817: 
logic__167: 
datapath__41: 
logic__193: 
reg__37: 
reg__171: 
KLDJ_ifu: 
logic__648: 
reg__170: 
logic__391: 
logic__93: 
logic__94: 
datapath__11: 
twin_controller: 
reg: 
logic__605: 
logic__365: 
logic__279: 
reg__151: 
reg__135: 
logic__481: 
logic__152: 
muxpart__36: 
case__16: 
reg__160: 
case__36: 
logic__122: 
datapath__21: 
logic__323: 
counter__2: 
logic__265: 
logic__255: 
case__122: 
reg__137: 
logic__165: 
logic__112: 
logic__957: 
case__103: 
reg__145: 
logic__595: 
reg__3: 
reg__136: 
reg__104: 
case__125: 
muxpart__21: 
reg__78: 
case__111: 
case__128: 
reg__165: 
muxpart__2: 
logic__145: 
logic__715: 
logic__723: 
logic__139: 
reg__38: 
logic__179: 
logic__959: 
case__82: 
reg__84: 
logic__1056: 
logic__253: 
logic__105: 
case__68: 
reg__166: 
reg__163: 
logic__291: 
logic__739: 
reg__63: 
case__52: 
muxpart__17: 
logic__653: 
logic__190: 
reg__16: 
logic__968: 
logic__523: 
logic__853: 
logic__583: 
case__48: 
logic__790: 
datapath__4: 
logic__229: 
logic__387: 
logic__949: 
logic__373: 
reg__106: 
logic__587: 
logic__205: 
logic__745: 
case__164: 
case__177: 
logic__461: 
logic__171: 
logic__477: 
logic__182: 
logic__689: 
datapath__10: 
case__72: 
reg__23: 
reg__82: 
case__11: 
logic__543: 
logic__197: 
logic__593: 
logic__273: 
datapath__24: 
logic__495: 
logic__281: 
reg__133: 
logic__755: 
datapath__47: 
logic__155: 
logic__455: 
logic__52: 
logic__975: 
datapath__32: 
reg__169: 
case__159: 
case__64: 
logic__860: 
reg__21: 
logic__457: 
logic__969: 
logic__261: 
reg__57: 
logic__221: 
logic__828: 
logic__1013: 
logic__1017: 
reg__139: 
case__142: 
case__62: 
logic__347: 
case__169: 
reg__58: 
logic__69: 
logic__66: 
reg__49: 
top: 
logic__897: 
logic__913: 
logic__871: 
logic__263: 
case__143: 
logic__399: 
logic__886: 
logic__102: 
logic__188: 
logic__118: 
KLDJ_top: 
reg__148: 
logic__435: 
reg__33: 
case__130: 
reg__17: 
reg__43: 
logic__89: 
logic__441: 
logic__211: 
reg__156: 
logic__951: 
logic__914: 
logic__825: 
case__83: 
logic__297: 
reg__114: 
case__190: 
logic__555: 
logic__517: 
logic__308: 
reg__128: 
datapath__42: 
logic__922: 
logic__40: 
logic__1061: 
counter__1: 
logic__950: 
logic__367: 
reg__87: 
logic__27: 
case__40: 
logic__798: 
reg__15: 
datapath__20: 
logic__425: 
logic__415: 
logic__97: 
reg__28: 
case__51: 
reg__130: 
logic__946: 
logic__503: 
logic__985: 
logic__844: 
logic__443: 
logic__156: 
reg__182: 
logic__965: 
logic__911: 
logic__389: 
datapath__1: 
case__160: 
logic__990: 
datapath__34: 
reg__45: 
logic__682: 
case__108: 
perip_bridge: 
reg__40: 
reg__41: 
logic__95: 
reg__179: 
logic__607: 
logic__39: 
case__154: 
logic__1053: 
reg__42: 
logic__967: 
logic__178: 
logic__351: 
logic__325: 
case__131: 
logic__597: 
reg__123: 
logic__527: 
logic__565: 
display_seg: 
logic__752: 
datapath__15: 
reg__172: 
logic__487: 
case__107: 
logic__509: 
case__145: 
keep__7: 
logic__429: 
logic__196: 
logic__361: 
logic__271: 
reg__62: 
logic__161: 
logic__317: 
reg__122: 
logic__654: 
case__153: 
logic__289: 
case__165: 
logic__797: 
muxpart__39: 
logic__840: 
case__140: 
case__148: 
student_top: 
datapath__9: 
datapath__17: 
case__135: 
reg__71: 
case__146: 
logic__850: 
muxpart__46: 
logic__652: 
logic__47: 
muxpart__37: 
case__144: 
logic__787: 
logic__81: 
logic__501: 
pipe_id_ex: 
reg__167: 
logic__637: 
logic__645: 
keep__2: 
case__106: 
logic__231: 
reg__81: 
logic__283: 
logic__980: 
logic__247: 
logic__970: 
case__67: 
case__43: 
datapath__37: 
logic__702: 
logic__331: 
logic__838: 
logic__971: 
datapath__30: 
case__12: 
logic__505: 
logic__989: 
reg__132: 
logic__185: 
reg__89: 
logic__124: 
bpu: 
reg__168: 
logic__116: 
reg__152: 
logic__381: 
logic__411: 
case__38: 
reg__1: 
logic__267: 
logic__383: 
logic__186: 
case__120: 
reg__74: 
logic__744: 
reg__80: 
logic__154: 
logic__963: 
case__168: 
logic__259: 
case__100: 
case__185: 
case__171: 
logic__954: 
logic__5: 
logic__107: 
logic__299: 
case__188: 
keep__1: 
case__129: 
case__117: 
reg__157: 
case__61: 
logic__893: 
logic__992: 
case__162: 
logic__529: 
case__73: 
logic__225: 
datapath__23: 
logic__173: 
case__25: 
case__158: 
case__179: 
logic__319: 
logic__905: 
logic__832: 
logic__935: 
logic__217: 
logic__337: 
reg__107: 
reg__13: 
case__78: 
logic__690: 
logic__219: 
logic__585: 
logic__714: 
reg__67: 
case__41: 
logic__688: 
logic__515: 
reg__174: 
case__80: 
logic__114: 
case__20: 
reg__121: 
reg__143: 
logic__553: 
case__136: 
logic__343: 
seg7: 
reg__115: 
logic__664: 
datapath__26: 
logic__617: 
case__109: 
logic__409: 
reg__2: 
logic__856: 
logic__571: 
logic__955: 
case__27: 
logic__655: 
counter__3: 
case__184: 
logic__339: 
logic__26: 
logic__953: 
reg__100: 
logic__90: 
datapath__39: 
case__79: 
case__60: 
KLDJ_wbu: 
logic__551: 
logic__940: 
logic__1066: 
case__189: 
logic__733: 
reg__113: 
muxpart__23: 
reg__75: 
case__37: 
case__157: 
logic__138: 
logic__108: 
logic__864: 
reg__20: 
logic__119: 
reg__44: 
muxpart__14: 
case__186: 
logic__140: 
reg__95: 
logic__301: 
logic__878: 
datapath__13: 
logic__545: 
logic__43: 
logic__269: 
case__166: 
logic__644: 
case__156: 
logic__100: 
reg__30: 
case__183: 
logic__629: 
logic__295: 
case__182: 
logic__805: 
logic__656: 
logic__1075: 
logic__736: 
logic__707: 
logic__329: 
logic__249: 
logic__38: 
logic__277: 
logic__463: 
case__85: 
case__50: 
logic__796: 
reg__159: 
logic__223: 
logic__1010: 
logic__906: 
logic__720: 
logic__1018: 
case__102: 
logic__451: 
logic__625: 
logic__984: 
case__151: 
reg__64: 
logic__535: 
case__30: 
logic__355: 
KLDJ_regfile: 
logic__175: 
case__181: 
datapath__45: 
reg__90: 
ex_bpu_ctrl: 
case__105: 
reg__94: 
reg__65: 
logic__427: 
reg__109: 
logic__835: 
reg__25: 
logic__101: 
keep__5: 
reg__134: 
logic__931: 
case__81: 
logic__962: 
datapath__31: 
KLDJ_alu: 
reg__86: 
logic__363: 
logic__944: 
reg__125: 
logic__519: 
case__161: 
datapath__43: 
logic__151: 
logic__609: 
counter: 
case__56: 
logic__579: 
logic__947: 
logic__164: 
logic__679: 
logic__68: 
logic__293: 
logic__972: 
logic__307: 
logic__563: 
logic__192: 
logic__627: 
case__22: 
case__33: 
reg__36: 
logic__673: 
case__192: 
logic__157: 
case__149: 
dram_driver: 
reg__149: 
logic__79: 
logic__25: 
case__75: 
reg__60: 
datapath__22: 
reg__69: 
case__101: 
alu_or: 
logic__507: 
reg__176: 
logic__117: 
logic__120: 
case__84: 
logic__589: 
reg__116: 
datapath__6: 
logic__591: 
logic__1076: 
logic__172: 
case__124: 
logic__497: 
logic__577: 
logic__818: 
alu_and: 
logic__611: 
reg__127: 
logic__439: 
logic__357: 
muxpart__40: 
case__26: 
reg__126: 
logic__203: 
datapath__3: 
logic__867: 
logic__35: 
reg__9: 
case__133: 
logic__147: 
logic__459: 
case__138: 
logic__115: 
case__141: 
reg__93: 
reg__4: 
reg__124: 
logic__573: 
case__53: 
logic__449: 
logic__170: 
case__46: 
logic__960: 
logic__88: 
logic__46: 
logic__379: 
reg__120: 
logic__847: 
logic__521: 
case__147: 
logic__660: 
datapath__5: 
datapath__18: 
pipe_if_id: 
reg__144: 
reg__47: 
logic__623: 
logic__1001: 
reg__140: 
logic__841: 
logic__153: 
case__174: 
logic__143: 
datapath__19: 
logic__469: 
case__29: 
logic__537: 
datapath__25: 
case__18: 
muxpart__1: 
logic__174: 
logic__973: 
logic__453: 
logic__53: 
case__178: 
logic__961: 
pipe_mem_wb: 
reg__184: 
logic__569: 
reg__53: 
logic__1009: 
div_ip_wrapper: 
logic__475: 
logic__121: 
reg__161: 
case__193: 
logic__80: 
logic__726: 
case__172: 
case__170: 
logic__1080: 
datapath__40: 
reg__46: 
logic__534: 
logic__424: 
logic__184: 
case__42: 
logic__417: 
reg__181: 
case__123: 
case__74: 
muxpart__22: 
logic__201: 
reg__164: 
logic__927: 
logic__485: 
logic__144: 
alu_shifter: 
logic__369: 
case__69: 
logic__243: 
reg__138: 
logic__403: 
reg__32: 
logic__1055: 
logic__952: 
logic__539: 
logic__943: 
datapath__38: 
logic__148: 
logic__194: 
muxpart__15: 
logic__187: 
logic__110: 
logic__407: 
logic__1071: 
reg__10: 
case__187: 
case__134: 
logic__162: 
reg__66: 
logic__465: 
case__59: 
reg__103: 
logic__814: 
datapath__46: 
logic__131: 
logic__1062: 
reg__117: 
logic__549: 
logic__1067: 
logic__926: 
logic__133: 
logic__67: 
pipe_wb_commit: 
reg__110: 
logic__581: 
logic__1072: 
reg__11: 
logic__613: 
reg__54: 
KLDJ_lsu: 
logic__168: 
reg__61: 
pipe_ex_mem: 
KLDJ_csr: 
case__19: 
case__119: 
logic__740: 
case__180: 
reg__146: 
case__71: 
case__24: 
logic__1051: 
reg__129: 
reg__39: 
logic__557: 
logic__191: 
case__139: 
logic__882: 
logic__183: 
logic__1060: 
logic__912: 
case__110: 
reg__70: 
logic__751: 
logic__321: 
case__175: 
logic__559: 
case__1: 
datapath__16: 
reg__101: 
reg__141: 
logic__166: 
logic__245: 
logic__341: 
logic__843: 
logic__189: 
logic__541: 
keep__4: 
logic__123: 
logic__445: 
logic__491: 
reg__131: 
logic__125: 
reg__18: 
case__126: 
reg__73: 
logic__349: 
case__57: 
datapath__28: 
logic__633: 
logic__839: 
logic__1054: 
logic__621: 
case__58: 
logic__237: 
case__127: 
case__86: 
keep__6: 
logic__395: 
reg__79: 
logic__479: 
reg__180: 
reg__102: 
logic__945: 
datapath: 
reg__178: 
logic__793: 
case__17: 
logic__239: 
case__70: 
alu_slt: 
reg__108: 
logic__371: 
logic__241: 
reg__88: 
muxpart__34: 
logic__513: 
logic__227: 
muxpart__42: 
logic__651: 
reg__29: 
logic__327: 
logic: 
logic__601: 
logic__136: 
case__45: 
logic__126: 
logic__1081: 
logic__129: 
logic__691: 
logic__639: 
reg__91: 
reg__7: 
case__150: 
case__13: 
reg__19: 
logic__433: 
reg__119: 
reg__154: 
logic__875: 
muxpart__19: 
logic__393: 
logic__150: 
reg__52: 
logic__163: 
logic__870: 
logic__413: 
logic__575: 
logic__964: 
reg__97: 
alu_add: 
logic__561: 
logic__467: 
case__173: 
logic__59: 
logic__898: 
logic__142: 
reg__34: 
logic__674: 
logic__132: 
reg__48: 
case__152: 
case__35: 
logic__146: 
reg__59: 
logic__419: 
logic__359: 
logic__135: 
case__55: 
logic__966: 
logic__705: 
reg__26: 
KLDJ_exu: 
logic__169: 
logic__33: 
logic__1079: 
reg__150: 
logic__991: 
logic__377: 
logic__706: 
logic__195: 
KLDJ_idu: 
logic__160: 
reg__22: 
uart: 
logic__213: 
muxpart__45: 
keep: 
logic__333: 
logic__741: 
reg__14: 
case__14: 
logic__113: 
datapath__29: 
reg__177: 
keep__3: 
logic__353: 
logic__956: 
case__104: 
logic__729: 
logic__141: 
reg__175: 
case__176: 
logic__257: 
logic__646: 
logic__397: 
muxpart__18: 
logic__471: 
ex_mem_req_ctrl: 
logic__647: 
datapath__14: 
case__65: 
keep__8: 
case: 
case__54: 
logic__235: 
logic__181: 
logic__936: 
gshare_btb_core: 
logic__405: 
logic__149: 
logic__233: 
logic__109: 
muxpart__3: 
reg__111: 
muxpart__20: 
case__49: 
logic__619: 
logic__96: 
logic__863: 
case__28: 
logic__75: 
case__76: 
case__155: 
case__132: 
logic__784: 
datapath__7: 
muxpart__13: 
reg__77: 
logic__977: 
case__137: 
logic__180: 
mem_stage_top: 
reg__155: 
logic__42: 
logic__209: 
case__167: 
logic__948: 
case__116: 
case__118: 
logic__599: 
reg__68: 
reg__173: 
case__121: 
logic__315: 
reg__158: 
reg__142: 
logic__879: 
logic__603: 
logic__431: 
counter__4: 
reg__153: 
datapath__33: 
reg__50: 
logic__375: 
case__191: 
logic__251: 
logic__635: 
datapath__2: 
datapath__8: 
ex_forward: 
logic__335: 
logic__678: 
reg__96: 
logic__130: 
datapath__36: 
case__21: 
logic__976: 
logic__385: 
logic__842: 
case__66: 
reg__51: 
reg__31: 
reg__162: 
reg__105: 
logic__525: 
logic__489: 
logic__74: 
muxpart__35: 
logic__615: 
case__113: 
logic__275: 
logic__937: 
logic__631: 
logic__127: 
keep__9: 
reg__56: 
logic__287: 
logic__974: 
reg__112: 
case__47: 
reg__85: 
reg__118: 
logic__493: 
logic__981: 
logic__207: 
reg__12: 
reg__92: 
reg__183: 
logic__1052: 
logic__306: 
logic__437: 
logic__499: 
logic__547: 
case__77: 
mul_ip_wrapper: 
logic__483: 
muxpart: 
logic__1057: 
logic__958: 
case__44: 
logic__106: 
logic__401: 
muxpart__43: 
logic__567: 
logic__473: 
case__63: 
logic__134: 
datapath__27: 
logic__345: 
logic__285: 
datapath__44: 
case__32: 
reg__72: 
reg__8: 
case__34: 
logic__137: 
logic__447: 
logic__692: 
muxpart__16: 
datapath__12: 
logic__986: 
logic__128: 
case__15: 
case__39: 
case__23: 
