Copyright 1986-2018 Xilinx, Inc. All Rights Reserved.
---------------------------------------------------------------------------------------------------------------------------------------------------------------------------------------
| Tool Version : Vivado v.2018.3 (win64) Build 2405991 Thu Dec  6 23:38:27 MST 2018
| Date         : Sat Jul 11 18:12:17 2026
| Host         : DESKTOP-MO7L2KR running 64-bit major release  (build 9200)
| Command      : report_timing -delay_type max -max_paths 20 -file D:/DESKTOP/JYD/Source_code/merge_dualport_bpu/jyd/pipilined5/TimingFix_Log/Fix_timing3_synth/timing_paths_synth.rpt
| Design       : ex_bpu_ctrl
| Device       : 7a35t-cpg236
| Speed File   : -1  PRODUCTION 1.23 2018-06-13
---------------------------------------------------------------------------------------------------------------------------------------------------------------------------------------

Timing Report

Slack (MET) :             3.484ns  (required time - arrival time)
  Source:                 id_ex_exu_op[1]
                            (input port clocked by virtual_clk  {rise@0.000ns fall@3.333ns period=6.667ns})
  Destination:            bpu_update_taken
                            (output port clocked by virtual_clk  {rise@0.000ns fall@3.333ns period=6.667ns})
  Path Group:             virtual_clk
  Path Type:              Max at Slow Process Corner
  Requirement:            6.667ns  (virtual_clk rise@6.667ns - virtual_clk rise@0.000ns)
  Data Path Delay:        3.158ns  (logic 0.248ns (7.853%)  route 2.910ns (92.147%))
  Logic Levels:           2  (LUT5=1 LUT6=1)
  Input Delay:            0.000ns
  Output Delay:           0.000ns
  Clock Uncertainty:      0.025ns

    Location             Delay type                Incr(ns)  Path(ns)    Netlist Resource(s)
  -------------------------------------------------------------------    -------------------
                         (clock virtual_clk rise edge)
                                                      0.000     0.000 r  
                         ideal clock network latency
                                                      0.000     0.000    
                         input delay                  0.000     0.000    
                                                      0.000     0.000 f  id_ex_exu_op[1] (IN)
                         net (fo=1, unset)            0.973     0.973    id_ex_exu_op[1]
                         LUT5 (Prop_lut5_I4_O)        0.124     1.097 f  bpu_update_taken_INST_0_i_1/O
                         net (fo=1, unplaced)         0.964     2.061    bpu_update_taken_INST_0_i_1_n_0
                         LUT6 (Prop_lut6_I0_O)        0.124     2.185 r  bpu_update_taken_INST_0/O
                         net (fo=0)                   0.973     3.158    bpu_update_taken
                                                                      r  bpu_update_taken (OUT)
  -------------------------------------------------------------------    -------------------

                         (clock virtual_clk rise edge)
                                                      6.667     6.667 r  
                         ideal clock network latency
                                                      0.000     6.667    
                         clock pessimism              0.000     6.667    
                         clock uncertainty           -0.025     6.642    
                         output delay                -0.000     6.642    
  -------------------------------------------------------------------
                         required time                          6.642    
                         arrival time                          -3.158    
  -------------------------------------------------------------------
                         slack                                  3.484    

Slack (MET) :             3.507ns  (required time - arrival time)
  Source:                 id_ex_exu_op[2]
                            (input port clocked by virtual_clk  {rise@0.000ns fall@3.333ns period=6.667ns})
  Destination:            bpu_update_valid
                            (output port clocked by virtual_clk  {rise@0.000ns fall@3.333ns period=6.667ns})
  Path Group:             virtual_clk
  Path Type:              Max at Slow Process Corner
  Requirement:            6.667ns  (virtual_clk rise@6.667ns - virtual_clk rise@0.000ns)
  Data Path Delay:        3.135ns  (logic 0.276ns (8.804%)  route 2.859ns (91.196%))
  Logic Levels:           2  (LUT5=2)
  Input Delay:            0.000ns
  Output Delay:           0.000ns
  Clock Uncertainty:      0.025ns

    Location             Delay type                Incr(ns)  Path(ns)    Netlist Resource(s)
  -------------------------------------------------------------------    -------------------
                         (clock virtual_clk rise edge)
                                                      0.000     0.000 r  
                         ideal clock network latency
                                                      0.000     0.000    
                         input delay                  0.000     0.000    
                                                      0.000     0.000 r  id_ex_exu_op[2] (IN)
                         net (fo=1, unset)            0.973     0.973    id_ex_exu_op[2]
                         LUT5 (Prop_lut5_I1_O)        0.152     1.125 f  bpu_update_valid_INST_0_i_2/O
                         net (fo=2, unplaced)         0.913     2.038    bpu_update_valid_INST_0_i_2_n_0
                         LUT5 (Prop_lut5_I2_O)        0.124     2.162 r  bpu_update_valid_INST_0/O
                         net (fo=0)                   0.973     3.135    bpu_update_valid
                                                                      r  bpu_update_valid (OUT)
  -------------------------------------------------------------------    -------------------

                         (clock virtual_clk rise edge)
                                                      6.667     6.667 r  
                         ideal clock network latency
                                                      0.000     6.667    
                         clock pessimism              0.000     6.667    
                         clock uncertainty           -0.025     6.642    
                         output delay                -0.000     6.642    
  -------------------------------------------------------------------
                         required time                          6.642    
                         arrival time                          -3.135    
  -------------------------------------------------------------------
                         slack                                  3.507    

Slack (MET) :             4.572ns  (required time - arrival time)
  Source:                 is_mret
                            (input port clocked by virtual_clk  {rise@0.000ns fall@3.333ns period=6.667ns})
  Destination:            ex_actual_taken
                            (output port clocked by virtual_clk  {rise@0.000ns fall@3.333ns period=6.667ns})
  Path Group:             virtual_clk
  Path Type:              Max at Slow Process Corner
  Requirement:            6.667ns  (virtual_clk rise@6.667ns - virtual_clk rise@0.000ns)
  Data Path Delay:        2.070ns  (logic 0.124ns (5.990%)  route 1.946ns (94.010%))
  Logic Levels:           1  (LUT4=1)
  Input Delay:            0.000ns
  Output Delay:           0.000ns
  Clock Uncertainty:      0.025ns

    Location             Delay type                Incr(ns)  Path(ns)    Netlist Resource(s)
  -------------------------------------------------------------------    -------------------
                         (clock virtual_clk rise edge)
                                                      0.000     0.000 r  
                         ideal clock network latency
                                                      0.000     0.000    
                         input delay                  0.000     0.000    
                                                      0.000     0.000 r  is_mret (IN)
                         net (fo=33, unset)           0.973     0.973    is_mret
                         LUT4 (Prop_lut4_I3_O)        0.124     1.097 r  ex_actual_taken_INST_0/O
                         net (fo=0)                   0.973     2.070    ex_actual_taken
                                                                      r  ex_actual_taken (OUT)
  -------------------------------------------------------------------    -------------------

                         (clock virtual_clk rise edge)
                                                      6.667     6.667 r  
                         ideal clock network latency
                                                      0.000     6.667    
                         clock pessimism              0.000     6.667    
                         clock uncertainty           -0.025     6.642    
                         output delay                -0.000     6.642    
  -------------------------------------------------------------------
                         required time                          6.642    
                         arrival time                          -2.070    
  -------------------------------------------------------------------
                         slack                                  4.572    

Slack (MET) :             4.572ns  (required time - arrival time)
  Source:                 exu_jump_pc_raw[0]
                            (input port clocked by virtual_clk  {rise@0.000ns fall@3.333ns period=6.667ns})
  Destination:            ex_correct_pc[0]
                            (output port clocked by virtual_clk  {rise@0.000ns fall@3.333ns period=6.667ns})
  Path Group:             virtual_clk
  Path Type:              Max at Slow Process Corner
  Requirement:            6.667ns  (virtual_clk rise@6.667ns - virtual_clk rise@0.000ns)
  Data Path Delay:        2.070ns  (logic 0.124ns (5.990%)  route 1.946ns (94.010%))
  Logic Levels:           1  (LUT6=1)
  Input Delay:            0.000ns
  Output Delay:           0.000ns
  Clock Uncertainty:      0.025ns

    Location             Delay type                Incr(ns)  Path(ns)    Netlist Resource(s)
  -------------------------------------------------------------------    -------------------
                         (clock virtual_clk rise edge)
                                                      0.000     0.000 r  
                         ideal clock network latency
                                                      0.000     0.000    
                         input delay                  0.000     0.000    
                                                      0.000     0.000 r  exu_jump_pc_raw[0] (IN)
                         net (fo=0)                   0.973     0.973    exu_jump_pc_raw[0]
                         LUT6 (Prop_lut6_I5_O)        0.124     1.097 r  ex_correct_pc[0]_INST_0/O
                         net (fo=0)                   0.973     2.070    ex_correct_pc[0]
                                                                      r  ex_correct_pc[0] (OUT)
  -------------------------------------------------------------------    -------------------

                         (clock virtual_clk rise edge)
                                                      6.667     6.667 r  
                         ideal clock network latency
                                                      0.000     6.667    
                         clock pessimism              0.000     6.667    
                         clock uncertainty           -0.025     6.642    
                         output delay                -0.000     6.642    
  -------------------------------------------------------------------
                         required time                          6.642    
                         arrival time                          -2.070    
  -------------------------------------------------------------------
                         slack                                  4.572    

Slack (MET) :             4.572ns  (required time - arrival time)
  Source:                 exu_jump_pc_raw[10]
                            (input port clocked by virtual_clk  {rise@0.000ns fall@3.333ns period=6.667ns})
  Destination:            ex_correct_pc[10]
                            (output port clocked by virtual_clk  {rise@0.000ns fall@3.333ns period=6.667ns})
  Path Group:             virtual_clk
  Path Type:              Max at Slow Process Corner
  Requirement:            6.667ns  (virtual_clk rise@6.667ns - virtual_clk rise@0.000ns)
  Data Path Delay:        2.070ns  (logic 0.124ns (5.990%)  route 1.946ns (94.010%))
  Logic Levels:           1  (LUT6=1)
  Input Delay:            0.000ns
  Output Delay:           0.000ns
  Clock Uncertainty:      0.025ns

    Location             Delay type                Incr(ns)  Path(ns)    Netlist Resource(s)
  -------------------------------------------------------------------    -------------------
                         (clock virtual_clk rise edge)
                                                      0.000     0.000 r  
                         ideal clock network latency
                                                      0.000     0.000    
                         input delay                  0.000     0.000    
                                                      0.000     0.000 r  exu_jump_pc_raw[10] (IN)
                         net (fo=0)                   0.973     0.973    exu_jump_pc_raw[10]
                         LUT6 (Prop_lut6_I5_O)        0.124     1.097 r  ex_correct_pc[10]_INST_0/O
                         net (fo=0)                   0.973     2.070    ex_correct_pc[10]
                                                                      r  ex_correct_pc[10] (OUT)
  -------------------------------------------------------------------    -------------------

                         (clock virtual_clk rise edge)
                                                      6.667     6.667 r  
                         ideal clock network latency
                                                      0.000     6.667    
                         clock pessimism              0.000     6.667    
                         clock uncertainty           -0.025     6.642    
                         output delay                -0.000     6.642    
  -------------------------------------------------------------------
                         required time                          6.642    
                         arrival time                          -2.070    
  -------------------------------------------------------------------
                         slack                                  4.572    

Slack (MET) :             4.572ns  (required time - arrival time)
  Source:                 exu_jump_pc_raw[11]
                            (input port clocked by virtual_clk  {rise@0.000ns fall@3.333ns period=6.667ns})
  Destination:            ex_correct_pc[11]
                            (output port clocked by virtual_clk  {rise@0.000ns fall@3.333ns period=6.667ns})
  Path Group:             virtual_clk
  Path Type:              Max at Slow Process Corner
  Requirement:            6.667ns  (virtual_clk rise@6.667ns - virtual_clk rise@0.000ns)
  Data Path Delay:        2.070ns  (logic 0.124ns (5.990%)  route 1.946ns (94.010%))
  Logic Levels:           1  (LUT6=1)
  Input Delay:            0.000ns
  Output Delay:           0.000ns
  Clock Uncertainty:      0.025ns

    Location             Delay type                Incr(ns)  Path(ns)    Netlist Resource(s)
  -------------------------------------------------------------------    -------------------
                         (clock virtual_clk rise edge)
                                                      0.000     0.000 r  
                         ideal clock network latency
                                                      0.000     0.000    
                         input delay                  0.000     0.000    
                                                      0.000     0.000 r  exu_jump_pc_raw[11] (IN)
                         net (fo=0)                   0.973     0.973    exu_jump_pc_raw[11]
                         LUT6 (Prop_lut6_I5_O)        0.124     1.097 r  ex_correct_pc[11]_INST_0/O
                         net (fo=0)                   0.973     2.070    ex_correct_pc[11]
                                                                      r  ex_correct_pc[11] (OUT)
  -------------------------------------------------------------------    -------------------

                         (clock virtual_clk rise edge)
                                                      6.667     6.667 r  
                         ideal clock network latency
                                                      0.000     6.667    
                         clock pessimism              0.000     6.667    
                         clock uncertainty           -0.025     6.642    
                         output delay                -0.000     6.642    
  -------------------------------------------------------------------
                         required time                          6.642    
                         arrival time                          -2.070    
  -------------------------------------------------------------------
                         slack                                  4.572    

Slack (MET) :             4.572ns  (required time - arrival time)
  Source:                 exu_jump_pc_raw[12]
                            (input port clocked by virtual_clk  {rise@0.000ns fall@3.333ns period=6.667ns})
  Destination:            ex_correct_pc[12]
                            (output port clocked by virtual_clk  {rise@0.000ns fall@3.333ns period=6.667ns})
  Path Group:             virtual_clk
  Path Type:              Max at Slow Process Corner
  Requirement:            6.667ns  (virtual_clk rise@6.667ns - virtual_clk rise@0.000ns)
  Data Path Delay:        2.070ns  (logic 0.124ns (5.990%)  route 1.946ns (94.010%))
  Logic Levels:           1  (LUT6=1)
  Input Delay:            0.000ns
  Output Delay:           0.000ns
  Clock Uncertainty:      0.025ns

    Location             Delay type                Incr(ns)  Path(ns)    Netlist Resource(s)
  -------------------------------------------------------------------    -------------------
                         (clock virtual_clk rise edge)
                                                      0.000     0.000 r  
                         ideal clock network latency
                                                      0.000     0.000    
                         input delay                  0.000     0.000    
                                                      0.000     0.000 r  exu_jump_pc_raw[12] (IN)
                         net (fo=0)                   0.973     0.973    exu_jump_pc_raw[12]
                         LUT6 (Prop_lut6_I5_O)        0.124     1.097 r  ex_correct_pc[12]_INST_0/O
                         net (fo=0)                   0.973     2.070    ex_correct_pc[12]
                                                                      r  ex_correct_pc[12] (OUT)
  -------------------------------------------------------------------    -------------------

                         (clock virtual_clk rise edge)
                                                      6.667     6.667 r  
                         ideal clock network latency
                                                      0.000     6.667    
                         clock pessimism              0.000     6.667    
                         clock uncertainty           -0.025     6.642    
                         output delay                -0.000     6.642    
  -------------------------------------------------------------------
                         required time                          6.642    
                         arrival time                          -2.070    
  -------------------------------------------------------------------
                         slack                                  4.572    

Slack (MET) :             4.572ns  (required time - arrival time)
  Source:                 exu_jump_pc_raw[13]
                            (input port clocked by virtual_clk  {rise@0.000ns fall@3.333ns period=6.667ns})
  Destination:            ex_correct_pc[13]
                            (output port clocked by virtual_clk  {rise@0.000ns fall@3.333ns period=6.667ns})
  Path Group:             virtual_clk
  Path Type:              Max at Slow Process Corner
  Requirement:            6.667ns  (virtual_clk rise@6.667ns - virtual_clk rise@0.000ns)
  Data Path Delay:        2.070ns  (logic 0.124ns (5.990%)  route 1.946ns (94.010%))
  Logic Levels:           1  (LUT6=1)
  Input Delay:            0.000ns
  Output Delay:           0.000ns
  Clock Uncertainty:      0.025ns

    Location             Delay type                Incr(ns)  Path(ns)    Netlist Resource(s)
  -------------------------------------------------------------------    -------------------
                         (clock virtual_clk rise edge)
                                                      0.000     0.000 r  
                         ideal clock network latency
                                                      0.000     0.000    
                         input delay                  0.000     0.000    
                                                      0.000     0.000 r  exu_jump_pc_raw[13] (IN)
                         net (fo=0)                   0.973     0.973    exu_jump_pc_raw[13]
                         LUT6 (Prop_lut6_I5_O)        0.124     1.097 r  ex_correct_pc[13]_INST_0/O
                         net (fo=0)                   0.973     2.070    ex_correct_pc[13]
                                                                      r  ex_correct_pc[13] (OUT)
  -------------------------------------------------------------------    -------------------

                         (clock virtual_clk rise edge)
                                                      6.667     6.667 r  
                         ideal clock network latency
                                                      0.000     6.667    
                         clock pessimism              0.000     6.667    
                         clock uncertainty           -0.025     6.642    
                         output delay                -0.000     6.642    
  -------------------------------------------------------------------
                         required time                          6.642    
                         arrival time                          -2.070    
  -------------------------------------------------------------------
                         slack                                  4.572    

Slack (MET) :             4.572ns  (required time - arrival time)
  Source:                 exu_jump_pc_raw[14]
                            (input port clocked by virtual_clk  {rise@0.000ns fall@3.333ns period=6.667ns})
  Destination:            ex_correct_pc[14]
                            (output port clocked by virtual_clk  {rise@0.000ns fall@3.333ns period=6.667ns})
  Path Group:             virtual_clk
  Path Type:              Max at Slow Process Corner
  Requirement:            6.667ns  (virtual_clk rise@6.667ns - virtual_clk rise@0.000ns)
  Data Path Delay:        2.070ns  (logic 0.124ns (5.990%)  route 1.946ns (94.010%))
  Logic Levels:           1  (LUT6=1)
  Input Delay:            0.000ns
  Output Delay:           0.000ns
  Clock Uncertainty:      0.025ns

    Location             Delay type                Incr(ns)  Path(ns)    Netlist Resource(s)
  -------------------------------------------------------------------    -------------------
                         (clock virtual_clk rise edge)
                                                      0.000     0.000 r  
                         ideal clock network latency
                                                      0.000     0.000    
                         input delay                  0.000     0.000    
                                                      0.000     0.000 r  exu_jump_pc_raw[14] (IN)
                         net (fo=0)                   0.973     0.973    exu_jump_pc_raw[14]
                         LUT6 (Prop_lut6_I5_O)        0.124     1.097 r  ex_correct_pc[14]_INST_0/O
                         net (fo=0)                   0.973     2.070    ex_correct_pc[14]
                                                                      r  ex_correct_pc[14] (OUT)
  -------------------------------------------------------------------    -------------------

                         (clock virtual_clk rise edge)
                                                      6.667     6.667 r  
                         ideal clock network latency
                                                      0.000     6.667    
                         clock pessimism              0.000     6.667    
                         clock uncertainty           -0.025     6.642    
                         output delay                -0.000     6.642    
  -------------------------------------------------------------------
                         required time                          6.642    
                         arrival time                          -2.070    
  -------------------------------------------------------------------
                         slack                                  4.572    

Slack (MET) :             4.572ns  (required time - arrival time)
  Source:                 exu_jump_pc_raw[15]
                            (input port clocked by virtual_clk  {rise@0.000ns fall@3.333ns period=6.667ns})
  Destination:            ex_correct_pc[15]
                            (output port clocked by virtual_clk  {rise@0.000ns fall@3.333ns period=6.667ns})
  Path Group:             virtual_clk
  Path Type:              Max at Slow Process Corner
  Requirement:            6.667ns  (virtual_clk rise@6.667ns - virtual_clk rise@0.000ns)
  Data Path Delay:        2.070ns  (logic 0.124ns (5.990%)  route 1.946ns (94.010%))
  Logic Levels:           1  (LUT6=1)
  Input Delay:            0.000ns
  Output Delay:           0.000ns
  Clock Uncertainty:      0.025ns

    Location             Delay type                Incr(ns)  Path(ns)    Netlist Resource(s)
  -------------------------------------------------------------------    -------------------
                         (clock virtual_clk rise edge)
                                                      0.000     0.000 r  
                         ideal clock network latency
                                                      0.000     0.000    
                         input delay                  0.000     0.000    
                                                      0.000     0.000 r  exu_jump_pc_raw[15] (IN)
                         net (fo=0)                   0.973     0.973    exu_jump_pc_raw[15]
                         LUT6 (Prop_lut6_I5_O)        0.124     1.097 r  ex_correct_pc[15]_INST_0/O
                         net (fo=0)                   0.973     2.070    ex_correct_pc[15]
                                                                      r  ex_correct_pc[15] (OUT)
  -------------------------------------------------------------------    -------------------

                         (clock virtual_clk rise edge)
                                                      6.667     6.667 r  
                         ideal clock network latency
                                                      0.000     6.667    
                         clock pessimism              0.000     6.667    
                         clock uncertainty           -0.025     6.642    
                         output delay                -0.000     6.642    
  -------------------------------------------------------------------
                         required time                          6.642    
                         arrival time                          -2.070    
  -------------------------------------------------------------------
                         slack                                  4.572    

Slack (MET) :             4.572ns  (required time - arrival time)
  Source:                 exu_jump_pc_raw[16]
                            (input port clocked by virtual_clk  {rise@0.000ns fall@3.333ns period=6.667ns})
  Destination:            ex_correct_pc[16]
                            (output port clocked by virtual_clk  {rise@0.000ns fall@3.333ns period=6.667ns})
  Path Group:             virtual_clk
  Path Type:              Max at Slow Process Corner
  Requirement:            6.667ns  (virtual_clk rise@6.667ns - virtual_clk rise@0.000ns)
  Data Path Delay:        2.070ns  (logic 0.124ns (5.990%)  route 1.946ns (94.010%))
  Logic Levels:           1  (LUT6=1)
  Input Delay:            0.000ns
  Output Delay:           0.000ns
  Clock Uncertainty:      0.025ns

    Location             Delay type                Incr(ns)  Path(ns)    Netlist Resource(s)
  -------------------------------------------------------------------    -------------------
                         (clock virtual_clk rise edge)
                                                      0.000     0.000 r  
                         ideal clock network latency
                                                      0.000     0.000    
                         input delay                  0.000     0.000    
                                                      0.000     0.000 r  exu_jump_pc_raw[16] (IN)
                         net (fo=0)                   0.973     0.973    exu_jump_pc_raw[16]
                         LUT6 (Prop_lut6_I5_O)        0.124     1.097 r  ex_correct_pc[16]_INST_0/O
                         net (fo=0)                   0.973     2.070    ex_correct_pc[16]
                                                                      r  ex_correct_pc[16] (OUT)
  -------------------------------------------------------------------    -------------------

                         (clock virtual_clk rise edge)
                                                      6.667     6.667 r  
                         ideal clock network latency
                                                      0.000     6.667    
                         clock pessimism              0.000     6.667    
                         clock uncertainty           -0.025     6.642    
                         output delay                -0.000     6.642    
  -------------------------------------------------------------------
                         required time                          6.642    
                         arrival time                          -2.070    
  -------------------------------------------------------------------
                         slack                                  4.572    

Slack (MET) :             4.572ns  (required time - arrival time)
  Source:                 exu_jump_pc_raw[17]
                            (input port clocked by virtual_clk  {rise@0.000ns fall@3.333ns period=6.667ns})
  Destination:            ex_correct_pc[17]
                            (output port clocked by virtual_clk  {rise@0.000ns fall@3.333ns period=6.667ns})
  Path Group:             virtual_clk
  Path Type:              Max at Slow Process Corner
  Requirement:            6.667ns  (virtual_clk rise@6.667ns - virtual_clk rise@0.000ns)
  Data Path Delay:        2.070ns  (logic 0.124ns (5.990%)  route 1.946ns (94.010%))
  Logic Levels:           1  (LUT6=1)
  Input Delay:            0.000ns
  Output Delay:           0.000ns
  Clock Uncertainty:      0.025ns

    Location             Delay type                Incr(ns)  Path(ns)    Netlist Resource(s)
  -------------------------------------------------------------------    -------------------
                         (clock virtual_clk rise edge)
                                                      0.000     0.000 r  
                         ideal clock network latency
                                                      0.000     0.000    
                         input delay                  0.000     0.000    
                                                      0.000     0.000 r  exu_jump_pc_raw[17] (IN)
                         net (fo=0)                   0.973     0.973    exu_jump_pc_raw[17]
                         LUT6 (Prop_lut6_I5_O)        0.124     1.097 r  ex_correct_pc[17]_INST_0/O
                         net (fo=0)                   0.973     2.070    ex_correct_pc[17]
                                                                      r  ex_correct_pc[17] (OUT)
  -------------------------------------------------------------------    -------------------

                         (clock virtual_clk rise edge)
                                                      6.667     6.667 r  
                         ideal clock network latency
                                                      0.000     6.667    
                         clock pessimism              0.000     6.667    
                         clock uncertainty           -0.025     6.642    
                         output delay                -0.000     6.642    
  -------------------------------------------------------------------
                         required time                          6.642    
                         arrival time                          -2.070    
  -------------------------------------------------------------------
                         slack                                  4.572    

Slack (MET) :             4.572ns  (required time - arrival time)
  Source:                 exu_jump_pc_raw[18]
                            (input port clocked by virtual_clk  {rise@0.000ns fall@3.333ns period=6.667ns})
  Destination:            ex_correct_pc[18]
                            (output port clocked by virtual_clk  {rise@0.000ns fall@3.333ns period=6.667ns})
  Path Group:             virtual_clk
  Path Type:              Max at Slow Process Corner
  Requirement:            6.667ns  (virtual_clk rise@6.667ns - virtual_clk rise@0.000ns)
  Data Path Delay:        2.070ns  (logic 0.124ns (5.990%)  route 1.946ns (94.010%))
  Logic Levels:           1  (LUT6=1)
  Input Delay:            0.000ns
  Output Delay:           0.000ns
  Clock Uncertainty:      0.025ns

    Location             Delay type                Incr(ns)  Path(ns)    Netlist Resource(s)
  -------------------------------------------------------------------    -------------------
                         (clock virtual_clk rise edge)
                                                      0.000     0.000 r  
                         ideal clock network latency
                                                      0.000     0.000    
                         input delay                  0.000     0.000    
                                                      0.000     0.000 r  exu_jump_pc_raw[18] (IN)
                         net (fo=0)                   0.973     0.973    exu_jump_pc_raw[18]
                         LUT6 (Prop_lut6_I5_O)        0.124     1.097 r  ex_correct_pc[18]_INST_0/O
                         net (fo=0)                   0.973     2.070    ex_correct_pc[18]
                                                                      r  ex_correct_pc[18] (OUT)
  -------------------------------------------------------------------    -------------------

                         (clock virtual_clk rise edge)
                                                      6.667     6.667 r  
                         ideal clock network latency
                                                      0.000     6.667    
                         clock pessimism              0.000     6.667    
                         clock uncertainty           -0.025     6.642    
                         output delay                -0.000     6.642    
  -------------------------------------------------------------------
                         required time                          6.642    
                         arrival time                          -2.070    
  -------------------------------------------------------------------
                         slack                                  4.572    

Slack (MET) :             4.572ns  (required time - arrival time)
  Source:                 exu_jump_pc_raw[19]
                            (input port clocked by virtual_clk  {rise@0.000ns fall@3.333ns period=6.667ns})
  Destination:            ex_correct_pc[19]
                            (output port clocked by virtual_clk  {rise@0.000ns fall@3.333ns period=6.667ns})
  Path Group:             virtual_clk
  Path Type:              Max at Slow Process Corner
  Requirement:            6.667ns  (virtual_clk rise@6.667ns - virtual_clk rise@0.000ns)
  Data Path Delay:        2.070ns  (logic 0.124ns (5.990%)  route 1.946ns (94.010%))
  Logic Levels:           1  (LUT6=1)
  Input Delay:            0.000ns
  Output Delay:           0.000ns
  Clock Uncertainty:      0.025ns

    Location             Delay type                Incr(ns)  Path(ns)    Netlist Resource(s)
  -------------------------------------------------------------------    -------------------
                         (clock virtual_clk rise edge)
                                                      0.000     0.000 r  
                         ideal clock network latency
                                                      0.000     0.000    
                         input delay                  0.000     0.000    
                                                      0.000     0.000 r  exu_jump_pc_raw[19] (IN)
                         net (fo=0)                   0.973     0.973    exu_jump_pc_raw[19]
                         LUT6 (Prop_lut6_I5_O)        0.124     1.097 r  ex_correct_pc[19]_INST_0/O
                         net (fo=0)                   0.973     2.070    ex_correct_pc[19]
                                                                      r  ex_correct_pc[19] (OUT)
  -------------------------------------------------------------------    -------------------

                         (clock virtual_clk rise edge)
                                                      6.667     6.667 r  
                         ideal clock network latency
                                                      0.000     6.667    
                         clock pessimism              0.000     6.667    
                         clock uncertainty           -0.025     6.642    
                         output delay                -0.000     6.642    
  -------------------------------------------------------------------
                         required time                          6.642    
                         arrival time                          -2.070    
  -------------------------------------------------------------------
                         slack                                  4.572    

Slack (MET) :             4.572ns  (required time - arrival time)
  Source:                 exu_jump_pc_raw[1]
                            (input port clocked by virtual_clk  {rise@0.000ns fall@3.333ns period=6.667ns})
  Destination:            ex_correct_pc[1]
                            (output port clocked by virtual_clk  {rise@0.000ns fall@3.333ns period=6.667ns})
  Path Group:             virtual_clk
  Path Type:              Max at Slow Process Corner
  Requirement:            6.667ns  (virtual_clk rise@6.667ns - virtual_clk rise@0.000ns)
  Data Path Delay:        2.070ns  (logic 0.124ns (5.990%)  route 1.946ns (94.010%))
  Logic Levels:           1  (LUT6=1)
  Input Delay:            0.000ns
  Output Delay:           0.000ns
  Clock Uncertainty:      0.025ns

    Location             Delay type                Incr(ns)  Path(ns)    Netlist Resource(s)
  -------------------------------------------------------------------    -------------------
                         (clock virtual_clk rise edge)
                                                      0.000     0.000 r  
                         ideal clock network latency
                                                      0.000     0.000    
                         input delay                  0.000     0.000    
                                                      0.000     0.000 r  exu_jump_pc_raw[1] (IN)
                         net (fo=0)                   0.973     0.973    exu_jump_pc_raw[1]
                         LUT6 (Prop_lut6_I5_O)        0.124     1.097 r  ex_correct_pc[1]_INST_0/O
                         net (fo=0)                   0.973     2.070    ex_correct_pc[1]
                                                                      r  ex_correct_pc[1] (OUT)
  -------------------------------------------------------------------    -------------------

                         (clock virtual_clk rise edge)
                                                      6.667     6.667 r  
                         ideal clock network latency
                                                      0.000     6.667    
                         clock pessimism              0.000     6.667    
                         clock uncertainty           -0.025     6.642    
                         output delay                -0.000     6.642    
  -------------------------------------------------------------------
                         required time                          6.642    
                         arrival time                          -2.070    
  -------------------------------------------------------------------
                         slack                                  4.572    

Slack (MET) :             4.572ns  (required time - arrival time)
  Source:                 exu_jump_pc_raw[20]
                            (input port clocked by virtual_clk  {rise@0.000ns fall@3.333ns period=6.667ns})
  Destination:            ex_correct_pc[20]
                            (output port clocked by virtual_clk  {rise@0.000ns fall@3.333ns period=6.667ns})
  Path Group:             virtual_clk
  Path Type:              Max at Slow Process Corner
  Requirement:            6.667ns  (virtual_clk rise@6.667ns - virtual_clk rise@0.000ns)
  Data Path Delay:        2.070ns  (logic 0.124ns (5.990%)  route 1.946ns (94.010%))
  Logic Levels:           1  (LUT6=1)
  Input Delay:            0.000ns
  Output Delay:           0.000ns
  Clock Uncertainty:      0.025ns

    Location             Delay type                Incr(ns)  Path(ns)    Netlist Resource(s)
  -------------------------------------------------------------------    -------------------
                         (clock virtual_clk rise edge)
                                                      0.000     0.000 r  
                         ideal clock network latency
                                                      0.000     0.000    
                         input delay                  0.000     0.000    
                                                      0.000     0.000 r  exu_jump_pc_raw[20] (IN)
                         net (fo=0)                   0.973     0.973    exu_jump_pc_raw[20]
                         LUT6 (Prop_lut6_I5_O)        0.124     1.097 r  ex_correct_pc[20]_INST_0/O
                         net (fo=0)                   0.973     2.070    ex_correct_pc[20]
                                                                      r  ex_correct_pc[20] (OUT)
  -------------------------------------------------------------------    -------------------

                         (clock virtual_clk rise edge)
                                                      6.667     6.667 r  
                         ideal clock network latency
                                                      0.000     6.667    
                         clock pessimism              0.000     6.667    
                         clock uncertainty           -0.025     6.642    
                         output delay                -0.000     6.642    
  -------------------------------------------------------------------
                         required time                          6.642    
                         arrival time                          -2.070    
  -------------------------------------------------------------------
                         slack                                  4.572    

Slack (MET) :             4.572ns  (required time - arrival time)
  Source:                 exu_jump_pc_raw[21]
                            (input port clocked by virtual_clk  {rise@0.000ns fall@3.333ns period=6.667ns})
  Destination:            ex_correct_pc[21]
                            (output port clocked by virtual_clk  {rise@0.000ns fall@3.333ns period=6.667ns})
  Path Group:             virtual_clk
  Path Type:              Max at Slow Process Corner
  Requirement:            6.667ns  (virtual_clk rise@6.667ns - virtual_clk rise@0.000ns)
  Data Path Delay:        2.070ns  (logic 0.124ns (5.990%)  route 1.946ns (94.010%))
  Logic Levels:           1  (LUT6=1)
  Input Delay:            0.000ns
  Output Delay:           0.000ns
  Clock Uncertainty:      0.025ns

    Location             Delay type                Incr(ns)  Path(ns)    Netlist Resource(s)
  -------------------------------------------------------------------    -------------------
                         (clock virtual_clk rise edge)
                                                      0.000     0.000 r  
                         ideal clock network latency
                                                      0.000     0.000    
                         input delay                  0.000     0.000    
                                                      0.000     0.000 r  exu_jump_pc_raw[21] (IN)
                         net (fo=0)                   0.973     0.973    exu_jump_pc_raw[21]
                         LUT6 (Prop_lut6_I5_O)        0.124     1.097 r  ex_correct_pc[21]_INST_0/O
                         net (fo=0)                   0.973     2.070    ex_correct_pc[21]
                                                                      r  ex_correct_pc[21] (OUT)
  -------------------------------------------------------------------    -------------------

                         (clock virtual_clk rise edge)
                                                      6.667     6.667 r  
                         ideal clock network latency
                                                      0.000     6.667    
                         clock pessimism              0.000     6.667    
                         clock uncertainty           -0.025     6.642    
                         output delay                -0.000     6.642    
  -------------------------------------------------------------------
                         required time                          6.642    
                         arrival time                          -2.070    
  -------------------------------------------------------------------
                         slack                                  4.572    

Slack (MET) :             4.572ns  (required time - arrival time)
  Source:                 exu_jump_pc_raw[22]
                            (input port clocked by virtual_clk  {rise@0.000ns fall@3.333ns period=6.667ns})
  Destination:            ex_correct_pc[22]
                            (output port clocked by virtual_clk  {rise@0.000ns fall@3.333ns period=6.667ns})
  Path Group:             virtual_clk
  Path Type:              Max at Slow Process Corner
  Requirement:            6.667ns  (virtual_clk rise@6.667ns - virtual_clk rise@0.000ns)
  Data Path Delay:        2.070ns  (logic 0.124ns (5.990%)  route 1.946ns (94.010%))
  Logic Levels:           1  (LUT6=1)
  Input Delay:            0.000ns
  Output Delay:           0.000ns
  Clock Uncertainty:      0.025ns

    Location             Delay type                Incr(ns)  Path(ns)    Netlist Resource(s)
  -------------------------------------------------------------------    -------------------
                         (clock virtual_clk rise edge)
                                                      0.000     0.000 r  
                         ideal clock network latency
                                                      0.000     0.000    
                         input delay                  0.000     0.000    
                                                      0.000     0.000 r  exu_jump_pc_raw[22] (IN)
                         net (fo=0)                   0.973     0.973    exu_jump_pc_raw[22]
                         LUT6 (Prop_lut6_I5_O)        0.124     1.097 r  ex_correct_pc[22]_INST_0/O
                         net (fo=0)                   0.973     2.070    ex_correct_pc[22]
                                                                      r  ex_correct_pc[22] (OUT)
  -------------------------------------------------------------------    -------------------

                         (clock virtual_clk rise edge)
                                                      6.667     6.667 r  
                         ideal clock network latency
                                                      0.000     6.667    
                         clock pessimism              0.000     6.667    
                         clock uncertainty           -0.025     6.642    
                         output delay                -0.000     6.642    
  -------------------------------------------------------------------
                         required time                          6.642    
                         arrival time                          -2.070    
  -------------------------------------------------------------------
                         slack                                  4.572    

Slack (MET) :             4.572ns  (required time - arrival time)
  Source:                 exu_jump_pc_raw[23]
                            (input port clocked by virtual_clk  {rise@0.000ns fall@3.333ns period=6.667ns})
  Destination:            ex_correct_pc[23]
                            (output port clocked by virtual_clk  {rise@0.000ns fall@3.333ns period=6.667ns})
  Path Group:             virtual_clk
  Path Type:              Max at Slow Process Corner
  Requirement:            6.667ns  (virtual_clk rise@6.667ns - virtual_clk rise@0.000ns)
  Data Path Delay:        2.070ns  (logic 0.124ns (5.990%)  route 1.946ns (94.010%))
  Logic Levels:           1  (LUT6=1)
  Input Delay:            0.000ns
  Output Delay:           0.000ns
  Clock Uncertainty:      0.025ns

    Location             Delay type                Incr(ns)  Path(ns)    Netlist Resource(s)
  -------------------------------------------------------------------    -------------------
                         (clock virtual_clk rise edge)
                                                      0.000     0.000 r  
                         ideal clock network latency
                                                      0.000     0.000    
                         input delay                  0.000     0.000    
                                                      0.000     0.000 r  exu_jump_pc_raw[23] (IN)
                         net (fo=0)                   0.973     0.973    exu_jump_pc_raw[23]
                         LUT6 (Prop_lut6_I5_O)        0.124     1.097 r  ex_correct_pc[23]_INST_0/O
                         net (fo=0)                   0.973     2.070    ex_correct_pc[23]
                                                                      r  ex_correct_pc[23] (OUT)
  -------------------------------------------------------------------    -------------------

                         (clock virtual_clk rise edge)
                                                      6.667     6.667 r  
                         ideal clock network latency
                                                      0.000     6.667    
                         clock pessimism              0.000     6.667    
                         clock uncertainty           -0.025     6.642    
                         output delay                -0.000     6.642    
  -------------------------------------------------------------------
                         required time                          6.642    
                         arrival time                          -2.070    
  -------------------------------------------------------------------
                         slack                                  4.572    

Slack (MET) :             4.572ns  (required time - arrival time)
  Source:                 exu_jump_pc_raw[24]
                            (input port clocked by virtual_clk  {rise@0.000ns fall@3.333ns period=6.667ns})
  Destination:            ex_correct_pc[24]
                            (output port clocked by virtual_clk  {rise@0.000ns fall@3.333ns period=6.667ns})
  Path Group:             virtual_clk
  Path Type:              Max at Slow Process Corner
  Requirement:            6.667ns  (virtual_clk rise@6.667ns - virtual_clk rise@0.000ns)
  Data Path Delay:        2.070ns  (logic 0.124ns (5.990%)  route 1.946ns (94.010%))
  Logic Levels:           1  (LUT6=1)
  Input Delay:            0.000ns
  Output Delay:           0.000ns
  Clock Uncertainty:      0.025ns

    Location             Delay type                Incr(ns)  Path(ns)    Netlist Resource(s)
  -------------------------------------------------------------------    -------------------
                         (clock virtual_clk rise edge)
                                                      0.000     0.000 r  
                         ideal clock network latency
                                                      0.000     0.000    
                         input delay                  0.000     0.000    
                                                      0.000     0.000 r  exu_jump_pc_raw[24] (IN)
                         net (fo=0)                   0.973     0.973    exu_jump_pc_raw[24]
                         LUT6 (Prop_lut6_I5_O)        0.124     1.097 r  ex_correct_pc[24]_INST_0/O
                         net (fo=0)                   0.973     2.070    ex_correct_pc[24]
                                                                      r  ex_correct_pc[24] (OUT)
  -------------------------------------------------------------------    -------------------

                         (clock virtual_clk rise edge)
                                                      6.667     6.667 r  
                         ideal clock network latency
                                                      0.000     6.667    
                         clock pessimism              0.000     6.667    
                         clock uncertainty           -0.025     6.642    
                         output delay                -0.000     6.642    
  -------------------------------------------------------------------
                         required time                          6.642    
                         arrival time                          -2.070    
  -------------------------------------------------------------------
                         slack                                  4.572    




