Copyright 1986-2022 Xilinx, Inc. All Rights Reserved. Copyright 2022-2023 Advanced Micro Devices, Inc. All Rights Reserved.
-----------------------------------------------------------------------------------------------------------------------------------------------
| Tool Version : Vivado v.2023.2 (win64) Build 4029153 Fri Oct 13 20:14:34 MDT 2023
| Date         : Wed Jul 15 13:02:10 2026
| Host         : DESKTOP-MO7L2KR running 64-bit major release  (build 9200)
| Command      : report_methodology -file top_methodology_drc_routed.rpt -pb top_methodology_drc_routed.pb -rpx top_methodology_drc_routed.rpx
| Design       : top
| Device       : xc7k325tffg900-2
| Speed File   : -2
| Design State : Fully Routed
-----------------------------------------------------------------------------------------------------------------------------------------------

Report Methodology

Table of Contents
-----------------
1. REPORT SUMMARY
2. REPORT DETAILS

1. REPORT SUMMARY
-----------------
            Netlist: netlist
          Floorplan: design_1
      Design limits: <entire design considered>
             Max violations: <unlimited>
             Violations found: 72
+-----------+----------+-----------------------+------------+
| Rule      | Severity | Description           | Violations |
+-----------+----------+-----------------------+------------+
| TIMING-16 | Warning  | Large setup violation | 72         |
+-----------+----------+-----------------------+------------+

2. REPORT DETAILS
-----------------
TIMING-16#1 Warning
Large setup violation  
There is a large setup violation of -1.003 ns between student_top_inst/u_KLDJ_top/u_pipe_mem_wb/mem_wb_wb_ctl_reg/C (clocked by clk_out2_pll) and student_top_inst/u_KLDJ_top/u_pipe_id_ex/id_ex_load_op_reg/CE (clocked by clk_out2_pll). Large setup violations at the end of those stages might be difficult to fix during the post-placement implementation flow and could be the result of non-optimal XDC constraints or non-optimal design architecture
Related violations: <none>

TIMING-16#2 Warning
Large setup violation  
There is a large setup violation of -1.003 ns between student_top_inst/u_KLDJ_top/u_pipe_mem_wb/mem_wb_wb_ctl_reg/C (clocked by clk_out2_pll) and student_top_inst/u_KLDJ_top/u_pipe_id_ex/id_ex_rs2_to_data2_reg/CE (clocked by clk_out2_pll). Large setup violations at the end of those stages might be difficult to fix during the post-placement implementation flow and could be the result of non-optimal XDC constraints or non-optimal design architecture
Related violations: <none>

TIMING-16#3 Warning
Large setup violation  
There is a large setup violation of -1.003 ns between student_top_inst/u_KLDJ_top/u_pipe_mem_wb/mem_wb_wb_ctl_reg/C (clocked by clk_out2_pll) and student_top_inst/u_KLDJ_top/u_pipe_id_ex/id_ex_store_op_reg/CE (clocked by clk_out2_pll). Large setup violations at the end of those stages might be difficult to fix during the post-placement implementation flow and could be the result of non-optimal XDC constraints or non-optimal design architecture
Related violations: <none>

TIMING-16#4 Warning
Large setup violation  
There is a large setup violation of -1.003 ns between student_top_inst/u_KLDJ_top/u_pipe_mem_wb/mem_wb_wb_ctl_reg/C (clocked by clk_out2_pll) and student_top_inst/u_KLDJ_top/u_pipe_id_ex/id_ex_wb_ctl_reg/CE (clocked by clk_out2_pll). Large setup violations at the end of those stages might be difficult to fix during the post-placement implementation flow and could be the result of non-optimal XDC constraints or non-optimal design architecture
Related violations: <none>

TIMING-16#5 Warning
Large setup violation  
There is a large setup violation of -1.005 ns between student_top_inst/u_KLDJ_top/u_pipe_mem_wb/mem_wb_wb_ctl_reg/C (clocked by clk_out2_pll) and student_top_inst/u_KLDJ_top/ifu0/pc_reg_reg[20]/D (clocked by clk_out2_pll). Large setup violations at the end of those stages might be difficult to fix during the post-placement implementation flow and could be the result of non-optimal XDC constraints or non-optimal design architecture
Related violations: <none>

TIMING-16#6 Warning
Large setup violation  
There is a large setup violation of -1.010 ns between student_top_inst/u_KLDJ_top/u_pipe_mem_wb/mem_wb_wb_ctl_reg/C (clocked by clk_out2_pll) and student_top_inst/u_KLDJ_top/u_pipe_id_ex/id_ex_csr_op_reg/CE (clocked by clk_out2_pll). Large setup violations at the end of those stages might be difficult to fix during the post-placement implementation flow and could be the result of non-optimal XDC constraints or non-optimal design architecture
Related violations: <none>

TIMING-16#7 Warning
Large setup violation  
There is a large setup violation of -1.010 ns between student_top_inst/u_KLDJ_top/u_pipe_mem_wb/mem_wb_wb_ctl_reg/C (clocked by clk_out2_pll) and student_top_inst/u_KLDJ_top/u_pipe_id_ex/id_ex_jalr_op_reg/CE (clocked by clk_out2_pll). Large setup violations at the end of those stages might be difficult to fix during the post-placement implementation flow and could be the result of non-optimal XDC constraints or non-optimal design architecture
Related violations: <none>

TIMING-16#8 Warning
Large setup violation  
There is a large setup violation of -1.013 ns between student_top_inst/u_KLDJ_top/u_pipe_mem_wb/mem_wb_wb_ctl_reg/C (clocked by clk_out2_pll) and student_top_inst/u_KLDJ_top/ifu0/pc_reg_reg[30]/D (clocked by clk_out2_pll). Large setup violations at the end of those stages might be difficult to fix during the post-placement implementation flow and could be the result of non-optimal XDC constraints or non-optimal design architecture
Related violations: <none>

TIMING-16#9 Warning
Large setup violation  
There is a large setup violation of -1.014 ns between student_top_inst/u_KLDJ_top/u_pipe_mem_wb/mem_wb_wb_ctl_reg/C (clocked by clk_out2_pll) and student_top_inst/u_KLDJ_top/ifu0/pc_reg_reg[28]/D (clocked by clk_out2_pll). Large setup violations at the end of those stages might be difficult to fix during the post-placement implementation flow and could be the result of non-optimal XDC constraints or non-optimal design architecture
Related violations: <none>

TIMING-16#10 Warning
Large setup violation  
There is a large setup violation of -1.019 ns between student_top_inst/u_KLDJ_top/u_pipe_mem_wb/mem_wb_wb_ctl_reg/C (clocked by clk_out2_pll) and student_top_inst/u_KLDJ_top/ifu0/pc_reg_reg[17]/D (clocked by clk_out2_pll). Large setup violations at the end of those stages might be difficult to fix during the post-placement implementation flow and could be the result of non-optimal XDC constraints or non-optimal design architecture
Related violations: <none>

TIMING-16#11 Warning
Large setup violation  
There is a large setup violation of -1.020 ns between student_top_inst/u_KLDJ_top/u_pipe_mem_wb/mem_wb_wb_ctl_reg/C (clocked by clk_out2_pll) and student_top_inst/u_KLDJ_top/ifu0/pc_reg_reg[9]/D (clocked by clk_out2_pll). Large setup violations at the end of those stages might be difficult to fix during the post-placement implementation flow and could be the result of non-optimal XDC constraints or non-optimal design architecture
Related violations: <none>

TIMING-16#12 Warning
Large setup violation  
There is a large setup violation of -1.029 ns between student_top_inst/u_KLDJ_top/u_pipe_mem_wb/mem_wb_wb_ctl_reg/C (clocked by clk_out2_pll) and student_top_inst/u_KLDJ_top/ifu0/pc_reg_reg[21]/D (clocked by clk_out2_pll). Large setup violations at the end of those stages might be difficult to fix during the post-placement implementation flow and could be the result of non-optimal XDC constraints or non-optimal design architecture
Related violations: <none>

TIMING-16#13 Warning
Large setup violation  
There is a large setup violation of -1.042 ns between student_top_inst/u_KLDJ_top/u_pipe_mem_wb/mem_wb_wb_ctl_reg/C (clocked by clk_out2_pll) and student_top_inst/u_KLDJ_top/ifu0/pc_reg_reg[8]/D (clocked by clk_out2_pll). Large setup violations at the end of those stages might be difficult to fix during the post-placement implementation flow and could be the result of non-optimal XDC constraints or non-optimal design architecture
Related violations: <none>

TIMING-16#14 Warning
Large setup violation  
There is a large setup violation of -1.066 ns between student_top_inst/u_KLDJ_top/u_pipe_mem_wb/mem_wb_wb_ctl_reg/C (clocked by clk_out2_pll) and student_top_inst/u_KLDJ_top/ifu0/pc_reg_reg[0]/D (clocked by clk_out2_pll). Large setup violations at the end of those stages might be difficult to fix during the post-placement implementation flow and could be the result of non-optimal XDC constraints or non-optimal design architecture
Related violations: <none>

TIMING-16#15 Warning
Large setup violation  
There is a large setup violation of -1.077 ns between student_top_inst/u_KLDJ_top/u_pipe_mem_wb/mem_wb_wb_ctl_reg/C (clocked by clk_out2_pll) and student_top_inst/u_KLDJ_top/ifu0/pc_reg_reg[14]/D (clocked by clk_out2_pll). Large setup violations at the end of those stages might be difficult to fix during the post-placement implementation flow and could be the result of non-optimal XDC constraints or non-optimal design architecture
Related violations: <none>

TIMING-16#16 Warning
Large setup violation  
There is a large setup violation of -1.085 ns between student_top_inst/u_KLDJ_top/u_pipe_mem_wb/mem_wb_wb_ctl_reg/C (clocked by clk_out2_pll) and student_top_inst/u_KLDJ_top/u_pipe_id_ex/id_ex_branch_op_reg/CE (clocked by clk_out2_pll). Large setup violations at the end of those stages might be difficult to fix during the post-placement implementation flow and could be the result of non-optimal XDC constraints or non-optimal design architecture
Related violations: <none>

TIMING-16#17 Warning
Large setup violation  
There is a large setup violation of -1.093 ns between student_top_inst/u_KLDJ_top/u_pipe_mem_wb/mem_wb_wb_ctl_reg/C (clocked by clk_out2_pll) and student_top_inst/u_KLDJ_top/u_pipe_id_ex/id_ex_jal_op_reg/CE (clocked by clk_out2_pll). Large setup violations at the end of those stages might be difficult to fix during the post-placement implementation flow and could be the result of non-optimal XDC constraints or non-optimal design architecture
Related violations: <none>

TIMING-16#18 Warning
Large setup violation  
There is a large setup violation of -1.093 ns between student_top_inst/u_KLDJ_top/u_pipe_mem_wb/mem_wb_wb_ctl_reg/C (clocked by clk_out2_pll) and student_top_inst/u_KLDJ_top/u_pipe_id_ex/id_ex_jalr_check_en_reg/CE (clocked by clk_out2_pll). Large setup violations at the end of those stages might be difficult to fix during the post-placement implementation flow and could be the result of non-optimal XDC constraints or non-optimal design architecture
Related violations: <none>

TIMING-16#19 Warning
Large setup violation  
There is a large setup violation of -1.093 ns between student_top_inst/u_KLDJ_top/u_pipe_mem_wb/mem_wb_wb_ctl_reg/C (clocked by clk_out2_pll) and student_top_inst/u_KLDJ_top/u_pipe_id_ex/id_ex_pred_taken_reg/CE (clocked by clk_out2_pll). Large setup violations at the end of those stages might be difficult to fix during the post-placement implementation flow and could be the result of non-optimal XDC constraints or non-optimal design architecture
Related violations: <none>

TIMING-16#20 Warning
Large setup violation  
There is a large setup violation of -1.143 ns between student_top_inst/u_KLDJ_top/u_pipe_mem_wb/mem_wb_wb_ctl_reg/C (clocked by clk_out2_pll) and student_top_inst/u_KLDJ_top/u_pipe_id_ex/id_ex_rs2_ren_reg/CE (clocked by clk_out2_pll). Large setup violations at the end of those stages might be difficult to fix during the post-placement implementation flow and could be the result of non-optimal XDC constraints or non-optimal design architecture
Related violations: <none>

TIMING-16#21 Warning
Large setup violation  
There is a large setup violation of -1.225 ns between student_top_inst/u_KLDJ_top/u_pipe_mem_wb/mem_wb_wb_ctl_reg/C (clocked by clk_out2_pll) and student_top_inst/u_KLDJ_top/u_pipe_id_ex/id_ex_rs1_ren_reg/CE (clocked by clk_out2_pll). Large setup violations at the end of those stages might be difficult to fix during the post-placement implementation flow and could be the result of non-optimal XDC constraints or non-optimal design architecture
Related violations: <none>

TIMING-16#22 Warning
Large setup violation  
There is a large setup violation of -1.226 ns between student_top_inst/u_KLDJ_top/u_pipe_mem_wb/mem_wb_wb_ctl_reg/C (clocked by clk_out2_pll) and student_top_inst/u_KLDJ_top/ifu0/pc_reg_reg[16]/CE (clocked by clk_out2_pll). Large setup violations at the end of those stages might be difficult to fix during the post-placement implementation flow and could be the result of non-optimal XDC constraints or non-optimal design architecture
Related violations: <none>

TIMING-16#23 Warning
Large setup violation  
There is a large setup violation of -1.226 ns between student_top_inst/u_KLDJ_top/u_pipe_mem_wb/mem_wb_wb_ctl_reg/C (clocked by clk_out2_pll) and student_top_inst/u_KLDJ_top/ifu0/pc_reg_reg[31]/CE (clocked by clk_out2_pll). Large setup violations at the end of those stages might be difficult to fix during the post-placement implementation flow and could be the result of non-optimal XDC constraints or non-optimal design architecture
Related violations: <none>

TIMING-16#24 Warning
Large setup violation  
There is a large setup violation of -1.226 ns between student_top_inst/u_KLDJ_top/u_pipe_mem_wb/mem_wb_wb_ctl_reg/C (clocked by clk_out2_pll) and student_top_inst/u_KLDJ_top/ifu0/pc_reg_reg[9]/CE (clocked by clk_out2_pll). Large setup violations at the end of those stages might be difficult to fix during the post-placement implementation flow and could be the result of non-optimal XDC constraints or non-optimal design architecture
Related violations: <none>

TIMING-16#25 Warning
Large setup violation  
There is a large setup violation of -1.261 ns between student_top_inst/u_KLDJ_top/u_pipe_mem_wb/mem_wb_wb_ctl_reg/C (clocked by clk_out2_pll) and student_top_inst/u_KLDJ_top/ifu0/pc_reg_reg[27]/CE (clocked by clk_out2_pll). Large setup violations at the end of those stages might be difficult to fix during the post-placement implementation flow and could be the result of non-optimal XDC constraints or non-optimal design architecture
Related violations: <none>

TIMING-16#26 Warning
Large setup violation  
There is a large setup violation of -1.261 ns between student_top_inst/u_KLDJ_top/u_pipe_mem_wb/mem_wb_wb_ctl_reg/C (clocked by clk_out2_pll) and student_top_inst/u_KLDJ_top/ifu0/pc_reg_reg[3]/CE (clocked by clk_out2_pll). Large setup violations at the end of those stages might be difficult to fix during the post-placement implementation flow and could be the result of non-optimal XDC constraints or non-optimal design architecture
Related violations: <none>

TIMING-16#27 Warning
Large setup violation  
There is a large setup violation of -1.261 ns between student_top_inst/u_KLDJ_top/u_pipe_mem_wb/mem_wb_wb_ctl_reg/C (clocked by clk_out2_pll) and student_top_inst/u_KLDJ_top/ifu0/pc_reg_reg[5]/CE (clocked by clk_out2_pll). Large setup violations at the end of those stages might be difficult to fix during the post-placement implementation flow and could be the result of non-optimal XDC constraints or non-optimal design architecture
Related violations: <none>

TIMING-16#28 Warning
Large setup violation  
There is a large setup violation of -1.261 ns between student_top_inst/u_KLDJ_top/u_pipe_mem_wb/mem_wb_wb_ctl_reg/C (clocked by clk_out2_pll) and student_top_inst/u_KLDJ_top/ifu0/pc_reg_reg[6]/CE (clocked by clk_out2_pll). Large setup violations at the end of those stages might be difficult to fix during the post-placement implementation flow and could be the result of non-optimal XDC constraints or non-optimal design architecture
Related violations: <none>

TIMING-16#29 Warning
Large setup violation  
There is a large setup violation of -1.266 ns between student_top_inst/u_KLDJ_top/u_pipe_mem_wb/mem_wb_wb_ctl_reg/C (clocked by clk_out2_pll) and student_top_inst/u_KLDJ_top/ifu0/pc_reg_reg[3]/D (clocked by clk_out2_pll). Large setup violations at the end of those stages might be difficult to fix during the post-placement implementation flow and could be the result of non-optimal XDC constraints or non-optimal design architecture
Related violations: <none>

TIMING-16#30 Warning
Large setup violation  
There is a large setup violation of -1.282 ns between student_top_inst/u_KLDJ_top/u_pipe_mem_wb/mem_wb_wb_ctl_reg/C (clocked by clk_out2_pll) and student_top_inst/u_KLDJ_top/ifu0/pc_reg_reg[15]/CE (clocked by clk_out2_pll). Large setup violations at the end of those stages might be difficult to fix during the post-placement implementation flow and could be the result of non-optimal XDC constraints or non-optimal design architecture
Related violations: <none>

TIMING-16#31 Warning
Large setup violation  
There is a large setup violation of -1.282 ns between student_top_inst/u_KLDJ_top/u_pipe_mem_wb/mem_wb_wb_ctl_reg/C (clocked by clk_out2_pll) and student_top_inst/u_KLDJ_top/ifu0/pc_reg_reg[2]/CE (clocked by clk_out2_pll). Large setup violations at the end of those stages might be difficult to fix during the post-placement implementation flow and could be the result of non-optimal XDC constraints or non-optimal design architecture
Related violations: <none>

TIMING-16#32 Warning
Large setup violation  
There is a large setup violation of -1.282 ns between student_top_inst/u_KLDJ_top/u_pipe_mem_wb/mem_wb_wb_ctl_reg/C (clocked by clk_out2_pll) and student_top_inst/u_KLDJ_top/ifu0/pc_reg_reg[4]/CE (clocked by clk_out2_pll). Large setup violations at the end of those stages might be difficult to fix during the post-placement implementation flow and could be the result of non-optimal XDC constraints or non-optimal design architecture
Related violations: <none>

TIMING-16#33 Warning
Large setup violation  
There is a large setup violation of -1.298 ns between student_top_inst/u_KLDJ_top/u_pipe_mem_wb/mem_wb_wb_ctl_reg/C (clocked by clk_out2_pll) and student_top_inst/u_KLDJ_top/u_pipe_id_ex/id_ex_jal_op_reg/R (clocked by clk_out2_pll). Large setup violations at the end of those stages might be difficult to fix during the post-placement implementation flow and could be the result of non-optimal XDC constraints or non-optimal design architecture
Related violations: <none>

TIMING-16#34 Warning
Large setup violation  
There is a large setup violation of -1.300 ns between student_top_inst/u_KLDJ_top/u_pipe_mem_wb/mem_wb_wb_ctl_reg/C (clocked by clk_out2_pll) and student_top_inst/u_KLDJ_top/u_pipe_id_ex/id_ex_jalr_check_en_reg/R (clocked by clk_out2_pll). Large setup violations at the end of those stages might be difficult to fix during the post-placement implementation flow and could be the result of non-optimal XDC constraints or non-optimal design architecture
Related violations: <none>

TIMING-16#35 Warning
Large setup violation  
There is a large setup violation of -1.300 ns between student_top_inst/u_KLDJ_top/u_pipe_mem_wb/mem_wb_wb_ctl_reg/C (clocked by clk_out2_pll) and student_top_inst/u_KLDJ_top/u_pipe_id_ex/id_ex_pred_taken_reg/R (clocked by clk_out2_pll). Large setup violations at the end of those stages might be difficult to fix during the post-placement implementation flow and could be the result of non-optimal XDC constraints or non-optimal design architecture
Related violations: <none>

TIMING-16#36 Warning
Large setup violation  
There is a large setup violation of -1.328 ns between student_top_inst/u_KLDJ_top/u_pipe_mem_wb/mem_wb_wb_ctl_reg/C (clocked by clk_out2_pll) and student_top_inst/u_KLDJ_top/ifu0/pc_reg_reg[0]/CE (clocked by clk_out2_pll). Large setup violations at the end of those stages might be difficult to fix during the post-placement implementation flow and could be the result of non-optimal XDC constraints or non-optimal design architecture
Related violations: <none>

TIMING-16#37 Warning
Large setup violation  
There is a large setup violation of -1.328 ns between student_top_inst/u_KLDJ_top/u_pipe_mem_wb/mem_wb_wb_ctl_reg/C (clocked by clk_out2_pll) and student_top_inst/u_KLDJ_top/ifu0/pc_reg_reg[25]/CE (clocked by clk_out2_pll). Large setup violations at the end of those stages might be difficult to fix during the post-placement implementation flow and could be the result of non-optimal XDC constraints or non-optimal design architecture
Related violations: <none>

TIMING-16#38 Warning
Large setup violation  
There is a large setup violation of -1.329 ns between student_top_inst/u_KLDJ_top/u_pipe_mem_wb/mem_wb_wb_ctl_reg/C (clocked by clk_out2_pll) and student_top_inst/u_KLDJ_top/ifu0/pc_reg_reg[17]/CE (clocked by clk_out2_pll). Large setup violations at the end of those stages might be difficult to fix during the post-placement implementation flow and could be the result of non-optimal XDC constraints or non-optimal design architecture
Related violations: <none>

TIMING-16#39 Warning
Large setup violation  
There is a large setup violation of -1.329 ns between student_top_inst/u_KLDJ_top/u_pipe_mem_wb/mem_wb_wb_ctl_reg/C (clocked by clk_out2_pll) and student_top_inst/u_KLDJ_top/ifu0/pc_reg_reg[22]/CE (clocked by clk_out2_pll). Large setup violations at the end of those stages might be difficult to fix during the post-placement implementation flow and could be the result of non-optimal XDC constraints or non-optimal design architecture
Related violations: <none>

TIMING-16#40 Warning
Large setup violation  
There is a large setup violation of -1.331 ns between student_top_inst/u_KLDJ_top/u_pipe_mem_wb/mem_wb_wb_ctl_reg/C (clocked by clk_out2_pll) and student_top_inst/u_KLDJ_top/ifu0/pc_reg_reg[14]/CE (clocked by clk_out2_pll). Large setup violations at the end of those stages might be difficult to fix during the post-placement implementation flow and could be the result of non-optimal XDC constraints or non-optimal design architecture
Related violations: <none>

TIMING-16#41 Warning
Large setup violation  
There is a large setup violation of -1.331 ns between student_top_inst/u_KLDJ_top/u_pipe_mem_wb/mem_wb_wb_ctl_reg/C (clocked by clk_out2_pll) and student_top_inst/u_KLDJ_top/ifu0/pc_reg_reg[30]/CE (clocked by clk_out2_pll). Large setup violations at the end of those stages might be difficult to fix during the post-placement implementation flow and could be the result of non-optimal XDC constraints or non-optimal design architecture
Related violations: <none>

TIMING-16#42 Warning
Large setup violation  
There is a large setup violation of -1.332 ns between student_top_inst/u_KLDJ_top/u_pipe_mem_wb/mem_wb_wb_ctl_reg/C (clocked by clk_out2_pll) and student_top_inst/u_KLDJ_top/ifu0/pc_reg_reg[23]/CE (clocked by clk_out2_pll). Large setup violations at the end of those stages might be difficult to fix during the post-placement implementation flow and could be the result of non-optimal XDC constraints or non-optimal design architecture
Related violations: <none>

TIMING-16#43 Warning
Large setup violation  
There is a large setup violation of -1.342 ns between student_top_inst/u_KLDJ_top/u_pipe_mem_wb/mem_wb_wb_ctl_reg/C (clocked by clk_out2_pll) and student_top_inst/u_KLDJ_top/ifu0/pc_reg_reg[12]/CE (clocked by clk_out2_pll). Large setup violations at the end of those stages might be difficult to fix during the post-placement implementation flow and could be the result of non-optimal XDC constraints or non-optimal design architecture
Related violations: <none>

TIMING-16#44 Warning
Large setup violation  
There is a large setup violation of -1.342 ns between student_top_inst/u_KLDJ_top/u_pipe_mem_wb/mem_wb_wb_ctl_reg/C (clocked by clk_out2_pll) and student_top_inst/u_KLDJ_top/ifu0/pc_reg_reg[8]/CE (clocked by clk_out2_pll). Large setup violations at the end of those stages might be difficult to fix during the post-placement implementation flow and could be the result of non-optimal XDC constraints or non-optimal design architecture
Related violations: <none>

TIMING-16#45 Warning
Large setup violation  
There is a large setup violation of -1.344 ns between student_top_inst/u_KLDJ_top/u_pipe_mem_wb/mem_wb_wb_ctl_reg/C (clocked by clk_out2_pll) and student_top_inst/u_KLDJ_top/ifu0/pc_reg_reg[20]/CE (clocked by clk_out2_pll). Large setup violations at the end of those stages might be difficult to fix during the post-placement implementation flow and could be the result of non-optimal XDC constraints or non-optimal design architecture
Related violations: <none>

TIMING-16#46 Warning
Large setup violation  
There is a large setup violation of -1.345 ns between student_top_inst/u_KLDJ_top/u_pipe_mem_wb/mem_wb_wb_ctl_reg/C (clocked by clk_out2_pll) and student_top_inst/u_KLDJ_top/ifu0/pc_reg_reg[31]/D (clocked by clk_out2_pll). Large setup violations at the end of those stages might be difficult to fix during the post-placement implementation flow and could be the result of non-optimal XDC constraints or non-optimal design architecture
Related violations: <none>

TIMING-16#47 Warning
Large setup violation  
There is a large setup violation of -1.353 ns between student_top_inst/u_KLDJ_top/u_pipe_mem_wb/mem_wb_wb_ctl_reg/C (clocked by clk_out2_pll) and student_top_inst/u_KLDJ_top/ifu0/pc_reg_reg[10]/CE (clocked by clk_out2_pll). Large setup violations at the end of those stages might be difficult to fix during the post-placement implementation flow and could be the result of non-optimal XDC constraints or non-optimal design architecture
Related violations: <none>

TIMING-16#48 Warning
Large setup violation  
There is a large setup violation of -1.353 ns between student_top_inst/u_KLDJ_top/u_pipe_mem_wb/mem_wb_wb_ctl_reg/C (clocked by clk_out2_pll) and student_top_inst/u_KLDJ_top/ifu0/pc_reg_reg[11]/CE (clocked by clk_out2_pll). Large setup violations at the end of those stages might be difficult to fix during the post-placement implementation flow and could be the result of non-optimal XDC constraints or non-optimal design architecture
Related violations: <none>

TIMING-16#49 Warning
Large setup violation  
There is a large setup violation of -1.355 ns between student_top_inst/u_KLDJ_top/u_pipe_mem_wb/mem_wb_wb_ctl_reg/C (clocked by clk_out2_pll) and student_top_inst/u_KLDJ_top/ifu0/pc_reg_reg[18]/CE (clocked by clk_out2_pll). Large setup violations at the end of those stages might be difficult to fix during the post-placement implementation flow and could be the result of non-optimal XDC constraints or non-optimal design architecture
Related violations: <none>

TIMING-16#50 Warning
Large setup violation  
There is a large setup violation of -1.365 ns between student_top_inst/u_KLDJ_top/u_pipe_mem_wb/mem_wb_wb_ctl_reg/C (clocked by clk_out2_pll) and student_top_inst/u_KLDJ_top/ifu0/pc_reg_reg[29]/CE (clocked by clk_out2_pll). Large setup violations at the end of those stages might be difficult to fix during the post-placement implementation flow and could be the result of non-optimal XDC constraints or non-optimal design architecture
Related violations: <none>

TIMING-16#51 Warning
Large setup violation  
There is a large setup violation of -1.370 ns between student_top_inst/u_KLDJ_top/u_pipe_mem_wb/mem_wb_wb_ctl_reg/C (clocked by clk_out2_pll) and student_top_inst/u_KLDJ_top/ifu0/pc_reg_reg[13]/CE (clocked by clk_out2_pll). Large setup violations at the end of those stages might be difficult to fix during the post-placement implementation flow and could be the result of non-optimal XDC constraints or non-optimal design architecture
Related violations: <none>

TIMING-16#52 Warning
Large setup violation  
There is a large setup violation of -1.370 ns between student_top_inst/u_KLDJ_top/u_pipe_mem_wb/mem_wb_wb_ctl_reg/C (clocked by clk_out2_pll) and student_top_inst/u_KLDJ_top/ifu0/pc_reg_reg[1]/CE (clocked by clk_out2_pll). Large setup violations at the end of those stages might be difficult to fix during the post-placement implementation flow and could be the result of non-optimal XDC constraints or non-optimal design architecture
Related violations: <none>

TIMING-16#53 Warning
Large setup violation  
There is a large setup violation of -1.370 ns between student_top_inst/u_KLDJ_top/u_pipe_mem_wb/mem_wb_wb_ctl_reg/C (clocked by clk_out2_pll) and student_top_inst/u_KLDJ_top/ifu0/pc_reg_reg[21]/CE (clocked by clk_out2_pll). Large setup violations at the end of those stages might be difficult to fix during the post-placement implementation flow and could be the result of non-optimal XDC constraints or non-optimal design architecture
Related violations: <none>

TIMING-16#54 Warning
Large setup violation  
There is a large setup violation of -1.370 ns between student_top_inst/u_KLDJ_top/u_pipe_mem_wb/mem_wb_wb_ctl_reg/C (clocked by clk_out2_pll) and student_top_inst/u_KLDJ_top/ifu0/pc_reg_reg[7]/CE (clocked by clk_out2_pll). Large setup violations at the end of those stages might be difficult to fix during the post-placement implementation flow and could be the result of non-optimal XDC constraints or non-optimal design architecture
Related violations: <none>

TIMING-16#55 Warning
Large setup violation  
There is a large setup violation of -1.371 ns between student_top_inst/u_KLDJ_top/u_pipe_mem_wb/mem_wb_wb_ctl_reg/C (clocked by clk_out2_pll) and student_top_inst/u_KLDJ_top/ifu0/pc_reg_reg[19]/CE (clocked by clk_out2_pll). Large setup violations at the end of those stages might be difficult to fix during the post-placement implementation flow and could be the result of non-optimal XDC constraints or non-optimal design architecture
Related violations: <none>

TIMING-16#56 Warning
Large setup violation  
There is a large setup violation of -1.373 ns between student_top_inst/u_KLDJ_top/u_pipe_mem_wb/mem_wb_wb_ctl_reg/C (clocked by clk_out2_pll) and student_top_inst/u_KLDJ_top/u_pipe_id_ex/id_ex_csr_op_reg/R (clocked by clk_out2_pll). Large setup violations at the end of those stages might be difficult to fix during the post-placement implementation flow and could be the result of non-optimal XDC constraints or non-optimal design architecture
Related violations: <none>

TIMING-16#57 Warning
Large setup violation  
There is a large setup violation of -1.373 ns between student_top_inst/u_KLDJ_top/u_pipe_mem_wb/mem_wb_wb_ctl_reg/C (clocked by clk_out2_pll) and student_top_inst/u_KLDJ_top/u_pipe_id_ex/id_ex_jalr_op_reg/R (clocked by clk_out2_pll). Large setup violations at the end of those stages might be difficult to fix during the post-placement implementation flow and could be the result of non-optimal XDC constraints or non-optimal design architecture
Related violations: <none>

TIMING-16#58 Warning
Large setup violation  
There is a large setup violation of -1.375 ns between student_top_inst/u_KLDJ_top/u_pipe_mem_wb/mem_wb_wb_ctl_reg/C (clocked by clk_out2_pll) and student_top_inst/u_KLDJ_top/u_pipe_id_ex/id_ex_branch_op_reg/R (clocked by clk_out2_pll). Large setup violations at the end of those stages might be difficult to fix during the post-placement implementation flow and could be the result of non-optimal XDC constraints or non-optimal design architecture
Related violations: <none>

TIMING-16#59 Warning
Large setup violation  
There is a large setup violation of -1.384 ns between student_top_inst/u_KLDJ_top/u_pipe_mem_wb/mem_wb_wb_ctl_reg/C (clocked by clk_out2_pll) and student_top_inst/u_KLDJ_top/ifu0/pc_reg_reg[6]/D (clocked by clk_out2_pll). Large setup violations at the end of those stages might be difficult to fix during the post-placement implementation flow and could be the result of non-optimal XDC constraints or non-optimal design architecture
Related violations: <none>

TIMING-16#60 Warning
Large setup violation  
There is a large setup violation of -1.399 ns between student_top_inst/u_KLDJ_top/u_pipe_mem_wb/mem_wb_wb_ctl_reg/C (clocked by clk_out2_pll) and student_top_inst/u_KLDJ_top/ifu0/pc_reg_reg[7]/D (clocked by clk_out2_pll). Large setup violations at the end of those stages might be difficult to fix during the post-placement implementation flow and could be the result of non-optimal XDC constraints or non-optimal design architecture
Related violations: <none>

TIMING-16#61 Warning
Large setup violation  
There is a large setup violation of -1.400 ns between student_top_inst/u_KLDJ_top/u_pipe_mem_wb/mem_wb_wb_ctl_reg/C (clocked by clk_out2_pll) and student_top_inst/u_KLDJ_top/u_pipe_id_ex/id_ex_rs1_ren_reg/R (clocked by clk_out2_pll). Large setup violations at the end of those stages might be difficult to fix during the post-placement implementation flow and could be the result of non-optimal XDC constraints or non-optimal design architecture
Related violations: <none>

TIMING-16#62 Warning
Large setup violation  
There is a large setup violation of -1.406 ns between student_top_inst/u_KLDJ_top/u_pipe_mem_wb/mem_wb_wb_ctl_reg/C (clocked by clk_out2_pll) and student_top_inst/u_KLDJ_top/u_pipe_id_ex/id_ex_load_op_reg/R (clocked by clk_out2_pll). Large setup violations at the end of those stages might be difficult to fix during the post-placement implementation flow and could be the result of non-optimal XDC constraints or non-optimal design architecture
Related violations: <none>

TIMING-16#63 Warning
Large setup violation  
There is a large setup violation of -1.406 ns between student_top_inst/u_KLDJ_top/u_pipe_mem_wb/mem_wb_wb_ctl_reg/C (clocked by clk_out2_pll) and student_top_inst/u_KLDJ_top/u_pipe_id_ex/id_ex_rs2_to_data2_reg/R (clocked by clk_out2_pll). Large setup violations at the end of those stages might be difficult to fix during the post-placement implementation flow and could be the result of non-optimal XDC constraints or non-optimal design architecture
Related violations: <none>

TIMING-16#64 Warning
Large setup violation  
There is a large setup violation of -1.406 ns between student_top_inst/u_KLDJ_top/u_pipe_mem_wb/mem_wb_wb_ctl_reg/C (clocked by clk_out2_pll) and student_top_inst/u_KLDJ_top/u_pipe_id_ex/id_ex_store_op_reg/R (clocked by clk_out2_pll). Large setup violations at the end of those stages might be difficult to fix during the post-placement implementation flow and could be the result of non-optimal XDC constraints or non-optimal design architecture
Related violations: <none>

TIMING-16#65 Warning
Large setup violation  
There is a large setup violation of -1.406 ns between student_top_inst/u_KLDJ_top/u_pipe_mem_wb/mem_wb_wb_ctl_reg/C (clocked by clk_out2_pll) and student_top_inst/u_KLDJ_top/u_pipe_id_ex/id_ex_wb_ctl_reg/R (clocked by clk_out2_pll). Large setup violations at the end of those stages might be difficult to fix during the post-placement implementation flow and could be the result of non-optimal XDC constraints or non-optimal design architecture
Related violations: <none>

TIMING-16#66 Warning
Large setup violation  
There is a large setup violation of -1.415 ns between student_top_inst/u_KLDJ_top/u_pipe_mem_wb/mem_wb_wb_ctl_reg/C (clocked by clk_out2_pll) and student_top_inst/u_KLDJ_top/ifu0/pc_reg_reg[26]/CE (clocked by clk_out2_pll). Large setup violations at the end of those stages might be difficult to fix during the post-placement implementation flow and could be the result of non-optimal XDC constraints or non-optimal design architecture
Related violations: <none>

TIMING-16#67 Warning
Large setup violation  
There is a large setup violation of -1.415 ns between student_top_inst/u_KLDJ_top/u_pipe_mem_wb/mem_wb_wb_ctl_reg/C (clocked by clk_out2_pll) and student_top_inst/u_KLDJ_top/ifu0/pc_reg_reg[2]/D (clocked by clk_out2_pll). Large setup violations at the end of those stages might be difficult to fix during the post-placement implementation flow and could be the result of non-optimal XDC constraints or non-optimal design architecture
Related violations: <none>

TIMING-16#68 Warning
Large setup violation  
There is a large setup violation of -1.421 ns between student_top_inst/u_KLDJ_top/u_pipe_mem_wb/mem_wb_wb_ctl_reg/C (clocked by clk_out2_pll) and student_top_inst/u_KLDJ_top/u_pipe_id_ex/id_ex_rs2_ren_reg/R (clocked by clk_out2_pll). Large setup violations at the end of those stages might be difficult to fix during the post-placement implementation flow and could be the result of non-optimal XDC constraints or non-optimal design architecture
Related violations: <none>

TIMING-16#69 Warning
Large setup violation  
There is a large setup violation of -1.432 ns between student_top_inst/u_KLDJ_top/u_pipe_mem_wb/mem_wb_wb_ctl_reg/C (clocked by clk_out2_pll) and student_top_inst/u_KLDJ_top/ifu0/pc_reg_reg[28]/CE (clocked by clk_out2_pll). Large setup violations at the end of those stages might be difficult to fix during the post-placement implementation flow and could be the result of non-optimal XDC constraints or non-optimal design architecture
Related violations: <none>

TIMING-16#70 Warning
Large setup violation  
There is a large setup violation of -1.439 ns between student_top_inst/u_KLDJ_top/u_pipe_mem_wb/mem_wb_wb_ctl_reg/C (clocked by clk_out2_pll) and student_top_inst/u_KLDJ_top/ifu0/pc_reg_reg[24]/CE (clocked by clk_out2_pll). Large setup violations at the end of those stages might be difficult to fix during the post-placement implementation flow and could be the result of non-optimal XDC constraints or non-optimal design architecture
Related violations: <none>

TIMING-16#71 Warning
Large setup violation  
There is a large setup violation of -1.484 ns between student_top_inst/u_KLDJ_top/u_pipe_mem_wb/mem_wb_wb_ctl_reg/C (clocked by clk_out2_pll) and student_top_inst/u_KLDJ_top/ifu0/pc_reg_reg[5]/D (clocked by clk_out2_pll). Large setup violations at the end of those stages might be difficult to fix during the post-placement implementation flow and could be the result of non-optimal XDC constraints or non-optimal design architecture
Related violations: <none>

TIMING-16#72 Warning
Large setup violation  
There is a large setup violation of -1.490 ns between student_top_inst/u_KLDJ_top/u_pipe_mem_wb/mem_wb_wb_ctl_reg/C (clocked by clk_out2_pll) and student_top_inst/u_KLDJ_top/ifu0/pc_reg_reg[4]/D (clocked by clk_out2_pll). Large setup violations at the end of those stages might be difficult to fix during the post-placement implementation flow and could be the result of non-optimal XDC constraints or non-optimal design architecture
Related violations: <none>


