#-----------------------------------------------------------
# xsim v2023.2 (64-bit)
# SW Build 4029153 on Fri Oct 13 20:14:34 MDT 2023
# IP Build 4028589 on Sat Oct 14 00:45:43 MDT 2023
# SharedData Build 4025554 on Tue Oct 10 17:18:54 MDT 2023
# Start of session at: Thu Apr 30 16:24:18 2026
# Process ID: 77344
# Current directory: D:/System/desktop/kldj_sourceset/pipilined5/kldj.srcs2
# Command line: xsim.exe -mode tcl -source {xsim.dir/rv32i_37_instr_perf_tb_opt_sim2/xsim_script.tcl}
# Log file: D:/System/desktop/kldj_sourceset/pipilined5/kldj.srcs2/xsim.log
# Journal file: D:/System/desktop/kldj_sourceset/pipilined5/kldj.srcs2\xsim.jou
# Running On: DESKTOP-CGVJL45, OS: Windows, CPU Frequency: 3793 MHz, CPU Physical cores: 16, Host memory: 25009 MB
#-----------------------------------------------------------
source xsim.dir/rv32i_37_instr_perf_tb_opt_sim2/xsim_script.tcl
# xsim {rv32i_37_instr_perf_tb_opt_sim2} -autoloadwcfg -runall
Time resolution is 1 ps
run -all
[PASS] RV32I 37-instruction directed test passed.
[PERF] loop_iters=64 perf_cycles=258 perf_retired=193 cycles_per_iter_x100=403
[INFO] total_retired=267 total_cycles=352 program_words=86
$finish called at time : 3575 ns : File "D:/System/desktop/kldj_sourceset/pipilined5/kldj.srcs2/sim_1/imports/sim/rv32i_37_instr_perf_tb.sv" Line 644
exit
INFO: [Common 17-206] Exiting xsim at Thu Apr 30 16:24:20 2026...
