#-----------------------------------------------------------
# xsim v2018.3 (64-bit)
# SW Build 2405991 on Thu Dec  6 23:38:27 MST 2018
# IP Build 2404404 on Fri Dec  7 01:43:56 MST 2018
# Start of session at: Thu Apr 30 18:15:56 2026
# Process ID: 26648
# Current directory: D:/System/desktop/kldj_sourceset/pipilined5
# Command line: xsim.exe -mode tcl -source {xsim.dir/rv32i_supported_instr_tb_sim/xsim_script.tcl}
# Log file: D:/System/desktop/kldj_sourceset/pipilined5/xsim.log
# Journal file: D:/System/desktop/kldj_sourceset/pipilined5\xsim.jou
#-----------------------------------------------------------
source xsim.dir/rv32i_supported_instr_tb_sim/xsim_script.tcl
# xsim {rv32i_supported_instr_tb_sim} -autoloadwcfg -runall
Vivado Simulator 2018.3
Time resolution is 1 ps
run -all
[PASS] retire step=0 pc=0x80000000 inst=0x00000b93 next_pc=0x80000004
[PASS] retire step=1 pc=0x80000004 inst=0x00000c13 next_pc=0x80000008
[PASS] retire step=2 pc=0x80000008 inst=0x00000c93 next_pc=0x8000000c
[PASS] retire step=3 pc=0x8000000c inst=0x00000d13 next_pc=0x80000010
[PASS] retire step=4 pc=0x80000010 inst=0x00000d93 next_pc=0x80000014
[PASS] retire step=5 pc=0x80000014 inst=0x00000e13 next_pc=0x80000018
[PASS] retire step=6 pc=0x80000018 inst=0x000001b7 next_pc=0x8000001c
[FAIL] step=7 pc=0x8000001c inst=0xf8e9b197 x3 expected=0x78e9b01c got=0x00000000
[FAIL] step=8 pc=0x80000020 inst=0x000011b7 x3 expected=0x00001000 got=0x78e9b020
[FAIL] step=9 pc=0x80000024 inst=0xcbe9c197 x3 expected=0x4be9c024 got=0x00001000
[FAIL] step=10 pc=0x80000028 inst=0x7ffff1b7 x3 expected=0x7ffff000 got=0x4be9c028
[FAIL] step=11 pc=0x8000002c inst=0x01af7197 x3 expected=0x81af702c got=0x7ffff000
[FAIL] step=12 pc=0x80000030 inst=0x800001b7 x3 expected=0x80000000 got=0x81af7030
[FAIL] step=13 pc=0x80000034 inst=0x00000197 x3 expected=0x80000034 got=0x80000000
[FAIL] step=14 pc=0x80000038 inst=0xfffff1b7 x3 expected=0xfffff000 got=0x80000038
[FAIL] step=15 pc=0x8000003c inst=0x00001197 x3 expected=0x8000103c got=0xfffff000
[FAIL] step=16 pc=0x80000040 inst=0x77f5d1b7 x3 expected=0x77f5d000 got=0x80001040
[FAIL] step=17 pc=0x80000044 inst=0x7ffff197 x3 expected=0xfffff044 got=0x77f5d000
[FAIL] step=18 pc=0x80000048 inst=0x8b5431b7 x3 expected=0x8b543000 got=0xfffff048
[FAIL] step=19 pc=0x8000004c inst=0x80000197 x3 expected=0x0000004c got=0x8b543000
[FAIL] step=20 pc=0x80000050 inst=0x89d6d1b7 x3 expected=0x89d6d000 got=0x00000050
[FAIL] step=21 pc=0x80000054 inst=0xfffff197 x3 expected=0x7ffff054 got=0x89d6d000
[FAIL] step=22 pc=0x80000058 inst=0x000001b7 x3 expected=0x00000000 got=0x7ffff058
[FAIL] step=23 pc=0x8000005c inst=0x397d6197 x3 expected=0xb97d605c got=0x00000000
[FAIL] step=24 pc=0x80000060 inst=0x000011b7 x3 expected=0x00001000 got=0xb97d6060
[FAIL] step=25 pc=0x80000064 inst=0x465d6197 x3 expected=0xc65d6064 got=0x00001000
[FAIL] step=26 pc=0x80000068 inst=0x7ffff1b7 x3 expected=0x7ffff000 got=0xc65d6068
[FAIL] step=27 pc=0x8000006c inst=0x23271197 x3 expected=0xa327106c got=0x7ffff000
[FAIL] step=28 pc=0x80000070 inst=0x800001b7 x3 expected=0x80000000 got=0xa3271070
[FAIL] step=29 pc=0x80000074 inst=0x00000197 x3 expected=0x80000074 got=0x80000000
[FAIL] step=30 pc=0x80000078 inst=0x4fae30b7 x1 expected=0x4fae3000 got=0x00000000
[FAIL] step=30 pc=0x80000078 inst=0x4fae30b7 x3 expected=0x80000074 got=0x80000078
[FAIL] step=31 pc=0x8000007c inst=0x51f08093 x1 expected=0x4fae351f got=0x4fae3000
[FAIL] step=31 pc=0x8000007c inst=0x51f08093 x3 expected=0x80000074 got=0x80000078
[FAIL] step=32 pc=0x80000080 inst=0x00108193 x3 expected=0x4fae3520 got=0x80000078
[FAIL] step=33 pc=0x80000084 inst=0x6fe210b7 x1 expected=0x6fe21000 got=0x4fae351f
[FAIL] step=34 pc=0x80000088 inst=0xb5708093 x1 expected=0x6fe20b57 got=0x6fe21000
[FAIL] step=35 pc=0x8000008c inst=0x23f0a193 x3 expected=0x00000000 got=0x4fae3520
[FAIL] step=36 pc=0x80000090 inst=0x661280b7 x1 expected=0x66128000 got=0x6fe20b57
[FAIL] step=37 pc=0x80000094 inst=0xd0008093 x1 expected=0x66127d00 got=0x66128000
[PASS] retire step=38 pc=0x80000098 inst=0x0010b193 next_pc=0x8000009c
[FAIL] step=39 pc=0x8000009c inst=0x5e1e40b7 x1 expected=0x5e1e4000 got=0x66127d00
[FAIL] step=40 pc=0x800000a0 inst=0x32f08093 x1 expected=0x5e1e432f got=0x5e1e4000
[FAIL] step=41 pc=0x800000a4 inst=0x7ff0c193 x3 expected=0x5e1e44d0 got=0x00000000
[FAIL] step=42 pc=0x800000a8 inst=0x998600b7 x1 expected=0x99860000 got=0x5e1e432f
[FAIL] step=43 pc=0x800000ac inst=0xb4808093 x1 expected=0x9985fb48 got=0x99860000
[FAIL] step=44 pc=0x800000b0 inst=0xb6c0e193 x3 expected=0xfffffb6c got=0x5e1e44d0
[FAIL] step=45 pc=0x800000b4 inst=0x8e6650b7 x1 expected=0x8e665000 got=0x9985fb48
[FAIL] step=46 pc=0x800000b8 inst=0x21508093 x1 expected=0x8e665215 got=0x8e665000
[FAIL] step=47 pc=0x800000bc inst=0xd7b0f193 x3 expected=0x8e665011 got=0xfffffb6c
[FAIL] step=48 pc=0x800000c0 inst=0xcb3be0b7 x1 expected=0xcb3be000 got=0x8e665215
[FAIL] step=49 pc=0x800000c4 inst=0xe0708093 x1 expected=0xcb3bde07 got=0xcb3be000
[FAIL] step=50 pc=0x800000c8 inst=0xfff08193 x3 expected=0xcb3bde06 got=0x8e665011
[FAIL] step=51 pc=0x800000cc inst=0x59e4c0b7 x1 expected=0x59e4c000 got=0xcb3bde07
[FAIL] step=52 pc=0x800000d0 inst=0x3e308093 x1 expected=0x59e4c3e3 got=0x59e4c000
[FAIL] step=53 pc=0x800000d4 inst=0x0000a193 x3 expected=0x00000000 got=0xcb3bde06
[FAIL] step=54 pc=0x800000d8 inst=0xbd4560b7 x1 expected=0xbd456000 got=0x59e4c3e3
[FAIL] step=55 pc=0x800000dc inst=0xf5208093 x1 expected=0xbd455f52 got=0xbd456000
[FAIL] step=56 pc=0x800000e0 inst=0xfff0b193 x3 expected=0x00000001 got=0x00000000
[FAIL] step=57 pc=0x800000e4 inst=0xba5770b7 x1 expected=0xba577000 got=0xbd455f52
[FAIL] step=58 pc=0x800000e8 inst=0x90c08093 x1 expected=0xba57690c got=0xba577000
[FAIL] step=59 pc=0x800000ec inst=0x8000c193 x3 expected=0x45a8910c got=0x00000001
[FAIL] step=60 pc=0x800000f0 inst=0xb631f0b7 x1 expected=0xb631f000 got=0xba57690c
[FAIL] step=61 pc=0x800000f4 inst=0x53c08093 x1 expected=0xb631f53c got=0xb631f000
[FAIL] step=62 pc=0x800000f8 inst=0x22b0e193 x3 expected=0xb631f73f got=0x45a8910c
[FAIL] step=63 pc=0x800000fc inst=0x341e80b7 x1 expected=0x341e8000 got=0xb631f53c
[FAIL] step=64 pc=0x80000100 inst=0x58708093 x1 expected=0x341e8587 got=0x341e8000
[FAIL] step=65 pc=0x80000104 inst=0x0000f193 x3 expected=0x00000000 got=0xb631f73f
[FAIL] step=66 pc=0x80000108 inst=0x382370b7 x1 expected=0x38237000 got=0x341e8587
[FAIL] step=67 pc=0x8000010c inst=0x33a08093 x1 expected=0x3823733a got=0x38237000
[FAIL] step=68 pc=0x80000110 inst=0x7ff08193 x3 expected=0x38237b39 got=0x00000000
[FAIL] step=69 pc=0x80000114 inst=0xc87540b7 x1 expected=0xc8754000 got=0x3823733a
[FAIL] step=70 pc=0x80000118 inst=0x32508093 x1 expected=0xc8754325 got=0xc8754000
[FAIL] step=71 pc=0x8000011c inst=0x0010a193 x3 expected=0x00000001 got=0x38237b39
[FAIL] step=72 pc=0x80000120 inst=0x1937c0b7 x1 expected=0x1937c000 got=0xc8754325
[FAIL] step=73 pc=0x80000124 inst=0x6c608093 x1 expected=0x1937c6c6 got=0x1937c000
[FAIL] step=74 pc=0x80000128 inst=0x7ff0b193 x3 expected=0x00000000 got=0x00000001
[FAIL] step=75 pc=0x8000012c inst=0x184da0b7 x1 expected=0x184da000 got=0x1937c6c6
[FAIL] step=76 pc=0x80000130 inst=0x4d008093 x1 expected=0x184da4d0 got=0x184da000
[FAIL] step=77 pc=0x80000134 inst=0x3ff0c193 x3 expected=0x184da72f got=0x00000000
[FAIL] step=78 pc=0x80000138 inst=0xd54770b7 x1 expected=0xd5477000 got=0x184da4d0
[FAIL] step=79 pc=0x8000013c inst=0x10908093 x1 expected=0xd5477109 got=0xd5477000
[FAIL] step=80 pc=0x80000140 inst=0x70c0e193 x3 expected=0xd547770d got=0x184da72f
[FAIL] step=81 pc=0x80000144 inst=0x4e5de0b7 x1 expected=0x4e5de000 got=0xd5477109
[FAIL] step=82 pc=0x80000148 inst=0x42d08093 x1 expected=0x4e5de42d got=0x4e5de000
[FAIL] step=83 pc=0x8000014c inst=0x0010f193 x3 expected=0x00000001 got=0xd547770d
[FAIL] step=84 pc=0x80000150 inst=0xfe2f60b7 x1 expected=0xfe2f6000 got=0x4e5de42d
[FAIL] step=85 pc=0x80000154 inst=0x36108093 x1 expected=0xfe2f6361 got=0xfe2f6000
[FAIL] step=86 pc=0x80000158 inst=0x80008193 x3 expected=0xfe2f5b61 got=0x00000001
[FAIL] step=87 pc=0x8000015c inst=0x322f20b7 x1 expected=0x322f2000 got=0xfe2f6361
[FAIL] step=88 pc=0x80000160 inst=0xcde08093 x1 expected=0x322f1cde got=0x322f2000
[FAIL] step=89 pc=0x80000164 inst=0xfff0a193 x3 expected=0x00000000 got=0xfe2f5b61
[FAIL] step=90 pc=0x80000168 inst=0x6d62b0b7 x1 expected=0x6d62b000 got=0x322f1cde
[FAIL] step=91 pc=0x8000016c inst=0x1e208093 x1 expected=0x6d62b1e2 got=0x6d62b000
[FAIL] step=92 pc=0x80000170 inst=0x8000b193 x3 expected=0x00000001 got=0x00000000
[FAIL] step=93 pc=0x80000174 inst=0xc90f60b7 x1 expected=0xc90f6000 got=0x6d62b1e2
[FAIL] step=94 pc=0x80000178 inst=0x39108093 x1 expected=0xc90f6391 got=0xc90f6000
[FAIL] step=95 pc=0x8000017c inst=0xc000c193 x3 expected=0x36f09f91 got=0x00000001
[FAIL] step=96 pc=0x80000180 inst=0x77f5d0b7 x1 expected=0x77f5d000 got=0xc90f6391
[FAIL] step=97 pc=0x80000184 inst=0x79908093 x1 expected=0x77f5d799 got=0x77f5d000
[FAIL] step=98 pc=0x80000188 inst=0x0000e193 x3 expected=0x77f5d799 got=0x36f09f91
[FAIL] step=99 pc=0x8000018c inst=0x397d70b7 x1 expected=0x397d7000 got=0x77f5d799
[FAIL] step=100 pc=0x80000190 inst=0xaec08093 x1 expected=0x397d6aec got=0x397d7000
[FAIL] step=101 pc=0x80000194 inst=0xfff0f193 x3 expected=0x397d6aec got=0x77f5d799
[FAIL] step=102 pc=0x80000198 inst=0x022090b7 x1 expected=0x02209000 got=0x397d6aec
[FAIL] step=103 pc=0x8000019c inst=0xcc508093 x1 expected=0x02208cc5 got=0x02209000
[FAIL] step=104 pc=0x800001a0 inst=0x3ff08193 x3 expected=0x022090c4 got=0x397d6aec
[FAIL] step=105 pc=0x800001a4 inst=0x9fdba0b7 x1 expected=0x9fdba000 got=0x02208cc5
[FAIL] step=106 pc=0x800001a8 inst=0xdca08093 x1 expected=0x9fdb9dca got=0x9fdba000
[FAIL] step=107 pc=0x800001ac inst=0x7ff0a193 x3 expected=0x00000001 got=0x022090c4
[FAIL] step=108 pc=0x800001b0 inst=0x9d4030b7 x1 expected=0x9d403000 got=0x9fdb9dca
[FAIL] step=109 pc=0x800001b4 inst=0x1ad08093 x1 expected=0x9d4031ad got=0x9d403000
[FAIL] step=110 pc=0x800001b8 inst=0x3ff0b193 x3 expected=0x00000000 got=0x00000001
[FAIL] step=111 pc=0x800001bc inst=0x05ef50b7 x1 expected=0x05ef5000 got=0x9d4031ad
[FAIL] step=112 pc=0x800001c0 inst=0x85808093 x1 expected=0x05ef4858 got=0x05ef5000
[FAIL] step=113 pc=0x800001c4 inst=0x25c0c193 x3 expected=0x05ef4a04 got=0x00000000
[FAIL] step=114 pc=0x800001c8 inst=0x8b5440b7 x1 expected=0x8b544000 got=0x05ef4858
[FAIL] step=115 pc=0x800001cc inst=0xef408093 x1 expected=0x8b543ef4 got=0x8b544000
[FAIL] step=116 pc=0x800001d0 inst=0x0010e193 x3 expected=0x8b543ef5 got=0x05ef4a04
[FAIL] step=117 pc=0x800001d4 inst=0x465d70b7 x1 expected=0x465d7000 got=0x8b543ef4
[FAIL] step=118 pc=0x800001d8 inst=0x84b08093 x1 expected=0x465d684b got=0x465d7000
[FAIL] step=119 pc=0x800001dc inst=0x7ff0f193 x3 expected=0x0000004b got=0x8b543ef5
[FAIL] step=120 pc=0x800001e0 inst=0x35e700b7 x1 expected=0x35e70000 got=0x465d684b
[FAIL] step=121 pc=0x800001e4 inst=0x26b08093 x1 expected=0x35e7026b got=0x35e70000
[FAIL] step=122 pc=0x800001e8 inst=0xc0008193 x3 expected=0x35e6fe6b got=0x0000004b
[FAIL] step=123 pc=0x800001ec inst=0xf4dac0b7 x1 expected=0xf4dac000 got=0x35e7026b
[FAIL] step=124 pc=0x800001f0 inst=0xfb408093 x1 expected=0xf4dabfb4 got=0xf4dac000
[FAIL] step=125 pc=0x800001f4 inst=0x8000a193 x3 expected=0x00000001 got=0x35e6fe6b
[FAIL] step=126 pc=0x800001f8 inst=0x2a5a40b7 x1 expected=0x2a5a4000 got=0xf4dabfb4
[FAIL] step=127 pc=0x800001fc inst=0x88e08093 x1 expected=0x2a5a388e got=0x2a5a4000
[PASS] retire step=128 pc=0x80000200 inst=0xc000b193 next_pc=0x80000204
[FAIL] step=129 pc=0x80000204 inst=0x53b330b7 x1 expected=0x53b33000 got=0x2a5a388e
[FAIL] step=130 pc=0x80000208 inst=0x65e08093 x1 expected=0x53b3365e got=0x53b33000
[FAIL] step=131 pc=0x8000020c inst=0x8480c193 x3 expected=0xac4cce16 got=0x00000001
[FAIL] step=132 pc=0x80000210 inst=0x89d6e0b7 x1 expected=0x89d6e000 got=0x53b3365e
[FAIL] step=133 pc=0x80000214 inst=0x81808093 x1 expected=0x89d6d818 got=0x89d6e000
[FAIL] step=134 pc=0x80000218 inst=0xfff0e193 x3 expected=0xffffffff got=0xac4cce16
[FAIL] step=135 pc=0x8000021c inst=0x232710b7 x1 expected=0x23271000 got=0x89d6d818
[FAIL] step=136 pc=0x80000220 inst=0x7b408093 x1 expected=0x232717b4 got=0x23271000
[FAIL] step=137 pc=0x80000224 inst=0x8000f193 x3 expected=0x23271000 got=0xffffffff
[FAIL] step=138 pc=0x80000228 inst=0x7fbfa0b7 x1 expected=0x7fbfa000 got=0x232717b4
[FAIL] step=139 pc=0x8000022c inst=0x57b08093 x1 expected=0x7fbfa57b got=0x7fbfa000
[FAIL] step=140 pc=0x80000230 inst=0x79908193 x3 expected=0x7fbfad14 got=0x23271000
[FAIL] step=141 pc=0x80000234 inst=0x5b9350b7 x1 expected=0x5b935000 got=0x7fbfa57b
[FAIL] step=142 pc=0x80000238 inst=0x01108093 x1 expected=0x5b935011 got=0x5b935000
[FAIL] step=143 pc=0x8000023c inst=0x3ff0a193 x3 expected=0x00000000 got=0x7fbfad14
[FAIL] step=144 pc=0x80000240 inst=0xfefe60b7 x1 expected=0xfefe6000 got=0x5b935011
[FAIL] step=145 pc=0x80000244 inst=0xe7508093 x1 expected=0xfefe5e75 got=0xfefe6000
[PASS] retire step=146 pc=0x80000248 inst=0x1ed0b193 next_pc=0x8000024c
[FAIL] step=147 pc=0x8000024c inst=0x6b1070b7 x1 expected=0x6b107000 got=0xfefe5e75
[FAIL] step=148 pc=0x80000250 inst=0xbf808093 x1 expected=0x6b106bf8 got=0x6b107000
[FAIL] step=149 pc=0x80000254 inst=0xd2a0c193 x3 expected=0x94ef96d2 got=0x00000000
[FAIL] step=150 pc=0x80000258 inst=0xfc7970b7 x1 expected=0xfc797000 got=0x6b106bf8
[FAIL] step=151 pc=0x8000025c inst=0x7a808093 x1 expected=0xfc7977a8 got=0xfc797000
[FAIL] step=152 pc=0x80000260 inst=0x7ff0e193 x3 expected=0xfc7977ff got=0x94ef96d2
[FAIL] step=153 pc=0x80000264 inst=0x513b00b7 x1 expected=0x513b0000 got=0xfc7977a8
[FAIL] step=154 pc=0x80000268 inst=0xf7308093 x1 expected=0x513aff73 got=0x513b0000
[FAIL] step=155 pc=0x8000026c inst=0x3ff0f193 x3 expected=0x00000373 got=0xfc7977ff
[FAIL] step=156 pc=0x80000270 inst=0xbc5880b7 x1 expected=0xbc588000 got=0x513aff73
[FAIL] step=157 pc=0x80000274 inst=0x60908093 x1 expected=0xbc588609 got=0xbc588000
[FAIL] step=158 pc=0x80000278 inst=0xef408193 x3 expected=0xbc5884fd got=0x00000373
[FAIL] step=159 pc=0x8000027c inst=0xec02e0b7 x1 expected=0xec02e000 got=0xbc588609
[FAIL] step=160 pc=0x80000280 inst=0x84508093 x1 expected=0xec02d845 got=0xec02e000
[FAIL] step=161 pc=0x80000284 inst=0xc000a193 x3 expected=0x00000001 got=0xbc5884fd
[FAIL] step=162 pc=0x80000288 inst=0xfd1250b7 x1 expected=0xfd125000 got=0xec02d845
[FAIL] step=163 pc=0x8000028c inst=0xa3408093 x1 expected=0xfd124a34 got=0xfd125000
[PASS] retire step=164 pc=0x80000290 inst=0xef50b193 next_pc=0x80000294
[FAIL] step=165 pc=0x80000294 inst=0x144270b7 x1 expected=0x14427000 got=0xfd124a34
[FAIL] step=166 pc=0x80000298 inst=0x7f908093 x1 expected=0x144277f9 got=0x14427000
[FAIL] step=167 pc=0x8000029c inst=0x0000c193 x3 expected=0x144277f9 got=0x00000001
[FAIL] step=168 pc=0x800002a0 inst=0x7684f0b7 x1 expected=0x7684f000 got=0x144277f9
[FAIL] step=169 pc=0x800002a4 inst=0x86408093 x1 expected=0x7684e864 got=0x7684f000
[FAIL] step=170 pc=0x800002a8 inst=0x8000e193 x3 expected=0xfffff864 got=0x144277f9
[FAIL] step=171 pc=0x800002ac inst=0x420740b7 x1 expected=0x42074000 got=0x7684e864
[FAIL] step=172 pc=0x800002b0 inst=0x7ee08093 x1 expected=0x420747ee got=0x42074000
[FAIL] step=173 pc=0x800002b4 inst=0xc000f193 x3 expected=0x42074400 got=0xfffff864
[FAIL] step=174 pc=0x800002b8 inst=0x930b30b7 x1 expected=0x930b3000 got=0x420747ee
[FAIL] step=175 pc=0x800002bc inst=0xcfd08093 x1 expected=0x930b2cfd got=0x930b3000
[FAIL] step=176 pc=0x800002c0 inst=0x81808193 x3 expected=0x930b2515 got=0x42074400
[FAIL] step=177 pc=0x800002c4 inst=0x24b5f0b7 x1 expected=0x24b5f000 got=0x930b2cfd
[FAIL] step=178 pc=0x800002c8 inst=0x7a208093 x1 expected=0x24b5f7a2 got=0x24b5f000
[FAIL] step=179 pc=0x800002cc inst=0x7ee0a193 x3 expected=0x00000000 got=0x930b2515
[FAIL] step=180 pc=0x800002d0 inst=0x5e1e40b7 x1 expected=0x5e1e4000 got=0x24b5f7a2
[FAIL] step=181 pc=0x800002d4 inst=0x32f08093 x1 expected=0x5e1e432f got=0x5e1e4000
[FAIL] step=182 pc=0x800002d8 inst=0x8870b193 x3 expected=0x00000001 got=0x00000000
[FAIL] step=183 pc=0x800002dc inst=0x1616e0b7 x1 expected=0x1616e000 got=0x5e1e432f
[FAIL] step=184 pc=0x800002e0 inst=0x61e08093 x1 expected=0x1616e61e got=0x1616e000
[FAIL] step=185 pc=0x800002e4 inst=0x0010c193 x3 expected=0x1616e61f got=0x00000001
[FAIL] step=186 pc=0x800002e8 inst=0x0cd440b7 x1 expected=0x0cd44000 got=0x1616e61e
[FAIL] step=187 pc=0x800002ec inst=0xd1d08093 x1 expected=0x0cd43d1d got=0x0cd44000
[FAIL] step=188 pc=0x800002f0 inst=0x3ff0e193 x3 expected=0x0cd43fff got=0x1616e61f
[FAIL] step=189 pc=0x800002f4 inst=0xa64ce0b7 x1 expected=0xa64ce000 got=0x0cd43d1d
[FAIL] step=190 pc=0x800002f8 inst=0xc4f08093 x1 expected=0xa64cdc4f got=0xa64ce000
[FAIL] step=191 pc=0x800002fc inst=0xd1f0f193 x3 expected=0xa64cdc0f got=0x0cd43fff
[FAIL] step=192 pc=0x80000300 inst=0x765040b7 x1 expected=0x76504000 got=0xa64cdc4f
[FAIL] step=193 pc=0x80000304 inst=0x84608093 x1 expected=0x76503846 got=0x76504000
[FAIL] step=194 pc=0x80000308 inst=0x00008193 x3 expected=0x76503846 got=0xa64cdc0f
[FAIL] step=195 pc=0x8000030c inst=0x681100b7 x1 expected=0x68110000 got=0x76503846
[FAIL] step=196 pc=0x80000310 inst=0x4cf08093 x1 expected=0x681104cf got=0x68110000
[FAIL] step=197 pc=0x80000314 inst=0xc4f0a193 x3 expected=0x00000000 got=0x76503846
[FAIL] step=198 pc=0x80000318 inst=0xba5770b7 x1 expected=0xba577000 got=0x681104cf
[FAIL] step=199 pc=0x8000031c inst=0x90c08093 x1 expected=0xba57690c got=0xba577000
[PASS] retire step=200 pc=0x80000320 inst=0x0000b193 next_pc=0x80000324
[FAIL] step=201 pc=0x80000324 inst=0x261990b7 x1 expected=0x26199000 got=0xba57690c
[FAIL] step=202 pc=0x80000328 inst=0x30408093 x1 expected=0x26199304 got=0x26199000
[FAIL] step=203 pc=0x8000032c inst=0xfff0c193 x3 expected=0xd9e66cfb got=0x00000000
[FAIL] step=204 pc=0x80000330 inst=0xa52f10b7 x1 expected=0xa52f1000 got=0x26199304
[FAIL] step=205 pc=0x80000334 inst=0x90b08093 x1 expected=0xa52f090b got=0xa52f1000
[FAIL] step=206 pc=0x80000338 inst=0xc000e193 x3 expected=0xfffffd0b got=0xd9e66cfb
[FAIL] step=207 pc=0x8000033c inst=0x2c42e0b7 x1 expected=0x2c42e000 got=0xa52f090b
[FAIL] step=208 pc=0x80000340 inst=0xb0f08093 x1 expected=0x2c42db0f got=0x2c42e000
[FAIL] step=209 pc=0x80000344 inst=0xd6a0f193 x3 expected=0x2c42d90a got=0xfffffd0b
[FAIL] step=210 pc=0x80000348 inst=0x52e880b7 x1 expected=0x52e88000 got=0x2c42db0f
[FAIL] step=211 pc=0x8000034c inst=0x4d808093 x1 expected=0x52e884d8 got=0x52e88000
[FAIL] step=212 pc=0x80000350 inst=0x00108193 x3 expected=0x52e884d9 got=0x2c42d90a
[FAIL] step=213 pc=0x80000354 inst=0x661280b7 x1 expected=0x66128000 got=0x52e884d8
[FAIL] step=214 pc=0x80000358 inst=0xd0008093 x1 expected=0x66127d00 got=0x66128000
[FAIL] step=215 pc=0x8000035c inst=0xb0f0a193 x3 expected=0x00000000 got=0x52e884d9
[FAIL] step=216 pc=0x80000360 inst=0x184da0b7 x1 expected=0x184da000 got=0x66127d00
[FAIL] step=217 pc=0x80000364 inst=0x4d008093 x1 expected=0x184da4d0 got=0x184da000
[PASS] retire step=218 pc=0x80000368 inst=0x0010b193 next_pc=0x8000036c
[FAIL] step=219 pc=0x8000036c inst=0x16c090b7 x1 expected=0x16c09000 got=0x184da4d0
[FAIL] step=220 pc=0x80000370 inst=0xb2c08093 x1 expected=0x16c08b2c got=0x16c09000
[FAIL] step=221 pc=0x80000374 inst=0x7ff0c193 x3 expected=0x16c08cd3 got=0x00000000
[FAIL] step=222 pc=0x80000378 inst=0x56bfc0b7 x1 expected=0x56bfc000 got=0x16c08b2c
[FAIL] step=223 pc=0x8000037c inst=0x66908093 x1 expected=0x56bfc669 got=0x56bfc000
[FAIL] step=224 pc=0x80000380 inst=0x0dc0e193 x3 expected=0x56bfc6fd got=0x16c08cd3
[FAIL] step=225 pc=0x80000384 inst=0x25f8b0b7 x1 expected=0x25f8b000 got=0x56bfc669
[FAIL] step=226 pc=0x80000388 inst=0xc1208093 x1 expected=0x25f8ac12 got=0x25f8b000
[FAIL] step=227 pc=0x8000038c inst=0xf9a0f193 x3 expected=0x25f8ac12 got=0x56bfc6fd
[FAIL] step=228 pc=0x80000390 inst=0xac4b60b7 x1 expected=0xac4b6000 got=0x25f8ac12
[FAIL] step=229 pc=0x80000394 inst=0x73708093 x1 expected=0xac4b6737 got=0xac4b6000
[FAIL] step=230 pc=0x80000398 inst=0xfff08193 x3 expected=0xac4b6736 got=0x25f8ac12
[FAIL] step=231 pc=0x8000039c inst=0xbd4560b7 x1 expected=0xbd456000 got=0xac4b6737
[FAIL] step=232 pc=0x800003a0 inst=0xf5208093 x1 expected=0xbd455f52 got=0xbd456000
[FAIL] step=233 pc=0x800003a4 inst=0x0000a193 x3 expected=0x00000001 got=0xac4b6736
[FAIL] step=234 pc=0x800003a8 inst=0xc90f60b7 x1 expected=0xc90f6000 got=0xbd455f52
[FAIL] step=235 pc=0x800003ac inst=0x39108093 x1 expected=0xc90f6391 got=0xc90f6000
[PASS] retire step=236 pc=0x800003b0 inst=0xfff0b193 next_pc=0x800003b4
[FAIL] step=237 pc=0x800003b4 inst=0xd28aa0b7 x1 expected=0xd28aa000 got=0xc90f6391
[FAIL] step=238 pc=0x800003b8 inst=0x3ba08093 x1 expected=0xd28aa3ba got=0xd28aa000
[FAIL] step=239 pc=0x800003bc inst=0x8000c193 x3 expected=0x2d755bba got=0x00000001
[FAIL] step=240 pc=0x800003c0 inst=0xf8e9c0b7 x1 expected=0xf8e9c000 got=0xd28aa3ba
[FAIL] step=241 pc=0x800003c4 inst=0xa5008093 x1 expected=0xf8e9ba50 got=0xf8e9c000
[FAIL] step=242 pc=0x800003c8 inst=0x27a0e193 x3 expected=0xf8e9ba7a got=0x2d755bba
[FAIL] step=243 pc=0x800003cc inst=0xe0be10b7 x1 expected=0xe0be1000 got=0xf8e9ba50
[FAIL] step=244 pc=0x800003d0 inst=0x71908093 x1 expected=0xe0be1719 got=0xe0be1000
[FAIL] step=245 pc=0x800003d4 inst=0x0000f193 x3 expected=0x00000000 got=0xf8e9ba7a
[FAIL] step=246 pc=0x800003d8 inst=0x717860b7 x1 expected=0x71786000 got=0xe0be1719
[FAIL] step=247 pc=0x800003dc inst=0x02008093 x1 expected=0x71786020 got=0x71786000
[FAIL] step=248 pc=0x800003e0 inst=0x00009193 x3 expected=0x71786020 got=0x00000000
[FAIL] step=249 pc=0x800003e4 inst=0x2046f0b7 x1 expected=0x2046f000 got=0x71786020
[FAIL] step=250 pc=0x800003e8 inst=0x27a08093 x1 expected=0x2046f27a got=0x2046f000
[FAIL] step=251 pc=0x800003ec inst=0x00f0d193 x3 expected=0x0000408d got=0x71786020
[FAIL] step=252 pc=0x800003f0 inst=0xa567f0b7 x1 expected=0xa567f000 got=0x2046f27a
[FAIL] step=253 pc=0x800003f4 inst=0xa2608093 x1 expected=0xa567ea26 got=0xa567f000
[FAIL] step=254 pc=0x800003f8 inst=0x4010d193 x3 expected=0xd2b3f513 got=0x0000408d
[FAIL] step=255 pc=0x800003fc inst=0xa7e720b7 x1 expected=0xa7e72000 got=0xa567ea26
[FAIL] step=256 pc=0x80000400 inst=0xe4908093 x1 expected=0xa7e71e49 got=0xa7e72000
[FAIL] step=257 pc=0x80000404 inst=0x00109193 x3 expected=0x4fce3c92 got=0xd2b3f513
[FAIL] step=258 pc=0x80000408 inst=0x451380b7 x1 expected=0x45138000 got=0xa7e71e49
[FAIL] step=259 pc=0x8000040c inst=0xd7b08093 x1 expected=0x45137d7b got=0x45138000
[FAIL] step=260 pc=0x80000410 inst=0x0100d193 x3 expected=0x00004513 got=0x4fce3c92
[FAIL] step=261 pc=0x80000414 inst=0x31aa80b7 x1 expected=0x31aa8000 got=0x45137d7b
[FAIL] step=262 pc=0x80000418 inst=0xafa08093 x1 expected=0x31aa7afa got=0x31aa8000
[FAIL] step=263 pc=0x8000041c inst=0x4040d193 x3 expected=0x031aa7af got=0x00004513
[FAIL] step=264 pc=0x80000420 inst=0xb2a800b7 x1 expected=0xb2a80000 got=0x31aa7afa
[FAIL] step=265 pc=0x80000424 inst=0x88e08093 x1 expected=0xb2a7f88e got=0xb2a80000
[FAIL] step=266 pc=0x80000428 inst=0x00409193 x3 expected=0x2a7f88e0 got=0x031aa7af
[FAIL] step=267 pc=0x8000042c inst=0x54f930b7 x1 expected=0x54f93000 got=0xb2a7f88e
[FAIL] step=268 pc=0x80000430 inst=0x79408093 x1 expected=0x54f93794 got=0x54f93000
[FAIL] step=269 pc=0x80000434 inst=0x01f0d193 x3 expected=0x00000000 got=0x2a7f88e0
[FAIL] step=270 pc=0x80000438 inst=0x4de730b7 x1 expected=0x4de73000 got=0x54f93794
[FAIL] step=271 pc=0x8000043c inst=0x89b08093 x1 expected=0x4de7289b got=0x4de73000
[FAIL] step=272 pc=0x80000440 inst=0x4070d193 x3 expected=0x009bce51 got=0x00000000
[FAIL] step=273 pc=0x80000444 inst=0x720b50b7 x1 expected=0x720b5000 got=0x4de7289b
[FAIL] step=274 pc=0x80000448 inst=0x8d408093 x1 expected=0x720b48d4 got=0x720b5000
[FAIL] step=275 pc=0x8000044c inst=0x00709193 x3 expected=0x05a46a00 got=0x009bce51
[FAIL] step=276 pc=0x80000450 inst=0x6f6bb0b7 x1 expected=0x6f6bb000 got=0x720b48d4
[FAIL] step=277 pc=0x80000454 inst=0xc8608093 x1 expected=0x6f6bac86 got=0x6f6bb000
[FAIL] step=278 pc=0x80000458 inst=0x0000d193 x3 expected=0x6f6bac86 got=0x05a46a00
[FAIL] step=279 pc=0x8000045c inst=0xee15b0b7 x1 expected=0xee15b000 got=0x6f6bac86
[FAIL] step=280 pc=0x80000460 inst=0xf8908093 x1 expected=0xee15af89 got=0xee15b000
[FAIL] step=281 pc=0x80000464 inst=0x4080d193 x3 expected=0xffee15af got=0x6f6bac86
[FAIL] step=282 pc=0x80000468 inst=0xd4e880b7 x1 expected=0xd4e88000 got=0xee15af89
[FAIL] step=283 pc=0x8000046c inst=0x84408093 x1 expected=0xd4e87844 got=0xd4e88000
[FAIL] step=284 pc=0x80000470 inst=0x00809193 x3 expected=0xe8784400 got=0xffee15af
[FAIL] step=285 pc=0x80000474 inst=0x5fb630b7 x1 expected=0x5fb63000 got=0xd4e87844
[FAIL] step=286 pc=0x80000478 inst=0xcae08093 x1 expected=0x5fb62cae got=0x5fb63000
[FAIL] step=287 pc=0x8000047c inst=0x0010d193 x3 expected=0x2fdb1657 got=0xe8784400
[FAIL] step=288 pc=0x80000480 inst=0x1dadb0b7 x1 expected=0x1dadb000 got=0x5fb62cae
[FAIL] step=289 pc=0x80000484 inst=0xfe708093 x1 expected=0x1dadafe7 got=0x1dadb000
[FAIL] step=290 pc=0x80000488 inst=0x40f0d193 x3 expected=0x00003b5b got=0x2fdb1657
[FAIL] step=291 pc=0x8000048c inst=0x2ab4a0b7 x1 expected=0x2ab4a000 got=0x1dadafe7
[FAIL] step=292 pc=0x80000490 inst=0xb6c08093 x1 expected=0x2ab49b6c got=0x2ab4a000
[FAIL] step=293 pc=0x80000494 inst=0x00f09193 x3 expected=0x4db60000 got=0x00003b5b
[FAIL] step=294 pc=0x80000498 inst=0x95c5b0b7 x1 expected=0x95c5b000 got=0x2ab49b6c
[FAIL] step=295 pc=0x8000049c inst=0x13408093 x1 expected=0x95c5b134 got=0x95c5b000
[FAIL] step=296 pc=0x800004a0 inst=0x0040d193 x3 expected=0x095c5b13 got=0x4db60000
[FAIL] step=297 pc=0x800004a4 inst=0xb1c870b7 x1 expected=0xb1c87000 got=0x95c5b134
[FAIL] step=298 pc=0x800004a8 inst=0xbca08093 x1 expected=0xb1c86bca got=0xb1c87000
[FAIL] step=299 pc=0x800004ac inst=0x4100d193 x3 expected=0xffffb1c8 got=0x095c5b13
[FAIL] step=300 pc=0x800004b0 inst=0x5a92a0b7 x1 expected=0x5a92a000 got=0xb1c86bca
[FAIL] step=301 pc=0x800004b4 inst=0x22b08093 x1 expected=0x5a92a22b got=0x5a92a000
[FAIL] step=302 pc=0x800004b8 inst=0x01009193 x3 expected=0xa22b0000 got=0xffffb1c8
[FAIL] step=303 pc=0x800004bc inst=0xda9c60b7 x1 expected=0xda9c6000 got=0x5a92a22b
[FAIL] step=304 pc=0x800004c0 inst=0x1ce08093 x1 expected=0xda9c61ce got=0xda9c6000
[FAIL] step=305 pc=0x800004c4 inst=0x0070d193 x3 expected=0x01b538c3 got=0xa22b0000
[FAIL] step=306 pc=0x800004c8 inst=0x84c100b7 x1 expected=0x84c10000 got=0xda9c61ce
[FAIL] step=307 pc=0x800004cc inst=0xe8808093 x1 expected=0x84c0fe88 got=0x84c10000
[FAIL] step=308 pc=0x800004d0 inst=0x41f0d193 x3 expected=0xffffffff got=0x01b538c3
[FAIL] step=309 pc=0x800004d4 inst=0x416810b7 x1 expected=0x41681000 got=0x84c0fe88
[FAIL] step=310 pc=0x800004d8 inst=0x70c08093 x1 expected=0x4168170c got=0x41681000
[FAIL] step=311 pc=0x800004dc inst=0x01f09193 x3 expected=0x00000000 got=0xffffffff
[FAIL] step=312 pc=0x800004e0 inst=0xe0cc00b7 x1 expected=0xe0cc0000 got=0x4168170c
[FAIL] step=313 pc=0x800004e4 inst=0x2ba08093 x1 expected=0xe0cc02ba got=0xe0cc0000
[FAIL] step=314 pc=0x800004e8 inst=0x0080d193 x3 expected=0x00e0cc02 got=0x00000000
[FAIL] step=315 pc=0x800004ec inst=0x5445e0b7 x1 expected=0x5445e000 got=0xe0cc02ba
[FAIL] step=316 pc=0x800004f0 inst=0xfe108093 x1 expected=0x5445dfe1 got=0x5445e000
[FAIL] step=317 pc=0x800004f4 inst=0x4000d193 x3 expected=0x5445dfe1 got=0x00e0cc02
[FAIL] step=318 pc=0x800004f8 inst=0x382f00b7 x1 expected=0x382f0000 got=0x5445dfe1
[FAIL] step=319 pc=0x800004fc inst=0xcf308093 x1 expected=0x382efcf3 got=0x382f0000
[FAIL] step=320 pc=0x80000500 inst=0x00009193 x3 expected=0x382efcf3 got=0x5445dfe1
[FAIL] step=321 pc=0x80000504 inst=0x8c1100b7 x1 expected=0x8c110000 got=0x382efcf3
[FAIL] step=322 pc=0x80000508 inst=0x48b08093 x1 expected=0x8c11048b got=0x8c110000
[FAIL] step=323 pc=0x8000050c inst=0x00f0d193 x3 expected=0x00011822 got=0x382efcf3
[FAIL] step=324 pc=0x80000510 inst=0x80c010b7 x1 expected=0x80c01000 got=0x8c11048b
[FAIL] step=325 pc=0x80000514 inst=0x30a08093 x1 expected=0x80c0130a got=0x80c01000
[FAIL] step=326 pc=0x80000518 inst=0x4010d193 x3 expected=0xc0600985 got=0x00011822
[FAIL] step=327 pc=0x8000051c inst=0xcc2760b7 x1 expected=0xcc276000 got=0x80c0130a
[FAIL] step=328 pc=0x80000520 inst=0xbb208093 x1 expected=0xcc275bb2 got=0xcc276000
[FAIL] step=329 pc=0x80000524 inst=0x00109193 x3 expected=0x984eb764 got=0xc0600985
[FAIL] step=330 pc=0x80000528 inst=0x28a8c0b7 x1 expected=0x28a8c000 got=0xcc275bb2
[FAIL] step=331 pc=0x8000052c inst=0xd1f08093 x1 expected=0x28a8bd1f got=0x28a8c000
[FAIL] step=332 pc=0x80000530 inst=0x0100d193 x3 expected=0x000028a8 got=0x984eb764
[FAIL] step=333 pc=0x80000534 inst=0xcdd170b7 x1 expected=0xcdd17000 got=0x28a8bd1f
[FAIL] step=334 pc=0x80000538 inst=0xbcd08093 x1 expected=0xcdd16bcd got=0xcdd17000
[FAIL] step=335 pc=0x8000053c inst=0x4040d193 x3 expected=0xfcdd16bc got=0x000028a8
[FAIL] step=336 pc=0x80000540 inst=0x35a3b0b7 x1 expected=0x35a3b000 got=0xcdd16bcd
[FAIL] step=337 pc=0x80000544 inst=0xbaf08093 x1 expected=0x35a3abaf got=0x35a3b000
[FAIL] step=338 pc=0x80000548 inst=0x69fc5137 x2 expected=0x69fc5000 got=0x00000000
[FAIL] step=339 pc=0x8000054c inst=0xc3e10113 x2 expected=0x69fc4c3e got=0x69fc5000
[FAIL] step=340 pc=0x80000550 inst=0x002081b3 x3 expected=0x9f9ff7ed got=0xfcdd16bc
[FAIL] step=341 pc=0x80000554 inst=0x4083a0b7 x1 expected=0x4083a000 got=0x35a3abaf
[FAIL] step=342 pc=0x80000558 inst=0x1dc08093 x1 expected=0x4083a1dc got=0x4083a000
[FAIL] step=343 pc=0x8000055c inst=0xb776e137 x2 expected=0xb776e000 got=0x69fc4c3e
[FAIL] step=344 pc=0x80000560 inst=0x60c10113 x2 expected=0xb776e60c got=0xb776e000
[FAIL] step=345 pc=0x80000564 inst=0x402081b3 x3 expected=0x890cbbd0 got=0x9f9ff7ed
[FAIL] step=346 pc=0x80000568 inst=0x0065a0b7 x1 expected=0x0065a000 got=0x4083a1dc
[FAIL] step=347 pc=0x8000056c inst=0x63008093 x1 expected=0x0065a630 got=0x0065a000
[FAIL] step=348 pc=0x80000570 inst=0xe05fa137 x2 expected=0xe05fa000 got=0xb776e60c
[FAIL] step=349 pc=0x80000574 inst=0xb6d10113 x2 expected=0xe05f9b6d got=0xe05fa000
[FAIL] step=350 pc=0x80000578 inst=0x002091b3 x3 expected=0xb4c60000 got=0x890cbbd0
[FAIL] step=351 pc=0x8000057c inst=0x7dba00b7 x1 expected=0x7dba0000 got=0x0065a630
[FAIL] step=352 pc=0x80000580 inst=0x27408093 x1 expected=0x7dba0274 got=0x7dba0000
[FAIL] step=353 pc=0x80000584 inst=0xa08c8137 x2 expected=0xa08c8000 got=0xe05f9b6d
[FAIL] step=354 pc=0x80000588 inst=0x71610113 x2 expected=0xa08c8716 got=0xa08c8000
[FAIL] step=355 pc=0x8000058c inst=0x0020a1b3 x3 expected=0x00000000 got=0xb4c60000
[FAIL] step=356 pc=0x80000590 inst=0x0f6950b7 x1 expected=0x0f695000 got=0x7dba0274
[FAIL] step=357 pc=0x80000594 inst=0x35208093 x1 expected=0x0f695352 got=0x0f695000
[FAIL] step=358 pc=0x80000598 inst=0xf8a57137 x2 expected=0xf8a57000 got=0xa08c8716
[FAIL] step=359 pc=0x8000059c inst=0x58a10113 x2 expected=0xf8a5758a got=0xf8a57000
[FAIL] step=360 pc=0x800005a0 inst=0x0020b1b3 x3 expected=0x00000001 got=0x00000000
[FAIL] step=361 pc=0x800005a4 inst=0x6f9180b7 x1 expected=0x6f918000 got=0x0f695352
[FAIL] step=362 pc=0x800005a8 inst=0xf9508093 x1 expected=0x6f917f95 got=0x6f918000
[FAIL] step=363 pc=0x800005ac inst=0x6516a137 x2 expected=0x6516a000 got=0xf8a5758a
[FAIL] step=364 pc=0x800005b0 inst=0x6c210113 x2 expected=0x6516a6c2 got=0x6516a000
[FAIL] step=365 pc=0x800005b4 inst=0x0020c1b3 x3 expected=0x0a87d957 got=0x00000001
[FAIL] step=366 pc=0x800005b8 inst=0xbc20f0b7 x1 expected=0xbc20f000 got=0x6f917f95
[FAIL] step=367 pc=0x800005bc inst=0xceb08093 x1 expected=0xbc20eceb got=0xbc20f000
[FAIL] step=368 pc=0x800005c0 inst=0x73c39137 x2 expected=0x73c39000 got=0x6516a6c2
[FAIL] step=369 pc=0x800005c4 inst=0xbd510113 x2 expected=0x73c38bd5 got=0x73c39000
[FAIL] step=370 pc=0x800005c8 inst=0x0020d1b3 x3 expected=0x000005e1 got=0x0a87d957
[FAIL] step=371 pc=0x800005cc inst=0x1b45b0b7 x1 expected=0x1b45b000 got=0xbc20eceb
[FAIL] step=372 pc=0x800005d0 inst=0xf1708093 x1 expected=0x1b45af17 got=0x1b45b000
[FAIL] step=373 pc=0x800005d4 inst=0x6356f137 x2 expected=0x6356f000 got=0x73c38bd5
[FAIL] step=374 pc=0x800005d8 inst=0x37310113 x2 expected=0x6356f373 got=0x6356f000
[FAIL] step=375 pc=0x800005dc inst=0x4020d1b3 x3 expected=0x00000368 got=0x000005e1
[FAIL] step=376 pc=0x800005e0 inst=0x40ff60b7 x1 expected=0x40ff6000 got=0x1b45af17
[FAIL] step=377 pc=0x800005e4 inst=0x9aa08093 x1 expected=0x40ff59aa got=0x40ff6000
[FAIL] step=378 pc=0x800005e8 inst=0x4fbb4137 x2 expected=0x4fbb4000 got=0x6356f373
[FAIL] step=379 pc=0x800005ec inst=0xdf010113 x2 expected=0x4fbb3df0 got=0x4fbb4000
[FAIL] step=380 pc=0x800005f0 inst=0x0020e1b3 x3 expected=0x4fff7dfa got=0x00000368
[FAIL] step=381 pc=0x800005f4 inst=0xbe18c0b7 x1 expected=0xbe18c000 got=0x40ff59aa
[FAIL] step=382 pc=0x800005f8 inst=0x14008093 x1 expected=0xbe18c140 got=0xbe18c000
[FAIL] step=383 pc=0x800005fc inst=0xf757e137 x2 expected=0xf757e000 got=0x4fbb3df0
[FAIL] step=384 pc=0x80000600 inst=0x77010113 x2 expected=0xf757e770 got=0xf757e000
[FAIL] step=385 pc=0x80000604 inst=0x0020f1b3 x3 expected=0xb610c140 got=0x4fff7dfa
[FAIL] step=386 pc=0x80000608 inst=0x448b30b7 x1 expected=0x448b3000 got=0xbe18c140
[FAIL] step=387 pc=0x8000060c inst=0x96a08093 x1 expected=0x448b296a got=0x448b3000
[FAIL] step=388 pc=0x80000610 inst=0xafcf9137 x2 expected=0xafcf9000 got=0xf757e770
[FAIL] step=389 pc=0x80000614 inst=0xe5510113 x2 expected=0xafcf8e55 got=0xafcf9000
[FAIL] step=390 pc=0x80000618 inst=0x002081b3 x3 expected=0xf45ab7bf got=0xb610c140
[FAIL] step=391 pc=0x8000061c inst=0x3e1c40b7 x1 expected=0x3e1c4000 got=0x448b296a
[FAIL] step=392 pc=0x80000620 inst=0x22b08093 x1 expected=0x3e1c422b got=0x3e1c4000
[FAIL] step=393 pc=0x80000624 inst=0x4b203137 x2 expected=0x4b203000 got=0xafcf8e55
[FAIL] step=394 pc=0x80000628 inst=0xe5610113 x2 expected=0x4b202e56 got=0x4b203000
[FAIL] step=395 pc=0x8000062c inst=0x402081b3 x3 expected=0xf2fc13d5 got=0xf45ab7bf
[FAIL] step=396 pc=0x80000630 inst=0x481780b7 x1 expected=0x48178000 got=0x3e1c422b
[FAIL] step=397 pc=0x80000634 inst=0x4b608093 x1 expected=0x481784b6 got=0x48178000
[FAIL] step=398 pc=0x80000638 inst=0x4f1cd137 x2 expected=0x4f1cd000 got=0x4b202e56
[FAIL] step=399 pc=0x8000063c inst=0xd4c10113 x2 expected=0x4f1ccd4c got=0x4f1cd000
[FAIL] step=400 pc=0x80000640 inst=0x002091b3 x3 expected=0x784b6000 got=0xf2fc13d5
[FAIL] step=401 pc=0x80000644 inst=0x54c9e0b7 x1 expected=0x54c9e000 got=0x481784b6
[FAIL] step=402 pc=0x80000648 inst=0xd4b08093 x1 expected=0x54c9dd4b got=0x54c9e000
[FAIL] step=403 pc=0x8000064c inst=0x764a3137 x2 expected=0x764a3000 got=0x4f1ccd4c
[FAIL] step=404 pc=0x80000650 inst=0x81d10113 x2 expected=0x764a281d got=0x764a3000
[FAIL] step=405 pc=0x80000654 inst=0x0020a1b3 x3 expected=0x00000001 got=0x784b6000
[FAIL] step=406 pc=0x80000658 inst=0xf7cec0b7 x1 expected=0xf7cec000 got=0x54c9dd4b
[FAIL] step=407 pc=0x8000065c inst=0xca908093 x1 expected=0xf7cebca9 got=0xf7cec000
[FAIL] step=408 pc=0x80000660 inst=0x03de5137 x2 expected=0x03de5000 got=0x764a281d
[FAIL] step=409 pc=0x80000664 inst=0x3d810113 x2 expected=0x03de53d8 got=0x03de5000
[FAIL] step=410 pc=0x80000668 inst=0x0020b1b3 x3 expected=0x00000000 got=0x00000001
[FAIL] step=411 pc=0x8000066c inst=0x11e840b7 x1 expected=0x11e84000 got=0xf7cebca9
[FAIL] step=412 pc=0x80000670 inst=0x28a08093 x1 expected=0x11e8428a got=0x11e84000
[FAIL] step=413 pc=0x80000674 inst=0x6b472137 x2 expected=0x6b472000 got=0x03de53d8
[FAIL] step=414 pc=0x80000678 inst=0xdc610113 x2 expected=0x6b471dc6 got=0x6b472000
[FAIL] step=415 pc=0x8000067c inst=0x0020c1b3 x3 expected=0x7aaf5f4c got=0x00000000
[FAIL] step=416 pc=0x80000680 inst=0x146ea0b7 x1 expected=0x146ea000 got=0x11e8428a
[FAIL] step=417 pc=0x80000684 inst=0x6d608093 x1 expected=0x146ea6d6 got=0x146ea000
[FAIL] step=418 pc=0x80000688 inst=0xde9c0137 x2 expected=0xde9c0000 got=0x6b471dc6
[FAIL] step=419 pc=0x8000068c inst=0x39d10113 x2 expected=0xde9c039d got=0xde9c0000
[FAIL] step=420 pc=0x80000690 inst=0x0020d1b3 x3 expected=0x00000000 got=0x7aaf5f4c
[FAIL] step=421 pc=0x80000694 inst=0xef8c70b7 x1 expected=0xef8c7000 got=0x146ea6d6
[FAIL] step=422 pc=0x80000698 inst=0x43f08093 x1 expected=0xef8c743f got=0xef8c7000
[FAIL] step=423 pc=0x8000069c inst=0xc931a137 x2 expected=0xc931a000 got=0xde9c039d
[FAIL] step=424 pc=0x800006a0 inst=0x00110113 x2 expected=0xc931a001 got=0xc931a000
[FAIL] step=425 pc=0x800006a4 inst=0x4020d1b3 x3 expected=0xf7c63a1f got=0x00000000
[FAIL] step=426 pc=0x800006a8 inst=0x147830b7 x1 expected=0x14783000 got=0xef8c743f
[FAIL] step=427 pc=0x800006ac inst=0x2b708093 x1 expected=0x147832b7 got=0x14783000
[FAIL] step=428 pc=0x800006b0 inst=0x7783d137 x2 expected=0x7783d000 got=0xc931a001
[FAIL] step=429 pc=0x800006b4 inst=0xde110113 x2 expected=0x7783cde1 got=0x7783d000
[FAIL] step=430 pc=0x800006b8 inst=0x0020e1b3 x3 expected=0x77fbfff7 got=0xf7c63a1f
[FAIL] step=431 pc=0x800006bc inst=0x9aacf0b7 x1 expected=0x9aacf000 got=0x147832b7
[FAIL] step=432 pc=0x800006c0 inst=0xf4408093 x1 expected=0x9aacef44 got=0x9aacf000
[FAIL] step=433 pc=0x800006c4 inst=0xe6ddd137 x2 expected=0xe6ddd000 got=0x7783cde1
[FAIL] step=434 pc=0x800006c8 inst=0x84710113 x2 expected=0xe6ddc847 got=0xe6ddd000
[FAIL] step=435 pc=0x800006cc inst=0x0020f1b3 x3 expected=0x828cc844 got=0x77fbfff7
[FAIL] step=436 pc=0x800006d0 inst=0x605020b7 x1 expected=0x60502000 got=0x9aacef44
[FAIL] step=437 pc=0x800006d4 inst=0x27108093 x1 expected=0x60502271 got=0x60502000
[FAIL] step=438 pc=0x800006d8 inst=0x8c4d0137 x2 expected=0x8c4d0000 got=0xe6ddc847
[FAIL] step=439 pc=0x800006dc inst=0x9c110113 x2 expected=0x8c4cf9c1 got=0x8c4d0000
[FAIL] step=440 pc=0x800006e0 inst=0x002081b3 x3 expected=0xec9d1c32 got=0x828cc844
[FAIL] step=441 pc=0x800006e4 inst=0xe18df0b7 x1 expected=0xe18df000 got=0x60502271
[FAIL] step=442 pc=0x800006e8 inst=0x65b08093 x1 expected=0xe18df65b got=0xe18df000
[FAIL] step=443 pc=0x800006ec inst=0xebd2a137 x2 expected=0xebd2a000 got=0x8c4cf9c1
[FAIL] step=444 pc=0x800006f0 inst=0xbfa10113 x2 expected=0xebd29bfa got=0xebd2a000
[FAIL] step=445 pc=0x800006f4 inst=0x402081b3 x3 expected=0xf5bb5a61 got=0xec9d1c32
[FAIL] step=446 pc=0x800006f8 inst=0x2fea00b7 x1 expected=0x2fea0000 got=0xe18df65b
[FAIL] step=447 pc=0x800006fc inst=0x44c08093 x1 expected=0x2fea044c got=0x2fea0000
[FAIL] step=448 pc=0x80000700 inst=0x61bee137 x2 expected=0x61bee000 got=0xebd29bfa
[FAIL] step=449 pc=0x80000704 inst=0x80a10113 x2 expected=0x61bed80a got=0x61bee000
[FAIL] step=450 pc=0x80000708 inst=0x002091b3 x3 expected=0xa8113000 got=0xf5bb5a61
[FAIL] step=451 pc=0x8000070c inst=0x27cb40b7 x1 expected=0x27cb4000 got=0x2fea044c
[FAIL] step=452 pc=0x80000710 inst=0xf1908093 x1 expected=0x27cb3f19 got=0x27cb4000
[FAIL] step=453 pc=0x80000714 inst=0x223fd137 x2 expected=0x223fd000 got=0x61bed80a
[FAIL] step=454 pc=0x80000718 inst=0x49110113 x2 expected=0x223fd491 got=0x223fd000
[FAIL] step=455 pc=0x8000071c inst=0x0020a1b3 x3 expected=0x00000000 got=0xa8113000
[FAIL] step=456 pc=0x80000720 inst=0x1b4160b7 x1 expected=0x1b416000 got=0x27cb3f19
[FAIL] step=457 pc=0x80000724 inst=0xbdd08093 x1 expected=0x1b415bdd got=0x1b416000
[FAIL] step=458 pc=0x80000728 inst=0xa2bce137 x2 expected=0xa2bce000 got=0x223fd491
[FAIL] step=459 pc=0x8000072c inst=0x57810113 x2 expected=0xa2bce578 got=0xa2bce000
[FAIL] step=460 pc=0x80000730 inst=0x0020b1b3 x3 expected=0x00000001 got=0x00000000
[FAIL] step=461 pc=0x80000734 inst=0xc0ccd0b7 x1 expected=0xc0ccd000 got=0x1b415bdd
[FAIL] step=462 pc=0x80000738 inst=0x75e08093 x1 expected=0xc0ccd75e got=0xc0ccd000
[FAIL] step=463 pc=0x8000073c inst=0x0eea2137 x2 expected=0x0eea2000 got=0xa2bce578
[FAIL] step=464 pc=0x80000740 inst=0x18f10113 x2 expected=0x0eea218f got=0x0eea2000
[FAIL] step=465 pc=0x80000744 inst=0x0020c1b3 x3 expected=0xce26f6d1 got=0x00000001
[FAIL] step=466 pc=0x80000748 inst=0x266cb0b7 x1 expected=0x266cb000 got=0xc0ccd75e
[FAIL] step=467 pc=0x8000074c inst=0x98c08093 x1 expected=0x266ca98c got=0x266cb000
[FAIL] step=468 pc=0x80000750 inst=0xf93fe137 x2 expected=0xf93fe000 got=0x0eea218f
[FAIL] step=469 pc=0x80000754 inst=0xc9810113 x2 expected=0xf93fdc98 got=0xf93fe000
[FAIL] step=470 pc=0x80000758 inst=0x0020d1b3 x3 expected=0x00000026 got=0xce26f6d1
[FAIL] step=471 pc=0x8000075c inst=0xd36920b7 x1 expected=0xd3692000 got=0x266ca98c
[FAIL] step=472 pc=0x80000760 inst=0x92208093 x1 expected=0xd3691922 got=0xd3692000
[FAIL] step=473 pc=0x80000764 inst=0x7fa04137 x2 expected=0x7fa04000 got=0xf93fdc98
[FAIL] step=474 pc=0x80000768 inst=0x70510113 x2 expected=0x7fa04705 got=0x7fa04000
[FAIL] step=475 pc=0x8000076c inst=0x4020d1b3 x3 expected=0xfe9b48c9 got=0x00000026
[FAIL] step=476 pc=0x80000770 inst=0x420b10b7 x1 expected=0x420b1000 got=0xd3691922
[FAIL] step=477 pc=0x80000774 inst=0xb0808093 x1 expected=0x420b0b08 got=0x420b1000
[FAIL] step=478 pc=0x80000778 inst=0x026d9137 x2 expected=0x026d9000 got=0x7fa04705
[FAIL] step=479 pc=0x8000077c inst=0x01610113 x2 expected=0x026d9016 got=0x026d9000
[FAIL] step=480 pc=0x80000780 inst=0x0020e1b3 x3 expected=0x426f9b1e got=0xfe9b48c9
[FAIL] step=481 pc=0x80000784 inst=0xf190f0b7 x1 expected=0xf190f000 got=0x420b0b08
[FAIL] step=482 pc=0x80000788 inst=0xcf108093 x1 expected=0xf190ecf1 got=0xf190f000
[FAIL] step=483 pc=0x8000078c inst=0xbaa3b137 x2 expected=0xbaa3b000 got=0x026d9016
[FAIL] step=484 pc=0x80000790 inst=0x01d10113 x2 expected=0xbaa3b01d got=0xbaa3b000
[FAIL] step=485 pc=0x80000794 inst=0x0020f1b3 x3 expected=0xb080a011 got=0x426f9b1e
[FAIL] step=486 pc=0x80000798 inst=0x4e3e00b7 x1 expected=0x4e3e0000 got=0xf190ecf1
[FAIL] step=487 pc=0x8000079c inst=0x03208093 x1 expected=0x4e3e0032 got=0x4e3e0000
[FAIL] step=488 pc=0x800007a0 inst=0x23830137 x2 expected=0x23830000 got=0xbaa3b01d
[FAIL] step=489 pc=0x800007a4 inst=0xf6f10113 x2 expected=0x2382ff6f got=0x23830000
[FAIL] step=490 pc=0x800007a8 inst=0x002081b3 x3 expected=0x71c0ffa1 got=0xb080a011
[FAIL] step=491 pc=0x800007ac inst=0xc878f0b7 x1 expected=0xc878f000 got=0x4e3e0032
[FAIL] step=492 pc=0x800007b0 inst=0x8e708093 x1 expected=0xc878e8e7 got=0xc878f000
[FAIL] step=493 pc=0x800007b4 inst=0x138ef137 x2 expected=0x138ef000 got=0x2382ff6f
[FAIL] step=494 pc=0x800007b8 inst=0x4ee10113 x2 expected=0x138ef4ee got=0x138ef000
[FAIL] step=495 pc=0x800007bc inst=0x402081b3 x3 expected=0xb4e9f3f9 got=0x71c0ffa1
[FAIL] step=496 pc=0x800007c0 inst=0x241630b7 x1 expected=0x24163000 got=0xc878e8e7
[FAIL] step=497 pc=0x800007c4 inst=0xc4808093 x1 expected=0x24162c48 got=0x24163000
[FAIL] step=498 pc=0x800007c8 inst=0x2b337137 x2 expected=0x2b337000 got=0x138ef4ee
[FAIL] step=499 pc=0x800007cc inst=0x66710113 x2 expected=0x2b337667 got=0x2b337000
[FAIL] step=500 pc=0x800007d0 inst=0x002091b3 x3 expected=0x0b162400 got=0xb4e9f3f9
[FAIL] step=501 pc=0x800007d4 inst=0x8eab60b7 x1 expected=0x8eab6000 got=0x24162c48
[FAIL] step=502 pc=0x800007d8 inst=0x0bb08093 x1 expected=0x8eab60bb got=0x8eab6000
[FAIL] step=503 pc=0x800007dc inst=0xa4f61137 x2 expected=0xa4f61000 got=0x2b337667
[FAIL] step=504 pc=0x800007e0 inst=0xbbd10113 x2 expected=0xa4f60bbd got=0xa4f61000
[FAIL] step=505 pc=0x800007e4 inst=0x0020a1b3 x3 expected=0x00000001 got=0x0b162400
[FAIL] step=506 pc=0x800007e8 inst=0x0b1a50b7 x1 expected=0x0b1a5000 got=0x8eab60bb
[FAIL] step=507 pc=0x800007ec inst=0x76d08093 x1 expected=0x0b1a576d got=0x0b1a5000
[FAIL] step=508 pc=0x800007f0 inst=0x5cdb8137 x2 expected=0x5cdb8000 got=0xa4f60bbd
[FAIL] step=509 pc=0x800007f4 inst=0x66810113 x2 expected=0x5cdb8668 got=0x5cdb8000
[PASS] retire step=510 pc=0x800007f8 inst=0x0020b1b3 next_pc=0x800007fc
[FAIL] step=511 pc=0x800007fc inst=0x1a6830b7 x1 expected=0x1a683000 got=0x0b1a576d
[FAIL] step=512 pc=0x80000800 inst=0xbd708093 x1 expected=0x1a682bd7 got=0x1a683000
[FAIL] step=513 pc=0x80000804 inst=0x2a7c9137 x2 expected=0x2a7c9000 got=0x5cdb8668
[FAIL] step=514 pc=0x80000808 inst=0x81310113 x2 expected=0x2a7c8813 got=0x2a7c9000
[FAIL] step=515 pc=0x8000080c inst=0x0020c1b3 x3 expected=0x3014a3c4 got=0x00000001
[FAIL] step=516 pc=0x80000810 inst=0x62e000b7 x1 expected=0x62e00000 got=0x1a682bd7
[FAIL] step=517 pc=0x80000814 inst=0x0e508093 x1 expected=0x62e000e5 got=0x62e00000
[FAIL] step=518 pc=0x80000818 inst=0x313b6137 x2 expected=0x313b6000 got=0x2a7c8813
[FAIL] step=519 pc=0x8000081c inst=0xa8310113 x2 expected=0x313b5a83 got=0x313b6000
[FAIL] step=520 pc=0x80000820 inst=0x0020d1b3 x3 expected=0x0c5c001c got=0x3014a3c4
[FAIL] step=521 pc=0x80000824 inst=0x2244a0b7 x1 expected=0x2244a000 got=0x62e000e5
[FAIL] step=522 pc=0x80000828 inst=0x95908093 x1 expected=0x22449959 got=0x2244a000
[FAIL] step=523 pc=0x8000082c inst=0x12fba137 x2 expected=0x12fba000 got=0x313b5a83
[FAIL] step=524 pc=0x80000830 inst=0x64e10113 x2 expected=0x12fba64e got=0x12fba000
[FAIL] step=525 pc=0x80000834 inst=0x4020d1b3 x3 expected=0x00008912 got=0x0c5c001c
[FAIL] step=526 pc=0x80000838 inst=0xc18c60b7 x1 expected=0xc18c6000 got=0x22449959
[FAIL] step=527 pc=0x8000083c inst=0x15a08093 x1 expected=0xc18c615a got=0xc18c6000
[FAIL] step=528 pc=0x80000840 inst=0x3ac08137 x2 expected=0x3ac08000 got=0x12fba64e
[FAIL] step=529 pc=0x80000844 inst=0x90c10113 x2 expected=0x3ac0790c got=0x3ac08000
[FAIL] step=530 pc=0x80000848 inst=0x0020e1b3 x3 expected=0xfbcc795e got=0x00008912
[FAIL] step=531 pc=0x8000084c inst=0x530f40b7 x1 expected=0x530f4000 got=0xc18c615a
[FAIL] step=532 pc=0x80000850 inst=0x19108093 x1 expected=0x530f4191 got=0x530f4000
[FAIL] step=533 pc=0x80000854 inst=0x18742137 x2 expected=0x18742000 got=0x3ac0790c
[FAIL] step=534 pc=0x80000858 inst=0xbbf10113 x2 expected=0x18741bbf got=0x18742000
[FAIL] step=535 pc=0x8000085c inst=0x0020f1b3 x3 expected=0x10040191 got=0xfbcc795e
[FAIL] step=536 pc=0x80000860 inst=0x2acc50b7 x1 expected=0x2acc5000 got=0x530f4191
[FAIL] step=537 pc=0x80000864 inst=0x6f108093 x1 expected=0x2acc56f1 got=0x2acc5000
[FAIL] step=538 pc=0x80000868 inst=0xedfae137 x2 expected=0xedfae000 got=0x18741bbf
[FAIL] step=539 pc=0x8000086c inst=0x87710113 x2 expected=0xedfad877 got=0xedfae000
[FAIL] step=540 pc=0x80000870 inst=0x002081b3 x3 expected=0x18c72f68 got=0x10040191
[FAIL] step=541 pc=0x80000874 inst=0x5ec090b7 x1 expected=0x5ec09000 got=0x2acc56f1
[FAIL] step=542 pc=0x80000878 inst=0xc3908093 x1 expected=0x5ec08c39 got=0x5ec09000
[FAIL] step=543 pc=0x8000087c inst=0x63ac7137 x2 expected=0x63ac7000 got=0xedfad877
[FAIL] step=544 pc=0x80000880 inst=0x4a910113 x2 expected=0x63ac74a9 got=0x63ac7000
[FAIL] step=545 pc=0x80000884 inst=0x402081b3 x3 expected=0xfb141790 got=0x18c72f68
[FAIL] step=546 pc=0x80000888 inst=0x4b24b0b7 x1 expected=0x4b24b000 got=0x5ec08c39
[FAIL] step=547 pc=0x8000088c inst=0x60d08093 x1 expected=0x4b24b60d got=0x4b24b000
[FAIL] step=548 pc=0x80000890 inst=0x7dba0137 x2 expected=0x7dba0000 got=0x63ac74a9
[FAIL] step=549 pc=0x80000894 inst=0x27410113 x2 expected=0x7dba0274 got=0x7dba0000
[FAIL] step=550 pc=0x80000898 inst=0x002091b3 x3 expected=0x60d00000 got=0xfb141790
[FAIL] step=551 pc=0x8000089c inst=0x70f180b7 x1 expected=0x70f18000 got=0x4b24b60d
[FAIL] step=552 pc=0x800008a0 inst=0x12908093 x1 expected=0x70f18129 got=0x70f18000
[FAIL] step=553 pc=0x800008a4 inst=0x9cbdb137 x2 expected=0x9cbdb000 got=0x7dba0274
[FAIL] step=554 pc=0x800008a8 inst=0x7a010113 x2 expected=0x9cbdb7a0 got=0x9cbdb000
[FAIL] step=555 pc=0x800008ac inst=0x0020a1b3 x3 expected=0x00000000 got=0x60d00000
[FAIL] step=556 pc=0x800008b0 inst=0x9f1290b7 x1 expected=0x9f129000 got=0x70f18129
[FAIL] step=557 pc=0x800008b4 inst=0x6bf08093 x1 expected=0x9f1296bf got=0x9f129000
[FAIL] step=558 pc=0x800008b8 inst=0x2cc11137 x2 expected=0x2cc11000 got=0x9cbdb7a0
[FAIL] step=559 pc=0x800008bc inst=0xd2710113 x2 expected=0x2cc10d27 got=0x2cc11000
[PASS] retire step=560 pc=0x800008c0 inst=0x0020b1b3 next_pc=0x800008c4
[FAIL] step=561 pc=0x800008c4 inst=0xd42210b7 x1 expected=0xd4221000 got=0x9f1296bf
[FAIL] step=562 pc=0x800008c8 inst=0x1c208093 x1 expected=0xd42211c2 got=0xd4221000
[FAIL] step=563 pc=0x800008cc inst=0x54e57137 x2 expected=0x54e57000 got=0x2cc10d27
[FAIL] step=564 pc=0x800008d0 inst=0x66e10113 x2 expected=0x54e5766e got=0x54e57000
[FAIL] step=565 pc=0x800008d4 inst=0x0020c1b3 x3 expected=0x80c767ac got=0x00000000
[FAIL] step=566 pc=0x800008d8 inst=0x366580b7 x1 expected=0x36658000 got=0xd42211c2
[FAIL] step=567 pc=0x800008dc inst=0xdf608093 x1 expected=0x36657df6 got=0x36658000
[FAIL] step=568 pc=0x800008e0 inst=0x1b45b137 x2 expected=0x1b45b000 got=0x54e5766e
[FAIL] step=569 pc=0x800008e4 inst=0xf1710113 x2 expected=0x1b45af17 got=0x1b45b000
[FAIL] step=570 pc=0x800008e8 inst=0x0020d1b3 x3 expected=0x0000006c got=0x80c767ac
[FAIL] step=571 pc=0x800008ec inst=0x1ee9d0b7 x1 expected=0x1ee9d000 got=0x36657df6
[FAIL] step=572 pc=0x800008f0 inst=0xacd08093 x1 expected=0x1ee9cacd got=0x1ee9d000
[FAIL] step=573 pc=0x800008f4 inst=0x3667c137 x2 expected=0x3667c000 got=0x1b45af17
[FAIL] step=574 pc=0x800008f8 inst=0xed010113 x2 expected=0x3667bed0 got=0x3667c000
[FAIL] step=575 pc=0x800008fc inst=0x4020d1b3 x3 expected=0x00001ee9 got=0x0000006c
[FAIL] step=576 pc=0x80000900 inst=0x654950b7 x1 expected=0x65495000 got=0x1ee9cacd
[FAIL] step=577 pc=0x80000904 inst=0xcfe08093 x1 expected=0x65494cfe got=0x65495000
[FAIL] step=578 pc=0x80000908 inst=0x09f9c137 x2 expected=0x09f9c000 got=0x3667bed0
[FAIL] step=579 pc=0x8000090c inst=0x13410113 x2 expected=0x09f9c134 got=0x09f9c000
[FAIL] step=580 pc=0x80000910 inst=0x0020e1b3 x3 expected=0x6df9cdfe got=0x00001ee9
[FAIL] step=581 pc=0x80000914 inst=0xaf8aa0b7 x1 expected=0xaf8aa000 got=0x65494cfe
[FAIL] step=582 pc=0x80000918 inst=0x0ec08093 x1 expected=0xaf8aa0ec got=0xaf8aa000
[FAIL] step=583 pc=0x8000091c inst=0x6a027137 x2 expected=0x6a027000 got=0x09f9c134
[FAIL] step=584 pc=0x80000920 inst=0x23510113 x2 expected=0x6a027235 got=0x6a027000
[FAIL] step=585 pc=0x80000924 inst=0x0020f1b3 x3 expected=0x2a022024 got=0x6df9cdfe
[FAIL] step=586 pc=0x80000928 inst=0x07d150b7 x1 expected=0x07d15000 got=0xaf8aa0ec
[FAIL] step=587 pc=0x8000092c inst=0x55008093 x1 expected=0x07d15550 got=0x07d15000
[FAIL] step=588 pc=0x80000930 inst=0x4ed4c137 x2 expected=0x4ed4c000 got=0x6a027235
[FAIL] step=589 pc=0x80000934 inst=0xd0d10113 x2 expected=0x4ed4bd0d got=0x4ed4c000
[FAIL] step=590 pc=0x80000938 inst=0x002081b3 x3 expected=0x56a6125d got=0x2a022024
[FAIL] step=591 pc=0x8000093c inst=0x20f250b7 x1 expected=0x20f25000 got=0x07d15550
[FAIL] step=592 pc=0x80000940 inst=0x3da08093 x1 expected=0x20f253da got=0x20f25000
[FAIL] step=593 pc=0x80000944 inst=0xfd1d6137 x2 expected=0xfd1d6000 got=0x4ed4bd0d
[FAIL] step=594 pc=0x80000948 inst=0x63210113 x2 expected=0xfd1d6632 got=0xfd1d6000
[FAIL] step=595 pc=0x8000094c inst=0x402081b3 x3 expected=0x23d4eda8 got=0x56a6125d
[FAIL] step=596 pc=0x80000950 inst=0x6d92a0b7 x1 expected=0x6d92a000 got=0x20f253da
[FAIL] step=597 pc=0x80000954 inst=0xa9d08093 x1 expected=0x6d929a9d got=0x6d92a000
[FAIL] step=598 pc=0x80000958 inst=0x54c9e137 x2 expected=0x54c9e000 got=0xfd1d6632
[FAIL] step=599 pc=0x8000095c inst=0xd4b10113 x2 expected=0x54c9dd4b got=0x54c9e000
[FAIL] step=600 pc=0x80000960 inst=0x002091b3 x3 expected=0x94d4e800 got=0x23d4eda8
[FAIL] step=601 pc=0x80000964 inst=0x8fdab0b7 x1 expected=0x8fdab000 got=0x6d929a9d
[FAIL] step=602 pc=0x80000968 inst=0x7e808093 x1 expected=0x8fdab7e8 got=0x8fdab000
[FAIL] step=603 pc=0x8000096c inst=0x697db137 x2 expected=0x697db000 got=0x54c9dd4b
[FAIL] step=604 pc=0x80000970 inst=0x3d310113 x2 expected=0x697db3d3 got=0x697db000
[FAIL] step=605 pc=0x80000974 inst=0x0020a1b3 x3 expected=0x00000001 got=0x94d4e800
[FAIL] step=606 pc=0x80000978 inst=0x1bd840b7 x1 expected=0x1bd84000 got=0x8fdab7e8
[FAIL] step=607 pc=0x8000097c inst=0xd5808093 x1 expected=0x1bd83d58 got=0x1bd84000
[FAIL] step=608 pc=0x80000980 inst=0xc0175137 x2 expected=0xc0175000 got=0x697db3d3
[FAIL] step=609 pc=0x80000984 inst=0x8b010113 x2 expected=0xc01748b0 got=0xc0175000
[PASS] retire step=610 pc=0x80000988 inst=0x0020b1b3 next_pc=0x8000098c
[FAIL] step=611 pc=0x8000098c inst=0x785260b7 x1 expected=0x78526000 got=0x1bd83d58
[FAIL] step=612 pc=0x80000990 inst=0xbd008093 x1 expected=0x78525bd0 got=0x78526000
[FAIL] step=613 pc=0x80000994 inst=0xaf4fe137 x2 expected=0xaf4fe000 got=0xc01748b0
[FAIL] step=614 pc=0x80000998 inst=0x49e10113 x2 expected=0xaf4fe49e got=0xaf4fe000
[FAIL] step=615 pc=0x8000099c inst=0x0020c1b3 x3 expected=0xd71dbf4e got=0x00000001
[FAIL] step=616 pc=0x800009a0 inst=0x1bfbc0b7 x1 expected=0x1bfbc000 got=0x78525bd0
[FAIL] step=617 pc=0x800009a4 inst=0xec908093 x1 expected=0x1bfbbec9 got=0x1bfbc000
[FAIL] step=618 pc=0x800009a8 inst=0xef8c7137 x2 expected=0xef8c7000 got=0xaf4fe49e
[FAIL] step=619 pc=0x800009ac inst=0x43f10113 x2 expected=0xef8c743f got=0xef8c7000
[FAIL] step=620 pc=0x800009b0 inst=0x0020d1b3 x3 expected=0x00000000 got=0xd71dbf4e
[FAIL] step=621 pc=0x800009b4 inst=0x292ed0b7 x1 expected=0x292ed000 got=0x1bfbbec9
[FAIL] step=622 pc=0x800009b8 inst=0xc7308093 x1 expected=0x292ecc73 got=0x292ed000
[FAIL] step=623 pc=0x800009bc inst=0xc8e1e137 x2 expected=0xc8e1e000 got=0xef8c743f
[FAIL] step=624 pc=0x800009c0 inst=0xd2f10113 x2 expected=0xc8e1dd2f got=0xc8e1e000
[FAIL] step=625 pc=0x800009c4 inst=0x4020d1b3 x3 expected=0x0000525d got=0x00000000
[FAIL] step=626 pc=0x800009c8 inst=0x092990b7 x1 expected=0x09299000 got=0x292ecc73
[FAIL] step=627 pc=0x800009cc inst=0xbea08093 x1 expected=0x09298bea got=0x09299000
[FAIL] step=628 pc=0x800009d0 inst=0xfe406137 x2 expected=0xfe406000 got=0xc8e1dd2f
[FAIL] step=629 pc=0x800009d4 inst=0x9b210113 x2 expected=0xfe4059b2 got=0xfe406000
[FAIL] step=630 pc=0x800009d8 inst=0x0020e1b3 x3 expected=0xff69dbfa got=0x0000525d
[FAIL] step=631 pc=0x800009dc inst=0x6dadf0b7 x1 expected=0x6dadf000 got=0x09298bea
[FAIL] step=632 pc=0x800009e0 inst=0x5e008093 x1 expected=0x6dadf5e0 got=0x6dadf000
[FAIL] step=633 pc=0x800009e4 inst=0x1dc6f137 x2 expected=0x1dc6f000 got=0xfe4059b2
[FAIL] step=634 pc=0x800009e8 inst=0x4e410113 x2 expected=0x1dc6f4e4 got=0x1dc6f000
[FAIL] step=635 pc=0x800009ec inst=0x0020f1b3 x3 expected=0x0d84f4e0 got=0xff69dbfa
[FAIL] step=636 pc=0x800009f0 inst=0xe19670b7 x1 expected=0xe1967000 got=0x6dadf5e0
[FAIL] step=637 pc=0x800009f4 inst=0x6c908093 x1 expected=0xe19676c9 got=0xe1967000
[FAIL] step=638 pc=0x800009f8 inst=0x00ff0137 x2 expected=0x00ff0000 got=0x1dc6f4e4
[FAIL] step=639 pc=0x800009fc inst=0xa0910113 x2 expected=0x00fefa09 got=0x00ff0000
[FAIL] step=640 pc=0x80000a00 inst=0x002081b3 x3 expected=0xe29570d2 got=0x0d84f4e0
[FAIL] step=641 pc=0x80000a04 inst=0x0d6e60b7 x1 expected=0x0d6e6000 got=0xe19676c9
[FAIL] step=642 pc=0x80000a08 inst=0x2c608093 x1 expected=0x0d6e62c6 got=0x0d6e6000
[FAIL] step=643 pc=0x80000a0c inst=0xf1793137 x2 expected=0xf1793000 got=0x00fefa09
[FAIL] step=644 pc=0x80000a10 inst=0x37910113 x2 expected=0xf1793379 got=0xf1793000
[FAIL] step=645 pc=0x80000a14 inst=0x402081b3 x3 expected=0x1bf52f4d got=0xe29570d2
[FAIL] step=646 pc=0x80000a18 inst=0x1137c0b7 x1 expected=0x1137c000 got=0x0d6e62c6
[FAIL] step=647 pc=0x80000a1c inst=0x3e808093 x1 expected=0x1137c3e8 got=0x1137c000
[FAIL] step=648 pc=0x80000a20 inst=0x27cb4137 x2 expected=0x27cb4000 got=0xf1793379
[FAIL] step=649 pc=0x80000a24 inst=0xf1910113 x2 expected=0x27cb3f19 got=0x27cb4000
[FAIL] step=650 pc=0x80000a28 inst=0x002091b3 x3 expected=0xd0000000 got=0x1bf52f4d
[FAIL] step=651 pc=0x80000a2c inst=0x9d0640b7 x1 expected=0x9d064000 got=0x1137c3e8
[FAIL] step=652 pc=0x80000a30 inst=0xaef08093 x1 expected=0x9d063aef got=0x9d064000
[FAIL] step=653 pc=0x80000a34 inst=0x579b5137 x2 expected=0x579b5000 got=0x27cb3f19
[FAIL] step=654 pc=0x80000a38 inst=0x74310113 x2 expected=0x579b5743 got=0x579b5000
[FAIL] step=655 pc=0x80000a3c inst=0x0020a1b3 x3 expected=0x00000001 got=0xd0000000
[FAIL] step=656 pc=0x80000a40 inst=0x3440b0b7 x1 expected=0x3440b000 got=0x9d063aef
[FAIL] step=657 pc=0x80000a44 inst=0x54408093 x1 expected=0x3440b544 got=0x3440b000
[FAIL] step=658 pc=0x80000a48 inst=0xb6831137 x2 expected=0xb6831000 got=0x579b5743
[FAIL] step=659 pc=0x80000a4c inst=0x5f710113 x2 expected=0xb68315f7 got=0xb6831000
[PASS] retire step=660 pc=0x80000a50 inst=0x0020b1b3 next_pc=0x80000a54
[FAIL] step=661 pc=0x80000a54 inst=0x829900b7 x1 expected=0x82990000 got=0x3440b544
[FAIL] step=662 pc=0x80000a58 inst=0x77e08093 x1 expected=0x8299077e got=0x82990000
[FAIL] step=663 pc=0x80000a5c inst=0x1334e137 x2 expected=0x1334e000 got=0xb68315f7
[FAIL] step=664 pc=0x80000a60 inst=0xd2a10113 x2 expected=0x1334dd2a got=0x1334e000
[FAIL] step=665 pc=0x80000a64 inst=0x0020c1b3 x3 expected=0x91adda54 got=0x00000001
[FAIL] step=666 pc=0x80000a68 inst=0x62f550b7 x1 expected=0x62f55000 got=0x8299077e
[FAIL] step=667 pc=0x80000a6c inst=0x89b08093 x1 expected=0x62f5489b got=0x62f55000
[FAIL] step=668 pc=0x80000a70 inst=0xd3692137 x2 expected=0xd3692000 got=0x1334dd2a
[FAIL] step=669 pc=0x80000a74 inst=0x92210113 x2 expected=0xd3691922 got=0xd3692000
[FAIL] step=670 pc=0x80000a78 inst=0x0020d1b3 x3 expected=0x18bd5226 got=0x91adda54
[FAIL] step=671 pc=0x80000a7c inst=0x6356f0b7 x1 expected=0x6356f000 got=0x62f5489b
[FAIL] step=672 pc=0x80000a80 inst=0x37308093 x1 expected=0x6356f373 got=0x6356f000
[FAIL] step=673 pc=0x80000a84 inst=0x4c2af137 x2 expected=0x4c2af000 got=0xd3691922
[FAIL] step=674 pc=0x80000a88 inst=0x11f10113 x2 expected=0x4c2af11f got=0x4c2af000
[FAIL] step=675 pc=0x80000a8c inst=0x4020d1b3 x3 expected=0x00000000 got=0x18bd5226
[FAIL] step=676 pc=0x80000a90 inst=0xf91790b7 x1 expected=0xf9179000 got=0x6356f373
[FAIL] step=677 pc=0x80000a94 inst=0xba508093 x1 expected=0xf9178ba5 got=0xf9179000
[FAIL] step=678 pc=0x80000a98 inst=0xbe18c137 x2 expected=0xbe18c000 got=0x4c2af11f
[FAIL] step=679 pc=0x80000a9c inst=0x14010113 x2 expected=0xbe18c140 got=0xbe18c000
[FAIL] step=680 pc=0x80000aa0 inst=0x0020e1b3 x3 expected=0xff1fcbe5 got=0x00000000
[FAIL] step=681 pc=0x80000aa4 inst=0xcfe370b7 x1 expected=0xcfe37000 got=0xf9178ba5
[FAIL] step=682 pc=0x80000aa8 inst=0x1b008093 x1 expected=0xcfe371b0 got=0xcfe37000
[FAIL] step=683 pc=0x80000aac inst=0x2a9a4137 x2 expected=0x2a9a4000 got=0xbe18c140
[FAIL] step=684 pc=0x80000ab0 inst=0x5f310113 x2 expected=0x2a9a45f3 got=0x2a9a4000
[FAIL] step=685 pc=0x80000ab4 inst=0x0020f1b3 x3 expected=0x0a8241b0 got=0xff1fcbe5
[FAIL] step=686 pc=0x80000ab8 inst=0x688fa0b7 x1 expected=0x688fa000 got=0xcfe371b0
[FAIL] step=687 pc=0x80000abc inst=0xc9108093 x1 expected=0x688f9c91 got=0x688fa000
[FAIL] step=688 pc=0x80000ac0 inst=0xe83c1137 x2 expected=0xe83c1000 got=0x2a9a45f3
[FAIL] step=689 pc=0x80000ac4 inst=0xb4a10113 x2 expected=0xe83c0b4a got=0xe83c1000
[FAIL] step=690 pc=0x80000ac8 inst=0x002081b3 x3 expected=0x50cba7db got=0x0a8241b0
[FAIL] step=691 pc=0x80000acc inst=0x8286e0b7 x1 expected=0x8286e000 got=0x688f9c91
[FAIL] step=692 pc=0x80000ad0 inst=0x2a808093 x1 expected=0x8286e2a8 got=0x8286e000
[FAIL] step=693 pc=0x80000ad4 inst=0x0785e137 x2 expected=0x0785e000 got=0xe83c0b4a
[FAIL] step=694 pc=0x80000ad8 inst=0x53010113 x2 expected=0x0785e530 got=0x0785e000
[FAIL] step=695 pc=0x80000adc inst=0x402081b3 x3 expected=0x7b00fd78 got=0x50cba7db
[FAIL] step=696 pc=0x80000ae0 inst=0xf36ae0b7 x1 expected=0xf36ae000 got=0x8286e2a8
[FAIL] step=697 pc=0x80000ae4 inst=0xd1c08093 x1 expected=0xf36add1c got=0xf36ae000
[FAIL] step=698 pc=0x80000ae8 inst=0x8eab6137 x2 expected=0x8eab6000 got=0x0785e530
[FAIL] step=699 pc=0x80000aec inst=0x0bb10113 x2 expected=0x8eab60bb got=0x8eab6000
[FAIL] step=700 pc=0x80000af0 inst=0x002091b3 x3 expected=0xe0000000 got=0x7b00fd78
[FAIL] step=701 pc=0x80000af4 inst=0x9d8be0b7 x1 expected=0x9d8be000 got=0xf36add1c
[FAIL] step=702 pc=0x80000af8 inst=0xeb808093 x1 expected=0x9d8bdeb8 got=0x9d8be000
[FAIL] step=703 pc=0x80000afc inst=0x627cf137 x2 expected=0x627cf000 got=0x8eab60bb
[FAIL] step=704 pc=0x80000b00 inst=0xaf110113 x2 expected=0x627ceaf1 got=0x627cf000
[FAIL] step=705 pc=0x80000b04 inst=0x0020a1b3 x3 expected=0x00000001 got=0xe0000000
[FAIL] step=706 pc=0x80000b08 inst=0x6375b0b7 x1 expected=0x6375b000 got=0x9d8bdeb8
[FAIL] step=707 pc=0x80000b0c inst=0x82e08093 x1 expected=0x6375a82e got=0x6375b000
[FAIL] step=708 pc=0x80000b10 inst=0x42f38137 x2 expected=0x42f38000 got=0x627ceaf1
[FAIL] step=709 pc=0x80000b14 inst=0xebe10113 x2 expected=0x42f37ebe got=0x42f38000
[FAIL] step=710 pc=0x80000b18 inst=0x0020b1b3 x3 expected=0x00000000 got=0x00000001
[FAIL] step=711 pc=0x80000b1c inst=0xc2d720b7 x1 expected=0xc2d72000 got=0x6375a82e
[FAIL] step=712 pc=0x80000b20 inst=0x05f08093 x1 expected=0xc2d7205f got=0xc2d72000
[FAIL] step=713 pc=0x80000b24 inst=0x83079137 x2 expected=0x83079000 got=0x42f37ebe
[FAIL] step=714 pc=0x80000b28 inst=0x1fe10113 x2 expected=0x830791fe got=0x83079000
[FAIL] step=715 pc=0x80000b2c inst=0x0020c1b3 x3 expected=0x41d0b1a1 got=0x00000000
[FAIL] step=716 pc=0x80000b30 inst=0xc7a1f0b7 x1 expected=0xc7a1f000 got=0xc2d7205f
[FAIL] step=717 pc=0x80000b34 inst=0x63908093 x1 expected=0xc7a1f639 got=0xc7a1f000
[FAIL] step=718 pc=0x80000b38 inst=0x2244a137 x2 expected=0x2244a000 got=0x830791fe
[FAIL] step=719 pc=0x80000b3c inst=0x95910113 x2 expected=0x22449959 got=0x2244a000
[FAIL] step=720 pc=0x80000b40 inst=0x0020d1b3 x3 expected=0x00000063 got=0x41d0b1a1
[FAIL] step=721 pc=0x80000b44 inst=0xc931a0b7 x1 expected=0xc931a000 got=0xc7a1f639
[FAIL] step=722 pc=0x80000b48 inst=0x00108093 x1 expected=0xc931a001 got=0xc931a000
[FAIL] step=723 pc=0x80000b4c inst=0x2e0c7137 x2 expected=0x2e0c7000 got=0x22449959
[FAIL] step=724 pc=0x80000b50 inst=0x9eb10113 x2 expected=0x2e0c69eb got=0x2e0c7000
[FAIL] step=725 pc=0x80000b54 inst=0x4020d1b3 x3 expected=0xfff92634 got=0x00000063
[FAIL] step=726 pc=0x80000b58 inst=0x86c140b7 x1 expected=0x86c14000 got=0xc931a001
[FAIL] step=727 pc=0x80000b5c inst=0x33608093 x1 expected=0x86c14336 got=0x86c14000
[FAIL] step=728 pc=0x80000b60 inst=0x9aacf137 x2 expected=0x9aacf000 got=0x2e0c69eb
[FAIL] step=729 pc=0x80000b64 inst=0xf4410113 x2 expected=0x9aacef44 got=0x9aacf000
[FAIL] step=730 pc=0x80000b68 inst=0x0020e1b3 x3 expected=0x9eedef76 got=0xfff92634
[FAIL] step=731 pc=0x80000b6c inst=0x4a5d90b7 x1 expected=0x4a5d9000 got=0x86c14336
[FAIL] step=732 pc=0x80000b70 inst=0xe7c08093 x1 expected=0x4a5d8e7c got=0x4a5d9000
[FAIL] step=733 pc=0x80000b74 inst=0xfec0d137 x2 expected=0xfec0d000 got=0x9aacef44
[FAIL] step=734 pc=0x80000b78 inst=0x1cc10113 x2 expected=0xfec0d1cc got=0xfec0d000
[FAIL] step=735 pc=0x80000b7c inst=0x0020f1b3 x3 expected=0x4a40804c got=0x9eedef76
[FAIL] step=736 pc=0x80000b80 inst=0x63a2f0b7 x1 expected=0x63a2f000 got=0x4a5d8e7c
[FAIL] step=737 pc=0x80000b84 inst=0x59408093 x1 expected=0x63a2f594 got=0x63a2f000
[FAIL] step=738 pc=0x80000b88 inst=0x4083a137 x2 expected=0x4083a000 got=0xfec0d1cc
[FAIL] step=739 pc=0x80000b8c inst=0x1dc10113 x2 expected=0x4083a1dc got=0x4083a000
[FAIL] step=740 pc=0x80000b90 inst=0x002081b3 x3 expected=0xa4269770 got=0x4a40804c
[FAIL] step=741 pc=0x80000b94 inst=0xd12fa0b7 x1 expected=0xd12fa000 got=0x63a2f594
[FAIL] step=742 pc=0x80000b98 inst=0x50d08093 x1 expected=0xd12fa50d got=0xd12fa000
[FAIL] step=743 pc=0x80000b9c inst=0x28fa7137 x2 expected=0x28fa7000 got=0x4083a1dc
[FAIL] step=744 pc=0x80000ba0 inst=0xc1310113 x2 expected=0x28fa6c13 got=0x28fa7000
[FAIL] step=745 pc=0x80000ba4 inst=0x402081b3 x3 expected=0xa83538fa got=0xa4269770
[FAIL] step=746 pc=0x80000ba8 inst=0x663f60b7 x1 expected=0x663f6000 got=0xd12fa50d
[FAIL] step=747 pc=0x80000bac inst=0xeac08093 x1 expected=0x663f5eac got=0x663f6000
[FAIL] step=748 pc=0x80000bb0 inst=0x70f18137 x2 expected=0x70f18000 got=0x28fa6c13
[FAIL] step=749 pc=0x80000bb4 inst=0x12910113 x2 expected=0x70f18129 got=0x70f18000
[FAIL] step=750 pc=0x80000bb8 inst=0x002091b3 x3 expected=0x7ebd5800 got=0xa83538fa
[FAIL] step=751 pc=0x80000bbc inst=0xe79eb0b7 x1 expected=0xe79eb000 got=0x663f5eac
[FAIL] step=752 pc=0x80000bc0 inst=0xc7f08093 x1 expected=0xe79eac7f got=0xe79eb000
[FAIL] step=753 pc=0x80000bc4 inst=0x2a005137 x2 expected=0x2a005000 got=0x70f18129
[FAIL] step=754 pc=0x80000bc8 inst=0xdf110113 x2 expected=0x2a004df1 got=0x2a005000
[FAIL] step=755 pc=0x80000bcc inst=0x0020a1b3 x3 expected=0x00000001 got=0x7ebd5800
[FAIL] step=756 pc=0x80000bd0 inst=0xf00660b7 x1 expected=0xf0066000 got=0xe79eac7f
[FAIL] step=757 pc=0x80000bd4 inst=0x29708093 x1 expected=0xf0066297 got=0xf0066000
[FAIL] step=758 pc=0x80000bd8 inst=0x6f918137 x2 expected=0x6f918000 got=0x2a004df1
[FAIL] step=759 pc=0x80000bdc inst=0xf9510113 x2 expected=0x6f917f95 got=0x6f918000
[FAIL] step=760 pc=0x80000be0 inst=0x0020b1b3 x3 expected=0x00000000 got=0x00000001
[FAIL] step=761 pc=0x80000be4 inst=0xc79ba0b7 x1 expected=0xc79ba000 got=0xf0066297
[FAIL] step=762 pc=0x80000be8 inst=0xc9808093 x1 expected=0xc79b9c98 got=0xc79ba000
[FAIL] step=763 pc=0x80000bec inst=0x7b337137 x2 expected=0x7b337000 got=0x6f917f95
[FAIL] step=764 pc=0x80000bf0 inst=0x5e710113 x2 expected=0x7b3375e7 got=0x7b337000
[FAIL] step=765 pc=0x80000bf4 inst=0x0020c1b3 x3 expected=0xbca8e97f got=0x00000000
[FAIL] step=766 pc=0x80000bf8 inst=0x3bc0a0b7 x1 expected=0x3bc0a000 got=0xc79b9c98
[FAIL] step=767 pc=0x80000bfc inst=0x8ab08093 x1 expected=0x3bc098ab got=0x3bc0a000
[FAIL] step=768 pc=0x80000c00 inst=0x1ee9d137 x2 expected=0x1ee9d000 got=0x7b3375e7
[FAIL] step=769 pc=0x80000c04 inst=0xacd10113 x2 expected=0x1ee9cacd got=0x1ee9d000
[FAIL] step=770 pc=0x80000c08 inst=0x0020d1b3 x3 expected=0x0001de04 got=0xbca8e97f
[FAIL] step=771 pc=0x80000c0c inst=0x7fa040b7 x1 expected=0x7fa04000 got=0x3bc098ab
[FAIL] step=772 pc=0x80000c10 inst=0x70508093 x1 expected=0x7fa04705 got=0x7fa04000
[FAIL] step=773 pc=0x80000c14 inst=0xa42ca137 x2 expected=0xa42ca000 got=0x1ee9cacd
[FAIL] step=774 pc=0x80000c18 inst=0x93d10113 x2 expected=0xa42c993d got=0xa42ca000
[FAIL] step=775 pc=0x80000c1c inst=0x4020d1b3 x3 expected=0x00000003 got=0x0001de04
[FAIL] step=776 pc=0x80000c20 inst=0x62d3d0b7 x1 expected=0x62d3d000 got=0x7fa04705
[FAIL] step=777 pc=0x80000c24 inst=0x88d08093 x1 expected=0x62d3c88d got=0x62d3d000
[FAIL] step=778 pc=0x80000c28 inst=0xf190f137 x2 expected=0xf190f000 got=0xa42c993d
[FAIL] step=779 pc=0x80000c2c inst=0xcf110113 x2 expected=0xf190ecf1 got=0xf190f000
[FAIL] step=780 pc=0x80000c30 inst=0x0020e1b3 x3 expected=0xf3d3ecfd got=0x00000003
[FAIL] step=781 pc=0x80000c34 inst=0x306ed0b7 x1 expected=0x306ed000 got=0x62d3c88d
[FAIL] step=782 pc=0x80000c38 inst=0x36508093 x1 expected=0x306ed365 got=0x306ed000
[FAIL] step=783 pc=0x80000c3c inst=0x7d339137 x2 expected=0x7d339000 got=0xf190ecf1
[FAIL] step=784 pc=0x80000c40 inst=0x97b10113 x2 expected=0x7d33897b got=0x7d339000
[FAIL] step=785 pc=0x80000c44 inst=0x0020f1b3 x3 expected=0x30228161 got=0xf3d3ecfd
[FAIL] step=786 pc=0x80000c48 inst=0xaf6830b7 x1 expected=0xaf683000 got=0x306ed365
[FAIL] step=787 pc=0x80000c4c inst=0xd9f08093 x1 expected=0xaf682d9f got=0xaf683000
[FAIL] step=788 pc=0x80000c50 inst=0x3e1c4137 x2 expected=0x3e1c4000 got=0x7d33897b
[FAIL] step=789 pc=0x80000c54 inst=0x22b10113 x2 expected=0x3e1c422b got=0x3e1c4000
[FAIL] step=790 pc=0x80000c58 inst=0x002081b3 x3 expected=0xed846fca got=0x30228161
[FAIL] step=791 pc=0x80000c5c inst=0x7ea9b0b7 x1 expected=0x7ea9b000 got=0xaf682d9f
[FAIL] step=792 pc=0x80000c60 inst=0xd4908093 x1 expected=0x7ea9ad49 got=0x7ea9b000
[FAIL] step=793 pc=0x80000c64 inst=0x4cbaf137 x2 expected=0x4cbaf000 got=0x3e1c422b
[FAIL] step=794 pc=0x80000c68 inst=0x40810113 x2 expected=0x4cbaf408 got=0x4cbaf000
[FAIL] step=795 pc=0x80000c6c inst=0x402081b3 x3 expected=0x31eeb941 got=0xed846fca
[FAIL] step=796 pc=0x80000c70 inst=0xfcf980b7 x1 expected=0xfcf98000 got=0x7ea9ad49
[FAIL] step=797 pc=0x80000c74 inst=0x37808093 x1 expected=0xfcf98378 got=0xfcf98000
[FAIL] step=798 pc=0x80000c78 inst=0x8fdab137 x2 expected=0x8fdab000 got=0x4cbaf408
[FAIL] step=799 pc=0x80000c7c inst=0x7e810113 x2 expected=0x8fdab7e8 got=0x8fdab000
[FAIL] step=800 pc=0x80000c80 inst=0x002091b3 x3 expected=0xf9837800 got=0x31eeb941
[FAIL] step=801 pc=0x80000c84 inst=0x4cfaa0b7 x1 expected=0x4cfaa000 got=0xfcf98378
[FAIL] step=802 pc=0x80000c88 inst=0x2d208093 x1 expected=0x4cfaa2d2 got=0x4cfaa000
[FAIL] step=803 pc=0x80000c8c inst=0x05dee137 x2 expected=0x05dee000 got=0x8fdab7e8
[FAIL] step=804 pc=0x80000c90 inst=0xb8b10113 x2 expected=0x05dedb8b got=0x05dee000
[FAIL] step=805 pc=0x80000c94 inst=0x0020a1b3 x3 expected=0x00000000 got=0xf9837800
[FAIL] step=806 pc=0x80000c98 inst=0x4593e0b7 x1 expected=0x4593e000 got=0x4cfaa2d2
[FAIL] step=807 pc=0x80000c9c inst=0x4cb08093 x1 expected=0x4593e4cb got=0x4593e000
[FAIL] step=808 pc=0x80000ca0 inst=0x11e84137 x2 expected=0x11e84000 got=0x05dedb8b
[FAIL] step=809 pc=0x80000ca4 inst=0x28a10113 x2 expected=0x11e8428a got=0x11e84000
[PASS] retire step=810 pc=0x80000ca8 inst=0x0020b1b3 next_pc=0x80000cac
[FAIL] step=811 pc=0x80000cac inst=0xfd8ed0b7 x1 expected=0xfd8ed000 got=0x4593e4cb
[FAIL] step=812 pc=0x80000cb0 inst=0x38208093 x1 expected=0xfd8ed382 got=0xfd8ed000
[FAIL] step=813 pc=0x80000cb4 inst=0x50ae8137 x2 expected=0x50ae8000 got=0x11e8428a
[FAIL] step=814 pc=0x80000cb8 inst=0xa8510113 x2 expected=0x50ae7a85 got=0x50ae8000
[FAIL] step=815 pc=0x80000cbc inst=0x0020c1b3 x3 expected=0xad20a907 got=0x00000000
[FAIL] step=816 pc=0x80000cc0 inst=0xc6ec00b7 x1 expected=0xc6ec0000 got=0xfd8ed382
[FAIL] step=817 pc=0x80000cc4 inst=0x26608093 x1 expected=0xc6ec0266 got=0xc6ec0000
[FAIL] step=818 pc=0x80000cc8 inst=0x292ed137 x2 expected=0x292ed000 got=0x50ae7a85
[FAIL] step=819 pc=0x80000ccc inst=0xc7310113 x2 expected=0x292ecc73 got=0x292ed000
[FAIL] step=820 pc=0x80000cd0 inst=0x0020d1b3 x3 expected=0x000018dd got=0xad20a907
[FAIL] step=821 pc=0x80000cd4 inst=0x12fba0b7 x1 expected=0x12fba000 got=0xc6ec0266
[FAIL] step=822 pc=0x80000cd8 inst=0x64e08093 x1 expected=0x12fba64e got=0x12fba000
[FAIL] step=823 pc=0x80000cdc inst=0x5e09c137 x2 expected=0x5e09c000 got=0x292ecc73
[FAIL] step=824 pc=0x80000ce0 inst=0x62610113 x2 expected=0x5e09c626 got=0x5e09c000
[FAIL] step=825 pc=0x80000ce4 inst=0x4020d1b3 x3 expected=0x004bee99 got=0x000018dd
[FAIL] step=826 pc=0x80000ce8 inst=0x992890b7 x1 expected=0x99289000 got=0x12fba64e
[FAIL] step=827 pc=0x80000cec inst=0x03c08093 x1 expected=0x9928903c got=0x99289000
[FAIL] step=828 pc=0x80000cf0 inst=0x530f4137 x2 expected=0x530f4000 got=0x5e09c626
[FAIL] step=829 pc=0x80000cf4 inst=0x19110113 x2 expected=0x530f4191 got=0x530f4000
[FAIL] step=830 pc=0x80000cf8 inst=0x0020e1b3 x3 expected=0xdb2fd1bd got=0x004bee99
[FAIL] step=831 pc=0x80000cfc inst=0x81f840b7 x1 expected=0x81f84000 got=0x9928903c
[FAIL] step=832 pc=0x80000d00 inst=0x30308093 x1 expected=0x81f84303 got=0x81f84000
[FAIL] step=833 pc=0x80000d04 inst=0x5e5e9137 x2 expected=0x5e5e9000 got=0x530f4191
[FAIL] step=834 pc=0x80000d08 inst=0xdd610113 x2 expected=0x5e5e8dd6 got=0x5e5e9000
[FAIL] step=835 pc=0x80000d0c inst=0x0020f1b3 x3 expected=0x00580102 got=0xdb2fd1bd
[FAIL] step=836 pc=0x80000d10 inst=0x79ea60b7 x1 expected=0x79ea6000 got=0x81f84303
[FAIL] step=837 pc=0x80000d14 inst=0xa1308093 x1 expected=0x79ea5a13 got=0x79ea6000
[FAIL] step=838 pc=0x80000d18 inst=0xe18df137 x2 expected=0xe18df000 got=0x5e5e8dd6
[FAIL] step=839 pc=0x80000d1c inst=0x65b10113 x2 expected=0xe18df65b got=0xe18df000
[FAIL] step=840 pc=0x80000d20 inst=0x002081b3 x3 expected=0x5b78506e got=0x00580102
[FAIL] step=841 pc=0x80000d24 inst=0x362a10b7 x1 expected=0x362a1000 got=0x79ea5a13
[FAIL] step=842 pc=0x80000d28 inst=0x2a608093 x1 expected=0x362a12a6 got=0x362a1000
[FAIL] step=843 pc=0x80000d2c inst=0x097ab137 x2 expected=0x097ab000 got=0xe18df65b
[FAIL] step=844 pc=0x80000d30 inst=0x1dc10113 x2 expected=0x097ab1dc got=0x097ab000
[FAIL] step=845 pc=0x80000d34 inst=0x402081b3 x3 expected=0x2caf60ca got=0x5b78506e
[FAIL] step=846 pc=0x80000d38 inst=0x06c9e0b7 x1 expected=0x06c9e000 got=0x362a12a6
[FAIL] step=847 pc=0x80000d3c inst=0xe1908093 x1 expected=0x06c9de19 got=0x06c9e000
[FAIL] step=848 pc=0x80000d40 inst=0x9d064137 x2 expected=0x9d064000 got=0x097ab1dc
[FAIL] step=849 pc=0x80000d44 inst=0xaef10113 x2 expected=0x9d063aef got=0x9d064000
[FAIL] step=850 pc=0x80000d48 inst=0x002091b3 x3 expected=0xef0c8000 got=0x2caf60ca
[FAIL] step=851 pc=0x80000d4c inst=0x2ca190b7 x1 expected=0x2ca19000 got=0x06c9de19
[FAIL] step=852 pc=0x80000d50 inst=0x94b08093 x1 expected=0x2ca1894b got=0x2ca19000
[FAIL] step=853 pc=0x80000d54 inst=0xc66dd137 x2 expected=0xc66dd000 got=0x9d063aef
[FAIL] step=854 pc=0x80000d58 inst=0x78710113 x2 expected=0xc66dd787 got=0xc66dd000
[FAIL] step=855 pc=0x80000d5c inst=0x0020a1b3 x3 expected=0x00000000 got=0xef0c8000
[FAIL] step=856 pc=0x80000d60 inst=0x0f1500b7 x1 expected=0x0f150000 got=0x2ca1894b
[FAIL] step=857 pc=0x80000d64 inst=0xb2408093 x1 expected=0x0f14fb24 got=0x0f150000
[FAIL] step=858 pc=0x80000d68 inst=0xc0ccd137 x2 expected=0xc0ccd000 got=0xc66dd787
[FAIL] step=859 pc=0x80000d6c inst=0x75e10113 x2 expected=0xc0ccd75e got=0xc0ccd000
[FAIL] step=860 pc=0x80000d70 inst=0x0020b1b3 x3 expected=0x00000001 got=0x00000000
[FAIL] step=861 pc=0x80000d74 inst=0x4d53d0b7 x1 expected=0x4d53d000 got=0x0f14fb24
[FAIL] step=862 pc=0x80000d78 inst=0x3b208093 x1 expected=0x4d53d3b2 got=0x4d53d000
[FAIL] step=863 pc=0x80000d7c inst=0xbc20f137 x2 expected=0xbc20f000 got=0xc0ccd75e
[FAIL] step=864 pc=0x80000d80 inst=0xceb10113 x2 expected=0xbc20eceb got=0xbc20f000
[FAIL] step=865 pc=0x80000d84 inst=0x0020c1b3 x3 expected=0xf1733f59 got=0x00000001
[FAIL] step=866 pc=0x80000d88 inst=0xe1ec40b7 x1 expected=0xe1ec4000 got=0x4d53d3b2
[FAIL] step=867 pc=0x80000d8c inst=0x17508093 x1 expected=0xe1ec4175 got=0xe1ec4000
[FAIL] step=868 pc=0x80000d90 inst=0x6356f137 x2 expected=0x6356f000 got=0xbc20eceb
[FAIL] step=869 pc=0x80000d94 inst=0x37310113 x2 expected=0x6356f373 got=0x6356f000
[FAIL] step=870 pc=0x80000d98 inst=0x0020d1b3 x3 expected=0x00001c3d got=0xf1733f59
[FAIL] step=871 pc=0x80000d9c inst=0x3667c0b7 x1 expected=0x3667c000 got=0xe1ec4175
[FAIL] step=872 pc=0x80000da0 inst=0xed008093 x1 expected=0x3667bed0 got=0x3667c000
[FAIL] step=873 pc=0x80000da4 inst=0xf3914137 x2 expected=0xf3914000 got=0x6356f373
[FAIL] step=874 pc=0x80000da8 inst=0x7c210113 x2 expected=0xf39147c2 got=0xf3914000
[FAIL] step=875 pc=0x80000dac inst=0x4020d1b3 x3 expected=0x0d99efb4 got=0x00001c3d
[FAIL] step=876 pc=0x80000db0 inst=0x3247a0b7 x1 expected=0x3247a000 got=0x3667bed0
[FAIL] step=877 pc=0x80000db4 inst=0x91708093 x1 expected=0x32479917 got=0x3247a000
[FAIL] step=878 pc=0x80000db8 inst=0xaf8aa137 x2 expected=0xaf8aa000 got=0xf39147c2
[FAIL] step=879 pc=0x80000dbc inst=0x0ec10113 x2 expected=0xaf8aa0ec got=0xaf8aa000
[FAIL] step=880 pc=0x80000dc0 inst=0x0020e1b3 x3 expected=0xbfcfb9ff got=0x0d99efb4
[FAIL] step=881 pc=0x80000dc4 inst=0x7b3b80b7 x1 expected=0x7b3b8000 got=0x32479917
[FAIL] step=882 pc=0x80000dc8 inst=0xc6108093 x1 expected=0x7b3b7c61 got=0x7b3b8000
[FAIL] step=883 pc=0x80000dcc inst=0xba35b137 x2 expected=0xba35b000 got=0xaf8aa0ec
[FAIL] step=884 pc=0x80000dd0 inst=0x65710113 x2 expected=0xba35b657 got=0xba35b000
[FAIL] step=885 pc=0x80000dd4 inst=0x0020f1b3 x3 expected=0x3a313441 got=0xbfcfb9ff
[FAIL] step=886 pc=0x80000dd8 inst=0x455840b7 x1 expected=0x45584000 got=0x7b3b7c61
[FAIL] step=887 pc=0x80000ddc inst=0x93b08093 x1 expected=0x4558393b got=0x45584000
[FAIL] step=888 pc=0x80000de0 inst=0xc878f137 x2 expected=0xc878f000 got=0xba35b657
[FAIL] step=889 pc=0x80000de4 inst=0x8e710113 x2 expected=0xc878e8e7 got=0xc878f000
[FAIL] step=890 pc=0x80000de8 inst=0x002081b3 x3 expected=0x0dd12222 got=0x3a313441
[FAIL] step=891 pc=0x80000dec inst=0x9ed510b7 x1 expected=0x9ed51000 got=0x4558393b
[FAIL] step=892 pc=0x80000df0 inst=0x7cb08093 x1 expected=0x9ed517cb got=0x9ed51000
[FAIL] step=893 pc=0x80000df4 inst=0x3fb19137 x2 expected=0x3fb19000 got=0xc878e8e7
[FAIL] step=894 pc=0x80000df8 inst=0x05510113 x2 expected=0x3fb19055 got=0x3fb19000
[FAIL] step=895 pc=0x80000dfc inst=0x402081b3 x3 expected=0x5f238776 got=0x0dd12222
[FAIL] step=896 pc=0x80000e00 inst=0x2b5b60b7 x1 expected=0x2b5b6000 got=0x9ed517cb
[FAIL] step=897 pc=0x80000e04 inst=0xc0708093 x1 expected=0x2b5b5c07 got=0x2b5b6000
[FAIL] step=898 pc=0x80000e08 inst=0x9d8be137 x2 expected=0x9d8be000 got=0x3fb19055
[FAIL] step=899 pc=0x80000e0c inst=0xeb810113 x2 expected=0x9d8bdeb8 got=0x9d8be000
[FAIL] step=900 pc=0x80000e10 inst=0x002091b3 x3 expected=0x07000000 got=0x5f238776
[FAIL] step=901 pc=0x80000e14 inst=0xa56680b7 x1 expected=0xa5668000 got=0x2b5b5c07
[FAIL] step=902 pc=0x80000e18 inst=0x61b08093 x1 expected=0xa566861b got=0xa5668000
[FAIL] step=903 pc=0x80000e1c inst=0x29d1f137 x2 expected=0x29d1f000 got=0x9d8bdeb8
[FAIL] step=904 pc=0x80000e20 inst=0x0cc10113 x2 expected=0x29d1f0cc got=0x29d1f000
[FAIL] step=905 pc=0x80000e24 inst=0x0020a1b3 x3 expected=0x00000001 got=0x07000000
[FAIL] step=906 pc=0x80000e28 inst=0xd98210b7 x1 expected=0xd9821000 got=0xa566861b
[FAIL] step=907 pc=0x80000e2c inst=0xd3508093 x1 expected=0xd9820d35 got=0xd9821000
[FAIL] step=908 pc=0x80000e30 inst=0x1a683137 x2 expected=0x1a683000 got=0x29d1f0cc
[FAIL] step=909 pc=0x80000e34 inst=0xbd710113 x2 expected=0x1a682bd7 got=0x1a683000
[FAIL] step=910 pc=0x80000e38 inst=0x0020b1b3 x3 expected=0x00000000 got=0x00000001
[FAIL] step=911 pc=0x80000e3c inst=0x072a00b7 x1 expected=0x072a0000 got=0xd9820d35
[FAIL] step=912 pc=0x80000e40 inst=0xe3008093 x1 expected=0x0729fe30 got=0x072a0000
[FAIL] step=913 pc=0x80000e44 inst=0x146ea137 x2 expected=0x146ea000 got=0x1a682bd7
[FAIL] step=914 pc=0x80000e48 inst=0x6d610113 x2 expected=0x146ea6d6 got=0x146ea000
[FAIL] step=915 pc=0x80000e4c inst=0x0020c1b3 x3 expected=0x134758e6 got=0x00000000
[FAIL] step=916 pc=0x80000e50 inst=0xc4aa40b7 x1 expected=0xc4aa4000 got=0x0729fe30
[FAIL] step=917 pc=0x80000e54 inst=0xb3608093 x1 expected=0xc4aa3b36 got=0xc4aa4000
[FAIL] step=918 pc=0x80000e58 inst=0xc931a137 x2 expected=0xc931a000 got=0x146ea6d6
[FAIL] step=919 pc=0x80000e5c inst=0x00110113 x2 expected=0xc931a001 got=0xc931a000
[FAIL] step=920 pc=0x80000e60 inst=0x0020d1b3 x3 expected=0x62551d9b got=0x134758e6
[FAIL] step=921 pc=0x80000e64 inst=0xc8e1e0b7 x1 expected=0xc8e1e000 got=0xc4aa3b36
[FAIL] step=922 pc=0x80000e68 inst=0xd2f08093 x1 expected=0xc8e1dd2f got=0xc8e1e000
[FAIL] step=923 pc=0x80000e6c inst=0x9953b137 x2 expected=0x9953b000 got=0xc931a001
[FAIL] step=924 pc=0x80000e70 inst=0x1ac10113 x2 expected=0x9953b1ac got=0x9953b000
[FAIL] step=925 pc=0x80000e74 inst=0x4020d1b3 x3 expected=0xfffc8e1d got=0x62551d9b
[FAIL] step=926 pc=0x80000e78 inst=0xd6deb0b7 x1 expected=0xd6deb000 got=0xc8e1dd2f
[FAIL] step=927 pc=0x80000e7c inst=0x71408093 x1 expected=0xd6deb714 got=0xd6deb000
[FAIL] step=928 pc=0x80000e80 inst=0x6dadf137 x2 expected=0x6dadf000 got=0x9953b1ac
[FAIL] step=929 pc=0x80000e84 inst=0x5e010113 x2 expected=0x6dadf5e0 got=0x6dadf000
[FAIL] step=930 pc=0x80000e88 inst=0x0020e1b3 x3 expected=0xfffff7f4 got=0xfffc8e1d
[FAIL] step=931 pc=0x80000e8c inst=0xdd5880b7 x1 expected=0xdd588000 got=0xd6deb714
[FAIL] step=932 pc=0x80000e90 inst=0x45808093 x1 expected=0xdd588458 got=0xdd588000
[FAIL] step=933 pc=0x80000e94 inst=0x180d7137 x2 expected=0x180d7000 got=0x6dadf5e0
[FAIL] step=934 pc=0x80000e98 inst=0x11710113 x2 expected=0x180d7117 got=0x180d7000
[FAIL] step=935 pc=0x80000e9c inst=0x0020f1b3 x3 expected=0x18080010 got=0xfffff7f4
[FAIL] step=936 pc=0x80000ea0 inst=0x570a10b7 x1 expected=0x570a1000 got=0xdd588458
[FAIL] step=937 pc=0x80000ea4 inst=0x39f08093 x1 expected=0x570a139f got=0x570a1000
[FAIL] step=938 pc=0x80000ea8 inst=0x570a1137 x2 expected=0x570a1000 got=0x180d7117
[FAIL] step=939 pc=0x80000eac inst=0x39f10113 x2 expected=0x570a139f got=0x570a1000
[PASS] retire step=940 pc=0x80000eb0 inst=0x00208463 next_pc=0x80000eb8
[FAIL] retired pc expected=0x80000eb8 got=0x80000eb4 idx=941 inst=0x001b8b93
Fatal: unexpected retirement at pc=0x80000eb4 idx=941 inst=0x001b8b93
Time: 9476 ns  Iteration: 0  Process: /rv32i_supported_instr_tb/Initial1195_15  File: D:/System/desktop/kldj_sourceset/pipilined5/kldj.srcs2/sim_1/imports/sim/rv32i_supported_instr_tb.sv
$finish called at time : 9476 ns : File "D:/System/desktop/kldj_sourceset/pipilined5/kldj.srcs2/sim_1/imports/sim/rv32i_supported_instr_tb.sv" Line 1222
exit
INFO: [Common 17-206] Exiting xsim at Thu Apr 30 18:16:01 2026...
