Copyright 1986-2022 Xilinx, Inc. All Rights Reserved. Copyright 2022-2023 Advanced Micro Devices, Inc. All Rights Reserved.
--------------------------------------------------------------------------------------------------------------------------------------------------------------------------------
| Tool Version : Vivado v.2023.2 (win64) Build 4029153 Fri Oct 13 20:14:34 MDT 2023
| Date         : Wed Jul 15 06:21:53 2026
| Host         : DESKTOP-CGVJL45 running 64-bit major release  (build 9200)
| Command      : report_clock_interaction -delay_type max -file D:/System/desktop/jyd-feature/pipilined5/reports/20260715_062135_agu_fwd_predecode_200mhz/clock_interaction.rpt
| Design       : top
| Device       : 7k325t-ffg900
| Speed File   : -2  PRODUCTION 1.12 2017-02-17
| Design State : Routed
--------------------------------------------------------------------------------------------------------------------------------------------------------------------------------

Clock Interaction Report

Clock Interaction Table
-----------------------

                            WNS                            TNS Failing  TNS Total    WNS Path         Clock-Pair           Inter-Clock  
From Clock    To Clock      Clock Edges  WNS(ns)  TNS(ns)    Endpoints    Endpoints  Requirement(ns)  Classification       Constraints  
------------  ------------  -----------  -------  -------  -----------  -----------  ---------------  -------------------  -----------  
clk_out1_pll  clk_out1_pll  rise - rise    16.53     0.00            0          590            20.00  Clean                Timed        
clk_out1_pll  clk_out2_pll  rise - rise     2.44     0.00            0           64             5.00  Clean                Timed        
clk_out2_pll  clk_out1_pll  rise - rise     0.67     0.00            0           63             5.00  Clean                Timed        
clk_out2_pll  clk_out2_pll  rise - rise    -0.33   -16.69          199        10909             5.00  Clean                Timed        


