Copyright 1986-2022 Xilinx, Inc. All Rights Reserved. Copyright 2022-2023 Advanced Micro Devices, Inc. All Rights Reserved.
----------------------------------------------------------------------------------------------------------------------------------------------------
| Tool Version : Vivado v.2023.2 (win64) Build 4029153 Fri Oct 13 20:14:34 MDT 2023
| Date         : Wed Jul 15 06:21:58 2026
| Host         : DESKTOP-CGVJL45 running 64-bit major release  (build 9200)
| Command      : report_methodology -file D:/System/desktop/jyd-feature/pipilined5/reports/20260715_062135_agu_fwd_predecode_200mhz/methodology.rpt
| Design       : top
| Device       : xc7k325tffg900-2
| Speed File   : -2
| Design State : Fully Routed
----------------------------------------------------------------------------------------------------------------------------------------------------

Report Methodology

Table of Contents
-----------------
1. REPORT SUMMARY
2. REPORT DETAILS

1. REPORT SUMMARY
-----------------
            Netlist: netlist
          Floorplan: impl_1
      Design limits: <entire design considered>
             Max violations: <unlimited>
             Violations found: 72
+-----------+----------+-------------------------------+------------+
| Rule      | Severity | Description                   | Violations |
+-----------+----------+-------------------------------+------------+
| TIMING-18 | Warning  | Missing input or output delay | 72         |
+-----------+----------+-------------------------------+------------+

2. REPORT DETAILS
-----------------
TIMING-18#1 Warning
Missing input or output delay  
An output delay is missing on virtual_led[0] relative to the rising and/or falling clock edge(s) of i_sys_clk_p.
Related violations: <none>

TIMING-18#2 Warning
Missing input or output delay  
An output delay is missing on virtual_led[10] relative to the rising and/or falling clock edge(s) of i_sys_clk_p.
Related violations: <none>

TIMING-18#3 Warning
Missing input or output delay  
An output delay is missing on virtual_led[11] relative to the rising and/or falling clock edge(s) of i_sys_clk_p.
Related violations: <none>

TIMING-18#4 Warning
Missing input or output delay  
An output delay is missing on virtual_led[12] relative to the rising and/or falling clock edge(s) of i_sys_clk_p.
Related violations: <none>

TIMING-18#5 Warning
Missing input or output delay  
An output delay is missing on virtual_led[13] relative to the rising and/or falling clock edge(s) of i_sys_clk_p.
Related violations: <none>

TIMING-18#6 Warning
Missing input or output delay  
An output delay is missing on virtual_led[14] relative to the rising and/or falling clock edge(s) of i_sys_clk_p.
Related violations: <none>

TIMING-18#7 Warning
Missing input or output delay  
An output delay is missing on virtual_led[15] relative to the rising and/or falling clock edge(s) of i_sys_clk_p.
Related violations: <none>

TIMING-18#8 Warning
Missing input or output delay  
An output delay is missing on virtual_led[16] relative to the rising and/or falling clock edge(s) of i_sys_clk_p.
Related violations: <none>

TIMING-18#9 Warning
Missing input or output delay  
An output delay is missing on virtual_led[17] relative to the rising and/or falling clock edge(s) of i_sys_clk_p.
Related violations: <none>

TIMING-18#10 Warning
Missing input or output delay  
An output delay is missing on virtual_led[18] relative to the rising and/or falling clock edge(s) of i_sys_clk_p.
Related violations: <none>

TIMING-18#11 Warning
Missing input or output delay  
An output delay is missing on virtual_led[19] relative to the rising and/or falling clock edge(s) of i_sys_clk_p.
Related violations: <none>

TIMING-18#12 Warning
Missing input or output delay  
An output delay is missing on virtual_led[1] relative to the rising and/or falling clock edge(s) of i_sys_clk_p.
Related violations: <none>

TIMING-18#13 Warning
Missing input or output delay  
An output delay is missing on virtual_led[20] relative to the rising and/or falling clock edge(s) of i_sys_clk_p.
Related violations: <none>

TIMING-18#14 Warning
Missing input or output delay  
An output delay is missing on virtual_led[21] relative to the rising and/or falling clock edge(s) of i_sys_clk_p.
Related violations: <none>

TIMING-18#15 Warning
Missing input or output delay  
An output delay is missing on virtual_led[22] relative to the rising and/or falling clock edge(s) of i_sys_clk_p.
Related violations: <none>

TIMING-18#16 Warning
Missing input or output delay  
An output delay is missing on virtual_led[23] relative to the rising and/or falling clock edge(s) of i_sys_clk_p.
Related violations: <none>

TIMING-18#17 Warning
Missing input or output delay  
An output delay is missing on virtual_led[24] relative to the rising and/or falling clock edge(s) of i_sys_clk_p.
Related violations: <none>

TIMING-18#18 Warning
Missing input or output delay  
An output delay is missing on virtual_led[25] relative to the rising and/or falling clock edge(s) of i_sys_clk_p.
Related violations: <none>

TIMING-18#19 Warning
Missing input or output delay  
An output delay is missing on virtual_led[26] relative to the rising and/or falling clock edge(s) of i_sys_clk_p.
Related violations: <none>

TIMING-18#20 Warning
Missing input or output delay  
An output delay is missing on virtual_led[27] relative to the rising and/or falling clock edge(s) of i_sys_clk_p.
Related violations: <none>

TIMING-18#21 Warning
Missing input or output delay  
An output delay is missing on virtual_led[28] relative to the rising and/or falling clock edge(s) of i_sys_clk_p.
Related violations: <none>

TIMING-18#22 Warning
Missing input or output delay  
An output delay is missing on virtual_led[29] relative to the rising and/or falling clock edge(s) of i_sys_clk_p.
Related violations: <none>

TIMING-18#23 Warning
Missing input or output delay  
An output delay is missing on virtual_led[2] relative to the rising and/or falling clock edge(s) of i_sys_clk_p.
Related violations: <none>

TIMING-18#24 Warning
Missing input or output delay  
An output delay is missing on virtual_led[30] relative to the rising and/or falling clock edge(s) of i_sys_clk_p.
Related violations: <none>

TIMING-18#25 Warning
Missing input or output delay  
An output delay is missing on virtual_led[31] relative to the rising and/or falling clock edge(s) of i_sys_clk_p.
Related violations: <none>

TIMING-18#26 Warning
Missing input or output delay  
An output delay is missing on virtual_led[3] relative to the rising and/or falling clock edge(s) of i_sys_clk_p.
Related violations: <none>

TIMING-18#27 Warning
Missing input or output delay  
An output delay is missing on virtual_led[4] relative to the rising and/or falling clock edge(s) of i_sys_clk_p.
Related violations: <none>

TIMING-18#28 Warning
Missing input or output delay  
An output delay is missing on virtual_led[5] relative to the rising and/or falling clock edge(s) of i_sys_clk_p.
Related violations: <none>

TIMING-18#29 Warning
Missing input or output delay  
An output delay is missing on virtual_led[6] relative to the rising and/or falling clock edge(s) of i_sys_clk_p.
Related violations: <none>

TIMING-18#30 Warning
Missing input or output delay  
An output delay is missing on virtual_led[7] relative to the rising and/or falling clock edge(s) of i_sys_clk_p.
Related violations: <none>

TIMING-18#31 Warning
Missing input or output delay  
An output delay is missing on virtual_led[8] relative to the rising and/or falling clock edge(s) of i_sys_clk_p.
Related violations: <none>

TIMING-18#32 Warning
Missing input or output delay  
An output delay is missing on virtual_led[9] relative to the rising and/or falling clock edge(s) of i_sys_clk_p.
Related violations: <none>

TIMING-18#33 Warning
Missing input or output delay  
An output delay is missing on virtual_seg[0] relative to the rising and/or falling clock edge(s) of i_sys_clk_p.
Related violations: <none>

TIMING-18#34 Warning
Missing input or output delay  
An output delay is missing on virtual_seg[10] relative to the rising and/or falling clock edge(s) of i_sys_clk_p.
Related violations: <none>

TIMING-18#35 Warning
Missing input or output delay  
An output delay is missing on virtual_seg[11] relative to the rising and/or falling clock edge(s) of i_sys_clk_p.
Related violations: <none>

TIMING-18#36 Warning
Missing input or output delay  
An output delay is missing on virtual_seg[12] relative to the rising and/or falling clock edge(s) of i_sys_clk_p.
Related violations: <none>

TIMING-18#37 Warning
Missing input or output delay  
An output delay is missing on virtual_seg[13] relative to the rising and/or falling clock edge(s) of i_sys_clk_p.
Related violations: <none>

TIMING-18#38 Warning
Missing input or output delay  
An output delay is missing on virtual_seg[14] relative to the rising and/or falling clock edge(s) of i_sys_clk_p.
Related violations: <none>

TIMING-18#39 Warning
Missing input or output delay  
An output delay is missing on virtual_seg[15] relative to the rising and/or falling clock edge(s) of i_sys_clk_p.
Related violations: <none>

TIMING-18#40 Warning
Missing input or output delay  
An output delay is missing on virtual_seg[16] relative to the rising and/or falling clock edge(s) of i_sys_clk_p.
Related violations: <none>

TIMING-18#41 Warning
Missing input or output delay  
An output delay is missing on virtual_seg[17] relative to the rising and/or falling clock edge(s) of i_sys_clk_p.
Related violations: <none>

TIMING-18#42 Warning
Missing input or output delay  
An output delay is missing on virtual_seg[18] relative to the rising and/or falling clock edge(s) of i_sys_clk_p.
Related violations: <none>

TIMING-18#43 Warning
Missing input or output delay  
An output delay is missing on virtual_seg[19] relative to the rising and/or falling clock edge(s) of i_sys_clk_p.
Related violations: <none>

TIMING-18#44 Warning
Missing input or output delay  
An output delay is missing on virtual_seg[1] relative to the rising and/or falling clock edge(s) of i_sys_clk_p.
Related violations: <none>

TIMING-18#45 Warning
Missing input or output delay  
An output delay is missing on virtual_seg[20] relative to the rising and/or falling clock edge(s) of i_sys_clk_p.
Related violations: <none>

TIMING-18#46 Warning
Missing input or output delay  
An output delay is missing on virtual_seg[21] relative to the rising and/or falling clock edge(s) of i_sys_clk_p.
Related violations: <none>

TIMING-18#47 Warning
Missing input or output delay  
An output delay is missing on virtual_seg[22] relative to the rising and/or falling clock edge(s) of i_sys_clk_p.
Related violations: <none>

TIMING-18#48 Warning
Missing input or output delay  
An output delay is missing on virtual_seg[23] relative to the rising and/or falling clock edge(s) of i_sys_clk_p.
Related violations: <none>

TIMING-18#49 Warning
Missing input or output delay  
An output delay is missing on virtual_seg[24] relative to the rising and/or falling clock edge(s) of i_sys_clk_p.
Related violations: <none>

TIMING-18#50 Warning
Missing input or output delay  
An output delay is missing on virtual_seg[25] relative to the rising and/or falling clock edge(s) of i_sys_clk_p.
Related violations: <none>

TIMING-18#51 Warning
Missing input or output delay  
An output delay is missing on virtual_seg[26] relative to the rising and/or falling clock edge(s) of i_sys_clk_p.
Related violations: <none>

TIMING-18#52 Warning
Missing input or output delay  
An output delay is missing on virtual_seg[27] relative to the rising and/or falling clock edge(s) of i_sys_clk_p.
Related violations: <none>

TIMING-18#53 Warning
Missing input or output delay  
An output delay is missing on virtual_seg[28] relative to the rising and/or falling clock edge(s) of i_sys_clk_p.
Related violations: <none>

TIMING-18#54 Warning
Missing input or output delay  
An output delay is missing on virtual_seg[29] relative to the rising and/or falling clock edge(s) of i_sys_clk_p.
Related violations: <none>

TIMING-18#55 Warning
Missing input or output delay  
An output delay is missing on virtual_seg[2] relative to the rising and/or falling clock edge(s) of i_sys_clk_p.
Related violations: <none>

TIMING-18#56 Warning
Missing input or output delay  
An output delay is missing on virtual_seg[30] relative to the rising and/or falling clock edge(s) of i_sys_clk_p.
Related violations: <none>

TIMING-18#57 Warning
Missing input or output delay  
An output delay is missing on virtual_seg[31] relative to the rising and/or falling clock edge(s) of i_sys_clk_p.
Related violations: <none>

TIMING-18#58 Warning
Missing input or output delay  
An output delay is missing on virtual_seg[32] relative to the rising and/or falling clock edge(s) of i_sys_clk_p.
Related violations: <none>

TIMING-18#59 Warning
Missing input or output delay  
An output delay is missing on virtual_seg[33] relative to the rising and/or falling clock edge(s) of i_sys_clk_p.
Related violations: <none>

TIMING-18#60 Warning
Missing input or output delay  
An output delay is missing on virtual_seg[34] relative to the rising and/or falling clock edge(s) of i_sys_clk_p.
Related violations: <none>

TIMING-18#61 Warning
Missing input or output delay  
An output delay is missing on virtual_seg[35] relative to the rising and/or falling clock edge(s) of i_sys_clk_p.
Related violations: <none>

TIMING-18#62 Warning
Missing input or output delay  
An output delay is missing on virtual_seg[36] relative to the rising and/or falling clock edge(s) of i_sys_clk_p.
Related violations: <none>

TIMING-18#63 Warning
Missing input or output delay  
An output delay is missing on virtual_seg[37] relative to the rising and/or falling clock edge(s) of i_sys_clk_p.
Related violations: <none>

TIMING-18#64 Warning
Missing input or output delay  
An output delay is missing on virtual_seg[38] relative to the rising and/or falling clock edge(s) of i_sys_clk_p.
Related violations: <none>

TIMING-18#65 Warning
Missing input or output delay  
An output delay is missing on virtual_seg[39] relative to the rising and/or falling clock edge(s) of i_sys_clk_p.
Related violations: <none>

TIMING-18#66 Warning
Missing input or output delay  
An output delay is missing on virtual_seg[3] relative to the rising and/or falling clock edge(s) of i_sys_clk_p.
Related violations: <none>

TIMING-18#67 Warning
Missing input or output delay  
An output delay is missing on virtual_seg[4] relative to the rising and/or falling clock edge(s) of i_sys_clk_p.
Related violations: <none>

TIMING-18#68 Warning
Missing input or output delay  
An output delay is missing on virtual_seg[5] relative to the rising and/or falling clock edge(s) of i_sys_clk_p.
Related violations: <none>

TIMING-18#69 Warning
Missing input or output delay  
An output delay is missing on virtual_seg[6] relative to the rising and/or falling clock edge(s) of i_sys_clk_p.
Related violations: <none>

TIMING-18#70 Warning
Missing input or output delay  
An output delay is missing on virtual_seg[7] relative to the rising and/or falling clock edge(s) of i_sys_clk_p.
Related violations: <none>

TIMING-18#71 Warning
Missing input or output delay  
An output delay is missing on virtual_seg[8] relative to the rising and/or falling clock edge(s) of i_sys_clk_p.
Related violations: <none>

TIMING-18#72 Warning
Missing input or output delay  
An output delay is missing on virtual_seg[9] relative to the rising and/or falling clock edge(s) of i_sys_clk_p.
Related violations: <none>


