
*** Running vivado
    with args -log top.vds -m64 -product Vivado -mode batch -messageDb vivado.pb -notrace -source top.tcl



****** Vivado v2023.2 (64-bit)
  **** SW Build 4029153 on Fri Oct 13 20:14:34 MDT 2023
  **** IP Build 4028589 on Sat Oct 14 00:45:43 MDT 2023
  **** SharedData Build 4025554 on Tue Oct 10 17:18:54 MDT 2023
    ** Copyright 1986-2022 Xilinx, Inc. All Rights Reserved.
    ** Copyright 2022-2023 Advanced Micro Devices, Inc. All Rights Reserved.

source top.tcl -notrace
Command: synth_design -top top -part xc7k325tffg900-2
Starting synth_design
Attempting to get a license for feature 'Synthesis' and/or device 'xc7k325t'
INFO: [Common 17-349] Got license for feature 'Synthesis' and/or device 'xc7k325t'
INFO: [Device 21-403] Loading part xc7k325tffg900-2
INFO: [Synth 8-7079] Multithreading enabled for synth_design using a maximum of 2 processes.
INFO: [Synth 8-7078] Launching helper process for spawning children vivado processes
INFO: [Synth 8-7075] Helper process launched with PID 38344
---------------------------------------------------------------------------------
Starting RTL Elaboration : Time (s): cpu = 00:00:05 ; elapsed = 00:00:04 . Memory (MB): peak = 1470.922 ; gain = 439.367
---------------------------------------------------------------------------------
INFO: [Synth 8-6157] synthesizing module 'top' [D:/Desktop/JYD/KDLJ_SRC/pipilined5/digital_twin/digital_twin.srcs/sources_1/new/top.sv:23]
INFO: [Synth 8-6157] synthesizing module 'pll' [D:/DESKTOP/JYD/KDLJ_SRC/pipilined5/digital_twin/digital_twin.runs/synth_3/.Xil/Vivado-35412-DESKTOP-MO7L2KR/realtime/pll_stub.v:6]
INFO: [Synth 8-6155] done synthesizing module 'pll' (0#1) [D:/DESKTOP/JYD/KDLJ_SRC/pipilined5/digital_twin/digital_twin.runs/synth_3/.Xil/Vivado-35412-DESKTOP-MO7L2KR/realtime/pll_stub.v:6]
INFO: [Synth 8-6157] synthesizing module 'uart' [D:/Desktop/JYD/KDLJ_SRC/pipilined5/digital_twin/digital_twin.srcs/sources_1/new/uart.sv:22]
	Parameter CLK_FREQ bound to: 50000000 - type: integer 
	Parameter BAUD_RATE bound to: 9600 - type: integer 
INFO: [Synth 8-226] default block is never used [D:/Desktop/JYD/KDLJ_SRC/pipilined5/digital_twin/digital_twin.srcs/sources_1/new/uart.sv:72]
INFO: [Synth 8-155] case statement is not full and has no default [D:/Desktop/JYD/KDLJ_SRC/pipilined5/digital_twin/digital_twin.srcs/sources_1/new/uart.sv:147]
INFO: [Synth 8-6155] done synthesizing module 'uart' (0#1) [D:/Desktop/JYD/KDLJ_SRC/pipilined5/digital_twin/digital_twin.srcs/sources_1/new/uart.sv:22]
INFO: [Synth 8-6157] synthesizing module 'twin_controller' [D:/Desktop/JYD/KDLJ_SRC/pipilined5/digital_twin/digital_twin.srcs/sources_1/new/twin_controller.sv:23]
INFO: [Synth 8-226] default block is never used [D:/Desktop/JYD/KDLJ_SRC/pipilined5/digital_twin/digital_twin.srcs/sources_1/new/twin_controller.sv:64]
INFO: [Synth 8-6155] done synthesizing module 'twin_controller' (0#1) [D:/Desktop/JYD/KDLJ_SRC/pipilined5/digital_twin/digital_twin.srcs/sources_1/new/twin_controller.sv:23]
INFO: [Synth 8-6157] synthesizing module 'student_top' [D:/Desktop/JYD/KDLJ_SRC/pipilined5/digital_twin/digital_twin.srcs/sources_1/new/student_top.sv:23]
INFO: [Synth 8-6157] synthesizing module 'KLDJ_top' [D:/DESKTOP/JYD/KDLJ_SRC/pipilined5/kldj.srcs2/sources_1/imports/rtl/KLDJ_top.v:3]
INFO: [Synth 8-6157] synthesizing module 'KLDJ_ifu' [D:/DESKTOP/JYD/KDLJ_SRC/pipilined5/kldj.srcs2/sources_1/imports/rtl/KLDJ_ifu.v:3]
INFO: [Synth 8-6155] done synthesizing module 'KLDJ_ifu' (0#1) [D:/DESKTOP/JYD/KDLJ_SRC/pipilined5/kldj.srcs2/sources_1/imports/rtl/KLDJ_ifu.v:3]
INFO: [Synth 8-6157] synthesizing module 'KLDJ_idu' [D:/DESKTOP/JYD/KDLJ_SRC/pipilined5/kldj.srcs2/sources_1/imports/rtl/KLDJ_idu.v:3]
INFO: [Synth 8-6155] done synthesizing module 'KLDJ_idu' (0#1) [D:/DESKTOP/JYD/KDLJ_SRC/pipilined5/kldj.srcs2/sources_1/imports/rtl/KLDJ_idu.v:3]
INFO: [Synth 8-6157] synthesizing module 'KLDJ_exu' [D:/DESKTOP/JYD/KDLJ_SRC/pipilined5/kldj.srcs2/sources_1/imports/rtl/KLDJ_exu.v:3]
INFO: [Synth 8-6157] synthesizing module 'KLDJ_alu' [D:/DESKTOP/JYD/KDLJ_SRC/pipilined5/kldj.srcs2/sources_1/imports/rtl/KLDJ_alu.v:3]
INFO: [Synth 8-6157] synthesizing module 'alu_add' [D:/DESKTOP/JYD/KDLJ_SRC/pipilined5/kldj.srcs2/sources_1/imports/rtl/alu_add.v:1]
INFO: [Synth 8-6155] done synthesizing module 'alu_add' (0#1) [D:/DESKTOP/JYD/KDLJ_SRC/pipilined5/kldj.srcs2/sources_1/imports/rtl/alu_add.v:1]
INFO: [Synth 8-6157] synthesizing module 'alu_and' [D:/DESKTOP/JYD/KDLJ_SRC/pipilined5/kldj.srcs2/sources_1/imports/rtl/alu_and.v:1]
INFO: [Synth 8-6155] done synthesizing module 'alu_and' (0#1) [D:/DESKTOP/JYD/KDLJ_SRC/pipilined5/kldj.srcs2/sources_1/imports/rtl/alu_and.v:1]
INFO: [Synth 8-6157] synthesizing module 'alu_or' [D:/DESKTOP/JYD/KDLJ_SRC/pipilined5/kldj.srcs2/sources_1/imports/rtl/alu_or.v:1]
INFO: [Synth 8-6155] done synthesizing module 'alu_or' (0#1) [D:/DESKTOP/JYD/KDLJ_SRC/pipilined5/kldj.srcs2/sources_1/imports/rtl/alu_or.v:1]
INFO: [Synth 8-6157] synthesizing module 'alu_shifter' [D:/DESKTOP/JYD/KDLJ_SRC/pipilined5/kldj.srcs2/sources_1/imports/rtl/alu_shifter.v:1]
INFO: [Synth 8-6155] done synthesizing module 'alu_shifter' (0#1) [D:/DESKTOP/JYD/KDLJ_SRC/pipilined5/kldj.srcs2/sources_1/imports/rtl/alu_shifter.v:1]
INFO: [Synth 8-6157] synthesizing module 'alu_slt' [D:/DESKTOP/JYD/KDLJ_SRC/pipilined5/kldj.srcs2/sources_1/imports/rtl/alu_slt.v:1]
INFO: [Synth 8-6155] done synthesizing module 'alu_slt' (0#1) [D:/DESKTOP/JYD/KDLJ_SRC/pipilined5/kldj.srcs2/sources_1/imports/rtl/alu_slt.v:1]
INFO: [Synth 8-6157] synthesizing module 'alu_xor' [D:/DESKTOP/JYD/KDLJ_SRC/pipilined5/kldj.srcs2/sources_1/imports/rtl/alu_xor.v:1]
INFO: [Synth 8-6155] done synthesizing module 'alu_xor' (0#1) [D:/DESKTOP/JYD/KDLJ_SRC/pipilined5/kldj.srcs2/sources_1/imports/rtl/alu_xor.v:1]
INFO: [Synth 8-6155] done synthesizing module 'KLDJ_alu' (0#1) [D:/DESKTOP/JYD/KDLJ_SRC/pipilined5/kldj.srcs2/sources_1/imports/rtl/KLDJ_alu.v:3]
INFO: [Synth 8-6155] done synthesizing module 'KLDJ_exu' (0#1) [D:/DESKTOP/JYD/KDLJ_SRC/pipilined5/kldj.srcs2/sources_1/imports/rtl/KLDJ_exu.v:3]
INFO: [Synth 8-6157] synthesizing module 'KLDJ_lsu' [D:/DESKTOP/JYD/KDLJ_SRC/pipilined5/kldj.srcs2/sources_1/imports/rtl/KLDJ_lsu.v:3]
INFO: [Synth 8-6155] done synthesizing module 'KLDJ_lsu' (0#1) [D:/DESKTOP/JYD/KDLJ_SRC/pipilined5/kldj.srcs2/sources_1/imports/rtl/KLDJ_lsu.v:3]
INFO: [Synth 8-6157] synthesizing module 'KLDJ_wbu' [D:/DESKTOP/JYD/KDLJ_SRC/pipilined5/kldj.srcs2/sources_1/imports/rtl/KLDJ_wbu.v:3]
INFO: [Synth 8-6155] done synthesizing module 'KLDJ_wbu' (0#1) [D:/DESKTOP/JYD/KDLJ_SRC/pipilined5/kldj.srcs2/sources_1/imports/rtl/KLDJ_wbu.v:3]
INFO: [Synth 8-6157] synthesizing module 'KLDJ_regfile' [D:/DESKTOP/JYD/KDLJ_SRC/pipilined5/kldj.srcs2/sources_1/imports/rtl/KLDJ_regfile.v:4]
INFO: [Synth 8-6155] done synthesizing module 'KLDJ_regfile' (0#1) [D:/DESKTOP/JYD/KDLJ_SRC/pipilined5/kldj.srcs2/sources_1/imports/rtl/KLDJ_regfile.v:4]
INFO: [Synth 8-6155] done synthesizing module 'KLDJ_top' (0#1) [D:/DESKTOP/JYD/KDLJ_SRC/pipilined5/kldj.srcs2/sources_1/imports/rtl/KLDJ_top.v:3]
INFO: [Synth 8-6157] synthesizing module 'IROM' [D:/DESKTOP/JYD/KDLJ_SRC/pipilined5/digital_twin/digital_twin.runs/synth_3/.Xil/Vivado-35412-DESKTOP-MO7L2KR/realtime/IROM_stub.v:6]
INFO: [Synth 8-6155] done synthesizing module 'IROM' (0#1) [D:/DESKTOP/JYD/KDLJ_SRC/pipilined5/digital_twin/digital_twin.runs/synth_3/.Xil/Vivado-35412-DESKTOP-MO7L2KR/realtime/IROM_stub.v:6]
INFO: [Synth 8-6157] synthesizing module 'perip_bridge' [D:/Desktop/JYD/KDLJ_SRC/pipilined5/digital_twin/digital_twin.srcs/sources_1/new/perip_bridge.sv:22]
INFO: [Synth 8-155] case statement is not full and has no default [D:/Desktop/JYD/KDLJ_SRC/pipilined5/digital_twin/digital_twin.srcs/sources_1/new/perip_bridge.sv:56]
INFO: [Synth 8-6157] synthesizing module 'display_seg' [D:/Desktop/JYD/KDLJ_SRC/pipilined5/digital_twin/digital_twin.srcs/sources_1/new/display_seg.sv:23]
INFO: [Synth 8-6157] synthesizing module 'seg7' [D:/Desktop/JYD/KDLJ_SRC/pipilined5/digital_twin/digital_twin.srcs/sources_1/new/seg7.sv:23]
INFO: [Synth 8-226] default block is never used [D:/Desktop/JYD/KDLJ_SRC/pipilined5/digital_twin/digital_twin.srcs/sources_1/new/seg7.sv:29]
INFO: [Synth 8-6155] done synthesizing module 'seg7' (0#1) [D:/Desktop/JYD/KDLJ_SRC/pipilined5/digital_twin/digital_twin.srcs/sources_1/new/seg7.sv:23]
INFO: [Synth 8-6155] done synthesizing module 'display_seg' (0#1) [D:/Desktop/JYD/KDLJ_SRC/pipilined5/digital_twin/digital_twin.srcs/sources_1/new/display_seg.sv:23]
INFO: [Synth 8-6157] synthesizing module 'dram_driver' [D:/Desktop/JYD/KDLJ_SRC/pipilined5/digital_twin/digital_twin.srcs/sources_1/new/dram_driver.sv:23]
INFO: [Synth 8-6157] synthesizing module 'DRAM' [D:/DESKTOP/JYD/KDLJ_SRC/pipilined5/digital_twin/digital_twin.runs/synth_3/.Xil/Vivado-35412-DESKTOP-MO7L2KR/realtime/DRAM_stub.v:6]
INFO: [Synth 8-6155] done synthesizing module 'DRAM' (0#1) [D:/DESKTOP/JYD/KDLJ_SRC/pipilined5/digital_twin/digital_twin.runs/synth_3/.Xil/Vivado-35412-DESKTOP-MO7L2KR/realtime/DRAM_stub.v:6]
INFO: [Synth 8-6155] done synthesizing module 'dram_driver' (0#1) [D:/Desktop/JYD/KDLJ_SRC/pipilined5/digital_twin/digital_twin.srcs/sources_1/new/dram_driver.sv:23]
INFO: [Synth 8-6157] synthesizing module 'counter' [D:/Desktop/JYD/KDLJ_SRC/pipilined5/digital_twin/digital_twin.srcs/sources_1/new/counter.sv:23]
INFO: [Synth 8-6155] done synthesizing module 'counter' (0#1) [D:/Desktop/JYD/KDLJ_SRC/pipilined5/digital_twin/digital_twin.srcs/sources_1/new/counter.sv:23]
INFO: [Synth 8-6155] done synthesizing module 'perip_bridge' (0#1) [D:/Desktop/JYD/KDLJ_SRC/pipilined5/digital_twin/digital_twin.srcs/sources_1/new/perip_bridge.sv:22]
INFO: [Synth 8-6155] done synthesizing module 'student_top' (0#1) [D:/Desktop/JYD/KDLJ_SRC/pipilined5/digital_twin/digital_twin.srcs/sources_1/new/student_top.sv:23]
INFO: [Synth 8-6155] done synthesizing module 'top' (0#1) [D:/Desktop/JYD/KDLJ_SRC/pipilined5/digital_twin/digital_twin.srcs/sources_1/new/top.sv:23]
WARNING: [Synth 8-6014] Unused sequential element id_ex_pc_reg was removed.  [D:/DESKTOP/JYD/KDLJ_SRC/pipilined5/kldj.srcs2/sources_1/imports/rtl/KLDJ_top.v:294]
WARNING: [Synth 8-6014] Unused sequential element id_ex_snpc_reg was removed.  [D:/DESKTOP/JYD/KDLJ_SRC/pipilined5/kldj.srcs2/sources_1/imports/rtl/KLDJ_top.v:295]
WARNING: [Synth 8-6014] Unused sequential element ex_mem_pc_reg was removed.  [D:/DESKTOP/JYD/KDLJ_SRC/pipilined5/kldj.srcs2/sources_1/imports/rtl/KLDJ_top.v:355]
WARNING: [Synth 8-6014] Unused sequential element mem_wb_pc_reg was removed.  [D:/DESKTOP/JYD/KDLJ_SRC/pipilined5/kldj.srcs2/sources_1/imports/rtl/KLDJ_top.v:379]
WARNING: [Synth 8-6014] Unused sequential element wb_commit_pc_reg was removed.  [D:/DESKTOP/JYD/KDLJ_SRC/pipilined5/kldj.srcs2/sources_1/imports/rtl/KLDJ_top.v:395]
WARNING: [Synth 8-6014] Unused sequential element wb_commit_rd_addr_reg was removed.  [D:/DESKTOP/JYD/KDLJ_SRC/pipilined5/kldj.srcs2/sources_1/imports/rtl/KLDJ_top.v:396]
WARNING: [Synth 8-6014] Unused sequential element wb_commit_wb_ctl_reg was removed.  [D:/DESKTOP/JYD/KDLJ_SRC/pipilined5/kldj.srcs2/sources_1/imports/rtl/KLDJ_top.v:397]
WARNING: [Synth 8-7129] Port id_ls_ctl[3] in module KLDJ_lsu is either unconnected or has no load
---------------------------------------------------------------------------------
Finished RTL Elaboration : Time (s): cpu = 00:00:07 ; elapsed = 00:00:06 . Memory (MB): peak = 1600.340 ; gain = 568.785
---------------------------------------------------------------------------------
---------------------------------------------------------------------------------
Start Handling Custom Attributes
---------------------------------------------------------------------------------
---------------------------------------------------------------------------------
Finished Handling Custom Attributes : Time (s): cpu = 00:00:07 ; elapsed = 00:00:07 . Memory (MB): peak = 1600.340 ; gain = 568.785
---------------------------------------------------------------------------------
---------------------------------------------------------------------------------
Finished RTL Optimization Phase 1 : Time (s): cpu = 00:00:07 ; elapsed = 00:00:07 . Memory (MB): peak = 1600.340 ; gain = 568.785
---------------------------------------------------------------------------------
Netlist sorting complete. Time (s): cpu = 00:00:00 ; elapsed = 00:00:00.070 . Memory (MB): peak = 1600.340 ; gain = 0.000
INFO: [Project 1-570] Preparing netlist for logic optimization

Processing XDC Constraints
Initializing timing engine
Parsing XDC File [d:/Desktop/JYD/KDLJ_SRC/pipilined5/digital_twin/digital_twin.gen/sources_1/ip/pll/pll/pll_in_context.xdc] for cell 'pll_inst'
Finished Parsing XDC File [d:/Desktop/JYD/KDLJ_SRC/pipilined5/digital_twin/digital_twin.gen/sources_1/ip/pll/pll/pll_in_context.xdc] for cell 'pll_inst'
Parsing XDC File [d:/Desktop/JYD/KDLJ_SRC/pipilined5/digital_twin/digital_twin.gen/sources_1/ip/IROM/IROM/IROM_in_context.xdc] for cell 'student_top_inst/Mem_IROM'
Finished Parsing XDC File [d:/Desktop/JYD/KDLJ_SRC/pipilined5/digital_twin/digital_twin.gen/sources_1/ip/IROM/IROM/IROM_in_context.xdc] for cell 'student_top_inst/Mem_IROM'
Parsing XDC File [d:/Desktop/JYD/KDLJ_SRC/pipilined5/digital_twin/digital_twin.gen/sources_1/ip/DRAM/DRAM/DRAM_in_context.xdc] for cell 'student_top_inst/bridge_inst/dram_driver_inst/Mem_DRAM'
Finished Parsing XDC File [d:/Desktop/JYD/KDLJ_SRC/pipilined5/digital_twin/digital_twin.gen/sources_1/ip/DRAM/DRAM/DRAM_in_context.xdc] for cell 'student_top_inst/bridge_inst/dram_driver_inst/Mem_DRAM'
Parsing XDC File [D:/Desktop/JYD/KDLJ_SRC/pipilined5/digital_twin/digital_twin.srcs/constrs_1/new/digital_twin.xdc]
Finished Parsing XDC File [D:/Desktop/JYD/KDLJ_SRC/pipilined5/digital_twin/digital_twin.srcs/constrs_1/new/digital_twin.xdc]
INFO: [Project 1-236] Implementation specific constraints were found while reading constraint file [D:/Desktop/JYD/KDLJ_SRC/pipilined5/digital_twin/digital_twin.srcs/constrs_1/new/digital_twin.xdc]. These constraints will be ignored for synthesis but will be used in implementation. Impacted constraints are listed in the file [.Xil/top_propImpl.xdc].
Resolution: To avoid this warning, move constraints listed in [.Xil/top_propImpl.xdc] to another XDC file and exclude this new file from synthesis with the used_in_synthesis property (File Properties dialog in GUI) and re-run elaboration/synthesis.
Parsing XDC File [D:/DESKTOP/JYD/KDLJ_SRC/pipilined5/digital_twin/digital_twin.runs/synth_3/dont_touch.xdc]
Finished Parsing XDC File [D:/DESKTOP/JYD/KDLJ_SRC/pipilined5/digital_twin/digital_twin.runs/synth_3/dont_touch.xdc]
Completed Processing XDC Constraints

Netlist sorting complete. Time (s): cpu = 00:00:00 ; elapsed = 00:00:00.001 . Memory (MB): peak = 1707.488 ; gain = 0.000
INFO: [Project 1-111] Unisim Transformation Summary:
No Unisim elements were transformed.

系统找不到指定的路径。
Constraint Validation Runtime : Time (s): cpu = 00:00:00 ; elapsed = 00:00:00.014 . Memory (MB): peak = 1707.488 ; gain = 0.000
WARNING: [Timing 38-316] Clock period '20.000' specified during out-of-context synthesis of instance 'student_top_inst/bridge_inst/dram_driver_inst/Mem_DRAM' at clock pin 'clk' is different from the actual clock period '8.000', this can lead to different synthesis results.

*** Running vivado
    with args -log top.vds -m64 -product Vivado -mode batch -messageDb vivado.pb -notrace -source top.tcl



****** Vivado v2023.2 (64-bit)
  **** SW Build 4029153 on Fri Oct 13 20:14:34 MDT 2023
  **** IP Build 4028589 on Sat Oct 14 00:45:43 MDT 2023
  **** SharedData Build 4025554 on Tue Oct 10 17:18:54 MDT 2023
    ** Copyright 1986-2022 Xilinx, Inc. All Rights Reserved.
    ** Copyright 2022-2023 Advanced Micro Devices, Inc. All Rights Reserved.

source top.tcl -notrace
Command: synth_design -top top -part xc7k325tffg900-2
Starting synth_design
Attempting to get a license for feature 'Synthesis' and/or device 'xc7k325t'
INFO: [Common 17-349] Got license for feature 'Synthesis' and/or device 'xc7k325t'
INFO: [Device 21-403] Loading part xc7k325tffg900-2
INFO: [Synth 8-7079] Multithreading enabled for synth_design using a maximum of 2 processes.
INFO: [Synth 8-7078] Launching helper process for spawning children vivado processes
INFO: [Synth 8-7075] Helper process launched with PID 9580
---------------------------------------------------------------------------------
Starting RTL Elaboration : Time (s): cpu = 00:00:04 ; elapsed = 00:00:04 . Memory (MB): peak = 1469.730 ; gain = 438.707
---------------------------------------------------------------------------------
INFO: [Synth 8-6157] synthesizing module 'top' [D:/Desktop/JYD/KDLJ_SRC/pipilined5/digital_twin/digital_twin.srcs/sources_1/new/top.sv:23]
INFO: [Synth 8-6157] synthesizing module 'pll' [D:/DESKTOP/JYD/KDLJ_SRC/pipilined5/digital_twin/digital_twin.runs/synth_3/.Xil/Vivado-24508-DESKTOP-MO7L2KR/realtime/pll_stub.v:6]
INFO: [Synth 8-6155] done synthesizing module 'pll' (0#1) [D:/DESKTOP/JYD/KDLJ_SRC/pipilined5/digital_twin/digital_twin.runs/synth_3/.Xil/Vivado-24508-DESKTOP-MO7L2KR/realtime/pll_stub.v:6]
INFO: [Synth 8-6157] synthesizing module 'uart' [D:/Desktop/JYD/KDLJ_SRC/pipilined5/digital_twin/digital_twin.srcs/sources_1/new/uart.sv:22]
	Parameter CLK_FREQ bound to: 50000000 - type: integer 
	Parameter BAUD_RATE bound to: 9600 - type: integer 
INFO: [Synth 8-226] default block is never used [D:/Desktop/JYD/KDLJ_SRC/pipilined5/digital_twin/digital_twin.srcs/sources_1/new/uart.sv:72]
INFO: [Synth 8-155] case statement is not full and has no default [D:/Desktop/JYD/KDLJ_SRC/pipilined5/digital_twin/digital_twin.srcs/sources_1/new/uart.sv:147]
INFO: [Synth 8-6155] done synthesizing module 'uart' (0#1) [D:/Desktop/JYD/KDLJ_SRC/pipilined5/digital_twin/digital_twin.srcs/sources_1/new/uart.sv:22]
INFO: [Synth 8-6157] synthesizing module 'twin_controller' [D:/Desktop/JYD/KDLJ_SRC/pipilined5/digital_twin/digital_twin.srcs/sources_1/new/twin_controller.sv:23]
INFO: [Synth 8-226] default block is never used [D:/Desktop/JYD/KDLJ_SRC/pipilined5/digital_twin/digital_twin.srcs/sources_1/new/twin_controller.sv:64]
INFO: [Synth 8-6155] done synthesizing module 'twin_controller' (0#1) [D:/Desktop/JYD/KDLJ_SRC/pipilined5/digital_twin/digital_twin.srcs/sources_1/new/twin_controller.sv:23]
INFO: [Synth 8-6157] synthesizing module 'student_top' [D:/Desktop/JYD/KDLJ_SRC/pipilined5/digital_twin/digital_twin.srcs/sources_1/new/student_top.sv:23]
INFO: [Synth 8-6157] synthesizing module 'KLDJ_top' [D:/DESKTOP/JYD/KDLJ_SRC/pipilined5/kldj.srcs2/sources_1/imports/rtl/KLDJ_top.v:3]
INFO: [Synth 8-6157] synthesizing module 'KLDJ_ifu' [D:/DESKTOP/JYD/KDLJ_SRC/pipilined5/kldj.srcs2/sources_1/imports/rtl/KLDJ_ifu.v:3]
INFO: [Synth 8-6155] done synthesizing module 'KLDJ_ifu' (0#1) [D:/DESKTOP/JYD/KDLJ_SRC/pipilined5/kldj.srcs2/sources_1/imports/rtl/KLDJ_ifu.v:3]
INFO: [Synth 8-6157] synthesizing module 'KLDJ_idu' [D:/DESKTOP/JYD/KDLJ_SRC/pipilined5/kldj.srcs2/sources_1/imports/rtl/KLDJ_idu.v:3]
INFO: [Synth 8-6155] done synthesizing module 'KLDJ_idu' (0#1) [D:/DESKTOP/JYD/KDLJ_SRC/pipilined5/kldj.srcs2/sources_1/imports/rtl/KLDJ_idu.v:3]
INFO: [Synth 8-6157] synthesizing module 'KLDJ_exu' [D:/DESKTOP/JYD/KDLJ_SRC/pipilined5/kldj.srcs2/sources_1/imports/rtl/KLDJ_exu.v:3]
INFO: [Synth 8-6157] synthesizing module 'KLDJ_alu' [D:/DESKTOP/JYD/KDLJ_SRC/pipilined5/kldj.srcs2/sources_1/imports/rtl/KLDJ_alu.v:3]
INFO: [Synth 8-6157] synthesizing module 'alu_add' [D:/DESKTOP/JYD/KDLJ_SRC/pipilined5/kldj.srcs2/sources_1/imports/rtl/alu_add.v:1]
INFO: [Synth 8-6155] done synthesizing module 'alu_add' (0#1) [D:/DESKTOP/JYD/KDLJ_SRC/pipilined5/kldj.srcs2/sources_1/imports/rtl/alu_add.v:1]
INFO: [Synth 8-6157] synthesizing module 'alu_and' [D:/DESKTOP/JYD/KDLJ_SRC/pipilined5/kldj.srcs2/sources_1/imports/rtl/alu_and.v:1]
INFO: [Synth 8-6155] done synthesizing module 'alu_and' (0#1) [D:/DESKTOP/JYD/KDLJ_SRC/pipilined5/kldj.srcs2/sources_1/imports/rtl/alu_and.v:1]
INFO: [Synth 8-6157] synthesizing module 'alu_or' [D:/DESKTOP/JYD/KDLJ_SRC/pipilined5/kldj.srcs2/sources_1/imports/rtl/alu_or.v:1]
INFO: [Synth 8-6155] done synthesizing module 'alu_or' (0#1) [D:/DESKTOP/JYD/KDLJ_SRC/pipilined5/kldj.srcs2/sources_1/imports/rtl/alu_or.v:1]
INFO: [Synth 8-6157] synthesizing module 'alu_shifter' [D:/DESKTOP/JYD/KDLJ_SRC/pipilined5/kldj.srcs2/sources_1/imports/rtl/alu_shifter.v:1]
INFO: [Synth 8-6155] done synthesizing module 'alu_shifter' (0#1) [D:/DESKTOP/JYD/KDLJ_SRC/pipilined5/kldj.srcs2/sources_1/imports/rtl/alu_shifter.v:1]
INFO: [Synth 8-6157] synthesizing module 'alu_slt' [D:/DESKTOP/JYD/KDLJ_SRC/pipilined5/kldj.srcs2/sources_1/imports/rtl/alu_slt.v:1]
INFO: [Synth 8-6155] done synthesizing module 'alu_slt' (0#1) [D:/DESKTOP/JYD/KDLJ_SRC/pipilined5/kldj.srcs2/sources_1/imports/rtl/alu_slt.v:1]
INFO: [Synth 8-6157] synthesizing module 'alu_xor' [D:/DESKTOP/JYD/KDLJ_SRC/pipilined5/kldj.srcs2/sources_1/imports/rtl/alu_xor.v:1]
INFO: [Synth 8-6155] done synthesizing module 'alu_xor' (0#1) [D:/DESKTOP/JYD/KDLJ_SRC/pipilined5/kldj.srcs2/sources_1/imports/rtl/alu_xor.v:1]
INFO: [Synth 8-6155] done synthesizing module 'KLDJ_alu' (0#1) [D:/DESKTOP/JYD/KDLJ_SRC/pipilined5/kldj.srcs2/sources_1/imports/rtl/KLDJ_alu.v:3]
INFO: [Synth 8-6155] done synthesizing module 'KLDJ_exu' (0#1) [D:/DESKTOP/JYD/KDLJ_SRC/pipilined5/kldj.srcs2/sources_1/imports/rtl/KLDJ_exu.v:3]
INFO: [Synth 8-6157] synthesizing module 'KLDJ_lsu' [D:/DESKTOP/JYD/KDLJ_SRC/pipilined5/kldj.srcs2/sources_1/imports/rtl/KLDJ_lsu.v:3]
INFO: [Synth 8-6155] done synthesizing module 'KLDJ_lsu' (0#1) [D:/DESKTOP/JYD/KDLJ_SRC/pipilined5/kldj.srcs2/sources_1/imports/rtl/KLDJ_lsu.v:3]
INFO: [Synth 8-6157] synthesizing module 'KLDJ_wbu' [D:/DESKTOP/JYD/KDLJ_SRC/pipilined5/kldj.srcs2/sources_1/imports/rtl/KLDJ_wbu.v:3]
INFO: [Synth 8-6155] done synthesizing module 'KLDJ_wbu' (0#1) [D:/DESKTOP/JYD/KDLJ_SRC/pipilined5/kldj.srcs2/sources_1/imports/rtl/KLDJ_wbu.v:3]
INFO: [Synth 8-6157] synthesizing module 'KLDJ_regfile' [D:/DESKTOP/JYD/KDLJ_SRC/pipilined5/kldj.srcs2/sources_1/imports/rtl/KLDJ_regfile.v:4]
INFO: [Synth 8-6155] done synthesizing module 'KLDJ_regfile' (0#1) [D:/DESKTOP/JYD/KDLJ_SRC/pipilined5/kldj.srcs2/sources_1/imports/rtl/KLDJ_regfile.v:4]
INFO: [Synth 8-6155] done synthesizing module 'KLDJ_top' (0#1) [D:/DESKTOP/JYD/KDLJ_SRC/pipilined5/kldj.srcs2/sources_1/imports/rtl/KLDJ_top.v:3]
INFO: [Synth 8-6157] synthesizing module 'IROM' [D:/DESKTOP/JYD/KDLJ_SRC/pipilined5/digital_twin/digital_twin.runs/synth_3/.Xil/Vivado-24508-DESKTOP-MO7L2KR/realtime/IROM_stub.v:6]
INFO: [Synth 8-6155] done synthesizing module 'IROM' (0#1) [D:/DESKTOP/JYD/KDLJ_SRC/pipilined5/digital_twin/digital_twin.runs/synth_3/.Xil/Vivado-24508-DESKTOP-MO7L2KR/realtime/IROM_stub.v:6]
INFO: [Synth 8-6157] synthesizing module 'perip_bridge' [D:/Desktop/JYD/KDLJ_SRC/pipilined5/digital_twin/digital_twin.srcs/sources_1/new/perip_bridge.sv:22]
INFO: [Synth 8-155] case statement is not full and has no default [D:/Desktop/JYD/KDLJ_SRC/pipilined5/digital_twin/digital_twin.srcs/sources_1/new/perip_bridge.sv:56]
INFO: [Synth 8-6157] synthesizing module 'display_seg' [D:/Desktop/JYD/KDLJ_SRC/pipilined5/digital_twin/digital_twin.srcs/sources_1/new/display_seg.sv:23]
INFO: [Synth 8-6157] synthesizing module 'seg7' [D:/Desktop/JYD/KDLJ_SRC/pipilined5/digital_twin/digital_twin.srcs/sources_1/new/seg7.sv:23]
INFO: [Synth 8-226] default block is never used [D:/Desktop/JYD/KDLJ_SRC/pipilined5/digital_twin/digital_twin.srcs/sources_1/new/seg7.sv:29]
INFO: [Synth 8-6155] done synthesizing module 'seg7' (0#1) [D:/Desktop/JYD/KDLJ_SRC/pipilined5/digital_twin/digital_twin.srcs/sources_1/new/seg7.sv:23]
INFO: [Synth 8-6155] done synthesizing module 'display_seg' (0#1) [D:/Desktop/JYD/KDLJ_SRC/pipilined5/digital_twin/digital_twin.srcs/sources_1/new/display_seg.sv:23]
INFO: [Synth 8-6157] synthesizing module 'dram_driver' [D:/Desktop/JYD/KDLJ_SRC/pipilined5/digital_twin/digital_twin.srcs/sources_1/new/dram_driver.sv:23]
INFO: [Synth 8-6157] synthesizing module 'DRAM' [D:/DESKTOP/JYD/KDLJ_SRC/pipilined5/digital_twin/digital_twin.runs/synth_3/.Xil/Vivado-24508-DESKTOP-MO7L2KR/realtime/DRAM_stub.v:6]
INFO: [Synth 8-6155] done synthesizing module 'DRAM' (0#1) [D:/DESKTOP/JYD/KDLJ_SRC/pipilined5/digital_twin/digital_twin.runs/synth_3/.Xil/Vivado-24508-DESKTOP-MO7L2KR/realtime/DRAM_stub.v:6]
INFO: [Synth 8-6155] done synthesizing module 'dram_driver' (0#1) [D:/Desktop/JYD/KDLJ_SRC/pipilined5/digital_twin/digital_twin.srcs/sources_1/new/dram_driver.sv:23]
INFO: [Synth 8-6157] synthesizing module 'counter' [D:/Desktop/JYD/KDLJ_SRC/pipilined5/digital_twin/digital_twin.srcs/sources_1/new/counter.sv:23]
INFO: [Synth 8-6155] done synthesizing module 'counter' (0#1) [D:/Desktop/JYD/KDLJ_SRC/pipilined5/digital_twin/digital_twin.srcs/sources_1/new/counter.sv:23]
INFO: [Synth 8-6155] done synthesizing module 'perip_bridge' (0#1) [D:/Desktop/JYD/KDLJ_SRC/pipilined5/digital_twin/digital_twin.srcs/sources_1/new/perip_bridge.sv:22]
INFO: [Synth 8-6155] done synthesizing module 'student_top' (0#1) [D:/Desktop/JYD/KDLJ_SRC/pipilined5/digital_twin/digital_twin.srcs/sources_1/new/student_top.sv:23]
INFO: [Synth 8-6155] done synthesizing module 'top' (0#1) [D:/Desktop/JYD/KDLJ_SRC/pipilined5/digital_twin/digital_twin.srcs/sources_1/new/top.sv:23]
WARNING: [Synth 8-6014] Unused sequential element id_ex_pc_reg was removed.  [D:/DESKTOP/JYD/KDLJ_SRC/pipilined5/kldj.srcs2/sources_1/imports/rtl/KLDJ_top.v:294]
WARNING: [Synth 8-6014] Unused sequential element id_ex_snpc_reg was removed.  [D:/DESKTOP/JYD/KDLJ_SRC/pipilined5/kldj.srcs2/sources_1/imports/rtl/KLDJ_top.v:295]
WARNING: [Synth 8-6014] Unused sequential element ex_mem_pc_reg was removed.  [D:/DESKTOP/JYD/KDLJ_SRC/pipilined5/kldj.srcs2/sources_1/imports/rtl/KLDJ_top.v:355]
WARNING: [Synth 8-6014] Unused sequential element mem_wb_pc_reg was removed.  [D:/DESKTOP/JYD/KDLJ_SRC/pipilined5/kldj.srcs2/sources_1/imports/rtl/KLDJ_top.v:379]
WARNING: [Synth 8-6014] Unused sequential element wb_commit_pc_reg was removed.  [D:/DESKTOP/JYD/KDLJ_SRC/pipilined5/kldj.srcs2/sources_1/imports/rtl/KLDJ_top.v:395]
WARNING: [Synth 8-6014] Unused sequential element wb_commit_rd_addr_reg was removed.  [D:/DESKTOP/JYD/KDLJ_SRC/pipilined5/kldj.srcs2/sources_1/imports/rtl/KLDJ_top.v:396]
WARNING: [Synth 8-6014] Unused sequential element wb_commit_wb_ctl_reg was removed.  [D:/DESKTOP/JYD/KDLJ_SRC/pipilined5/kldj.srcs2/sources_1/imports/rtl/KLDJ_top.v:397]
WARNING: [Synth 8-7129] Port id_ls_ctl[3] in module KLDJ_lsu is either unconnected or has no load
---------------------------------------------------------------------------------
Finished RTL Elaboration : Time (s): cpu = 00:00:06 ; elapsed = 00:00:06 . Memory (MB): peak = 1599.359 ; gain = 568.336
---------------------------------------------------------------------------------
---------------------------------------------------------------------------------
Start Handling Custom Attributes
---------------------------------------------------------------------------------
---------------------------------------------------------------------------------
Finished Handling Custom Attributes : Time (s): cpu = 00:00:06 ; elapsed = 00:00:06 . Memory (MB): peak = 1599.359 ; gain = 568.336
---------------------------------------------------------------------------------
---------------------------------------------------------------------------------
Finished RTL Optimization Phase 1 : Time (s): cpu = 00:00:06 ; elapsed = 00:00:06 . Memory (MB): peak = 1599.359 ; gain = 568.336
---------------------------------------------------------------------------------
Netlist sorting complete. Time (s): cpu = 00:00:00 ; elapsed = 00:00:00.065 . Memory (MB): peak = 1599.359 ; gain = 0.000
INFO: [Project 1-570] Preparing netlist for logic optimization

Processing XDC Constraints
Initializing timing engine
Parsing XDC File [d:/Desktop/JYD/KDLJ_SRC/pipilined5/digital_twin/digital_twin.gen/sources_1/ip/pll/pll/pll_in_context.xdc] for cell 'pll_inst'
Finished Parsing XDC File [d:/Desktop/JYD/KDLJ_SRC/pipilined5/digital_twin/digital_twin.gen/sources_1/ip/pll/pll/pll_in_context.xdc] for cell 'pll_inst'
Parsing XDC File [d:/Desktop/JYD/KDLJ_SRC/pipilined5/digital_twin/digital_twin.gen/sources_1/ip/IROM/IROM/IROM_in_context.xdc] for cell 'student_top_inst/Mem_IROM'
Finished Parsing XDC File [d:/Desktop/JYD/KDLJ_SRC/pipilined5/digital_twin/digital_twin.gen/sources_1/ip/IROM/IROM/IROM_in_context.xdc] for cell 'student_top_inst/Mem_IROM'
Parsing XDC File [d:/Desktop/JYD/KDLJ_SRC/pipilined5/digital_twin/digital_twin.gen/sources_1/ip/DRAM/DRAM/DRAM_in_context.xdc] for cell 'student_top_inst/bridge_inst/dram_driver_inst/Mem_DRAM'
Finished Parsing XDC File [d:/Desktop/JYD/KDLJ_SRC/pipilined5/digital_twin/digital_twin.gen/sources_1/ip/DRAM/DRAM/DRAM_in_context.xdc] for cell 'student_top_inst/bridge_inst/dram_driver_inst/Mem_DRAM'
Parsing XDC File [D:/Desktop/JYD/KDLJ_SRC/pipilined5/digital_twin/digital_twin.srcs/constrs_1/new/digital_twin.xdc]
Finished Parsing XDC File [D:/Desktop/JYD/KDLJ_SRC/pipilined5/digital_twin/digital_twin.srcs/constrs_1/new/digital_twin.xdc]
INFO: [Project 1-236] Implementation specific constraints were found while reading constraint file [D:/Desktop/JYD/KDLJ_SRC/pipilined5/digital_twin/digital_twin.srcs/constrs_1/new/digital_twin.xdc]. These constraints will be ignored for synthesis but will be used in implementation. Impacted constraints are listed in the file [.Xil/top_propImpl.xdc].
Resolution: To avoid this warning, move constraints listed in [.Xil/top_propImpl.xdc] to another XDC file and exclude this new file from synthesis with the used_in_synthesis property (File Properties dialog in GUI) and re-run elaboration/synthesis.
Parsing XDC File [D:/DESKTOP/JYD/KDLJ_SRC/pipilined5/digital_twin/digital_twin.runs/synth_3/dont_touch.xdc]
Finished Parsing XDC File [D:/DESKTOP/JYD/KDLJ_SRC/pipilined5/digital_twin/digital_twin.runs/synth_3/dont_touch.xdc]
Completed Processing XDC Constraints

Netlist sorting complete. Time (s): cpu = 00:00:00 ; elapsed = 00:00:00 . Memory (MB): peak = 1704.836 ; gain = 0.000
INFO: [Project 1-111] Unisim Transformation Summary:
No Unisim elements were transformed.

系统找不到指定的路径。
Constraint Validation Runtime : Time (s): cpu = 00:00:00 ; elapsed = 00:00:00.011 . Memory (MB): peak = 1704.836 ; gain = 0.000
WARNING: [Timing 38-316] Clock period '20.000' specified during out-of-context synthesis of instance 'student_top_inst/bridge_inst/dram_driver_inst/Mem_DRAM' at clock pin 'clk' is different from the actual clock period '8.000', this can lead to different synthesis results.
---------------------------------------------------------------------------------
Finished Constraint Validation : Time (s): cpu = 00:00:13 ; elapsed = 00:00:13 . Memory (MB): peak = 1706.762 ; gain = 675.738
---------------------------------------------------------------------------------
---------------------------------------------------------------------------------
Start Loading Part and Timing Information
---------------------------------------------------------------------------------
Loading part: xc7k325tffg900-2
---------------------------------------------------------------------------------
Finished Loading Part and Timing Information : Time (s): cpu = 00:00:13 ; elapsed = 00:00:13 . Memory (MB): peak = 1706.762 ; gain = 675.738
---------------------------------------------------------------------------------
---------------------------------------------------------------------------------
Start Applying 'set_property' XDC Constraints
---------------------------------------------------------------------------------
Applied set_property IO_BUFFER_TYPE = NONE for i_sys_clk_n. (constraint file  d:/Desktop/JYD/KDLJ_SRC/pipilined5/digital_twin/digital_twin.gen/sources_1/ip/pll/pll/pll_in_context.xdc, line 4).
Applied set_property CLOCK_BUFFER_TYPE = NONE for i_sys_clk_n. (constraint file  d:/Desktop/JYD/KDLJ_SRC/pipilined5/digital_twin/digital_twin.gen/sources_1/ip/pll/pll/pll_in_context.xdc, line 5).
Applied set_property IO_BUFFER_TYPE = NONE for i_sys_clk_p. (constraint file  d:/Desktop/JYD/KDLJ_SRC/pipilined5/digital_twin/digital_twin.gen/sources_1/ip/pll/pll/pll_in_context.xdc, line 6).
Applied set_property CLOCK_BUFFER_TYPE = NONE for i_sys_clk_p. (constraint file  d:/Desktop/JYD/KDLJ_SRC/pipilined5/digital_twin/digital_twin.gen/sources_1/ip/pll/pll/pll_in_context.xdc, line 7).
Applied set_property KEEP_HIERARCHY = SOFT for pll_inst. (constraint file  auto generated constraint).
Applied set_property KEEP_HIERARCHY = SOFT for student_top_inst/Mem_IROM. (constraint file  auto generated constraint).
Applied set_property KEEP_HIERARCHY = SOFT for student_top_inst/bridge_inst/dram_driver_inst/Mem_DRAM. (constraint file  auto generated constraint).
---------------------------------------------------------------------------------
Finished applying 'set_property' XDC Constraints : Time (s): cpu = 00:00:13 ; elapsed = 00:00:13 . Memory (MB): peak = 1706.762 ; gain = 675.738
---------------------------------------------------------------------------------
INFO: [Synth 8-802] inferred FSM for state register 'rx_state_reg' in module 'uart'
INFO: [Synth 8-802] inferred FSM for state register 'tx_state_reg' in module 'uart'
---------------------------------------------------------------------------------------------------
                   State |                     New Encoding |                Previous Encoding 
---------------------------------------------------------------------------------------------------
                  iSTATE |                               00 |                               00
                 iSTATE0 |                               01 |                               01
                 iSTATE1 |                               10 |                               10
                 iSTATE2 |                               11 |                               11
---------------------------------------------------------------------------------------------------
INFO: [Synth 8-3354] encoded FSM with state register 'rx_state_reg' using encoding 'sequential' in module 'uart'
---------------------------------------------------------------------------------------------------
                   State |                     New Encoding |                Previous Encoding 
---------------------------------------------------------------------------------------------------
                  iSTATE |                                0 |                             0000
                 iSTATE0 |                                1 |                             0001
---------------------------------------------------------------------------------------------------
INFO: [Synth 8-3354] encoded FSM with state register 'tx_state_reg' using encoding 'sequential' in module 'uart'
---------------------------------------------------------------------------------
Finished RTL Optimization Phase 2 : Time (s): cpu = 00:00:13 ; elapsed = 00:00:14 . Memory (MB): peak = 1706.762 ; gain = 675.738
---------------------------------------------------------------------------------
---------------------------------------------------------------------------------
Start RTL Component Statistics 
---------------------------------------------------------------------------------
Detailed RTL Component Info : 
+---Adders : 
	   2 Input   32 Bit       Adders := 4     
	   3 Input   32 Bit       Adders := 1     
	   2 Input   13 Bit       Adders := 3     
	   2 Input    5 Bit       Adders := 2     
	   2 Input    4 Bit       Adders := 2     
+---XORs : 
	   2 Input     32 Bit         XORs := 2     
+---Registers : 
	               64 Bit    Registers := 1     
	               32 Bit    Registers := 49    
	               18 Bit    Registers := 2     
	               16 Bit    Registers := 1     
	               13 Bit    Registers := 2     
	               10 Bit    Registers := 2     
	                8 Bit    Registers := 22    
	                5 Bit    Registers := 7     
	                4 Bit    Registers := 4     
	                1 Bit    Registers := 21    
+---Muxes : 
	   2 Input   64 Bit        Muxes := 2     
	   2 Input   32 Bit        Muxes := 30    
	  38 Input   32 Bit        Muxes := 3     
	  27 Input   32 Bit        Muxes := 1     
	   4 Input   32 Bit        Muxes := 3     
	   3 Input   32 Bit        Muxes := 1     
	   2 Input   13 Bit        Muxes := 4     
	   4 Input   13 Bit        Muxes := 1     
	   2 Input   10 Bit        Muxes := 2     
	  38 Input   10 Bit        Muxes := 1     
	   2 Input    8 Bit        Muxes := 4     
	  38 Input    6 Bit        Muxes := 1     
	   2 Input    5 Bit        Muxes := 4     
	   4 Input    4 Bit        Muxes := 2     
	   2 Input    4 Bit        Muxes := 6     
	  38 Input    4 Bit        Muxes := 1     
	   4 Input    2 Bit        Muxes := 1     
	   3 Input    2 Bit        Muxes := 1     
	   2 Input    2 Bit        Muxes := 1     
	   2 Input    1 Bit        Muxes := 62    
	   4 Input    1 Bit        Muxes := 6     
	   3 Input    1 Bit        Muxes := 3     
---------------------------------------------------------------------------------
Finished RTL Component Statistics 
---------------------------------------------------------------------------------
---------------------------------------------------------------------------------
Start Part Resource Summary
---------------------------------------------------------------------------------
Part Resources:
DSPs: 840 (col length:140)
BRAMs: 890 (col length: RAMB18 140 RAMB36 70)
---------------------------------------------------------------------------------
Finished Part Resource Summary
---------------------------------------------------------------------------------
---------------------------------------------------------------------------------
Start Cross Boundary and Area Optimization
---------------------------------------------------------------------------------
WARNING: [Synth 8-7080] Parallel synthesis criteria is not met
---------------------------------------------------------------------------------
Finished Cross Boundary and Area Optimization : Time (s): cpu = 00:00:29 ; elapsed = 00:00:29 . Memory (MB): peak = 1706.762 ; gain = 675.738
---------------------------------------------------------------------------------
---------------------------------------------------------------------------------
Start Applying XDC Timing Constraints
---------------------------------------------------------------------------------
---------------------------------------------------------------------------------
Finished Applying XDC Timing Constraints : Time (s): cpu = 00:00:32 ; elapsed = 00:00:32 . Memory (MB): peak = 1706.762 ; gain = 675.738
---------------------------------------------------------------------------------
---------------------------------------------------------------------------------
Start Timing Optimization
---------------------------------------------------------------------------------
---------------------------------------------------------------------------------
Finished Timing Optimization : Time (s): cpu = 00:00:45 ; elapsed = 00:00:45 . Memory (MB): peak = 1733.551 ; gain = 702.527
---------------------------------------------------------------------------------
---------------------------------------------------------------------------------
Start Technology Mapping
---------------------------------------------------------------------------------
---------------------------------------------------------------------------------
Finished Technology Mapping : Time (s): cpu = 00:00:46 ; elapsed = 00:00:46 . Memory (MB): peak = 1743.637 ; gain = 712.613
---------------------------------------------------------------------------------
---------------------------------------------------------------------------------
Start IO Insertion
---------------------------------------------------------------------------------
---------------------------------------------------------------------------------
Start Flattening Before IO Insertion
---------------------------------------------------------------------------------
---------------------------------------------------------------------------------
Finished Flattening Before IO Insertion
---------------------------------------------------------------------------------
---------------------------------------------------------------------------------
Start Final Netlist Cleanup
---------------------------------------------------------------------------------
---------------------------------------------------------------------------------
Finished Final Netlist Cleanup
---------------------------------------------------------------------------------
---------------------------------------------------------------------------------
Finished IO Insertion : Time (s): cpu = 00:00:49 ; elapsed = 00:00:50 . Memory (MB): peak = 1743.637 ; gain = 712.613
---------------------------------------------------------------------------------
---------------------------------------------------------------------------------
Start Renaming Generated Instances
---------------------------------------------------------------------------------
---------------------------------------------------------------------------------
Finished Renaming Generated Instances : Time (s): cpu = 00:00:49 ; elapsed = 00:00:50 . Memory (MB): peak = 1743.637 ; gain = 712.613
---------------------------------------------------------------------------------
---------------------------------------------------------------------------------
Start Rebuilding User Hierarchy
---------------------------------------------------------------------------------
---------------------------------------------------------------------------------
Finished Rebuilding User Hierarchy : Time (s): cpu = 00:00:50 ; elapsed = 00:00:50 . Memory (MB): peak = 1743.637 ; gain = 712.613
---------------------------------------------------------------------------------
---------------------------------------------------------------------------------
Start Renaming Generated Ports
---------------------------------------------------------------------------------
---------------------------------------------------------------------------------
Finished Renaming Generated Ports : Time (s): cpu = 00:00:50 ; elapsed = 00:00:50 . Memory (MB): peak = 1743.637 ; gain = 712.613
---------------------------------------------------------------------------------
---------------------------------------------------------------------------------
Start Handling Custom Attributes
---------------------------------------------------------------------------------
---------------------------------------------------------------------------------
Finished Handling Custom Attributes : Time (s): cpu = 00:00:50 ; elapsed = 00:00:50 . Memory (MB): peak = 1743.637 ; gain = 712.613
---------------------------------------------------------------------------------
---------------------------------------------------------------------------------
Start Renaming Generated Nets
---------------------------------------------------------------------------------
---------------------------------------------------------------------------------
Finished Renaming Generated Nets : Time (s): cpu = 00:00:50 ; elapsed = 00:00:50 . Memory (MB): peak = 1743.637 ; gain = 712.613
---------------------------------------------------------------------------------
---------------------------------------------------------------------------------
Start Writing Synthesis Report
---------------------------------------------------------------------------------

Report BlackBoxes: 
+------+--------------+----------+
|      |BlackBox name |Instances |
+------+--------------+----------+
|1     |pll           |         1|
|2     |IROM          |         1|
|3     |DRAM          |         1|
+------+--------------+----------+

Report Cell Usage: 
+------+-------+------+
|      |Cell   |Count |
+------+-------+------+
|1     |DRAM   |     1|
|2     |IROM   |     1|
|3     |pll    |     1|
|4     |CARRY4 |    59|
|5     |LUT1   |     7|
|6     |LUT2   |   135|
|7     |LUT3   |   280|
|8     |LUT4   |   282|
|9     |LUT5   |   439|
|10    |LUT6   |  1108|
|11    |MUXF7  |   285|
|12    |MUXF8  |   136|
|13    |FDCE   |   296|
|14    |FDPE   |    13|
|15    |FDRE   |  1590|
|16    |FDSE   |     4|
|17    |IBUF   |     1|
|18    |OBUF   |    73|
+------+-------+------+
---------------------------------------------------------------------------------
Finished Writing Synthesis Report : Time (s): cpu = 00:00:50 ; elapsed = 00:00:50 . Memory (MB): peak = 1743.637 ; gain = 712.613
---------------------------------------------------------------------------------
Synthesis finished with 0 errors, 0 critical warnings and 1 warnings.
Synthesis Optimization Runtime : Time (s): cpu = 00:00:42 ; elapsed = 00:00:48 . Memory (MB): peak = 1743.637 ; gain = 605.211
Synthesis Optimization Complete : Time (s): cpu = 00:00:50 ; elapsed = 00:00:50 . Memory (MB): peak = 1743.637 ; gain = 712.613
INFO: [Project 1-571] Translating synthesized netlist
Netlist sorting complete. Time (s): cpu = 00:00:00 ; elapsed = 00:00:00.054 . Memory (MB): peak = 1746.414 ; gain = 0.000
INFO: [Netlist 29-17] Analyzing 480 Unisim elements for replacement
INFO: [Netlist 29-28] Unisim Transformation completed in 0 CPU seconds
INFO: [Project 1-570] Preparing netlist for logic optimization
INFO: [Opt 31-138] Pushed 0 inverter(s) to 0 load pin(s).
Netlist sorting complete. Time (s): cpu = 00:00:00 ; elapsed = 00:00:00.001 . Memory (MB): peak = 1756.066 ; gain = 0.000
INFO: [Project 1-111] Unisim Transformation Summary:
No Unisim elements were transformed.

系统找不到指定的路径。
Synth Design complete | Checksum: de4c63f4
INFO: [Common 17-83] Releasing license: Synthesis
76 Infos, 10 Warnings, 0 Critical Warnings and 0 Errors encountered.
synth_design completed successfully
synth_design: Time (s): cpu = 00:00:54 ; elapsed = 00:00:55 . Memory (MB): peak = 1756.066 ; gain = 1175.488
Write ShapeDB Complete: Time (s): cpu = 00:00:00 ; elapsed = 00:00:00.005 . Memory (MB): peak = 1756.066 ; gain = 0.000
INFO: [Common 17-1381] The checkpoint 'D:/DESKTOP/JYD/KDLJ_SRC/pipilined5/digital_twin/digital_twin.runs/synth_3/top.dcp' has been generated.
INFO: [runtcl-4] Executing : report_utilization -file top_utilization_synth.rpt -pb top_utilization_synth.pb
INFO: [Common 17-206] Exiting Vivado at Wed Apr 29 16:02:30 2026...
