#-----------------------------------------------------------
# xsim v2018.3 (64-bit)
# SW Build 2405991 on Thu Dec  6 23:36:41 MST 2018
# IP Build 2404404 on Fri Dec  7 01:43:56 MST 2018
# Start of session at: Thu Jul  9 20:26:34 2026
# Process ID: 196845
# Current directory: /home/ccy/Documents/jydb/2/jyd2026/jyd/pipilined5/kldj.srcs2/sim_1/imports/sim
# Command line: xsim -mode tcl -source {xsim.dir/sim_tdp_full/xsim_script.tcl}
# Log file: /home/ccy/Documents/jydb/2/jyd2026/jyd/pipilined5/kldj.srcs2/sim_1/imports/sim/xsim.log
# Journal file: /home/ccy/Documents/jydb/2/jyd2026/jyd/pipilined5/kldj.srcs2/sim_1/imports/sim/xsim.jou
#-----------------------------------------------------------
source xsim.dir/sim_tdp_full/xsim_script.tcl
# xsim {sim_tdp_full} -autoloadwcfg -runall
Vivado Simulator 2018.3
Time resolution is 1 ps
run -all
============================================================
  irom-v2 Full System Test (KLDJ_top + perip_bridge + DRAM_TDP)
============================================================
[0] Loaded irom_v2.hex (2219 instructions)
[95000] Reset released, starting execution...


============================================================
  Execution Complete
============================================================

  Performance Counters:
    cycle_count           = 20000
    instret_count         = 11893
    frontend_stall_count  = 7100
    load_use_stall_count  = 2044
    mul_stall_count       = 4940
    div_stall_count       = 116
    redirect_count        = 502
    load_count            = 2836
    store_count           = 898

  CPI  = 1.681
  IPC  = 0.594

  LED output: 0x00020000
  Last DRAM write: addr=0x80120ff8 data=0x00000001

  [PASS] Program executed 11893 instructions successfully!
  True Dual Port BRAM read/write verified through perip_bridge.
  [PASS] mem_rdata is clean (no X/Z).

============================================================
  ALL CHECKS PASSED!
============================================================
$finish called at time : 200095 ns : File "/home/ccy/Documents/jydb/2/jyd2026/jyd/pipilined5/new/tb_irom_v2_tdp.sv" Line 218
exit
INFO: [Common 17-206] Exiting xsim at Thu Jul  9 20:26:47 2026...
