#-----------------------------------------------------------
# xsim v2018.3 (64-bit)
# SW Build 2405991 on Thu Dec  6 23:36:41 MST 2018
# IP Build 2404404 on Fri Dec  7 01:43:56 MST 2018
# Start of session at: Thu Jul  9 20:22:22 2026
# Process ID: 194262
# Current directory: /home/ccy/Documents/jydb/2/jyd2026/jyd/pipilined5/kldj.srcs2/sim_1/imports/sim
# Command line: xsim -mode tcl -source {xsim.dir/sim_irom_v2/xsim_script.tcl}
# Log file: /home/ccy/Documents/jydb/2/jyd2026/jyd/pipilined5/kldj.srcs2/sim_1/imports/sim/xsim.log
# Journal file: /home/ccy/Documents/jydb/2/jyd2026/jyd/pipilined5/kldj.srcs2/sim_1/imports/sim/xsim.jou
#-----------------------------------------------------------
source xsim.dir/sim_irom_v2/xsim_script.tcl
# xsim {sim_irom_v2} -autoloadwcfg -runall
Vivado Simulator 2018.3
Time resolution is 1 ps
run -all
==============================================
  KLDJ irom-v2 Performance Counter Testbench
==============================================

Running irom-v2 program...

==============================================
  Performance Counters
==============================================

  cycle_count           = 20000
  instret_count         = 11893
  frontend_stall_count  = 7100
  load_use_stall_count  = 2044
  mul_stall_count       = 4940
  div_stall_count       = 116
  redirect_count        = 502
  load_count            = 2836
  store_count           = 898

==============================================
  Derived Metrics
==============================================

  CPI  = cycle / instret = 20000 / 11893 = 1.681
  IPC  = instret / cycle = 11893 / 20000 = 0.594

  load_use_stall / cycle = 2044 / 20000 = 10.220%
  mul_stall / cycle      = 4940 / 20000 = 24.700%
  div_stall / cycle      = 116 / 20000 = 0.580%
  frontend_stall / cycle = 7100 / 20000 = 35.500%

  redirect / instret     = 502 / 11893 = 0.042
  (load+store) / instret = 3734 / 11893 = 0.313

==============================================
  Done.
==============================================
$finish called at time : 200045 ns : File "/home/ccy/Documents/jydb/2/jyd2026/jyd/pipilined5/kldj.srcs2/sim_1/imports/sim/KLDJ_irom_v2_tb.sv" Line 200
exit
INFO: [Common 17-206] Exiting xsim at Thu Jul  9 20:22:30 2026...
