INFO: [VRFC 10-2263] Analyzing SystemVerilog file "/home/ccy/Documents/jydb/2/jyd2026/jyd/pipilined5/kldj.srcs2/sources_1/imports/rtl/define.v" into library work
INFO: [VRFC 10-2263] Analyzing SystemVerilog file "/home/ccy/Documents/jydb/2/jyd2026/jyd/pipilined5/kldj.srcs2/sources_1/imports/rtl/util/MuxKeyInternal.v" into library work
INFO: [VRFC 10-311] analyzing module MuxKeyInternal
INFO: [VRFC 10-2263] Analyzing SystemVerilog file "/home/ccy/Documents/jydb/2/jyd2026/jyd/pipilined5/kldj.srcs2/sources_1/imports/rtl/util/MuxKeyWithDefault.v" into library work
INFO: [VRFC 10-311] analyzing module MuxKeyWithDefault
INFO: [VRFC 10-2263] Analyzing SystemVerilog file "/home/ccy/Documents/jydb/2/jyd2026/jyd/pipilined5/kldj.srcs2/sources_1/imports/rtl/util/DataMemory.v" into library work
INFO: [VRFC 10-311] analyzing module DataMemory
INFO: [VRFC 10-2263] Analyzing SystemVerilog file "/home/ccy/Documents/jydb/2/jyd2026/jyd/pipilined5/kldj.srcs2/sources_1/imports/rtl/alu/alu_add.v" into library work
INFO: [VRFC 10-311] analyzing module alu_add
INFO: [VRFC 10-2263] Analyzing SystemVerilog file "/home/ccy/Documents/jydb/2/jyd2026/jyd/pipilined5/kldj.srcs2/sources_1/imports/rtl/alu/alu_and.v" into library work
INFO: [VRFC 10-311] analyzing module alu_and
INFO: [VRFC 10-2263] Analyzing SystemVerilog file "/home/ccy/Documents/jydb/2/jyd2026/jyd/pipilined5/kldj.srcs2/sources_1/imports/rtl/alu/alu_or.v" into library work
INFO: [VRFC 10-311] analyzing module alu_or
INFO: [VRFC 10-2263] Analyzing SystemVerilog file "/home/ccy/Documents/jydb/2/jyd2026/jyd/pipilined5/kldj.srcs2/sources_1/imports/rtl/alu/alu_xor.v" into library work
INFO: [VRFC 10-311] analyzing module alu_xor
INFO: [VRFC 10-2263] Analyzing SystemVerilog file "/home/ccy/Documents/jydb/2/jyd2026/jyd/pipilined5/kldj.srcs2/sources_1/imports/rtl/alu/alu_slt.v" into library work
INFO: [VRFC 10-311] analyzing module alu_slt
INFO: [VRFC 10-2263] Analyzing SystemVerilog file "/home/ccy/Documents/jydb/2/jyd2026/jyd/pipilined5/kldj.srcs2/sources_1/imports/rtl/alu/alu_shifter.v" into library work
INFO: [VRFC 10-311] analyzing module alu_shifter
INFO: [VRFC 10-2263] Analyzing SystemVerilog file "/home/ccy/Documents/jydb/2/jyd2026/jyd/pipilined5/kldj.srcs2/sources_1/imports/rtl/alu/alu_mul.v" into library work
INFO: [VRFC 10-311] analyzing module alu_mul
INFO: [VRFC 10-2263] Analyzing SystemVerilog file "/home/ccy/Documents/jydb/2/jyd2026/jyd/pipilined5/kldj.srcs2/sources_1/imports/rtl/alu/alu_div.v" into library work
INFO: [VRFC 10-311] analyzing module alu_div
INFO: [VRFC 10-2263] Analyzing SystemVerilog file "/home/ccy/Documents/jydb/2/jyd2026/jyd/pipilined5/kldj.srcs2/sources_1/imports/rtl/alu/mul_ip_wrapper.v" into library work
INFO: [VRFC 10-311] analyzing module mul_ip_wrapper
INFO: [VRFC 10-2263] Analyzing SystemVerilog file "/home/ccy/Documents/jydb/2/jyd2026/jyd/pipilined5/kldj.srcs2/sources_1/imports/rtl/alu/div_ip_wrapper.v" into library work
INFO: [VRFC 10-311] analyzing module div_ip_wrapper
INFO: [VRFC 10-2263] Analyzing SystemVerilog file "/home/ccy/Documents/jydb/2/jyd2026/jyd/pipilined5/kldj.srcs2/sources_1/imports/rtl/alu/KLDJ_alu.v" into library work
INFO: [VRFC 10-311] analyzing module KLDJ_alu
INFO: [VRFC 10-2263] Analyzing SystemVerilog file "/home/ccy/Documents/jydb/2/jyd2026/jyd/pipilined5/kldj.srcs2/sources_1/imports/rtl/stage/KLDJ_ifu.v" into library work
INFO: [VRFC 10-311] analyzing module KLDJ_ifu
INFO: [VRFC 10-2263] Analyzing SystemVerilog file "/home/ccy/Documents/jydb/2/jyd2026/jyd/pipilined5/kldj.srcs2/sources_1/imports/rtl/stage/KLDJ_idu.v" into library work
INFO: [VRFC 10-311] analyzing module KLDJ_idu
INFO: [VRFC 10-2263] Analyzing SystemVerilog file "/home/ccy/Documents/jydb/2/jyd2026/jyd/pipilined5/kldj.srcs2/sources_1/imports/rtl/stage/KLDJ_exu.v" into library work
INFO: [VRFC 10-311] analyzing module KLDJ_exu
INFO: [VRFC 10-2263] Analyzing SystemVerilog file "/home/ccy/Documents/jydb/2/jyd2026/jyd/pipilined5/kldj.srcs2/sources_1/imports/rtl/stage/KLDJ_lsu.v" into library work
INFO: [VRFC 10-311] analyzing module KLDJ_lsu
INFO: [VRFC 10-2263] Analyzing SystemVerilog file "/home/ccy/Documents/jydb/2/jyd2026/jyd/pipilined5/kldj.srcs2/sources_1/imports/rtl/stage/KLDJ_regfile.v" into library work
INFO: [VRFC 10-311] analyzing module KLDJ_regfile
INFO: [VRFC 10-2263] Analyzing SystemVerilog file "/home/ccy/Documents/jydb/2/jyd2026/jyd/pipilined5/kldj.srcs2/sources_1/imports/rtl/stage/KLDJ_wbu.v" into library work
INFO: [VRFC 10-311] analyzing module KLDJ_wbu
INFO: [VRFC 10-2263] Analyzing SystemVerilog file "/home/ccy/Documents/jydb/2/jyd2026/jyd/pipilined5/kldj.srcs2/sources_1/imports/rtl/stage/KLDJ_csr.v" into library work
INFO: [VRFC 10-311] analyzing module KLDJ_csr
INFO: [VRFC 10-2263] Analyzing SystemVerilog file "/home/ccy/Documents/jydb/2/jyd2026/jyd/pipilined5/kldj.srcs2/sources_1/imports/rtl/pipe/pipe_if_id.v" into library work
INFO: [VRFC 10-311] analyzing module pipe_if_id
INFO: [VRFC 10-2263] Analyzing SystemVerilog file "/home/ccy/Documents/jydb/2/jyd2026/jyd/pipilined5/kldj.srcs2/sources_1/imports/rtl/pipe/pipe_id_ex.v" into library work
INFO: [VRFC 10-311] analyzing module pipe_id_ex
INFO: [VRFC 10-2263] Analyzing SystemVerilog file "/home/ccy/Documents/jydb/2/jyd2026/jyd/pipilined5/kldj.srcs2/sources_1/imports/rtl/pipe/pipe_ex_mem.v" into library work
INFO: [VRFC 10-311] analyzing module pipe_ex_mem
INFO: [VRFC 10-2263] Analyzing SystemVerilog file "/home/ccy/Documents/jydb/2/jyd2026/jyd/pipilined5/kldj.srcs2/sources_1/imports/rtl/pipe/pipe_mem_wb.v" into library work
INFO: [VRFC 10-311] analyzing module pipe_mem_wb
INFO: [VRFC 10-2263] Analyzing SystemVerilog file "/home/ccy/Documents/jydb/2/jyd2026/jyd/pipilined5/kldj.srcs2/sources_1/imports/rtl/pipe/ex_forward.v" into library work
INFO: [VRFC 10-311] analyzing module ex_forward
INFO: [VRFC 10-2263] Analyzing SystemVerilog file "/home/ccy/Documents/jydb/2/jyd2026/jyd/pipilined5/kldj.srcs2/sources_1/imports/rtl/pipe/mem_stage_top.v" into library work
INFO: [VRFC 10-311] analyzing module mem_stage_top
INFO: [VRFC 10-2263] Analyzing SystemVerilog file "/home/ccy/Documents/jydb/2/jyd2026/jyd/pipilined5/kldj.srcs2/sources_1/imports/rtl/pipe/pipe_wb_commit.v" into library work
INFO: [VRFC 10-311] analyzing module pipe_wb_commit
INFO: [VRFC 10-2263] Analyzing SystemVerilog file "/home/ccy/Documents/jydb/2/jyd2026/jyd/pipilined5/kldj.srcs2/sources_1/imports/rtl/KLDJ_perf_counters.v" into library work
INFO: [VRFC 10-311] analyzing module KLDJ_perf_counters
INFO: [VRFC 10-2263] Analyzing SystemVerilog file "/home/ccy/Documents/jydb/2/jyd2026/jyd/pipilined5/kldj.srcs2/sources_1/imports/rtl/KLDJ_top.v" into library work
INFO: [VRFC 10-311] analyzing module KLDJ_top
INFO: [VRFC 10-2263] Analyzing SystemVerilog file "/home/ccy/Documents/jydb/2/jyd2026/jyd/pipilined5/new/DRAM_TDP.sv" into library work
INFO: [VRFC 10-311] analyzing module DRAM_TDP
INFO: [VRFC 10-2263] Analyzing SystemVerilog file "/home/ccy/Documents/jydb/2/jyd2026/jyd/pipilined5/new/dram_driver.sv" into library work
INFO: [VRFC 10-311] analyzing module dram_driver
INFO: [VRFC 10-2263] Analyzing SystemVerilog file "/home/ccy/Documents/jydb/2/jyd2026/jyd/pipilined5/new/display_seg.sv" into library work
INFO: [VRFC 10-311] analyzing module display_seg
INFO: [VRFC 10-2263] Analyzing SystemVerilog file "/home/ccy/Documents/jydb/2/jyd2026/jyd/pipilined5/new/seg7.sv" into library work
INFO: [VRFC 10-311] analyzing module seg7
INFO: [VRFC 10-2263] Analyzing SystemVerilog file "/home/ccy/Documents/jydb/2/jyd2026/jyd/pipilined5/new/counter.sv" into library work
INFO: [VRFC 10-311] analyzing module counter
INFO: [VRFC 10-2263] Analyzing SystemVerilog file "/home/ccy/Documents/jydb/2/jyd2026/jyd/pipilined5/new/perip_bridge.sv" into library work
INFO: [VRFC 10-311] analyzing module perip_bridge
INFO: [VRFC 10-2263] Analyzing SystemVerilog file "/home/ccy/Documents/jydb/2/jyd2026/jyd/pipilined5/new/tb_irom_v2_tdp.sv" into library work
INFO: [VRFC 10-311] analyzing module tb_irom_v2_tdp
