\BOOKMARK [1][-]{section*.3}{\376\377\000R\000I\000S\000C\000-\000V\000\040\000C\000P\000U\000\040\213\276\213\241\142\245\124\112}{}% 1
\BOOKMARK [1][-]{section.1}{\376\377\230\171\166\356\151\202\217\360}{}% 2
\BOOKMARK [2][-]{subsection.1.1}{\376\377\230\171\166\356\200\314\146\157}{section.1}% 3
\BOOKMARK [2][-]{subsection.1.2}{\376\377\213\276\213\241\166\356\150\007}{section.1}% 4
\BOOKMARK [2][-]{subsection.1.3}{\376\377\213\276\213\241\136\163\123\360\213\364\146\016}{section.1}% 5
\BOOKMARK [1][-]{section.2}{\376\377\000R\000I\000S\000C\000-\000V\000\040\000C\000P\000U\000\040\147\266\147\204\213\276\213\241}{}% 6
\BOOKMARK [2][-]{subsection.2.1}{\376\377\000R\000I\000S\000C\000-\000V\000\040\143\007\116\344\226\306\166\204\145\057\143\001\140\305\121\265}{section.2}% 7
\BOOKMARK [2][-]{subsection.2.2}{\376\377\000R\000I\000S\000C\000-\000V\000\040\000C\000P\000U\000\040\166\204\145\164\117\123\147\266\147\204\126\376}{section.2}% 8
\BOOKMARK [2][-]{subsection.2.3}{\376\377\145\160\143\156\220\032\215\357\124\004\152\041\127\127\166\204\213\276\213\241}{section.2}% 9
\BOOKMARK [3][-]{subsubsection.2.3.1}{\376\377\000C\000P\000U\000\040\145\160\143\156\220\032\215\357\145\164\117\123\213\364\146\016}{subsection.2.3}% 10
\BOOKMARK [1][-]{section.3}{\376\377\122\115\172\357\230\204\155\113\116\016\143\247\122\066\220\032\215\357\213\276\213\241}{}% 11
\BOOKMARK [2][-]{subsection.3.1}{\376\377\000P\000C\000\040\146\364\145\260\116\016\117\030\121\110\176\247}{section.3}% 12
\BOOKMARK [2][-]{subsection.3.2}{\376\377\000g\000s\000h\000a\000r\000e\000\040\145\271\124\021\230\204\155\113\126\150}{section.3}% 13
\BOOKMARK [2][-]{subsection.3.3}{\376\377\000B\000T\000B\060\001\217\324\126\336\127\060\127\100\150\010\116\016\230\204\155\113\166\356\150\007}{section.3}% 14
\BOOKMARK [2][-]{subsection.3.4}{\376\377\211\343\147\220\060\001\213\255\176\303\116\016\225\031\213\357\140\142\131\015}{section.3}% 15
\BOOKMARK [1][-]{section.4}{\376\377\213\321\170\001\060\001\142\147\210\114\116\016\225\177\124\150\147\037\217\320\173\227\213\276\213\241}{}% 16
\BOOKMARK [2][-]{subsection.4.1}{\376\377\213\321\170\001\116\016\172\313\123\163\145\160\165\037\142\020}{section.4}% 17
\BOOKMARK [2][-]{subsection.4.2}{\376\377\145\164\145\160\142\147\210\114\123\125\121\103}{section.4}% 18
\BOOKMARK [2][-]{subsection.4.3}{\376\377\116\130\154\325\116\016\226\144\154\325}{section.4}% 19
\BOOKMARK [1][-]{section.5}{\376\377\155\101\154\064\176\277\121\222\226\151\131\004\164\006\147\072\122\066}{}% 20
\BOOKMARK [2][-]{subsection.5.1}{\376\377\145\160\143\156\122\115\220\022\177\121\176\334}{section.5}% 21
\BOOKMARK [2][-]{subsection.5.2}{\376\377\000l\000o\000a\000d\000-\000u\000s\000e\000\040\120\134\230\177}{section.5}% 22
\BOOKMARK [2][-]{subsection.5.3}{\376\377\120\134\230\177\060\001\121\262\122\067\116\016\147\011\145\110\117\115}{section.5}% 23
\BOOKMARK [1][-]{section.6}{\376\377\213\277\133\130\220\032\215\357\116\016\123\314\172\357\123\343\000\040\000B\000R\000A\000M\000\040\213\276\213\241}{}% 24
\BOOKMARK [2][-]{subsection.6.1}{\376\377\217\175\121\145\133\130\120\250\213\367\154\102\165\037\142\020}{section.6}% 25
\BOOKMARK [2][-]{subsection.6.2}{\376\377\123\314\172\357\123\343\133\130\120\250\176\323\147\204}{section.6}% 26
\BOOKMARK [2][-]{subsection.6.3}{\376\377\121\231\124\016\213\373\122\115\220\022}{section.6}% 27
\BOOKMARK [1][-]{section.7}{\376\377\000C\000S\000R\000\040\116\016\147\072\126\150\152\041\137\017\143\247\122\066\213\276\213\241}{}% 28
\BOOKMARK [2][-]{subsection.7.1}{\376\377\000C\000S\000R\000\040\145\207\116\366\116\016\213\277\225\356\213\355\116\111}{section.7}% 29
\BOOKMARK [2][-]{subsection.7.2}{\376\377\000e\000c\000a\000l\000l\000\040\217\333\121\145\155\101\172\013}{section.7}% 30
\BOOKMARK [2][-]{subsection.7.3}{\376\377\000m\000r\000e\000t\000\040\217\324\126\336\155\101\172\013}{section.7}% 31
\BOOKMARK [1][-]{section.8}{\376\377\122\237\200\375\116\377\167\037\116\016\232\214\213\301}{}% 32
\BOOKMARK [2][-]{subsection.8.1}{\376\377\232\214\213\301\145\271\154\325}{section.8}% 33
\BOOKMARK [2][-]{subsection.8.2}{\376\377\123\314\172\357\123\343\000\040\000B\000R\000A\000M\000\040\122\237\200\375\116\377\167\037}{section.8}% 34
\BOOKMARK [2][-]{subsection.8.3}{\376\377\000B\000P\000U\000\040\122\237\200\375\116\377\167\037}{section.8}% 35
\BOOKMARK [2][-]{subsection.8.4}{\376\377\000e\000c\000a\000l\000l\000\040\116\016\000\040\000m\000r\000e\000t\000\040\122\237\200\375\116\377\167\037}{section.8}% 36
\BOOKMARK [1][-]{section.9}{\376\377\174\373\176\337\226\306\142\020\116\016\213\276\213\241\162\171\160\271}{}% 37
\BOOKMARK [2][-]{subsection.9.1}{\376\377\152\041\127\127\123\026\176\304\176\307}{section.9}% 38
\BOOKMARK [2][-]{subsection.9.2}{\376\377\227\142\124\021\124\014\153\145\133\130\120\250\126\150\166\204\155\101\154\064\213\276\213\241}{section.9}% 39
\BOOKMARK [2][-]{subsection.9.3}{\376\377\137\123\122\115\122\237\200\375\217\271\165\114}{section.9}% 40
\BOOKMARK [1][-]{section.10}{\376\377\140\073\176\323\116\016\134\125\147\033}{}% 41
\BOOKMARK [1][-]{appendix.A}{\376\377\116\073\211\201\000\040\000R\000T\000L\000\040\145\207\116\366\176\323\147\204\116\016\200\114\215\043\133\371\136\224\210\150}{}% 42
