case__119: 
logic__47: 
reg__116: 
reg__50: 
logic__444: 
logic__971: 
mul_ip_wrapper: 
logic__568: 
logic__1014: 
logic__148: 
logic__189: 
case__85: 
alu_add: 
logic__1001: 
reg__181: 
datapath__51: 
logic__280: 
logic__149: 
logic__310: 
case__79: 
reg__76: 
logic__142: 
case__82: 
logic__510: 
case__169: 
pipe_if_id: 
reg__86: 
logic__716: 
case__13: 
reg__154: 
logic__70: 
logic__908: 
case__60: 
logic__250: 
case__75: 
logic__550: 
logic__216: 
logic__884: 
reg: 
logic__516: 
case__162: 
logic__957: 
logic__88: 
logic__378: 
logic__27: 
datapath__23: 
logic__654: 
case__44: 
logic__201: 
case__55: 
reg__123: 
reg__147: 
case__148: 
case__72: 
case__22: 
seg7: 
case__130: 
reg__124: 
logic__498: 
reg__157: 
reg__118: 
case__29: 
logic__544: 
reg__30: 
logic__765: 
reg__57: 
logic__71: 
case__74: 
logic__288: 
logic__126: 
datapath__34: 
logic__136: 
reg__141: 
reg__109: 
KLDJ_alu: 
logic__424: 
reg__193: 
logic__464: 
case__50: 
case__39: 
reg__85: 
case__122: 
logic__659: 
logic__178: 
reg__132: 
reg__61: 
KLDJ_ifu: 
logic__1033: 
logic__690: 
logic__179: 
logic__1037: 
logic__688: 
logic__866: 
logic__268: 
logic__294: 
logic__1008: 
logic__188: 
logic__980: 
case__42: 
logic__488: 
reg__69: 
counter__1: 
case__19: 
logic__212: 
reg__62: 
logic__384: 
case__160: 
case__184: 
logic__206: 
logic__1009: 
logic__660: 
datapath__43: 
logic__778: 
reg__152: 
case__139: 
case__20: 
logic__374: 
case__196: 
case__81: 
alu_shifter: 
reg__177: 
logic__194: 
logic__390: 
logic__1048: 
logic__159: 
logic__171: 
reg__3: 
KLDJ_regfile: 
logic__578: 
reg__113: 
logic__898: 
logic__1122: 
case__116: 
logic__258: 
datapath__48: 
logic__175: 
logic__1012: 
logic__59: 
logic__120: 
case__187: 
reg__55: 
reg__27: 
datapath__46: 
logic__1111: 
logic__141: 
logic__364: 
logic__203: 
reg__18: 
logic__155: 
datapath__47: 
dram_driver: 
logic__1024: 
case__138: 
logic__734: 
case__135: 
reg__185: 
logic__723: 
logic__39: 
logic__636: 
display_seg: 
KLDJ_exu: 
case__87: 
logic__1011: 
logic__494: 
logic__590: 
logic__218: 
logic__691: 
logic__187: 
reg__135: 
logic__160: 
case__56: 
logic__323: 
datapath__5: 
logic__626: 
alu_slt: 
logic__771: 
logic__668: 
logic__996: 
logic__879: 
logic__474: 
reg__182: 
case__144: 
bpu: 
logic__190: 
logic__110: 
case__149: 
reg__161: 
case__176: 
case__157: 
logic__207: 
logic__52: 
logic__520: 
reg__79: 
logic__549: 
datapath__16: 
logic__157: 
logic__661: 
datapath__6: 
reg__119: 
muxpart__22: 
logic__1000: 
case__84: 
muxpart__3: 
reg__158: 
datapath__2: 
logic__682: 
logic__640: 
case__161: 
logic__918: 
alu_or: 
case__129: 
logic__614: 
logic__719: 
reg__58: 
logic__1073: 
logic__134: 
logic__685: 
logic__33: 
logic__109: 
datapath__32: 
logic__751: 
logic__350: 
case__76: 
logic__930: 
logic__574: 
reg__149: 
reg__7: 
logic__1028: 
case__88: 
datapath__7: 
logic__502: 
datapath__28: 
logic__115: 
logic__200: 
logic__342: 
case__153: 
logic__470: 
reg__22: 
reg__19: 
logic__172: 
reg__34: 
logic__292: 
logic__163: 
logic__43: 
reg__26: 
logic__82: 
reg__155: 
datapath__38: 
logic__582: 
logic__1110: 
case__159: 
case__200: 
case__52: 
logic__880: 
logic__298: 
datapath__9: 
reg__16: 
logic__165: 
logic__1025: 
case__164: 
logic__883: 
logic__620: 
logic__312: 
muxpart__46: 
case__80: 
reg__31: 
logic__122: 
case__131: 
reg__98: 
logic__286: 
logic__340: 
reg__49: 
logic__993: 
logic__624: 
reg__95: 
reg__145: 
datapath__21: 
reg__92: 
case__1: 
datapath__45: 
reg__120: 
case__111: 
logic__89: 
logic__97: 
reg__173: 
logic__558: 
logic__616: 
datapath__36: 
keep__5: 
logic__72: 
case__62: 
logic__715: 
gshare_btb_core: 
logic__135: 
logic__789: 
logic__882: 
logic__992: 
reg__127: 
logic__53: 
datapath__14: 
logic__478: 
case__173: 
logic__344: 
case__70: 
logic__1074: 
case__193: 
reg__163: 
reg__38: 
logic__838: 
reg__80: 
logic__26: 
case__17: 
reg__35: 
logic__994: 
case__134: 
logic__278: 
logic__966: 
logic__784: 
muxpart__42: 
logic__998: 
logic__596: 
muxpart__17: 
logic__1021: 
case__67: 
logic__368: 
case__199: 
case__172: 
case__104: 
logic__321: 
case__155: 
logic__132: 
case__66: 
reg__148: 
datapath__26: 
reg__66: 
case__46: 
reg__9: 
logic__260: 
logic__736: 
logic__332: 
case__48: 
reg__128: 
logic__386: 
case__133: 
logic__450: 
logic__177: 
logic__1137: 
case__53: 
logic__843: 
logic__829: 
logic__1029: 
logic__214: 
reg__89: 
logic__1044: 
logic__955: 
logic__276: 
logic__35: 
datapath__49: 
logic__768: 
logic__956: 
muxpart__18: 
logic__1108: 
case__189: 
case__107: 
reg__143: 
KLDJ_lsu: 
logic__406: 
reg__97: 
twin_controller: 
case__110: 
reg__133: 
case__191: 
case__18: 
reg__21: 
reg__170: 
datapath__50: 
reg__94: 
logic__462: 
logic__586: 
case__183: 
logic__25: 
case__14: 
logic__514: 
logic__652: 
case__126: 
logic__566: 
muxpart__39: 
logic__402: 
logic__356: 
reg__140: 
logic__40: 
logic__416: 
case__25: 
logic__724: 
logic__196: 
logic__308: 
case__180: 
logic__1006: 
logic__98: 
logic__246: 
muxpart__1: 
reg__110: 
datapath__13: 
case__177: 
ctrl_forward_sel: 
logic__204: 
logic__999: 
logic__476: 
case__23: 
logic__154: 
logic__842: 
logic__182: 
logic__376: 
case__181: 
muxpart__20: 
uart: 
reg__151: 
datapath__37: 
logic__554: 
logic__1016: 
logic__334: 
case__194: 
case__27: 
logic__482: 
logic__970: 
logic__454: 
KLDJ_csr: 
reg__126: 
logic__612: 
reg__104: 
logic__222: 
logic__528: 
case__57: 
logic__484: 
reg__111: 
muxpart__35: 
logic__121: 
logic__841: 
logic__270: 
keep__4: 
muxpart__37: 
muxpart__16: 
reg__180: 
logic__530: 
logic__602: 
logic__140: 
case__185: 
logic__981: 
logic__396: 
logic__314: 
logic__678: 
logic__362: 
case__145: 
logic__797: 
case__54: 
case__154: 
logic__238: 
logic__143: 
logic__750: 
logic__592: 
logic__536: 
reg__46: 
case__41: 
case__89: 
perip_bridge: 
case__128: 
case__121: 
reg__2: 
logic__1035: 
case__179: 
reg__122: 
case__11: 
case__103: 
reg__11: 
reg__91: 
case__64: 
logic__526: 
case__123: 
logic__38: 
keep__7: 
logic__759: 
logic__130: 
logic__432: 
logic__835: 
logic__683: 
logic__181: 
logic__166: 
muxpart__23: 
datapath__30: 
student_top: 
logic__124: 
case__175: 
reg__40: 
logic__1132: 
logic__111: 
case__26: 
logic__709: 
case__12: 
muxpart__21: 
reg__64: 
logic__186: 
reg__134: 
logic__226: 
case__195: 
muxpart__14: 
reg__32: 
muxpart__15: 
case__73: 
reg__70: 
reg__47: 
counter__2: 
datapath__17: 
case__163: 
logic__128: 
logic__442: 
logic__158: 
logic__137: 
ex_forward: 
logic__901: 
logic__117: 
counter: 
logic__1003: 
logic__1013: 
keep__9: 
logic__496: 
logic__1136: 
logic__380: 
logic__472: 
case__59: 
logic__195: 
reg__184: 
datapath__24: 
logic__404: 
reg__167: 
muxpart__36: 
ex_bpu_ctrl: 
logic__532: 
case__182: 
case__124: 
logic__199: 
reg__36: 
logic__1107: 
reg__90: 
keep__2: 
logic__1007: 
logic__984: 
logic__564: 
reg__178: 
logic__504: 
logic__242: 
muxpart__41: 
reg__139: 
logic__604: 
logic__127: 
logic__622: 
case__47: 
muxpart__43: 
logic__701: 
case__45: 
KLDJ_idu: 
muxpart__19: 
logic__456: 
reg__74: 
case__125: 
logic__672: 
datapath__22: 
reg__65: 
case__190: 
logic__958: 
case__65: 
logic__1036: 
reg__164: 
reg__25: 
logic__418: 
reg__39: 
logic__164: 
logic__989: 
keep__8: 
logic__941: 
reg__12: 
logic__562: 
logic__1117: 
logic__1065: 
logic__975: 
logic__534: 
logic__480: 
logic__913: 
reg__87: 
logic__193: 
reg__60: 
logic__388: 
logic__262: 
logic__146: 
logic__689: 
case__77: 
reg__82: 
datapath__33: 
case__109: 
logic__129: 
case__158: 
logic__877: 
reg__71: 
logic__642: 
case__140: 
datapath__42: 
datapath__8: 
logic__850: 
logic__336: 
logic__1131: 
reg__146: 
logic__266: 
case__40: 
logic__630: 
case__114: 
logic__684: 
reg__103: 
reg__1: 
logic__197: 
logic__202: 
logic__712: 
reg__162: 
logic__434: 
logic__370: 
case__86: 
logic__205: 
logic__1127: 
reg__166: 
reg__10: 
reg__121: 
logic__889: 
logic__412: 
logic__700: 
logic__650: 
reg__114: 
logic__112: 
logic__210: 
reg__175: 
pipe_ex_mem: 
logic__1135: 
logic__169: 
logic__538: 
reg__29: 
reg__129: 
logic__696: 
logic__232: 
pipe_mem_wb: 
logic__161: 
case__151: 
logic__718: 
reg__172: 
case__201: 
logic__264: 
datapath__29: 
reg__17: 
reg__156: 
reg__53: 
logic__580: 
logic__644: 
logic__1121: 
case__58: 
reg__159: 
logic__923: 
logic__1116: 
logic__133: 
case__146: 
logic__422: 
datapath__3: 
case__142: 
ex_mem_req_ctrl: 
case__105: 
reg__137: 
pipe_id_ex: 
datapath__20: 
case__43: 
logic__410: 
muxpart__13: 
logic__997: 
reg__108: 
logic__752: 
logic__439: 
logic__102: 
logic__524: 
datapath__10: 
logic__290: 
reg__88: 
reg__130: 
reg__23: 
reg__100: 
case__120: 
reg__165: 
logic__338: 
case__28: 
logic__598: 
reg__67: 
logic__346: 
logic__909: 
reg__160: 
case__113: 
logic__144: 
case__192: 
logic__302: 
reg__75: 
reg__189: 
datapath__35: 
logic__452: 
case__136: 
datapath__44: 
logic__490: 
reg__8: 
case__118: 
reg__83: 
logic__170: 
reg__125: 
reg__43: 
case__165: 
case__170: 
logic__468: 
logic__90: 
logic__240: 
case__16: 
logic__610: 
logic__1113: 
logic__594: 
case__49: 
logic__414: 
logic__979: 
logic__254: 
pipe_wb_commit: 
logic__220: 
logic__508: 
reg__136: 
div_ip_wrapper: 
logic__394: 
reg__153: 
logic__646: 
reg__96: 
logic__717: 
logic__881: 
logic__1069: 
logic__552: 
logic__588: 
logic__600: 
logic__632: 
logic__300: 
case__178: 
reg__20: 
reg__169: 
case__150: 
logic__125: 
reg__192: 
logic__398: 
logic__79: 
logic__228: 
logic__1112: 
muxpart__34: 
datapath: 
case__78: 
logic__460: 
reg__24: 
logic__244: 
reg__117: 
logic__486: 
mem_stage_top: 
logic__991: 
reg__14: 
reg__37: 
muxpart__40: 
case__156: 
logic__151: 
logic__560: 
reg__131: 
logic__152: 
logic: 
datapath__1: 
case__68: 
reg__112: 
logic__198: 
reg__63: 
datapath__52: 
logic__648: 
reg__101: 
muxpart__45: 
case__83: 
case__143: 
datapath__4: 
logic__1118: 
case__127: 
logic__790: 
logic__366: 
reg__42: 
reg__13: 
counter__3: 
logic__1128: 
logic__156: 
case__35: 
reg__183: 
reg__93: 
datapath__39: 
logic__638: 
logic__1057: 
logic__556: 
logic__306: 
logic__608: 
case__21: 
reg__191: 
keep__6: 
case__141: 
case__197: 
reg__171: 
datapath__40: 
case__38: 
logic__162: 
keep__3: 
logic__832: 
logic__282: 
reg__81: 
logic__859: 
logic__774: 
case__166: 
reg__84: 
case__198: 
logic__572: 
logic__352: 
keep__1: 
logic__420: 
logic__747: 
logic__83: 
reg__144: 
reg__168: 
logic__926: 
case__112: 
logic__796: 
case__32: 
logic__1018: 
KLDJ_wbu: 
case__15: 
logic__116: 
reg__142: 
logic__274: 
logic__185: 
logic__1109: 
keep: 
case__33: 
reg__15: 
logic__330: 
logic__211: 
reg__52: 
logic__692: 
logic__1002: 
reg__54: 
case__71: 
logic__147: 
logic__540: 
logic__1123: 
logic__760: 
datapath__31: 
logic__664: 
reg__99: 
case__69: 
logic__867: 
logic__150: 
logic__584: 
case__188: 
reg__33: 
logic__236: 
logic__66: 
logic__1017: 
logic__123: 
reg__73: 
top: 
logic__42: 
logic__500: 
datapath__18: 
case__167: 
logic__618: 
case: 
logic__1004: 
logic__518: 
logic__167: 
logic__781: 
logic__687: 
logic__153: 
case__137: 
reg__105: 
datapath__53: 
logic__252: 
logic__208: 
reg__176: 
logic__990: 
logic__786: 
reg__179: 
logic__1010: 
logic__942: 
logic__679: 
reg__115: 
logic__733: 
logic__106: 
logic__360: 
logic__428: 
logic__735: 
case__37: 
logic__138: 
case__34: 
logic__458: 
logic__248: 
case__24: 
logic__512: 
logic__1019: 
logic__131: 
logic__892: 
logic__372: 
case__30: 
datapath__12: 
counter__4: 
logic__382: 
logic__348: 
case__152: 
reg__59: 
logic__105: 
logic__284: 
logic__1015: 
logic__785: 
logic__862: 
logic__576: 
logic__634: 
datapath__25: 
logic__871: 
datapath__27: 
logic__316: 
logic__176: 
logic__354: 
logic__230: 
reg__190: 
logic__686: 
reg__187: 
logic__1066: 
logic__322: 
datapath__19: 
reg__186: 
logic__1005: 
reg__45: 
reg__138: 
logic__1034: 
case__171: 
logic__256: 
logic__919: 
reg__77: 
logic__440: 
logic__570: 
reg__188: 
case__174: 
logic__542: 
alu_xor: 
datapath__15: 
logic__234: 
logic__430: 
logic__937: 
case__36: 
datapath__11: 
logic__628: 
logic__949: 
reg__51: 
logic__224: 
logic__988: 
logic__408: 
logic__727: 
reg__78: 
reg__56: 
logic__950: 
reg__72: 
logic__184: 
alu_and: 
reg__44: 
reg__68: 
logic__87: 
case__186: 
muxpart__2: 
logic__400: 
logic__895: 
logic__506: 
logic__46: 
logic__209: 
case__147: 
case__168: 
datapath__41: 
case__132: 
logic__874: 
case__61: 
logic__878: 
reg__102: 
case__108: 
logic__392: 
case__51: 
logic__1020: 
logic__987: 
logic__139: 
logic__1030: 
logic__995: 
reg__41: 
reg__150: 
logic__296: 
logic__101: 
reg__4: 
muxpart: 
logic__69: 
logic__358: 
reg__48: 
logic__180: 
logic__5: 
case__63: 
logic__1040: 
logic__446: 
logic__183: 
reg__28: 
logic__448: 
reg__174: 
logic__922: 
logic__737: 
logic__272: 
logic__145: 
case__106: 
case__31: 
logic__522: 
logic__168: 
logic__606: 
KLDJ_top: 
logic__905: 
logic__466: 
logic__304: 
logic__800: 
logic__426: 
logic__492: 
