#-----------------------------------------------------------
# Vivado v2023.2 (64-bit)
# SW Build 4029153 on Fri Oct 13 20:14:34 MDT 2023
# IP Build 4028589 on Sat Oct 14 00:45:43 MDT 2023
# SharedData Build 4025554 on Tue Oct 10 17:18:54 MDT 2023
# Start of session at: Tue May 13 13:22:32 2025
# Process ID: 18644
# Current directory: D:/fpga/JYD2025/JYD2025_Contest-rv32i
# Command line: vivado.exe -gui_launcher_event rodinguilauncherevent21392 D:\fpga\JYD2025\JYD2025_Contest-rv32i\digital_twin.xpr
# Log file: D:/fpga/JYD2025/JYD2025_Contest-rv32i/vivado.log
# Journal file: D:/fpga/JYD2025/JYD2025_Contest-rv32i\vivado.jou
# Running On: LAPTOP-TNKPRGBT, OS: Windows, CPU Frequency: 3110 MHz, CPU Physical cores: 4, Host memory: 16952 MB
#-----------------------------------------------------------
start_guioopen_project D:/fpga/JYD2025/JYD2025_Contest-rv32i/digital_twin.xpr
WARNING: [Board 49-26] cannot add Board Part xilinx.com:vek280_es:part0:1.0 available at D:/Vivado/2023.2/data/xhub/boards/XilinxBoardStore/boards/Xilinx/vek280/es/rev_a/1.0/board.xml as part xcve2802-vsvh1760-2lp-e-s-es1 specified in board_part file is either invalid or not available
WARNING: [Board 49-26] cannot add Board Part xilinx.com:vek280_es:part0:1.1 available at D:/Vivado/2023.2/data/xhub/boards/XilinxBoardStore/boards/Xilinx/vek280/es/rev_a/1.1/board.xml as part xcve2802-vsvh1760-2lp-e-s-es1 specified in board_part file is either invalid or not available
WARNING: [Board 49-26] cannot add Board Part xilinx.com:vek280_es_revb:part0:1.0 available at D:/Vivado/2023.2/data/xhub/boards/XilinxBoardStore/boards/Xilinx/vek280/es/rev_b/1.0/board.xml as part xcve2802-vsvh1760-2mp-e-s-es1 specified in board_part file is either invalid or not available
WARNING: [Board 49-26] cannot add Board Part xilinx.com:vek280_es_revb:part0:1.1 available at D:/Vivado/2023.2/data/xhub/boards/XilinxBoardStore/boards/Xilinx/vek280/es/rev_b/1.1/board.xml as part xcve2802-vsvh1760-2mp-e-s-es1 specified in board_part file is either invalid or not available
WARNING: [Board 49-26] cannot add Board Part xilinx.com:vhk158_es:part0:1.0 available at D:/Vivado/2023.2/data/xhub/boards/XilinxBoardStore/boards/Xilinx/vhk158/es/1.0/board.xml as part xcvh1582-vsva3697-2mp-e-s-es1 specified in board_part file is either invalid or not available
WARNING: [Board 49-26] cannot add Board Part xilinx.com:vhk158_es:part0:1.1 available at D:/Vivado/2023.2/data/xhub/boards/XilinxBoardStore/boards/Xilinx/vhk158/es/1.1/board.xml as part xcvh1582-vsva3697-2mp-e-s-es1 specified in board_part file is either invalid or not available
WARNING: [Board 49-26] cannot add Board Part xilinx.com:zcu208ld:part0:2.0 available at D:/Vivado/2023.2/data/xhub/boards/XilinxBoardStore/boards/Xilinx/zcu208ld/production/2.0/board.xml as part xczu58dr-fsvg1517-2-i specified in board_part file is either invalid or not available
WARNING: [Board 49-26] cannot add Board Part xilinx.com:zcu216ld:part0:2.0 available at D:/Vivado/2023.2/data/xhub/boards/XilinxBoardStore/boards/Xilinx/zcu216ld/production/2.0/board.xml as part xczu59dr-ffvf1760-2-i specified in board_part file is either invalid or not available
WARNING: [Board 49-26] cannot add Board Part xilinx.com:zcu670:part0:2.0 available at D:/Vivado/2023.2/data/xhub/boards/XilinxBoardStore/boards/Xilinx/zcu670/2.0/board.xml as part xczu67dr-fsve1156-2-i specified in board_part file is either invalid or not available
WARNING: [Board 49-26] cannot add Board Part xilinx.com:zcu670ld:part0:1.0 available at D:/Vivado/2023.2/data/xhub/boards/XilinxBoardStore/boards/Xilinx/zcu670ld/1.0/board.xml as part xczu57dr-fsve1156-2-i specified in board_part file is either invalid or not available
CRITICAL WARNING: [Project 1-19] Could not find the file 'c:/Users/KTD/Desktop/irom.coe'.
CRITICAL WARNING: [Project 1-19] Could not find the file 'c:/Users/KTD/Desktop/dram.coe'.
Scanning sources...
Finished scanning sources
INFO: [IP_Flow 19-234] Refreshing IP repositories
INFO: [IP_Flow 19-1704] No user IP repositories specified
INFO: [IP_Flow 19-2313] Loaded Vivado IP repository 'D:/Vivado/2023.2/data/ip'.
open_project: Time (s): cpu = 00:01:47 ; elapsed = 00:01:04 . Memory (MB): peak = 1569.707 ; gain = 406.812
update_compile_order -fileset sources_1
set_property CONFIG.coefficient_file {D:/fpga/JYD2025/resource/coe/irom.coe} [get_ips IROM]
INFO: [IP_Flow 19-3484] Absolute path of file 'd:/fpga/JYD2025/resource/coe/irom.coe' provided. It will be converted relative to IP Instance files '../../../../../resource/coe/irom.coe'
generate_target all [get_files  D:/fpga/JYD2025/JYD2025_Contest-rv32i/digital_twin.srcs/sources_1/ip/IROM/IROM.xci]
INFO: [IP_Flow 19-1686] Generating 'Instantiation Template' target for IP 'IROM'...
INFO: [IP_Flow 19-1686] Generating 'Synthesis' target for IP 'IROM'...
INFO: [IP_Flow 19-1686] Generating 'Simulation' target for IP 'IROM'...
INFO: [IP_Flow 19-1686] Generating 'Change Log' target for IP 'IROM'...
catch { config_ip_cache -export [get_ips -all IROM] }
INFO: [IP_Flow 19-6924] IPCACHE: Running cache check for IP inst: IROM
export_ip_user_files -of_objects [get_files D:/fpga/JYD2025/JYD2025_Contest-rv32i/digital_twin.srcs/sources_1/ip/IROM/IROM.xci] -no_script -sync -force -quiet
reset_run IROM_synth_1
launch_runs IROM_synth_1 -jobs 8
INFO: [IP_Flow 19-6924] IPCACHE: Running cache check for IP inst: IROM
[Tue May 13 13:25:41 2025] Launched IROM_synth_1...
Run output will be captured here: D:/fpga/JYD2025/JYD2025_Contest-rv32i/digital_twin.runs/IROM_synth_1/runme.log
export_simulation -of_objects [get_files D:/fpga/JYD2025/JYD2025_Contest-rv32i/digital_twin.srcs/sources_1/ip/IROM/IROM.xci] -directory D:/fpga/JYD2025/JYD2025_Contest-rv32i/digital_twin.ip_user_files/sim_scripts -ip_user_files_dir D:/fpga/JYD2025/JYD2025_Contest-rv32i/digital_twin.ip_user_files -ipstatic_source_dir D:/fpga/JYD2025/JYD2025_Contest-rv32i/digital_twin.ip_user_files/ipstatic -lib_map_path [list {modelsim=D:/fpga/JYD2025/JYD2025_Contest-rv32i/digital_twin.cache/compile_simlib/modelsim} {questa=D:/fpga/JYD2025/JYD2025_Contest-rv32i/digital_twin.cache/compile_simlib/questa} {riviera=D:/fpga/JYD2025/JYD2025_Contest-rv32i/digital_twin.cache/compile_simlib/riviera} {activehdl=D:/fpga/JYD2025/JYD2025_Contest-rv32i/digital_twin.cache/compile_simlib/activehdl}] -use_ip_compiled_libs -force -quiet
set_property CONFIG.coefficient_file {D:/fpga/JYD2025/resource/coe/dram.coe} [get_ips DRAM]
INFO: [IP_Flow 19-3484] Absolute path of file 'd:/fpga/JYD2025/resource/coe/dram.coe' provided. It will be converted relative to IP Instance files '../../../../../resource/coe/dram.coe'
generate_target all [get_files  D:/fpga/JYD2025/JYD2025_Contest-rv32i/digital_twin.srcs/sources_1/ip/DRAM/DRAM.xci]
INFO: [IP_Flow 19-1686] Generating 'Instantiation Template' target for IP 'DRAM'...
INFO: [IP_Flow 19-1686] Generating 'Synthesis' target for IP 'DRAM'...
INFO: [IP_Flow 19-1686] Generating 'Simulation' target for IP 'DRAM'...
INFO: [IP_Flow 19-1686] Generating 'Change Log' target for IP 'DRAM'...
catch { config_ip_cache -export [get_ips -all DRAM] }
INFO: [IP_Flow 19-6924] IPCACHE: Running cache check for IP inst: DRAM
export_ip_user_files -of_objects [get_files D:/fpga/JYD2025/JYD2025_Contest-rv32i/digital_twin.srcs/sources_1/ip/DRAM/DRAM.xci] -no_script -sync -force -quiet
reset_run DRAM_synth_1
WARNING: [Vivado 12-1017] Problems encountered:
1. Failed to delete one or more files in run directory D:/fpga/JYD2025/JYD2025_Contest-rv32i/digital_twin.runs/DRAM_synth_1

launch_runs DRAM_synth_1 -jobs 8
INFO: [IP_Flow 19-6924] IPCACHE: Running cache check for IP inst: DRAM
[Tue May 13 13:26:10 2025] Launched DRAM_synth_1...
Run output will be captured here: D:/fpga/JYD2025/JYD2025_Contest-rv32i/digital_twin.runs/DRAM_synth_1/runme.log
export_simulation -of_objects [get_files D:/fpga/JYD2025/JYD2025_Contest-rv32i/digital_twin.srcs/sources_1/ip/DRAM/DRAM.xci] -directory D:/fpga/JYD2025/JYD2025_Contest-rv32i/digital_twin.ip_user_files/sim_scripts -ip_user_files_dir D:/fpga/JYD2025/JYD2025_Contest-rv32i/digital_twin.ip_user_files -ipstatic_source_dir D:/fpga/JYD2025/JYD2025_Contest-rv32i/digital_twin.ip_user_files/ipstatic -lib_map_path [list {modelsim=D:/fpga/JYD2025/JYD2025_Contest-rv32i/digital_twin.cache/compile_simlib/modelsim} {questa=D:/fpga/JYD2025/JYD2025_Contest-rv32i/digital_twin.cache/compile_simlib/questa} {riviera=D:/fpga/JYD2025/JYD2025_Contest-rv32i/digital_twin.cache/compile_simlib/riviera} {activehdl=D:/fpga/JYD2025/JYD2025_Contest-rv32i/digital_twin.cache/compile_simlib/activehdl}] -use_ip_compiled_libs -force -quiet
import_files
INFO: [filemgmt 20-334] All file(s) are already imported in fileset: 'DRAM'
INFO: [filemgmt 20-348] Importing the appropriate files for fileset: 'DRAM'
INFO: [filemgmt 20-334] All file(s) are already imported in fileset: 'IROM'
INFO: [filemgmt 20-348] Importing the appropriate files for fileset: 'IROM'
INFO: [filemgmt 20-334] All file(s) are already imported in fileset: 'constrs_1'
INFO: [filemgmt 20-348] Importing the appropriate files for fileset: 'constrs_1'
INFO: [filemgmt 20-334] All file(s) are already imported in fileset: 'sim_1'
INFO: [filemgmt 20-348] Importing the appropriate files for fileset: 'sim_1'
INFO: [filemgmt 20-348] Importing the appropriate files for fileset: 'sources_1'
WARNING: [filemgmt 20-342] File / dir doesn't exist, skipping: c:/Users/KTD/Desktop/irom.coe
WARNING: [filemgmt 20-342] File / dir doesn't exist, skipping: c:/Users/KTD/Desktop/dram.coe
INFO: [filemgmt 20-334] All file(s) are already imported in fileset: 'utils_1'
INFO: [filemgmt 20-348] Importing the appropriate files for fileset: 'utils_1'
open_hw_manager
connect_hw_server -url 192.168.3.8:3128 -allow_non_jtag
INFO: [Labtools 27-2285] Connecting to hw_server url TCP:192.168.3.8:3128
INFO: [Labtools 27-3415] Connecting to cs_server url TCP:localhost:0
INFO: [Labtools 27-3417] Launching cs_server...
INFO: [Labtools 27-2221] Launch Output:


******** Xilinx cs_server v2023.2.0
  ****** Build date   : Oct 10 2023-12:01:56
    **** Build number : 2023.2.1696910516
      ** Copyright 2017-2022 Xilinx, Inc. All Rights Reserved.
      ** Copyright 2022-2025 Advanced Micro Devices, Inc. All Rights Reserved.



connect_hw_server: Time (s): cpu = 00:00:04 ; elapsed = 00:00:53 . Memory (MB): peak = 1637.359 ; gain = 9.832
current_hw_target [get_hw_targets */xilinx_tcf/Digilent/C306B63EABCD]
set_property PARAM.FREQUENCY 15000000 [get_hw_targets */xilinx_tcf/Digilent/C306B63EABCD]
open_hw_target
INFO: [Labtoolstcl 44-466] Opening hw_target 192.168.3.8:3128/xilinx_tcf/Digilent/C306B63EABCD
set_property PROGRAM.FILE {D:/fpga/JYD2025/JYD2025_Contest-rv32i/digital_twin.runs/impl_1/top.bit} [get_hw_devices xc7k325t_0]
current_hw_device [get_hw_devices xc7k325t_0]
refresh_hw_device -update_hw_probes false [lindex [get_hw_devices xc7k325t_0] 0]
INFO: [Labtools 27-1434] Device xc7k325t (JTAG device index = 0) is programmed with a design that has no supported debug core(s) in it.
set_property PROBES.FILE {} [get_hw_devices xc7k325t_0]
set_property FULL_PROBES.FILE {} [get_hw_devices xc7k325t_0]
set_property PROGRAM.FILE {D:/fpga/JYD2025/JYD2025_Contest-rv32i/digital_twin.runs/impl_1/top.bit} [get_hw_devices xc7k325t_0]
program_hw_devices [get_hw_devices xc7k325t_0]
INFO: [Labtools 27-3164] End of startup status: HIGH
program_hw_devices: Time (s): cpu = 00:01:07 ; elapsed = 00:01:02 . Memory (MB): peak = 1710.758 ; gain = 17.543
refresh_hw_device [lindex [get_hw_devices xc7k325t_0] 0]
INFO: [Labtools 27-1434] Device xc7k325t (JTAG device index = 0) is programmed with a design that has no supported debug core(s) in it.
set_property PROBES.FILE {} [get_hw_devices xc7k325t_0]
set_property FULL_PROBES.FILE {} [get_hw_devices xc7k325t_0]
set_property PROGRAM.FILE {D:/fpga/JYD2025/JYD2025_Contest-rv32i/digital_twin.runs/impl_1/top.bit} [get_hw_devices xc7k325t_0]
program_hw_devices [get_hw_devices xc7k325t_0]
INFO: [Labtools 27-3164] End of startup status: HIGH
program_hw_devices: Time (s): cpu = 00:01:00 ; elapsed = 00:00:56 . Memory (MB): peak = 1714.055 ; gain = 3.297
refresh_hw_device [lindex [get_hw_devices xc7k325t_0] 0]
INFO: [Labtools 27-1434] Device xc7k325t (JTAG device index = 0) is programmed with a design that has no supported debug core(s) in it.
disconnect_hw_server 192.168.3.8:3128
INFO: [Labtools 27-2285] Connecting to hw_server url TCP:192.168.3.8:3122
INFO: [Labtools 27-3415] Connecting to cs_server url TCP:localhost:0
INFO: [Labtools 27-3417] Launching cs_server...
INFO: [Labtools 27-2221] Launch Output:


******** Xilinx cs_server v2023.2.0
  ****** Build date   : Oct 10 2023-12:01:56
    **** Build number : 2023.2.1696910516
      ** Copyright 2017-2022 Xilinx, Inc. All Rights Reserved.
      ** Copyright 2022-2025 Advanced Micro Devices, Inc. All Rights Reserved.



connect_hw_server: Time (s): cpu = 00:00:01 ; elapsed = 00:00:07 . Memory (MB): peak = 1714.055 ; gain = 0.000
connect_hw_server -url 192.168.3.8:3122 -allow_non_jtag
INFO: [Labtools 27-2285] Connecting to hw_server url TCP:192.168.3.8:3122
INFO: [Labtools 27-3415] Connecting to cs_server url TCP:localhost:0
INFO: [Labtools 27-3417] Launching cs_server...
INFO: [Labtools 27-2221] Launch Output:


******** Xilinx cs_server v2023.2.0
  ****** Build date   : Oct 10 2023-12:01:56
    **** Build number : 2023.2.1696910516
      ** Copyright 2017-2022 Xilinx, Inc. All Rights Reserved.
      ** Copyright 2022-2025 Advanced Micro Devices, Inc. All Rights Reserved.



connect_hw_server: Time (s): cpu = 00:00:01 ; elapsed = 00:00:16 . Memory (MB): peak = 1714.055 ; gain = 0.000
current_hw_target [get_hw_targets */xilinx_tcf/Digilent/C306A4BBABCD]
set_property PARAM.FREQUENCY 15000000 [get_hw_targets */xilinx_tcf/Digilent/C306A4BBABCD]
open_hw_target
INFO: [Labtoolstcl 44-466] Opening hw_target 192.168.3.8:3122/xilinx_tcf/Digilent/C306A4BBABCD
set_property PROGRAM.FILE {D:/fpga/JYD2025/JYD2025_Contest-rv32i/digital_twin.runs/impl_1/top.bit} [get_hw_devices xc7k325t_0]
current_hw_device [get_hw_devices xc7k325t_0]
refresh_hw_device -update_hw_probes false [lindex [get_hw_devices xc7k325t_0] 0]
INFO: [Labtools 27-1434] Device xc7k325t (JTAG device index = 0) is programmed with a design that has no supported debug core(s) in it.
set_property PROBES.FILE {} [get_hw_devices xc7k325t_0]
set_property FULL_PROBES.FILE {} [get_hw_devices xc7k325t_0]
set_property PROGRAM.FILE {D:/fpga/JYD2025/JYD2025_Contest-rv32i/digital_twin.runs/impl_1/top.bit} [get_hw_devices xc7k325t_0]
program_hw_devices [get_hw_devices xc7k325t_0]
INFO: [Labtools 27-3164] End of startup status: HIGH
program_hw_devices: Time (s): cpu = 00:01:10 ; elapsed = 00:01:10 . Memory (MB): peak = 1714.719 ; gain = 0.664
refresh_hw_device [lindex [get_hw_devices xc7k325t_0] 0]
INFO: [Labtools 27-1434] Device xc7k325t (JTAG device index = 0) is programmed with a design that has no supported debug core(s) in it.
exit
INFO: [Common 17-206] Exiting Vivado at Tue May 13 13:36:59 2025...
