Copyright 1986-2022 Xilinx, Inc. All Rights Reserved. Copyright 2022-2023 Advanced Micro Devices, Inc. All Rights Reserved.
------------------------------------------------------------------------------------------------------------------------------------------------------------------------------------------------------------------------
| Tool Version : Vivado v.2023.2 (win64) Build 4029153 Fri Oct 13 20:14:34 MDT 2023
| Date         : Sun Jul 12 17:17:03 2026
| Host         : DESKTOP-MO7L2KR running 64-bit major release  (build 9200)
| Command      : report_high_fanout_nets -timing -load_types -max_nets 100 -file D:/Desktop/JYD/Source_code/BPU_FixTiming3/jyd/pipilined5/Timing_info/fixtiming3/150mhz/20260712_171624_baseline_150mhz/high_fanout.rpt
| Design       : top
| Device       : xc7k325t
------------------------------------------------------------------------------------------------------------------------------------------------------------------------------------------------------------------------

High Fan-out Nets Information

1. Fanout Summary
-----------------

+--------------------------------------------------------+--------+-------------+-----------------+-----------------+-----------------------------+-----------------------------+-----------------------------+-----------------------------+
|                                                        |        |             |                 |                 |         Clock Enable        |          Set/Reset          |         Data & Other        |            Clock            |
+--------------------------------------------------------+--------+-------------+-----------------+-----------------+-------+----+----------------+-------+----+----------------+-------+----+----------------+-------+----+----------------+
| Net Name                                               | Fanout | Driver Type | Worst Slack(ns) | Worst Delay(ns) | Slice | IO | BRAM/DSP/OTHER | Slice | IO | BRAM/DSP/OTHER | Slice | IO | BRAM/DSP/OTHER | Slice | IO | BRAM/DSP/OTHER |
+--------------------------------------------------------+--------+-------------+-----------------+-----------------+-------+----+----------------+-------+----+----------------+-------+----+----------------+-------+----+----------------+
| student_top_inst/u_KLDJ_top/ex_mem_mem_addr[6]         |  14068 | FDRE        |           0.228 |           2.404 |     0 |  0 |              0 |     0 |  0 |              0 | 14068 |  0 |              0 |     0 |  0 |              0 |
| student_top_inst/u_KLDJ_top/ex_mem_mem_addr[3]         |   9967 | FDRE        |           0.188 |           2.756 |     0 |  0 |              0 |     0 |  0 |              0 |  9967 |  0 |              0 |     0 |  0 |              0 |
| student_top_inst/u_KLDJ_top/ex_mem_mem_addr[8]_repN_5  |   5742 | FDRE        |           0.255 |           2.373 |     0 |  0 |              0 |     0 |  0 |              0 |  5742 |  0 |              0 |     0 |  0 |              0 |
| student_top_inst/u_KLDJ_top/ex_mem_mem_addr[8]_repN_6  |   5322 | FDRE        |           0.315 |           1.770 |     0 |  0 |              0 |     0 |  0 |              0 |  5322 |  0 |              0 |     0 |  0 |              0 |
| student_top_inst/u_KLDJ_top/ex_mem_mem_addr[8]_repN_10 |   4452 | FDRE        |           0.480 |           1.789 |     0 |  0 |              0 |     0 |  0 |              0 |  4452 |  0 |              0 |     0 |  0 |              0 |
| student_top_inst/u_KLDJ_top/we                         |   4251 | LUT2        |           0.425 |           3.759 |     0 |  0 |              0 |     0 |  0 |              0 |  4251 |  0 |              0 |     0 |  0 |              0 |
| student_top_inst/u_KLDJ_top/ex_mem_mem_addr[8]_repN_9  |   4134 | FDRE        |           0.893 |           1.723 |     0 |  0 |              0 |     0 |  0 |              0 |  4134 |  0 |              0 |     0 |  0 |              0 |
| student_top_inst/u_KLDJ_top/ex_mem_mem_addr[8]_repN_3  |   3973 | FDRE        |           0.747 |           1.522 |     0 |  0 |              0 |     0 |  0 |              0 |  3973 |  0 |              0 |     0 |  0 |              0 |
| student_top_inst/u_KLDJ_top/ex_mem_mem_addr[8]_repN_7  |   3924 | FDRE        |           0.753 |           1.909 |     0 |  0 |              0 |     0 |  0 |              0 |  3924 |  0 |              0 |     0 |  0 |              0 |
| student_top_inst/u_KLDJ_top/ex_mem_mem_addr[8]_repN_8  |   3888 | FDRE        |           0.429 |           1.917 |     0 |  0 |              0 |     0 |  0 |              0 |  3888 |  0 |              0 |     0 |  0 |              0 |
| student_top_inst/u_KLDJ_top/ex_mem_mem_addr[8]_repN_1  |   3780 | FDRE        |           0.649 |           1.991 |     0 |  0 |              0 |     0 |  0 |              0 |  3780 |  0 |              0 |     0 |  0 |              0 |
| student_top_inst/u_KLDJ_top/ex_mem_mem_addr[9]_repN_12 |   3710 | FDRE        |           0.555 |           1.544 |     0 |  0 |              0 |     0 |  0 |              0 |  3710 |  0 |              0 |     0 |  0 |              0 |
| student_top_inst/u_KLDJ_top/ex_mem_mem_addr[8]_repN_2  |   3678 | FDRE        |           0.717 |           1.669 |     0 |  0 |              0 |     0 |  0 |              0 |  3678 |  0 |              0 |     0 |  0 |              0 |
| student_top_inst/u_KLDJ_top/ex_mem_mem_addr[8]_repN_4  |   3606 | FDRE        |           0.498 |           1.562 |     0 |  0 |              0 |     0 |  0 |              0 |  3606 |  0 |              0 |     0 |  0 |              0 |
| student_top_inst/u_KLDJ_top/ex_mem_mem_addr[9]_repN_9  |   3445 | FDRE        |           0.884 |           1.742 |     0 |  0 |              0 |     0 |  0 |              0 |  3445 |  0 |              0 |     0 |  0 |              0 |
| student_top_inst/u_KLDJ_top/ex_mem_mem_addr[8]_repN_11 |   3348 | FDRE        |           0.866 |           1.830 |     0 |  0 |              0 |     0 |  0 |              0 |  3348 |  0 |              0 |     0 |  0 |              0 |
| student_top_inst/u_KLDJ_top/ex_mem_mem_addr[9]_repN_10 |   3311 | FDRE        |           0.746 |           1.925 |     0 |  0 |              0 |     0 |  0 |              0 |  3311 |  0 |              0 |     0 |  0 |              0 |
| student_top_inst/u_KLDJ_top/ex_mem_mem_addr[8]_repN    |   3295 | FDRE        |           0.351 |           1.842 |     0 |  0 |              0 |     0 |  0 |              0 |  3295 |  0 |              0 |     0 |  0 |              0 |
| student_top_inst/u_KLDJ_top/ex_mem_mem_addr[9]_repN_7  |   3270 | FDRE        |           0.800 |           1.737 |     0 |  0 |              0 |     0 |  0 |              0 |  3270 |  0 |              0 |     0 |  0 |              0 |
| student_top_inst/u_KLDJ_top/ex_mem_mem_addr[9]_repN_6  |   3240 | FDRE        |           0.515 |           1.641 |     0 |  0 |              0 |     0 |  0 |              0 |  3240 |  0 |              0 |     0 |  0 |              0 |
| student_top_inst/u_KLDJ_top/ex_mem_mem_addr[9]_repN_1  |   3150 | FDRE        |           0.464 |           2.056 |     0 |  0 |              0 |     0 |  0 |              0 |  3150 |  0 |              0 |     0 |  0 |              0 |
| student_top_inst/u_KLDJ_top/ex_mem_mem_addr[9]_repN_2  |   3065 | FDRE        |           0.751 |           1.546 |     0 |  0 |              0 |     0 |  0 |              0 |  3065 |  0 |              0 |     0 |  0 |              0 |
| student_top_inst/u_KLDJ_top/ex_mem_mem_addr[9]_repN_4  |   3005 | FDRE        |           0.437 |           1.593 |     0 |  0 |              0 |     0 |  0 |              0 |  3005 |  0 |              0 |     0 |  0 |              0 |
| student_top_inst/u_KLDJ_top/ex_mem_mem_addr[14]        |   2878 | FDRE        |           0.715 |           5.434 |     0 |  0 |              0 |     0 |  0 |              0 |  2878 |  0 |              0 |     0 |  0 |              0 |
| student_top_inst/u_KLDJ_top/ex_mem_mem_addr[9]_repN_11 |   2795 | FDRE        |           0.555 |           1.825 |     0 |  0 |              0 |     0 |  0 |              0 |  2795 |  0 |              0 |     0 |  0 |              0 |
| student_top_inst/u_KLDJ_top/ex_mem_mem_addr[9]_repN_13 |   2790 | FDRE        |           0.668 |           2.099 |     0 |  0 |              0 |     0 |  0 |              0 |  2790 |  0 |              0 |     0 |  0 |              0 |
| student_top_inst/u_KLDJ_top/ex_mem_mem_addr[9]_repN    |   2746 | FDRE        |           0.315 |           1.808 |     0 |  0 |              0 |     0 |  0 |              0 |  2746 |  0 |              0 |     0 |  0 |              0 |
| student_top_inst/u_KLDJ_top/ex_mem_mem_addr[9]_repN_8  |   2640 | FDRE        |           0.449 |           1.888 |     0 |  0 |              0 |     0 |  0 |              0 |  2640 |  0 |              0 |     0 |  0 |              0 |
| student_top_inst/u_KLDJ_top/ex_mem_mem_addr[2]_repN_4  |   2616 | FDRE        |           0.394 |           2.177 |     0 |  0 |              0 |     0 |  0 |              0 |  2616 |  0 |              0 |     0 |  0 |              0 |
| student_top_inst/u_KLDJ_top/ex_mem_mem_addr[4]_repN_8  |   2616 | FDRE        |           0.426 |           2.229 |     0 |  0 |              0 |     0 |  0 |              0 |  2616 |  0 |              0 |     0 |  0 |              0 |
| student_top_inst/u_KLDJ_top/ex_mem_mem_addr[5]_repN_9  |   2616 | FDRE        |           0.492 |           1.911 |     0 |  0 |              0 |     0 |  0 |              0 |  2616 |  0 |              0 |     0 |  0 |              0 |
| student_top_inst/u_KLDJ_top/ex_mem_mem_addr[6]_repN_6  |   2616 | FDRE        |           0.430 |           2.099 |     0 |  0 |              0 |     0 |  0 |              0 |  2616 |  0 |              0 |     0 |  0 |              0 |
| student_top_inst/u_KLDJ_top/ex_mem_mem_addr[7]_repN_6  |   2616 | FDRE        |           0.931 |           1.720 |     0 |  0 |              0 |     0 |  0 |              0 |  2616 |  0 |              0 |     0 |  0 |              0 |
| student_top_inst/u_KLDJ_top/ex_mem_mem_addr[2]_repN_7  |   2592 | FDRE        |           0.238 |           2.140 |     0 |  0 |              0 |     0 |  0 |              0 |  2592 |  0 |              0 |     0 |  0 |              0 |
| student_top_inst/u_KLDJ_top/ex_mem_mem_addr[4]_repN_7  |   2592 | FDRE        |           0.319 |           1.820 |     0 |  0 |              0 |     0 |  0 |              0 |  2592 |  0 |              0 |     0 |  0 |              0 |
| student_top_inst/u_KLDJ_top/ex_mem_mem_addr[5]_repN_5  |   2592 | FDRE        |           0.342 |           1.749 |     0 |  0 |              0 |     0 |  0 |              0 |  2592 |  0 |              0 |     0 |  0 |              0 |
| student_top_inst/u_KLDJ_top/ex_mem_mem_addr[7]_repN_8  |   2592 | FDRE        |           0.419 |           1.947 |     0 |  0 |              0 |     0 |  0 |              0 |  2592 |  0 |              0 |     0 |  0 |              0 |
| student_top_inst/u_KLDJ_top/ex_mem_mem_addr[2]_repN_3  |   2520 | FDRE        |           0.429 |           2.310 |     0 |  0 |              0 |     0 |  0 |              0 |  2520 |  0 |              0 |     0 |  0 |              0 |
| student_top_inst/u_KLDJ_top/ex_mem_mem_addr[4]_repN_2  |   2520 | FDRE        |           0.448 |           2.183 |     0 |  0 |              0 |     0 |  0 |              0 |  2520 |  0 |              0 |     0 |  0 |              0 |
| student_top_inst/u_KLDJ_top/ex_mem_mem_addr[5]_repN    |   2520 | FDRE        |           0.442 |           1.856 |     0 |  0 |              0 |     0 |  0 |              0 |  2520 |  0 |              0 |     0 |  0 |              0 |
| student_top_inst/u_KLDJ_top/ex_mem_mem_addr[6]_repN_3  |   2520 | FDRE        |           0.462 |           2.052 |     0 |  0 |              0 |     0 |  0 |              0 |  2520 |  0 |              0 |     0 |  0 |              0 |
| student_top_inst/u_KLDJ_top/ex_mem_mem_addr[7]_repN    |   2520 | FDRE        |           0.656 |           2.121 |     0 |  0 |              0 |     0 |  0 |              0 |  2520 |  0 |              0 |     0 |  0 |              0 |
| student_top_inst/u_KLDJ_top/ex_mem_mem_addr[2]_repN    |   2452 | FDRE        |           0.452 |           1.839 |     0 |  0 |              0 |     0 |  0 |              0 |  2452 |  0 |              0 |     0 |  0 |              0 |
| student_top_inst/u_KLDJ_top/ex_mem_mem_addr[4]_repN_3  |   2452 | FDRE        |           0.571 |           1.588 |     0 |  0 |              0 |     0 |  0 |              0 |  2452 |  0 |              0 |     0 |  0 |              0 |
| student_top_inst/u_KLDJ_top/ex_mem_mem_addr[5]_repN_3  |   2452 | FDRE        |           0.547 |           1.765 |     0 |  0 |              0 |     0 |  0 |              0 |  2452 |  0 |              0 |     0 |  0 |              0 |
| student_top_inst/u_KLDJ_top/ex_mem_mem_addr[6]_repN    |   2452 | FDRE        |           0.631 |           1.774 |     0 |  0 |              0 |     0 |  0 |              0 |  2452 |  0 |              0 |     0 |  0 |              0 |
| student_top_inst/u_KLDJ_top/ex_mem_mem_addr[7]_repN_2  |   2452 | FDRE        |           0.652 |           1.619 |     0 |  0 |              0 |     0 |  0 |              0 |  2452 |  0 |              0 |     0 |  0 |              0 |
| student_top_inst/u_KLDJ_top/ex_mem_mem_addr[2]_repN_2  |   2404 | FDRE        |           0.413 |           1.793 |     0 |  0 |              0 |     0 |  0 |              0 |  2404 |  0 |              0 |     0 |  0 |              0 |
| student_top_inst/u_KLDJ_top/ex_mem_mem_addr[4]_repN    |   2404 | FDRE        |           0.548 |           1.684 |     0 |  0 |              0 |     0 |  0 |              0 |  2404 |  0 |              0 |     0 |  0 |              0 |
| student_top_inst/u_KLDJ_top/ex_mem_mem_addr[5]_repN_4  |   2404 | FDRE        |           0.525 |           1.566 |     0 |  0 |              0 |     0 |  0 |              0 |  2404 |  0 |              0 |     0 |  0 |              0 |
| student_top_inst/u_KLDJ_top/ex_mem_mem_addr[6]_repN_1  |   2404 | FDRE        |           0.353 |           1.736 |     0 |  0 |              0 |     0 |  0 |              0 |  2404 |  0 |              0 |     0 |  0 |              0 |
| student_top_inst/u_KLDJ_top/ex_mem_mem_addr[7]_repN_4  |   2404 | FDRE        |           0.488 |           1.757 |     0 |  0 |              0 |     0 |  0 |              0 |  2404 |  0 |              0 |     0 |  0 |              0 |
| student_top_inst/u_KLDJ_top/ex_mem_mem_addr[2]_repN_1  |   2236 | FDRE        |           0.317 |           2.303 |     0 |  0 |              0 |     0 |  0 |              0 |  2236 |  0 |              0 |     0 |  0 |              0 |
| student_top_inst/u_KLDJ_top/ex_mem_mem_addr[2]_repN_14 |   2236 | FDRE        |           0.242 |           2.344 |     0 |  0 |              0 |     0 |  0 |              0 |  2236 |  0 |              0 |     0 |  0 |              0 |
| student_top_inst/u_KLDJ_top/ex_mem_mem_addr[3]_repN_2  |   2236 | FDRE        |           0.368 |           2.406 |     0 |  0 |              0 |     0 |  0 |              0 |  2236 |  0 |              0 |     0 |  0 |              0 |
| student_top_inst/u_KLDJ_top/ex_mem_mem_addr[4]_repN_9  |   2236 | FDRE        |           0.391 |           2.009 |     0 |  0 |              0 |     0 |  0 |              0 |  2236 |  0 |              0 |     0 |  0 |              0 |
| student_top_inst/u_KLDJ_top/ex_mem_mem_addr[5]_repN_6  |   2236 | FDRE        |           0.344 |           1.995 |     0 |  0 |              0 |     0 |  0 |              0 |  2236 |  0 |              0 |     0 |  0 |              0 |
| student_top_inst/u_KLDJ_top/ex_mem_mem_addr[7]_repN_11 |   2236 | FDRE        |           0.590 |           1.669 |     0 |  0 |              0 |     0 |  0 |              0 |  2236 |  0 |              0 |     0 |  0 |              0 |
| student_top_inst/u_KLDJ_top/ex_mem_mem_addr[5]_repN_7  |   2235 | FDRE        |           0.476 |           1.984 |     0 |  0 |              0 |     0 |  0 |              0 |  2235 |  0 |              0 |     0 |  0 |              0 |
| student_top_inst/u_KLDJ_top/ex_mem_mem_addr[2]_repN_15 |   2232 | FDRE        |           0.482 |           2.221 |     0 |  0 |              0 |     0 |  0 |              0 |  2232 |  0 |              0 |     0 |  0 |              0 |
| student_top_inst/u_KLDJ_top/ex_mem_mem_addr[3]_repN_7  |   2232 | FDRE        |           0.556 |           2.249 |     0 |  0 |              0 |     0 |  0 |              0 |  2232 |  0 |              0 |     0 |  0 |              0 |
| student_top_inst/u_KLDJ_top/ex_mem_mem_addr[4]_repN_14 |   2232 | FDRE        |           0.607 |           1.932 |     0 |  0 |              0 |     0 |  0 |              0 |  2232 |  0 |              0 |     0 |  0 |              0 |
| student_top_inst/u_KLDJ_top/ex_mem_mem_addr[4]_repN_5  |   2232 | FDRE        |           0.548 |           2.166 |     0 |  0 |              0 |     0 |  0 |              0 |  2232 |  0 |              0 |     0 |  0 |              0 |
| student_top_inst/u_KLDJ_top/ex_mem_mem_addr[5]_repN_12 |   2232 | FDRE        |           0.671 |           1.944 |     0 |  0 |              0 |     0 |  0 |              0 |  2232 |  0 |              0 |     0 |  0 |              0 |
| student_top_inst/u_KLDJ_top/ex_mem_mem_addr[7]_repN_13 |   2232 | FDRE        |           0.847 |           1.793 |     0 |  0 |              0 |     0 |  0 |              0 |  2232 |  0 |              0 |     0 |  0 |              0 |
| student_top_inst/u_KLDJ_top/ex_mem_mem_addr[6]_repN_2  |   2202 | FDRE        |           0.488 |           1.983 |     0 |  0 |              0 |     0 |  0 |              0 |  2202 |  0 |              0 |     0 |  0 |              0 |
| student_top_inst/u_KLDJ_top/ex_mem_mem_addr[7]_repN_1  |   2197 | FDRE        |           0.243 |           1.822 |     0 |  0 |              0 |     0 |  0 |              0 |  2197 |  0 |              0 |     0 |  0 |              0 |
| student_top_inst/u_KLDJ_top/ex_mem_mem_addr[2]_repN_9  |   2112 | FDRE        |           0.250 |           2.065 |     0 |  0 |              0 |     0 |  0 |              0 |  2112 |  0 |              0 |     0 |  0 |              0 |
| student_top_inst/u_KLDJ_top/ex_mem_mem_addr[3]_repN_1  |   2112 | FDRE        |           0.251 |           1.906 |     0 |  0 |              0 |     0 |  0 |              0 |  2112 |  0 |              0 |     0 |  0 |              0 |
| student_top_inst/u_KLDJ_top/ex_mem_mem_addr[4]_repN_6  |   2112 | FDRE        |           0.287 |           1.885 |     0 |  0 |              0 |     0 |  0 |              0 |  2112 |  0 |              0 |     0 |  0 |              0 |
| student_top_inst/u_KLDJ_top/ex_mem_mem_addr[5]_repN_8  |   2112 | FDRE        |           0.225 |           1.941 |     0 |  0 |              0 |     0 |  0 |              0 |  2112 |  0 |              0 |     0 |  0 |              0 |
| student_top_inst/u_KLDJ_top/ex_mem_mem_addr[6]_repN_7  |   2112 | FDRE        |           0.431 |           1.613 |     0 |  0 |              0 |     0 |  0 |              0 |  2112 |  0 |              0 |     0 |  0 |              0 |
| student_top_inst/u_KLDJ_top/ex_mem_mem_addr[7]_repN_9  |   2112 | FDRE        |           0.316 |           1.601 |     0 |  0 |              0 |     0 |  0 |              0 |  2112 |  0 |              0 |     0 |  0 |              0 |
| student_top_inst/u_KLDJ_top/ex_mem_mem_addr[9]_repN_3  |   1990 | FDRE        |           0.313 |           1.950 |     0 |  0 |              0 |     0 |  0 |              0 |  1990 |  0 |              0 |     0 |  0 |              0 |
| student_top_inst/u_KLDJ_top/ex_mem_mem_addr[3]_repN_11 |   1824 | FDRE        |           0.415 |           1.441 |     0 |  0 |              0 |     0 |  0 |              0 |  1824 |  0 |              0 |     0 |  0 |              0 |
| student_top_inst/u_KLDJ_top/reg5/bbstub_locked         |   1823 | LUT1        |             inf |           8.165 |     0 |  0 |              0 |  1823 |  0 |              0 |     0 |  0 |              0 |     0 |  0 |              0 |
| student_top_inst/u_KLDJ_top/ex_mem_mem_addr[3]_repN_10 |   1796 | FDRE        |           0.262 |           1.848 |     0 |  0 |              0 |     0 |  0 |              0 |  1796 |  0 |              0 |     0 |  0 |              0 |
| student_top_inst/u_KLDJ_top/ex_mem_mem_addr[9]_repN_5  |   1795 | FDRE        |           0.459 |           1.681 |     0 |  0 |              0 |     0 |  0 |              0 |  1795 |  0 |              0 |     0 |  0 |              0 |
| student_top_inst/u_KLDJ_top/ex_mem_mem_addr[2]_repN_8  |   1592 | FDRE        |           0.227 |           2.056 |     0 |  0 |              0 |     0 |  0 |              0 |  1592 |  0 |              0 |     0 |  0 |              0 |
| student_top_inst/u_KLDJ_top/ex_mem_mem_addr[4]_repN_4  |   1592 | FDRE        |           0.150 |           1.983 |     0 |  0 |              0 |     0 |  0 |              0 |  1592 |  0 |              0 |     0 |  0 |              0 |
| student_top_inst/u_KLDJ_top/ex_mem_mem_addr[5]_repN_1  |   1592 | FDRE        |           0.158 |           2.038 |     0 |  0 |              0 |     0 |  0 |              0 |  1592 |  0 |              0 |     0 |  0 |              0 |
| student_top_inst/u_KLDJ_top/ex_mem_mem_addr[7]_repN_3  |   1592 | FDRE        |           0.273 |           1.795 |     0 |  0 |              0 |     0 |  0 |              0 |  1592 |  0 |              0 |     0 |  0 |              0 |
| student_top_inst/u_KLDJ_top/ex_mem_mem_addr[4]_repN_13 |   1492 | FDRE        |           0.510 |           2.068 |     0 |  0 |              0 |     0 |  0 |              0 |  1492 |  0 |              0 |     0 |  0 |              0 |
| student_top_inst/u_KLDJ_top/ex_mem_mem_addr[5]_repN_11 |   1492 | FDRE        |           0.696 |           1.550 |     0 |  0 |              0 |     0 |  0 |              0 |  1492 |  0 |              0 |     0 |  0 |              0 |
| student_top_inst/u_KLDJ_top/ex_mem_mem_addr[6]_repN_8  |   1492 | FDRE        |           0.768 |           1.704 |     0 |  0 |              0 |     0 |  0 |              0 |  1492 |  0 |              0 |     0 |  0 |              0 |
| student_top_inst/u_KLDJ_top/ex_mem_mem_addr[2]_repN_13 |   1484 | FDRE        |           0.713 |           2.010 |     0 |  0 |              0 |     0 |  0 |              0 |  1484 |  0 |              0 |     0 |  0 |              0 |
| student_top_inst/u_KLDJ_top/ex_mem_mem_addr[2]_repN_16 |   1484 | FDRE        |           0.624 |           1.803 |     0 |  0 |              0 |     0 |  0 |              0 |  1484 |  0 |              0 |     0 |  0 |              0 |
| student_top_inst/u_KLDJ_top/ex_mem_mem_addr[3]_repN_6  |   1484 | FDRE        |           0.517 |           1.444 |     0 |  0 |              0 |     0 |  0 |              0 |  1484 |  0 |              0 |     0 |  0 |              0 |
| student_top_inst/u_KLDJ_top/ex_mem_mem_addr[3]_repN_8  |   1484 | FDRE        |           0.612 |           1.676 |     0 |  0 |              0 |     0 |  0 |              0 |  1484 |  0 |              0 |     0 |  0 |              0 |
| student_top_inst/u_KLDJ_top/ex_mem_mem_addr[4]_repN_15 |   1484 | FDRE        |           0.692 |           1.918 |     0 |  0 |              0 |     0 |  0 |              0 |  1484 |  0 |              0 |     0 |  0 |              0 |
| student_top_inst/u_KLDJ_top/ex_mem_mem_addr[5]_repN_13 |   1484 | FDRE        |           0.568 |           1.722 |     0 |  0 |              0 |     0 |  0 |              0 |  1484 |  0 |              0 |     0 |  0 |              0 |
| student_top_inst/u_KLDJ_top/ex_mem_mem_addr[7]_repN_14 |   1484 | FDRE        |           0.937 |           1.800 |     0 |  0 |              0 |     0 |  0 |              0 |  1484 |  0 |              0 |     0 |  0 |              0 |
| student_top_inst/u_KLDJ_top/ex_mem_mem_addr[7]_repN_16 |   1484 | FDRE        |           0.765 |           1.466 |     0 |  0 |              0 |     0 |  0 |              0 |  1484 |  0 |              0 |     0 |  0 |              0 |
| student_top_inst/u_KLDJ_top/ex_mem_mem_addr[12]        |   1480 | FDRE        |           0.666 |           4.663 |     0 |  0 |              0 |     0 |  0 |              0 |  1480 |  0 |              0 |     0 |  0 |              0 |
| student_top_inst/u_KLDJ_top/ex_mem_mem_addr[3]_repN_5  |   1456 | FDRE        |           0.616 |           2.002 |     0 |  0 |              0 |     0 |  0 |              0 |  1456 |  0 |              0 |     0 |  0 |              0 |
| student_top_inst/u_KLDJ_top/ex_mem_mem_addr[7]_repN_15 |   1456 | FDRE        |           1.058 |           1.778 |     0 |  0 |              0 |     0 |  0 |              0 |  1456 |  0 |              0 |     0 |  0 |              0 |
| student_top_inst/u_KLDJ_top/ex_mem_mem_addr[2]_repN_6  |   1437 | FDRE        |           0.549 |           1.991 |     0 |  0 |              0 |     0 |  0 |              0 |  1437 |  0 |              0 |     0 |  0 |              0 |
| student_top_inst/u_KLDJ_top/ex_mem_mem_addr[4]         |   1437 | FDRE        |           0.576 |           1.907 |     0 |  0 |              0 |     0 |  0 |              0 |  1437 |  0 |              0 |     0 |  0 |              0 |
| student_top_inst/u_KLDJ_top/ex_mem_mem_addr[5]         |   1437 | FDRE        |           0.439 |           1.788 |     0 |  0 |              0 |     0 |  0 |              0 |  1437 |  0 |              0 |     0 |  0 |              0 |
| student_top_inst/u_KLDJ_top/ex_mem_mem_addr[2]_repN_5  |   1436 | FDRE        |           0.306 |           1.930 |     0 |  0 |              0 |     0 |  0 |              0 |  1436 |  0 |              0 |     0 |  0 |              0 |
+--------------------------------------------------------+--------+-------------+-----------------+-----------------+-------+----+----------------+-------+----+----------------+-------+----+----------------+-------+----+----------------+


