Copyright 1986-2022 Xilinx, Inc. All Rights Reserved. Copyright 2022-2023 Advanced Micro Devices, Inc. All Rights Reserved.
---------------------------------------------------------------------------------------------------------------------------------------------
| Tool Version : Vivado v.2023.2 (win64) Build 4029153 Fri Oct 13 20:14:34 MDT 2023
| Date         : Tue Jul  7 16:14:49 2026
| Host         : DESKTOP-CGVJL45 running 64-bit major release  (build 9200)
| Command      : report_clock_interaction -file D:/System/desktop/jyd-feature/pipilined5/reports/cdc_after_impl/clock_interaction_cdc.rpt
| Design       : top
| Device       : 7k325t-ffg900
| Speed File   : -2  PRODUCTION 1.12 2017-02-17
| Design State : Routed
---------------------------------------------------------------------------------------------------------------------------------------------

Clock Interaction Report

Clock Interaction Table
-----------------------

                            WNS                            TNS Failing  TNS Total    WNS Path         Clock-Pair           Inter-Clock  
From Clock    To Clock      Clock Edges  WNS(ns)  TNS(ns)    Endpoints    Endpoints  Requirement(ns)  Classification       Constraints  
------------  ------------  -----------  -------  -------  -----------  -----------  ---------------  -------------------  -----------  
clk_out1_pll  clk_out1_pll  rise - rise    16.77     0.00            0          590            20.00  Clean                Timed        
clk_out1_pll  clk_out2_pll  rise - rise     1.66     0.00            0           64             4.00  Clean                Timed        
clk_out2_pll  clk_out1_pll  rise - rise     0.30     0.00            0           63             4.00  Clean                Timed        
clk_out2_pll  clk_out2_pll  rise - rise     0.79     0.00            0        12434             8.00  Clean                Timed        


