Copyright 1986-2022 Xilinx, Inc. All Rights Reserved. Copyright 2022-2023 Advanced Micro Devices, Inc. All Rights Reserved.
----------------------------------------------------------------------------------------------------------------------------------------------------------------------------------
| Tool Version : Vivado v.2023.2 (win64) Build 4029153 Fri Oct 13 20:14:34 MDT 2023
| Date         : Tue Jul 14 10:45:29 2026
| Host         : DESKTOP-CGVJL45 running 64-bit major release  (build 9200)
| Command      : report_high_fanout_nets -timing -load_types -max_nets 100 -file D:/System/desktop/jyd-feature/pipilined5/reports/20260714_104524_baseline_150mhz/high_fanout.rpt
| Design       : top
| Device       : xc7k325t
----------------------------------------------------------------------------------------------------------------------------------------------------------------------------------

High Fan-out Nets Information

1. Fanout Summary
-----------------

+------------------------------------------------------------------------------------------------------------------------------------------------------------------------------------------------------------------------------------------------------------------------------------------+--------+-------------+-----------------+-----------------+-----------------------------+-----------------------------+-----------------------------+-----------------------------+
|                                                                                                                                                                                                                                                                                          |        |             |                 |                 |         Clock Enable        |          Set/Reset          |         Data & Other        |            Clock            |
+------------------------------------------------------------------------------------------------------------------------------------------------------------------------------------------------------------------------------------------------------------------------------------------+--------+-------------+-----------------+-----------------+-------+----+----------------+-------+----+----------------+-------+----+----------------+-------+----+----------------+
| Net Name                                                                                                                                                                                                                                                                                 | Fanout | Driver Type | Worst Slack(ns) | Worst Delay(ns) | Slice | IO | BRAM/DSP/OTHER | Slice | IO | BRAM/DSP/OTHER | Slice | IO | BRAM/DSP/OTHER | Slice | IO | BRAM/DSP/OTHER |
+------------------------------------------------------------------------------------------------------------------------------------------------------------------------------------------------------------------------------------------------------------------------------------------+--------+-------------+-----------------+-----------------+-------+----+----------------+-------+----+----------------+-------+----+----------------+-------+----+----------------+
| pll_inst/inst/clk_out2                                                                                                                                                                                                                                                                   |   6142 | BUFG        |             inf |           1.674 |     0 |  0 |              0 |     0 |  0 |              0 |     0 |  1 |              0 |  6009 |  0 |            132 |
| student_top_inst/u_KLDJ_top/core_rst                                                                                                                                                                                                                                                     |   2193 | LUT2        |           0.955 |           3.385 |     0 |  0 |              0 |  2174 |  0 |              0 |    19 |  0 |              0 |     0 |  0 |              0 |
| student_top_inst/u_KLDJ_top/ifu0/pc_o[3]                                                                                                                                                                                                                                                 |    925 | FDRE        |           0.352 |           1.395 |     0 |  0 |              0 |     0 |  0 |              0 |   925 |  0 |              0 |     0 |  0 |              0 |
| student_top_inst/u_KLDJ_top/ifu0/pc_o[4]                                                                                                                                                                                                                                                 |    815 | FDRE        |           0.310 |           1.311 |     0 |  0 |              0 |     0 |  0 |              0 |   815 |  0 |              0 |     0 |  0 |              0 |
| student_top_inst/u_KLDJ_top/ifu0/pc_o[2]                                                                                                                                                                                                                                                 |    703 | FDRE        |           0.319 |           1.269 |     0 |  0 |              0 |     0 |  0 |              0 |   703 |  0 |              0 |     0 |  0 |              0 |
| student_top_inst/u_KLDJ_top/ifu0/pc_o[7]                                                                                                                                                                                                                                                 |    648 | FDRE        |           0.408 |           1.098 |     0 |  0 |              0 |     0 |  0 |              0 |   648 |  0 |              0 |     0 |  0 |              0 |
| student_top_inst/u_KLDJ_top/ifu0/pc_o[5]                                                                                                                                                                                                                                                 |    619 | FDRE        |           0.417 |           1.215 |     0 |  0 |              0 |     0 |  0 |              0 |   619 |  0 |              0 |     0 |  0 |              0 |
| student_top_inst/u_KLDJ_top/ifu0/pc_o[6]                                                                                                                                                                                                                                                 |    616 | FDRE        |           0.368 |           1.179 |     0 |  0 |              0 |     0 |  0 |              0 |   616 |  0 |              0 |     0 |  0 |              0 |
| student_top_inst/bridge_inst/counter_inst/SR[0]                                                                                                                                                                                                                                          |    602 | LUT1        |             inf |           3.439 |     0 |  0 |              0 |   602 |  0 |              0 |     0 |  0 |              0 |     0 |  0 |              0 |
| student_top_inst/u_KLDJ_top/ifu0/pc_o[8]                                                                                                                                                                                                                                                 |    454 | FDRE        |           0.526 |           1.305 |     0 |  0 |              0 |     0 |  0 |              0 |   454 |  0 |              0 |     0 |  0 |              0 |
| student_top_inst/u_KLDJ_top/id_reg_rs1_addr[0]                                                                                                                                                                                                                                           |    258 | LUT2        |           0.453 |           0.724 |     0 |  0 |              0 |     0 |  0 |              0 |   258 |  0 |              0 |     0 |  0 |              0 |
| student_top_inst/u_KLDJ_top/id_reg_rs1_addr[1]                                                                                                                                                                                                                                           |    258 | LUT2        |           0.682 |           0.827 |     0 |  0 |              0 |     0 |  0 |              0 |   258 |  0 |              0 |     0 |  0 |              0 |
| student_top_inst/u_KLDJ_top/id_reg_rs2_addr[0]                                                                                                                                                                                                                                           |    258 | LUT6        |           1.395 |           0.696 |     0 |  0 |              0 |     0 |  0 |              0 |   258 |  0 |              0 |     0 |  0 |              0 |
| student_top_inst/u_KLDJ_top/id_reg_rs2_addr[1]                                                                                                                                                                                                                                           |    258 | LUT6        |           1.322 |           0.960 |     0 |  0 |              0 |     0 |  0 |              0 |   258 |  0 |              0 |     0 |  0 |              0 |
| student_top_inst/u_KLDJ_top/u_pipe_ex1_ex2/ex1_ex2_pc[31]_i_1_n_0                                                                                                                                                                                                                        |    246 | LUT2        |           1.013 |           1.258 |   246 |  0 |              0 |     0 |  0 |              0 |     0 |  0 |              0 |     0 |  0 |              0 |
| student_top_inst/u_KLDJ_top/ifu0/pc_o[5]_repN                                                                                                                                                                                                                                            |    237 | FDRE        |           0.852 |           0.898 |     0 |  0 |              0 |     0 |  0 |              0 |   237 |  0 |              0 |     0 |  0 |              0 |
| student_top_inst/u_KLDJ_top/ifu0/pc_o[6]_repN                                                                                                                                                                                                                                            |    237 | FDRE        |           1.171 |           0.897 |     0 |  0 |              0 |     0 |  0 |              0 |   237 |  0 |              0 |     0 |  0 |              0 |
| student_top_inst/u_KLDJ_top/ifu0/pc_o[4]_repN                                                                                                                                                                                                                                            |    234 | FDRE        |           0.645 |           1.065 |     0 |  0 |              0 |     0 |  0 |              0 |   234 |  0 |              0 |     0 |  0 |              0 |
| student_top_inst/u_KLDJ_top/u_pipe_id_ex/id_ex_valid_i_2_n_0                                                                                                                                                                                                                             |    230 | LUT2        |           1.025 |           1.528 |   230 |  0 |              0 |     0 |  0 |              0 |     0 |  0 |              0 |     0 |  0 |              0 |
| student_top_inst/u_KLDJ_top/ifu0/pc_o[7]_repN                                                                                                                                                                                                                                            |    205 | FDRE        |           0.778 |           0.846 |     0 |  0 |              0 |     0 |  0 |              0 |   205 |  0 |              0 |     0 |  0 |              0 |
| student_top_inst/u_KLDJ_top/ifu0/pc_o[5]_repN_1                                                                                                                                                                                                                                          |    192 | FDRE        |           0.677 |           1.021 |     0 |  0 |              0 |     0 |  0 |              0 |   192 |  0 |              0 |     0 |  0 |              0 |
| student_top_inst/u_KLDJ_top/ifu0/pc_o[6]_repN_1                                                                                                                                                                                                                                          |    192 | FDRE        |           0.721 |           0.949 |     0 |  0 |              0 |     0 |  0 |              0 |   192 |  0 |              0 |     0 |  0 |              0 |
| student_top_inst/u_KLDJ_top/ifu0/pc_o[7]_repN_1                                                                                                                                                                                                                                          |    192 | FDRE        |           0.745 |           0.938 |     0 |  0 |              0 |     0 |  0 |              0 |   192 |  0 |              0 |     0 |  0 |              0 |
| student_top_inst/u_KLDJ_top/ifu0/pc_o[9]                                                                                                                                                                                                                                                 |    185 | FDRE        |           0.741 |           1.301 |     0 |  0 |              0 |     0 |  0 |              0 |   185 |  0 |              0 |     0 |  0 |              0 |
| student_top_inst/u_KLDJ_top/ifu0/pc_o[2]_repN_1                                                                                                                                                                                                                                          |    176 | FDRE        |           0.716 |           0.988 |     0 |  0 |              0 |     0 |  0 |              0 |   176 |  0 |              0 |     0 |  0 |              0 |
| student_top_inst/u_KLDJ_top/ex2_stall                                                                                                                                                                                                                                                    |    159 | LUT2        |           0.744 |           0.965 |    23 |  0 |              0 |     0 |  0 |              0 |   136 |  0 |              0 |     0 |  0 |              0 |
| student_top_inst/u_KLDJ_top/ifu0/pc_o[10]                                                                                                                                                                                                                                                |    156 | FDRE        |           0.913 |           1.265 |     0 |  0 |              0 |     0 |  0 |              0 |   156 |  0 |              0 |     0 |  0 |              0 |
| student_top_inst/u_KLDJ_top/ifu0/pc_o[2]_repN                                                                                                                                                                                                                                            |    151 | FDRE        |           0.848 |           0.888 |     0 |  0 |              0 |     0 |  0 |              0 |   151 |  0 |              0 |     0 |  0 |              0 |
| student_top_inst/u_KLDJ_top/u_ex_bpu_ctrl/bpu_update_valid                                                                                                                                                                                                                               |    136 | LUT6        |           1.607 |           1.840 |     6 |  0 |              0 |     0 |  0 |              0 |   130 |  0 |              0 |     0 |  0 |              0 |
| student_top_inst/u_KLDJ_top/exu2/u_mul_ip_wrapper/op_q[1]_i_1_n_0                                                                                                                                                                                                                        |    134 | LUT4        |           1.557 |           0.767 |    66 |  0 |              0 |     0 |  0 |              0 |    68 |  0 |              0 |     0 |  0 |              0 |
| uart_inst/E[0]                                                                                                                                                                                                                                                                           |    134 | LUT5        |          16.557 |           1.352 |   134 |  0 |              0 |     0 |  0 |              0 |     0 |  0 |              0 |     0 |  0 |              0 |
| student_top_inst/u_KLDJ_top/ifu0/pc_o[3]_repN                                                                                                                                                                                                                                            |    131 | FDRE        |           0.459 |           0.991 |     0 |  0 |              0 |     0 |  0 |              0 |   131 |  0 |              0 |     0 |  0 |              0 |
| student_top_inst/u_KLDJ_top/id_reg_rs1_addr[2]                                                                                                                                                                                                                                           |    130 | LUT2        |           0.717 |           0.778 |     0 |  0 |              0 |     0 |  0 |              0 |   130 |  0 |              0 |     0 |  0 |              0 |
| student_top_inst/u_KLDJ_top/id_reg_rs2_addr[2]                                                                                                                                                                                                                                           |    130 | LUT6        |           1.329 |           0.775 |     0 |  0 |              0 |     0 |  0 |              0 |   130 |  0 |              0 |     0 |  0 |              0 |
| student_top_inst/bridge_inst/dram_driver_inst/u_dram_tdp/U0/inst_blk_mem_gen/gnbram.gnativebmg.native_blk_mem_gen/valid.cstr/has_mux_b.B/no_softecc_sel_reg.ce_pri.sel_pipe_reg_n_0_[1]                                                                                                  |    128 | FDRE        |           1.367 |           1.987 |     0 |  0 |              0 |     0 |  0 |              0 |   128 |  0 |              0 |     0 |  0 |              0 |
| student_top_inst/bridge_inst/dram_driver_inst/u_dram_tdp/U0/inst_blk_mem_gen/gnbram.gnativebmg.native_blk_mem_gen/valid.cstr/has_mux_b.B/no_softecc_sel_reg.ce_pri.sel_pipe_reg_n_0_[2]                                                                                                  |    128 | FDRE        |           1.252 |           1.937 |     0 |  0 |              0 |     0 |  0 |              0 |   128 |  0 |              0 |     0 |  0 |              0 |
| student_top_inst/u_KLDJ_top/u_pipe_ex1_ex2/ex1_ex2_data2[2]                                                                                                                                                                                                                              |    117 | FDRE        |           0.574 |           1.572 |     0 |  0 |              0 |     0 |  0 |              0 |   117 |  0 |              0 |     0 |  0 |              0 |
| student_top_inst/u_KLDJ_top/u_pipe_ex1_ex2/ex1_ex2_data2[3]                                                                                                                                                                                                                              |    112 | FDRE        |           0.553 |           1.521 |     0 |  0 |              0 |     0 |  0 |              0 |   112 |  0 |              0 |     0 |  0 |              0 |
| student_top_inst/u_KLDJ_top/u_pipe_ex1_ex2/ex1_ex2_data2[4]                                                                                                                                                                                                                              |    112 | FDRE        |           0.484 |           1.159 |     0 |  0 |              0 |     0 |  0 |              0 |   112 |  0 |              0 |     0 |  0 |              0 |
| student_top_inst/u_KLDJ_top/u_pipe_ex1_ex2/ex1_ex2_data2[1]                                                                                                                                                                                                                              |    110 | FDRE        |           0.497 |           1.257 |     0 |  0 |              0 |     0 |  0 |              0 |   110 |  0 |              0 |     0 |  0 |              0 |
| student_top_inst/u_KLDJ_top/u_ex_mem_req_ctrl/mem_addr[2]                                                                                                                                                                                                                                |    109 | LUT4        |           0.927 |           1.772 |     0 |  0 |              0 |     0 |  0 |              0 |    45 |  0 |             64 |     0 |  0 |              0 |
| student_top_inst/u_KLDJ_top/u_ex_mem_req_ctrl/mem_addr[4]                                                                                                                                                                                                                                |    109 | LUT4        |           0.973 |           1.892 |     0 |  0 |              0 |     0 |  0 |              0 |    45 |  0 |             64 |     0 |  0 |              0 |
| student_top_inst/u_KLDJ_top/frontend_stall                                                                                                                                                                                                                                               |    105 | LUT2        |           1.477 |           0.417 |   102 |  0 |              0 |     0 |  0 |              0 |     3 |  0 |              0 |     0 |  0 |              0 |
| student_top_inst/u_KLDJ_top/u_pipe_ex1_ex2/ex1_ex2_pc[2]                                                                                                                                                                                                                                 |    104 | FDRE        |           2.398 |           1.834 |     0 |  0 |              0 |     0 |  0 |              0 |   104 |  0 |              0 |     0 |  0 |              0 |
| student_top_inst/u_KLDJ_top/u_pipe_ex1_ex2/ex1_ex2_pc[3]                                                                                                                                                                                                                                 |    104 | FDRE        |           2.089 |           2.201 |     0 |  0 |              0 |     0 |  0 |              0 |   104 |  0 |              0 |     0 |  0 |              0 |
| student_top_inst/u_KLDJ_top/u_pipe_ex1_ex2/ex1_ex2_pc[4]                                                                                                                                                                                                                                 |    104 | FDRE        |           2.419 |           1.867 |     0 |  0 |              0 |     0 |  0 |              0 |   104 |  0 |              0 |     0 |  0 |              0 |
| student_top_inst/u_KLDJ_top/u_pipe_ex1_ex2/ex1_ex2_pc[5]                                                                                                                                                                                                                                 |    104 | FDRE        |           2.718 |           1.586 |     0 |  0 |              0 |     0 |  0 |              0 |   104 |  0 |              0 |     0 |  0 |              0 |
| student_top_inst/u_KLDJ_top/u_pipe_ex1_ex2/ex1_ex2_pc[6]                                                                                                                                                                                                                                 |    104 | FDRE        |           2.337 |           2.032 |     0 |  0 |              0 |     0 |  0 |              0 |   104 |  0 |              0 |     0 |  0 |              0 |
| student_top_inst/u_KLDJ_top/u_pipe_ex1_ex2/ex1_ex2_pc[7]                                                                                                                                                                                                                                 |    104 | FDRE        |           2.909 |           1.447 |     0 |  0 |              0 |     0 |  0 |              0 |   104 |  0 |              0 |     0 |  0 |              0 |
| student_top_inst/u_KLDJ_top/u_ex_forward/ex1_data2[31]_INST_0_i_2_n_0                                                                                                                                                                                                                    |     96 | LUT6        |           1.522 |           1.418 |     0 |  0 |              0 |     0 |  0 |              0 |    96 |  0 |              0 |     0 |  0 |              0 |
| student_top_inst/u_KLDJ_top/ifu0/pc_o[11]                                                                                                                                                                                                                                                |     92 | FDRE        |           1.122 |           1.246 |     0 |  0 |              0 |     0 |  0 |              0 |    92 |  0 |              0 |     0 |  0 |              0 |
| student_top_inst/u_KLDJ_top/u_pipe_ex1_ex2/ex1_ex2_data2[0]                                                                                                                                                                                                                              |     81 | FDRE        |           0.530 |           1.554 |     0 |  0 |              0 |     0 |  0 |              0 |    81 |  0 |              0 |     0 |  0 |              0 |
| student_top_inst/u_KLDJ_top/u_pipe_ex1_ex2/ex1_ex2_valid                                                                                                                                                                                                                                 |     79 | FDRE        |           0.767 |           1.298 |     0 |  0 |              0 |     0 |  0 |              0 |    79 |  0 |              0 |     0 |  0 |              0 |
| student_top_inst/u_KLDJ_top/u_bpu/u_gshare_btb_core/btb_data_reg_0_63_30_32_i_1_n_0                                                                                                                                                                                                      |     76 | LUT3        |           0.705 |           0.572 |    76 |  0 |              0 |     0 |  0 |              0 |     0 |  0 |              0 |     0 |  0 |              0 |
| student_top_inst/u_KLDJ_top/u_ex_mem_req_ctrl/mem_addr[5]                                                                                                                                                                                                                                |     75 | LUT4        |           0.631 |           1.588 |     0 |  0 |              0 |     0 |  0 |              0 |    11 |  0 |             64 |     0 |  0 |              0 |
| uart_inst/Q[2]                                                                                                                                                                                                                                                                           |     74 | FDCE        |          16.901 |           1.720 |     0 |  0 |              0 |     0 |  0 |              0 |    74 |  0 |              0 |     0 |  0 |              0 |
| student_top_inst/u_KLDJ_top/u_pipe_ex1_ex2/ex1_ex2_pred_pht_idx[3]                                                                                                                                                                                                                       |     72 | FDRE        |           1.385 |           1.797 |     0 |  0 |              0 |     0 |  0 |              0 |    72 |  0 |              0 |     0 |  0 |              0 |
| student_top_inst/u_KLDJ_top/u_pipe_if_id/if_id_inst[5]                                                                                                                                                                                                                                   |     71 | FDRE        |           0.682 |           1.527 |     0 |  0 |              0 |     0 |  0 |              0 |    71 |  0 |              0 |     0 |  0 |              0 |
| student_top_inst/u_KLDJ_top/exu2/u_div_ip_wrapper/op_q                                                                                                                                                                                                                                   |     70 | LUT5        |           1.584 |           1.838 |    67 |  0 |              0 |     0 |  0 |              0 |     3 |  0 |              0 |     0 |  0 |              0 |
| student_top_inst/u_KLDJ_top/u_ex1_hazard/ex1_dependency_stall                                                                                                                                                                                                                            |     69 | LUT5        |           1.013 |           0.848 |     0 |  0 |              0 |     0 |  0 |              0 |    69 |  0 |              0 |     0 |  0 |              0 |
| student_top_inst/u_KLDJ_top/u_ex_mem_req_ctrl/mem_addr[3]                                                                                                                                                                                                                                |     69 | LUT4        |           0.769 |           1.985 |     0 |  0 |              0 |     0 |  0 |              0 |     5 |  0 |             64 |     0 |  0 |              0 |
| student_top_inst/u_KLDJ_top/u_ex_mem_req_ctrl/mem_addr[6]                                                                                                                                                                                                                                |     69 | LUT4        |           0.609 |           1.756 |     0 |  0 |              0 |     0 |  0 |              0 |     5 |  0 |             64 |     0 |  0 |              0 |
| student_top_inst/u_KLDJ_top/u_ex_mem_req_ctrl/mem_addr[7]                                                                                                                                                                                                                                |     69 | LUT4        |           1.031 |           1.758 |     0 |  0 |              0 |     0 |  0 |              0 |     5 |  0 |             64 |     0 |  0 |              0 |
| student_top_inst/u_KLDJ_top/u_pipe_ex1_ex2/ex1_ex2_pred_pht_idx[4]                                                                                                                                                                                                                       |     69 | FDRE        |           3.585 |           0.677 |     0 |  0 |              0 |     0 |  0 |              0 |    69 |  0 |              0 |     0 |  0 |              0 |
| student_top_inst/u_KLDJ_top/u_pipe_ex1_ex2/ex1_ex2_pred_pht_idx[5]                                                                                                                                                                                                                       |     69 | FDRE        |           2.953 |           1.248 |     0 |  0 |              0 |     0 |  0 |              0 |    69 |  0 |              0 |     0 |  0 |              0 |
| student_top_inst/u_KLDJ_top/u_ex_bpu_ctrl/bpu_update_taken                                                                                                                                                                                                                               |     68 | LUT6        |           0.552 |           0.635 |     0 |  0 |              0 |     0 |  0 |              0 |    68 |  0 |              0 |     0 |  0 |              0 |
| student_top_inst/u_KLDJ_top/u_pipe_if_id/if_id_valid                                                                                                                                                                                                                                     |     68 | FDRE        |           0.921 |           1.630 |     0 |  0 |              0 |     0 |  0 |              0 |    68 |  0 |              0 |     0 |  0 |              0 |
| student_top_inst/u_KLDJ_top/exu2/u_KLDJ_alu/u_alu_add/ex1_ex2_exu_op_reg[0]                                                                                                                                                                                                              |     67 | LUT6        |           1.378 |           1.120 |     0 |  0 |              0 |     0 |  0 |              0 |    67 |  0 |              0 |     0 |  0 |              0 |
| student_top_inst/u_KLDJ_top/u_ex_mem_req_ctrl/mem_addr[10]                                                                                                                                                                                                                               |     67 | LUT4        |           0.906 |           1.817 |     0 |  0 |              0 |     0 |  0 |              0 |     3 |  0 |             64 |     0 |  0 |              0 |
| student_top_inst/u_KLDJ_top/u_ex_mem_req_ctrl/mem_addr[11]                                                                                                                                                                                                                               |     67 | LUT4        |           0.688 |           1.748 |     0 |  0 |              0 |     0 |  0 |              0 |     3 |  0 |             64 |     0 |  0 |              0 |
| student_top_inst/u_KLDJ_top/u_ex_mem_req_ctrl/mem_addr[12]                                                                                                                                                                                                                               |     67 | LUT4        |           0.764 |           0.486 |     0 |  0 |              0 |     0 |  0 |              0 |     3 |  0 |             64 |     0 |  0 |              0 |
| student_top_inst/u_KLDJ_top/u_ex_mem_req_ctrl/mem_addr[13]                                                                                                                                                                                                                               |     67 | LUT4        |           0.651 |           1.865 |     0 |  0 |              0 |     0 |  0 |              0 |     3 |  0 |             64 |     0 |  0 |              0 |
| student_top_inst/u_KLDJ_top/u_ex_mem_req_ctrl/mem_addr[8]                                                                                                                                                                                                                                |     67 | LUT4        |           0.685 |           1.808 |     0 |  0 |              0 |     0 |  0 |              0 |     3 |  0 |             64 |     0 |  0 |              0 |
| student_top_inst/u_KLDJ_top/u_ex_mem_req_ctrl/mem_addr[9]                                                                                                                                                                                                                                |     67 | LUT4        |           0.761 |           0.418 |     0 |  0 |              0 |     0 |  0 |              0 |     3 |  0 |             64 |     0 |  0 |              0 |
| student_top_inst/u_KLDJ_top/id_reg_rs1_addr[3]                                                                                                                                                                                                                                           |     66 | LUT2        |           0.867 |           0.975 |     0 |  0 |              0 |     0 |  0 |              0 |    66 |  0 |              0 |     0 |  0 |              0 |
| student_top_inst/u_KLDJ_top/id_reg_rs2_addr[3]                                                                                                                                                                                                                                           |     66 | LUT6        |           0.937 |           1.330 |     0 |  0 |              0 |     0 |  0 |              0 |    66 |  0 |              0 |     0 |  0 |              0 |
| student_top_inst/bridge_inst/dram_driver_inst/bram_addr_r[0]                                                                                                                                                                                                                             |     65 | FDRE        |           0.919 |           4.027 |     0 |  0 |              0 |     0 |  0 |              0 |     1 |  0 |             64 |     0 |  0 |              0 |
| student_top_inst/bridge_inst/dram_driver_inst/bram_addr_r[10]                                                                                                                                                                                                                            |     65 | FDRE        |           0.800 |           4.146 |     0 |  0 |              0 |     0 |  0 |              0 |     1 |  0 |             64 |     0 |  0 |              0 |
| student_top_inst/bridge_inst/dram_driver_inst/bram_addr_r[11]                                                                                                                                                                                                                            |     65 | FDRE        |           0.811 |           4.100 |     0 |  0 |              0 |     0 |  0 |              0 |     1 |  0 |             64 |     0 |  0 |              0 |
| student_top_inst/bridge_inst/dram_driver_inst/bram_addr_r[12]                                                                                                                                                                                                                            |     65 | FDRE        |           1.225 |           1.629 |     0 |  0 |              0 |     0 |  0 |              0 |    65 |  0 |              0 |     0 |  0 |              0 |
| student_top_inst/bridge_inst/dram_driver_inst/bram_addr_r[13]                                                                                                                                                                                                                            |     65 | FDRE        |           1.355 |           1.656 |     0 |  0 |              0 |     0 |  0 |              0 |    65 |  0 |              0 |     0 |  0 |              0 |
| student_top_inst/bridge_inst/dram_driver_inst/bram_addr_r[14]                                                                                                                                                                                                                            |     65 | FDRE        |           1.257 |           1.570 |     0 |  0 |              0 |     0 |  0 |              0 |    65 |  0 |              0 |     0 |  0 |              0 |
| student_top_inst/bridge_inst/dram_driver_inst/bram_addr_r[15]                                                                                                                                                                                                                            |     65 | FDRE        |           1.364 |           1.605 |     0 |  0 |              0 |     0 |  0 |              0 |    65 |  0 |              0 |     0 |  0 |              0 |
| student_top_inst/bridge_inst/dram_driver_inst/bram_addr_r[1]                                                                                                                                                                                                                             |     65 | FDRE        |           0.958 |           3.988 |     0 |  0 |              0 |     0 |  0 |              0 |     1 |  0 |             64 |     0 |  0 |              0 |
| student_top_inst/bridge_inst/dram_driver_inst/bram_addr_r[2]                                                                                                                                                                                                                             |     65 | FDRE        |           1.008 |           3.938 |     0 |  0 |              0 |     0 |  0 |              0 |     1 |  0 |             64 |     0 |  0 |              0 |
| student_top_inst/bridge_inst/dram_driver_inst/bram_addr_r[3]                                                                                                                                                                                                                             |     65 | FDRE        |           0.862 |           4.020 |     0 |  0 |              0 |     0 |  0 |              0 |     1 |  0 |             64 |     0 |  0 |              0 |
| student_top_inst/bridge_inst/dram_driver_inst/bram_addr_r[4]                                                                                                                                                                                                                             |     65 | FDRE        |           0.904 |           4.041 |     0 |  0 |              0 |     0 |  0 |              0 |     1 |  0 |             64 |     0 |  0 |              0 |
| student_top_inst/bridge_inst/dram_driver_inst/bram_addr_r[5]                                                                                                                                                                                                                             |     65 | FDRE        |           0.899 |           3.986 |     0 |  0 |              0 |     0 |  0 |              0 |     1 |  0 |             64 |     0 |  0 |              0 |
| student_top_inst/bridge_inst/dram_driver_inst/bram_addr_r[6]                                                                                                                                                                                                                             |     65 | FDRE        |           1.007 |           3.938 |     0 |  0 |              0 |     0 |  0 |              0 |     1 |  0 |             64 |     0 |  0 |              0 |
| student_top_inst/bridge_inst/dram_driver_inst/bram_addr_r[7]                                                                                                                                                                                                                             |     65 | FDRE        |           0.896 |           4.051 |     0 |  0 |              0 |     0 |  0 |              0 |     1 |  0 |             64 |     0 |  0 |              0 |
| student_top_inst/bridge_inst/dram_driver_inst/bram_addr_r[8]                                                                                                                                                                                                                             |     65 | FDRE        |           0.869 |           4.078 |     0 |  0 |              0 |     0 |  0 |              0 |     1 |  0 |             64 |     0 |  0 |              0 |
| student_top_inst/bridge_inst/dram_driver_inst/bram_addr_r[9]                                                                                                                                                                                                                             |     65 | FDRE        |           0.763 |           4.121 |     0 |  0 |              0 |     0 |  0 |              0 |     1 |  0 |             64 |     0 |  0 |              0 |
| student_top_inst/u_KLDJ_top/exu2/u_div_ip_wrapper/u_div_gen_u32/U0/i_synth/i_nonzero_fract.i_synth/i_algo_r2_or_lutmult.i_nonzero_fract.i_sdivider/i_sdivider.divider_blk/div_loop[31].adder_gen.reg_req.adsu_mod/add1/no_pipelining.the_addsub/i_q_simple.qreg/opt_has_pipe.first_q[32] |     65 | FDRE        |           3.357 |           1.443 |     0 |  0 |              0 |     0 |  0 |              0 |    65 |  0 |              0 |     0 |  0 |              0 |
| student_top_inst/u_KLDJ_top/u_pipe_ex1_ex2/ex1_ex2_csr_op                                                                                                                                                                                                                                |     65 | FDRE        |           2.169 |           0.585 |     0 |  0 |              0 |     0 |  0 |              0 |    65 |  0 |              0 |     0 |  0 |              0 |
| student_top_inst/bridge_inst/LED                                                                                                                                                                                                                                                         |     64 | LUT5        |           0.599 |           0.475 |    64 |  0 |              0 |     0 |  0 |              0 |     0 |  0 |              0 |     0 |  0 |              0 |
| student_top_inst/bridge_inst/dram_driver_inst/u_dram_tdp/U0/inst_blk_mem_gen/gnbram.gnativebmg.native_blk_mem_gen/valid.cstr/has_mux_b.B/no_softecc_sel_reg.ce_pri.sel_pipe_reg_n_0_[3]                                                                                                  |     64 | FDRE        |           1.311 |           2.121 |     0 |  0 |              0 |     0 |  0 |              0 |    64 |  0 |              0 |     0 |  0 |              0 |
| student_top_inst/u_KLDJ_top/exu2/u_KLDJ_alu/u_alu_add/ex1_ex2_exu_op_reg[2]                                                                                                                                                                                                              |     64 | LUT6        |           1.000 |           0.726 |     0 |  0 |              0 |     0 |  0 |              0 |    64 |  0 |              0 |     0 |  0 |              0 |
| student_top_inst/u_KLDJ_top/exu2/u_KLDJ_alu/u_alu_add/ex1_ex2_exu_op_reg[3]                                                                                                                                                                                                              |     64 | LUT6        |           1.376 |           1.194 |     0 |  0 |              0 |     0 |  0 |              0 |    64 |  0 |              0 |     0 |  0 |              0 |
| student_top_inst/u_KLDJ_top/u_csr/csr_rdata[31]_INST_0_i_6_n_0                                                                                                                                                                                                                           |     64 | LUT4        |           1.910 |           1.079 |     0 |  0 |              0 |     0 |  0 |              0 |    64 |  0 |              0 |     0 |  0 |              0 |
| student_top_inst/u_KLDJ_top/u_csr/csr_rdata[31]_INST_0_i_7_n_0                                                                                                                                                                                                                           |     64 | LUT3        |           2.348 |           1.038 |     0 |  0 |              0 |     0 |  0 |              0 |    64 |  0 |              0 |     0 |  0 |              0 |
+------------------------------------------------------------------------------------------------------------------------------------------------------------------------------------------------------------------------------------------------------------------------------------------+--------+-------------+-----------------+-----------------+-------+----+----------------+-------+----+----------------+-------+----+----------------+-------+----+----------------+


