Copyright 1986-2022 Xilinx, Inc. All Rights Reserved. Copyright 2022-2023 Advanced Micro Devices, Inc. All Rights Reserved.
------------------------------------------------------------------------------------------------------------------------------------------------------------------
| Tool Version : Vivado v.2023.2 (win64) Build 4029153 Fri Oct 13 20:14:34 MDT 2023
| Date         : Mon Jul 13 10:25:45 2026
| Host         : DESKTOP-MO7L2KR running 64-bit major release  (build 9200)
| Command      : report_timing_summary -delay_type min_max -report_unconstrained -check_timing_verbose -file Timing_info/Golden_175MHz/timing_summary_min_max.rpt
| Design       : top
| Device       : 7k325t-ffg900
| Speed File   : -2  PRODUCTION 1.12 2017-02-17
| Design State : Routed
------------------------------------------------------------------------------------------------------------------------------------------------------------------

Timing Summary Report

------------------------------------------------------------------------------------------------
| Timer Settings
| --------------
------------------------------------------------------------------------------------------------

  Enable Multi Corner Analysis               :  Yes
  Enable Pessimism Removal                   :  Yes
  Pessimism Removal Resolution               :  Nearest Common Node
  Enable Input Delay Default Clock           :  No
  Enable Preset / Clear Arcs                 :  No
  Disable Flight Delays                      :  No
  Ignore I/O Paths                           :  No
  Timing Early Launch at Borrowing Latches   :  No
  Borrow Time for Max Delay Exceptions       :  Yes
  Merge Timing Exceptions                    :  Yes
  Inter-SLR Compensation                     :  Conservative

  Corner  Analyze    Analyze    
  Name    Max Paths  Min Paths  
  ------  ---------  ---------  
  Slow    Yes        Yes        
  Fast    Yes        Yes        


------------------------------------------------------------------------------------------------
| Report Methodology
| ------------------
------------------------------------------------------------------------------------------------

No report available as report_methodology has not been run prior. Run report_methodology on the current design for the summary of methodology violations.



check_timing report

Table of Contents
-----------------
1. checking no_clock (0)
2. checking constant_clock (0)
3. checking pulse_width_clock (0)
4. checking unconstrained_internal_endpoints (0)
5. checking no_input_delay (1)
6. checking no_output_delay (69)
7. checking multiple_clock (0)
8. checking generated_clocks (0)
9. checking loops (0)
10. checking partial_input_delay (0)
11. checking partial_output_delay (0)
12. checking latch_loops (0)

1. checking no_clock (0)
------------------------
 There are 0 register/latch pins with no clock.


2. checking constant_clock (0)
------------------------------
 There are 0 register/latch pins with constant_clock.


3. checking pulse_width_clock (0)
---------------------------------
 There are 0 register/latch pins which need pulse_width check


4. checking unconstrained_internal_endpoints (0)
------------------------------------------------
 There are 0 pins that are not constrained for maximum delay.

 There are 0 pins that are not constrained for maximum delay due to constant clock.


5. checking no_input_delay (1)
------------------------------
 There is 1 input port with no input delay specified. (HIGH)

i_uart_rx

 There are 0 input ports with no input delay but user has a false path constraint.


6. checking no_output_delay (69)
--------------------------------
 There are 69 ports with no output delay specified. (HIGH)

o_uart_tx
virtual_led[0]
virtual_led[10]
virtual_led[11]
virtual_led[12]
virtual_led[13]
virtual_led[14]
virtual_led[15]
virtual_led[16]
virtual_led[17]
virtual_led[18]
virtual_led[19]
virtual_led[1]
virtual_led[20]
virtual_led[21]
virtual_led[22]
virtual_led[23]
virtual_led[24]
virtual_led[25]
virtual_led[26]
virtual_led[27]
virtual_led[28]
virtual_led[29]
virtual_led[2]
virtual_led[30]
virtual_led[31]
virtual_led[3]
virtual_led[4]
virtual_led[5]
virtual_led[6]
virtual_led[7]
virtual_led[8]
virtual_led[9]
virtual_seg[0]
virtual_seg[10]
virtual_seg[11]
virtual_seg[12]
virtual_seg[13]
virtual_seg[14]
virtual_seg[15]
virtual_seg[16]
virtual_seg[18]
virtual_seg[19]
virtual_seg[1]
virtual_seg[20]
virtual_seg[21]
virtual_seg[22]
virtual_seg[23]
virtual_seg[24]
virtual_seg[25]
virtual_seg[26]
virtual_seg[28]
virtual_seg[29]
virtual_seg[2]
virtual_seg[30]
virtual_seg[31]
virtual_seg[32]
virtual_seg[33]
virtual_seg[34]
virtual_seg[35]
virtual_seg[36]
virtual_seg[38]
virtual_seg[39]
virtual_seg[3]
virtual_seg[4]
virtual_seg[5]
virtual_seg[6]
virtual_seg[8]
virtual_seg[9]

 There are 0 ports with no output delay but user has a false path constraint

 There are 0 ports with no output delay but with a timing clock defined on it or propagating through it


7. checking multiple_clock (0)
------------------------------
 There are 0 register/latch pins with multiple clocks.


8. checking generated_clocks (0)
--------------------------------
 There are 0 generated clocks that are not connected to a clock source.


9. checking loops (0)
---------------------
 There are 0 combinational loops in the design.


10. checking partial_input_delay (0)
------------------------------------
 There are 0 input ports with partial input delay specified.


11. checking partial_output_delay (0)
-------------------------------------
 There are 0 ports with partial output delay specified.


12. checking latch_loops (0)
----------------------------
 There are 0 combinational latch loops in the design through latch input



------------------------------------------------------------------------------------------------
| Design Timing Summary
| ---------------------
------------------------------------------------------------------------------------------------

    WNS(ns)      TNS(ns)  TNS Failing Endpoints  TNS Total Endpoints      WHS(ns)      THS(ns)  THS Failing Endpoints  THS Total Endpoints     WPWS(ns)     TPWS(ns)  TPWS Failing Endpoints  TPWS Total Endpoints  
    -------      -------  ---------------------  -------------------      -------      -------  ---------------------  -------------------     --------     --------  ----------------------  --------------------  
     -0.161       -2.345                     60                11126        0.043        0.000                      0                11126        1.100        0.000                       0                  6222  


Timing constraints are not met.


------------------------------------------------------------------------------------------------
| Clock Summary
| -------------
------------------------------------------------------------------------------------------------

Clock           Waveform(ns)         Period(ns)      Frequency(MHz)
-----           ------------         ----------      --------------
i_sys_clk_p     {0.000 2.500}        5.000           200.000         
  clk_out1_pll  {0.000 10.000}       20.000          50.000          
  clk_out2_pll  {0.000 2.857}        5.714           175.000         
  clkfbout_pll  {0.000 10.000}       20.000          50.000          


------------------------------------------------------------------------------------------------
| Intra Clock Table
| -----------------
------------------------------------------------------------------------------------------------

Clock               WNS(ns)      TNS(ns)  TNS Failing Endpoints  TNS Total Endpoints      WHS(ns)      THS(ns)  THS Failing Endpoints  THS Total Endpoints     WPWS(ns)     TPWS(ns)  TPWS Failing Endpoints  TPWS Total Endpoints  
-----               -------      -------  ---------------------  -------------------      -------      -------  ---------------------  -------------------     --------     --------  ----------------------  --------------------  
i_sys_clk_p                                                                                                                                                       1.100        0.000                       0                     1  
  clk_out1_pll       16.323        0.000                      0                  590        0.127        0.000                      0                  590        9.600        0.000                       0                   388  
  clk_out2_pll       -0.161       -2.342                     59                10441        0.069        0.000                      0                10441        2.089        0.000                       0                  5830  
  clkfbout_pll                                                                                                                                                   18.591        0.000                       0                     3  


------------------------------------------------------------------------------------------------
| Inter Clock Table
| -----------------
------------------------------------------------------------------------------------------------

From Clock    To Clock          WNS(ns)      TNS(ns)  TNS Failing Endpoints  TNS Total Endpoints      WHS(ns)      THS(ns)  THS Failing Endpoints  THS Total Endpoints  
----------    --------          -------      -------  ---------------------  -------------------      -------      -------  ---------------------  -------------------  
clk_out2_pll  clk_out1_pll       -0.003       -0.003                      1                   63        0.043        0.000                      0                   63  
clk_out1_pll  clk_out2_pll        0.234        0.000                      0                   64        0.128        0.000                      0                   64  


------------------------------------------------------------------------------------------------
| Other Path Groups Table
| -----------------------
------------------------------------------------------------------------------------------------

Path Group    From Clock    To Clock          WNS(ns)      TNS(ns)  TNS Failing Endpoints  TNS Total Endpoints      WHS(ns)      THS(ns)  THS Failing Endpoints  THS Total Endpoints  
----------    ----------    --------          -------      -------  ---------------------  -------------------      -------      -------  ---------------------  -------------------  


------------------------------------------------------------------------------------------------
| User Ignored Path Table
| -----------------------
------------------------------------------------------------------------------------------------

Path Group    From Clock    To Clock    
----------    ----------    --------    


------------------------------------------------------------------------------------------------
| Unconstrained Path Table
| ------------------------
------------------------------------------------------------------------------------------------

Path Group    From Clock    To Clock    
----------    ----------    --------    
(none)        clk_out1_pll                
(none)        clk_out2_pll                
(none)        clkfbout_pll                
(none)                      clk_out1_pll  


------------------------------------------------------------------------------------------------
| Timing Details
| --------------
------------------------------------------------------------------------------------------------


---------------------------------------------------------------------------------------------------
From Clock:  i_sys_clk_p
  To Clock:  i_sys_clk_p

Setup :           NA  Failing Endpoints,  Worst Slack           NA  ,  Total Violation           NA
Hold  :           NA  Failing Endpoints,  Worst Slack           NA  ,  Total Violation           NA
PW    :            0  Failing Endpoints,  Worst Slack        1.100ns,  Total Violation        0.000ns
---------------------------------------------------------------------------------------------------


Pulse Width Checks
--------------------------------------------------------------------------------------
Clock Name:         i_sys_clk_p
Waveform(ns):       { 0.000 2.500 }
Period(ns):         5.000
Sources:            { i_sys_clk_p }

Check Type        Corner  Lib Pin           Reference Pin  Required(ns)  Actual(ns)  Slack(ns)  Location        Pin
Min Period        n/a     PLLE2_ADV/CLKIN1  n/a            1.071         5.000       3.929      PLLE2_ADV_X1Y1  pll_inst/inst/plle2_adv_inst/CLKIN1
Max Period        n/a     PLLE2_ADV/CLKIN1  n/a            52.633        5.000       47.633     PLLE2_ADV_X1Y1  pll_inst/inst/plle2_adv_inst/CLKIN1
Low Pulse Width   Slow    PLLE2_ADV/CLKIN1  n/a            1.400         2.500       1.100      PLLE2_ADV_X1Y1  pll_inst/inst/plle2_adv_inst/CLKIN1
High Pulse Width  Slow    PLLE2_ADV/CLKIN1  n/a            1.400         2.500       1.100      PLLE2_ADV_X1Y1  pll_inst/inst/plle2_adv_inst/CLKIN1



---------------------------------------------------------------------------------------------------
From Clock:  clk_out1_pll
  To Clock:  clk_out1_pll

Setup :            0  Failing Endpoints,  Worst Slack       16.323ns,  Total Violation        0.000ns
Hold  :            0  Failing Endpoints,  Worst Slack        0.127ns,  Total Violation        0.000ns
PW    :            0  Failing Endpoints,  Worst Slack        9.600ns,  Total Violation        0.000ns
---------------------------------------------------------------------------------------------------


Max Delay Paths
--------------------------------------------------------------------------------------
Slack (MET) :             16.323ns  (required time - arrival time)
  Source:                 uart_inst/rx_data_reg[5]/C
                            (rising edge-triggered cell FDCE clocked by clk_out1_pll  {rise@0.000ns fall@10.000ns period=20.000ns})
  Destination:            twin_controller_inst/status_buffer_reg[2][7]/CE
                            (rising edge-triggered cell FDCE clocked by clk_out1_pll  {rise@0.000ns fall@10.000ns period=20.000ns})
  Path Group:             clk_out1_pll
  Path Type:              Setup (Max at Slow Process Corner)
  Requirement:            20.000ns  (clk_out1_pll rise@20.000ns - clk_out1_pll rise@0.000ns)
  Data Path Delay:        3.437ns  (logic 0.370ns (10.764%)  route 3.067ns (89.236%))
  Logic Levels:           2  (LUT5=1 LUT6=1)
  Clock Path Skew:        0.055ns (DCD - SCD + CPR)
    Destination Clock Delay (DCD):    -1.878ns = ( 18.122 - 20.000 ) 
    Source Clock Delay      (SCD):    -2.380ns
    Clock Pessimism Removal (CPR):    -0.448ns
  Clock Uncertainty:      0.094ns  ((TSJ^2 + DJ^2)^1/2) / 2 + PE
    Total System Jitter     (TSJ):    0.071ns
    Discrete Jitter          (DJ):    0.174ns
    Phase Error              (PE):    0.000ns

    Location             Delay type                Incr(ns)  Path(ns)    Netlist Resource(s)
  -------------------------------------------------------------------    -------------------
                         (clock clk_out1_pll rise edge)
                                                      0.000     0.000 r  
    AD12                                              0.000     0.000 r  i_sys_clk_p (IN)
                         net (fo=0)                   0.000     0.000    pll_inst/inst/clk_in1_p
    AD12                 IBUFDS (Prop_ibufds_I_O)     0.906     0.906 r  pll_inst/inst/clkin1_ibufgds/O
                         net (fo=1, routed)           1.098     2.004    pll_inst/inst/clk_in1_pll
    PLLE2_ADV_X1Y1       PLLE2_ADV (Prop_plle2_adv_CLKIN1_CLKOUT0)
                                                     -8.058    -6.054 r  pll_inst/inst/plle2_adv_inst/CLKOUT0
                         net (fo=1, routed)           2.128    -3.926    pll_inst/inst/clk_out1_pll
    BUFGCTRL_X0Y1        BUFG (Prop_bufg_I_O)         0.093    -3.833 r  pll_inst/inst/clkout1_buf/O
                         net (fo=386, routed)         1.453    -2.380    uart_inst/clk_out1
    SLICE_X37Y114        FDCE                                         r  uart_inst/rx_data_reg[5]/C
  -------------------------------------------------------------------    -------------------
    SLICE_X37Y114        FDCE (Prop_fdce_C_Q)         0.204    -2.176 f  uart_inst/rx_data_reg[5]/Q
                         net (fo=15, routed)          0.824    -1.352    uart_inst/rx_data[5]
    SLICE_X39Y110        LUT6 (Prop_lut6_I0_O)        0.123    -1.229 f  uart_inst/status_buffer[0][6]_i_2/O
                         net (fo=1, routed)           0.360    -0.869    uart_inst/status_buffer[0][6]_i_2_n_0
    SLICE_X39Y110        LUT5 (Prop_lut5_I3_O)        0.043    -0.826 r  uart_inst/status_buffer[0][6]_i_1/O
                         net (fo=134, routed)         1.883     1.057    twin_controller_inst/E[0]
    SLICE_X37Y89         FDCE                                         r  twin_controller_inst/status_buffer_reg[2][7]/CE
  -------------------------------------------------------------------    -------------------

                         (clock clk_out1_pll rise edge)
                                                     20.000    20.000 r  
    AD12                                              0.000    20.000 r  i_sys_clk_p (IN)
                         net (fo=0)                   0.000    20.000    pll_inst/inst/clk_in1_p
    AD12                 IBUFDS (Prop_ibufds_I_O)     0.803    20.803 r  pll_inst/inst/clkin1_ibufgds/O
                         net (fo=1, routed)           1.001    21.804    pll_inst/inst/clk_in1_pll
    PLLE2_ADV_X1Y1       PLLE2_ADV (Prop_plle2_adv_CLKIN1_CLKOUT0)
                                                     -7.261    14.543 r  pll_inst/inst/plle2_adv_inst/CLKOUT0
                         net (fo=1, routed)           2.003    16.546    pll_inst/inst/clk_out1_pll
    BUFGCTRL_X0Y1        BUFG (Prop_bufg_I_O)         0.083    16.629 r  pll_inst/inst/clkout1_buf/O
                         net (fo=386, routed)         1.493    18.122    twin_controller_inst/clk_out1
    SLICE_X37Y89         FDCE                                         r  twin_controller_inst/status_buffer_reg[2][7]/C
                         clock pessimism             -0.448    17.675    
                         clock uncertainty           -0.094    17.581    
    SLICE_X37Y89         FDCE (Setup_fdce_C_CE)      -0.201    17.380    twin_controller_inst/status_buffer_reg[2][7]
  -------------------------------------------------------------------
                         required time                         17.380    
                         arrival time                          -1.057    
  -------------------------------------------------------------------
                         slack                                 16.323    





Min Delay Paths
--------------------------------------------------------------------------------------
Slack (MET) :             0.127ns  (arrival time - required time)
  Source:                 twin_controller_inst/tx_data_reg[7]/C
                            (rising edge-triggered cell FDCE clocked by clk_out1_pll  {rise@0.000ns fall@10.000ns period=20.000ns})
  Destination:            uart_inst/tx_shift_reg[8]/D
                            (rising edge-triggered cell FDPE clocked by clk_out1_pll  {rise@0.000ns fall@10.000ns period=20.000ns})
  Path Group:             clk_out1_pll
  Path Type:              Hold (Min at Fast Process Corner)
  Requirement:            0.000ns  (clk_out1_pll rise@0.000ns - clk_out1_pll rise@0.000ns)
  Data Path Delay:        0.213ns  (logic 0.130ns (60.955%)  route 0.083ns (39.045%))
  Logic Levels:           1  (LUT2=1)
  Clock Path Skew:        0.011ns (DCD - SCD - CPR)
    Destination Clock Delay (DCD):    -0.590ns
    Source Clock Delay      (SCD):    -0.401ns
    Clock Pessimism Removal (CPR):    -0.201ns

    Location             Delay type                Incr(ns)  Path(ns)    Netlist Resource(s)
  -------------------------------------------------------------------    -------------------
                         (clock clk_out1_pll rise edge)
                                                      0.000     0.000 r  
    AD12                                              0.000     0.000 r  i_sys_clk_p (IN)
                         net (fo=0)                   0.000     0.000    pll_inst/inst/clk_in1_p
    AD12                 IBUFDS (Prop_ibufds_I_O)     0.388     0.388 r  pll_inst/inst/clkin1_ibufgds/O
                         net (fo=1, routed)           0.503     0.891    pll_inst/inst/clk_in1_pll
    PLLE2_ADV_X1Y1       PLLE2_ADV (Prop_plle2_adv_CLKIN1_CLKOUT0)
                                                     -2.908    -2.017 r  pll_inst/inst/plle2_adv_inst/CLKOUT0
                         net (fo=1, routed)           0.958    -1.059    pll_inst/inst/clk_out1_pll
    BUFGCTRL_X0Y1        BUFG (Prop_bufg_I_O)         0.026    -1.033 r  pll_inst/inst/clkout1_buf/O
                         net (fo=386, routed)         0.632    -0.401    twin_controller_inst/clk_out1
    SLICE_X37Y106        FDCE                                         r  twin_controller_inst/tx_data_reg[7]/C
  -------------------------------------------------------------------    -------------------
    SLICE_X37Y106        FDCE (Prop_fdce_C_Q)         0.100    -0.301 r  twin_controller_inst/tx_data_reg[7]/Q
                         net (fo=1, routed)           0.083    -0.217    uart_inst/tx_shift_reg[8]_0[7]
    SLICE_X36Y106        LUT2 (Prop_lut2_I1_O)        0.030    -0.187 r  uart_inst/tx_shift[8]_i_2/O
                         net (fo=1, routed)           0.000    -0.187    uart_inst/tx_shift0_in[8]
    SLICE_X36Y106        FDPE                                         r  uart_inst/tx_shift_reg[8]/D
  -------------------------------------------------------------------    -------------------

                         (clock clk_out1_pll rise edge)
                                                      0.000     0.000 r  
    AD12                                              0.000     0.000 r  i_sys_clk_p (IN)
                         net (fo=0)                   0.000     0.000    pll_inst/inst/clk_in1_p
    AD12                 IBUFDS (Prop_ibufds_I_O)     0.470     0.470 r  pll_inst/inst/clkin1_ibufgds/O
                         net (fo=1, routed)           0.554     1.024    pll_inst/inst/clk_in1_pll
    PLLE2_ADV_X1Y1       PLLE2_ADV (Prop_plle2_adv_CLKIN1_CLKOUT0)
                                                     -3.524    -2.500 r  pll_inst/inst/plle2_adv_inst/CLKOUT0
                         net (fo=1, routed)           1.027    -1.473    pll_inst/inst/clk_out1_pll
    BUFGCTRL_X0Y1        BUFG (Prop_bufg_I_O)         0.030    -1.443 r  pll_inst/inst/clkout1_buf/O
                         net (fo=386, routed)         0.853    -0.590    uart_inst/clk_out1
    SLICE_X36Y106        FDPE                                         r  uart_inst/tx_shift_reg[8]/C
                         clock pessimism              0.201    -0.390    
    SLICE_X36Y106        FDPE (Hold_fdpe_C_D)         0.075    -0.315    uart_inst/tx_shift_reg[8]
  -------------------------------------------------------------------
                         required time                          0.315    
                         arrival time                          -0.187    
  -------------------------------------------------------------------
                         slack                                  0.127    





Pulse Width Checks
--------------------------------------------------------------------------------------
Clock Name:         clk_out1_pll
Waveform(ns):       { 0.000 10.000 }
Period(ns):         20.000
Sources:            { pll_inst/inst/plle2_adv_inst/CLKOUT0 }

Check Type        Corner  Lib Pin            Reference Pin  Required(ns)  Actual(ns)  Slack(ns)  Location        Pin
Min Period        n/a     BUFG/I             n/a            1.408         20.000      18.591     BUFGCTRL_X0Y1   pll_inst/inst/clkout1_buf/I
Max Period        n/a     PLLE2_ADV/CLKOUT0  n/a            160.000       20.000      140.000    PLLE2_ADV_X1Y1  pll_inst/inst/plle2_adv_inst/CLKOUT0
Low Pulse Width   Slow    FDRE/C             n/a            0.400         10.000      9.600      SLICE_X42Y116   student_top_inst/bridge_inst/counter_inst/cnt_enable_cnt_d2_reg/C
High Pulse Width  Slow    FDRE/C             n/a            0.350         10.000      9.650      SLICE_X36Y117   student_top_inst/bridge_inst/counter_inst/cnt_1ms_reg[0]/C



---------------------------------------------------------------------------------------------------
From Clock:  clk_out2_pll
  To Clock:  clk_out2_pll

Setup :           59  Failing Endpoints,  Worst Slack       -0.161ns,  Total Violation       -2.342ns
Hold  :            0  Failing Endpoints,  Worst Slack        0.069ns,  Total Violation        0.000ns
PW    :            0  Failing Endpoints,  Worst Slack        2.089ns,  Total Violation        0.000ns
---------------------------------------------------------------------------------------------------


Max Delay Paths
--------------------------------------------------------------------------------------
Slack (VIOLATED) :        -0.161ns  (required time - arrival time)
  Source:                 student_top_inst/u_KLDJ_top/u_pipe_ex_mem/ex_mem_exu_op_reg[0]/C
                            (rising edge-triggered cell FDRE clocked by clk_out2_pll  {rise@0.000ns fall@2.857ns period=5.714ns})
  Destination:            student_top_inst/u_KLDJ_top/ifu0/pc_reg_reg[2]/D
                            (rising edge-triggered cell FDRE clocked by clk_out2_pll  {rise@0.000ns fall@2.857ns period=5.714ns})
  Path Group:             clk_out2_pll
  Path Type:              Setup (Max at Slow Process Corner)
  Requirement:            5.714ns  (clk_out2_pll rise@5.714ns - clk_out2_pll rise@0.000ns)
  Data Path Delay:        5.595ns  (logic 1.219ns (21.788%)  route 4.376ns (78.212%))
  Logic Levels:           13  (CARRY4=2 LUT3=2 LUT5=4 LUT6=4 MUXF7=1)
  Clock Path Skew:        -0.114ns (DCD - SCD + CPR)
    Destination Clock Delay (DCD):    -1.950ns = ( 3.765 - 5.714 ) 
    Source Clock Delay      (SCD):    -2.208ns
    Clock Pessimism Removal (CPR):    -0.373ns
  Clock Uncertainty:      0.077ns  ((TSJ^2 + DJ^2)^1/2) / 2 + PE
    Total System Jitter     (TSJ):    0.071ns
    Discrete Jitter          (DJ):    0.137ns
    Phase Error              (PE):    0.000ns

    Location             Delay type                Incr(ns)  Path(ns)    Netlist Resource(s)
  -------------------------------------------------------------------    -------------------
                         (clock clk_out2_pll rise edge)
                                                      0.000     0.000 r  
    AD12                                              0.000     0.000 r  i_sys_clk_p (IN)
                         net (fo=0)                   0.000     0.000    pll_inst/inst/clk_in1_p
    AD12                 IBUFDS (Prop_ibufds_I_O)     0.906     0.906 r  pll_inst/inst/clkin1_ibufgds/O
                         net (fo=1, routed)           1.098     2.004    pll_inst/inst/clk_in1_pll
    PLLE2_ADV_X1Y1       PLLE2_ADV (Prop_plle2_adv_CLKIN1_CLKOUT1)
                                                     -8.058    -6.054 r  pll_inst/inst/plle2_adv_inst/CLKOUT1
                         net (fo=1, routed)           2.128    -3.926    pll_inst/inst/clk_out2_pll
    BUFGCTRL_X0Y0        BUFG (Prop_bufg_I_O)         0.093    -3.833 r  pll_inst/inst/clkout2_buf/O
                         net (fo=5828, routed)        1.625    -2.208    student_top_inst/u_KLDJ_top/u_pipe_ex_mem/clk_out2
    SLICE_X43Y62         FDRE                                         r  student_top_inst/u_KLDJ_top/u_pipe_ex_mem/ex_mem_exu_op_reg[0]/C
  -------------------------------------------------------------------    -------------------
    SLICE_X43Y62         FDRE (Prop_fdre_C_Q)         0.223    -1.985 f  student_top_inst/u_KLDJ_top/u_pipe_ex_mem/ex_mem_exu_op_reg[0]/Q
                         net (fo=2, routed)           0.443    -1.542    student_top_inst/u_KLDJ_top/u_pipe_ex_mem/ex_mem_exu_op[0]
    SLICE_X44Y61         LUT6 (Prop_lut6_I0_O)        0.043    -1.499 f  student_top_inst/u_KLDJ_top/u_pipe_ex_mem/rs1_q[31]_i_14/O
                         net (fo=1, routed)           0.178    -1.321    student_top_inst/u_KLDJ_top/u_pipe_ex_mem/rs1_q[31]_i_14_n_0
    SLICE_X45Y60         LUT3 (Prop_lut3_I2_O)        0.043    -1.278 r  student_top_inst/u_KLDJ_top/u_pipe_ex_mem/rs1_q[31]_i_6/O
                         net (fo=2, routed)           0.205    -1.073    student_top_inst/u_KLDJ_top/u_pipe_ex_mem/ex_mem_forward_valid
    SLICE_X48Y60         LUT6 (Prop_lut6_I1_O)        0.043    -1.030 r  student_top_inst/u_KLDJ_top/u_pipe_ex_mem/rs2_q[4]_i_2/O
                         net (fo=39, routed)          0.651    -0.379    student_top_inst/u_KLDJ_top/u_pipe_ex_mem/id_ex_rs2_ren_reg
    SLICE_X51Y63         LUT5 (Prop_lut5_I1_O)        0.043    -0.336 r  student_top_inst/u_KLDJ_top/u_pipe_ex_mem/rs2_q[17]_i_2/O
                         net (fo=5, routed)           0.111    -0.225    student_top_inst/u_KLDJ_top/u_pipe_id_ex/LED_reg[17]
    SLICE_X51Y63         LUT3 (Prop_lut3_I2_O)        0.043    -0.182 r  student_top_inst/u_KLDJ_top/u_pipe_id_ex/rs2_q[17]_i_1/O
                         net (fo=13, routed)          0.746     0.564    student_top_inst/u_KLDJ_top/u_pipe_id_ex/ex_data2[17]
    SLICE_X49Y68         LUT6 (Prop_lut6_I2_O)        0.043     0.607 r  student_top_inst/u_KLDJ_top/u_pipe_id_ex/ghr[0]_i_22/O
                         net (fo=1, routed)           0.000     0.607    student_top_inst/u_KLDJ_top/u_pipe_id_ex/ghr[0]_i_22_n_0
    SLICE_X49Y68         CARRY4 (Prop_carry4_S[1]_CO[3])
                                                      0.267     0.874 r  student_top_inst/u_KLDJ_top/u_pipe_id_ex/ghr_reg[0]_i_11/CO[3]
                         net (fo=1, routed)           0.000     0.874    student_top_inst/u_KLDJ_top/u_pipe_id_ex/ghr_reg[0]_i_11_n_0
    SLICE_X49Y69         CARRY4 (Prop_carry4_CI_CO[2])
                                                      0.110     0.984 f  student_top_inst/u_KLDJ_top/u_pipe_id_ex/ghr_reg[0]_i_8/CO[2]
                         net (fo=1, routed)           0.349     1.333    student_top_inst/u_KLDJ_top/u_pipe_id_ex/ghr_reg[0]_i_8_n_1
    SLICE_X48Y69         LUT5 (Prop_lut5_I0_O)        0.129     1.462 f  student_top_inst/u_KLDJ_top/u_pipe_id_ex/ghr[0]_i_6/O
                         net (fo=1, routed)           0.241     1.703    student_top_inst/u_KLDJ_top/u_pipe_id_ex/ghr[0]_i_6_n_0
    SLICE_X45Y69         LUT5 (Prop_lut5_I1_O)        0.043     1.746 r  student_top_inst/u_KLDJ_top/u_pipe_id_ex/ghr[0]_i_4/O
                         net (fo=67, routed)          0.623     2.369    student_top_inst/u_KLDJ_top/u_pipe_id_ex/ghr[0]_i_4_n_0
    SLICE_X46Y78         LUT5 (Prop_lut5_I2_O)        0.043     2.412 r  student_top_inst/u_KLDJ_top/u_pipe_id_ex/pc_reg[2]_i_4/O
                         net (fo=1, routed)           0.468     2.880    student_top_inst/u_KLDJ_top/u_pipe_id_ex/pc_reg[2]_i_4_n_0
    SLICE_X50Y79         LUT6 (Prop_lut6_I0_O)        0.043     2.923 r  student_top_inst/u_KLDJ_top/u_pipe_id_ex/pc_reg[2]_i_3/O
                         net (fo=1, routed)           0.000     2.923    student_top_inst/u_KLDJ_top/u_pipe_id_ex/redirect_pc[2]
    SLICE_X50Y79         MUXF7 (Prop_muxf7_I1_O)      0.103     3.026 r  student_top_inst/u_KLDJ_top/u_pipe_id_ex/pc_reg_reg[2]_i_1/O
                         net (fo=1, routed)           0.360     3.386    student_top_inst/u_KLDJ_top/ifu0/pc_reg_reg[31]_1[2]
    SLICE_X50Y79         FDRE                                         r  student_top_inst/u_KLDJ_top/ifu0/pc_reg_reg[2]/D
  -------------------------------------------------------------------    -------------------

                         (clock clk_out2_pll rise edge)
                                                      5.714     5.714 r  
    AD12                                              0.000     5.714 r  i_sys_clk_p (IN)
                         net (fo=0)                   0.000     5.714    pll_inst/inst/clk_in1_p
    AD12                 IBUFDS (Prop_ibufds_I_O)     0.803     6.518 r  pll_inst/inst/clkin1_ibufgds/O
                         net (fo=1, routed)           1.001     7.519    pll_inst/inst/clk_in1_pll
    PLLE2_ADV_X1Y1       PLLE2_ADV (Prop_plle2_adv_CLKIN1_CLKOUT1)
                                                     -7.261     0.258 r  pll_inst/inst/plle2_adv_inst/CLKOUT1
                         net (fo=1, routed)           2.003     2.261    pll_inst/inst/clk_out2_pll
    BUFGCTRL_X0Y0        BUFG (Prop_bufg_I_O)         0.083     2.344 r  pll_inst/inst/clkout2_buf/O
                         net (fo=5828, routed)        1.421     3.765    student_top_inst/u_KLDJ_top/ifu0/clk_out2
    SLICE_X50Y79         FDRE                                         r  student_top_inst/u_KLDJ_top/ifu0/pc_reg_reg[2]/C
                         clock pessimism             -0.373     3.392    
                         clock uncertainty           -0.077     3.315    
    SLICE_X50Y79         FDRE (Setup_fdre_C_D)       -0.090     3.225    student_top_inst/u_KLDJ_top/ifu0/pc_reg_reg[2]
  -------------------------------------------------------------------
                         required time                          3.225    
                         arrival time                          -3.386    
  -------------------------------------------------------------------
                         slack                                 -0.161    





Min Delay Paths
--------------------------------------------------------------------------------------
Slack (MET) :             0.069ns  (arrival time - required time)
  Source:                 student_top_inst/u_KLDJ_top/exu2/u_div_ip_wrapper/u_div_gen_u32/U0/i_synth/i_nonzero_fract.i_synth/i_algo_r2_or_lutmult.i_nonzero_fract.i_sdivider/i_sdivider.divider_blk/div_loop[22].adder_gen.reg_req.adsu_mod/add1/no_pipelining.the_addsub/i_q_simple.qreg/opt_has_pipe.first_q_reg[14]/C
                            (rising edge-triggered cell FDRE clocked by clk_out2_pll  {rise@0.000ns fall@2.857ns period=5.714ns})
  Destination:            student_top_inst/u_KLDJ_top/exu2/u_div_ip_wrapper/u_div_gen_u32/U0/i_synth/i_nonzero_fract.i_synth/i_algo_r2_or_lutmult.i_nonzero_fract.i_sdivider/i_sdivider.divider_blk/div_loop[23].adder_gen.reg_req.adsu_mod/add1/no_pipelining.the_addsub/i_q_simple.qreg/opt_has_pipe.first_q_reg[15]/D
                            (rising edge-triggered cell FDRE clocked by clk_out2_pll  {rise@0.000ns fall@2.857ns period=5.714ns})
  Path Group:             clk_out2_pll
  Path Type:              Hold (Min at Fast Process Corner)
  Requirement:            0.000ns  (clk_out2_pll rise@0.000ns - clk_out2_pll rise@0.000ns)
  Data Path Delay:        0.404ns  (logic 0.177ns (43.843%)  route 0.227ns (56.157%))
  Logic Levels:           2  (CARRY4=1 LUT3=1)
  Clock Path Skew:        0.264ns (DCD - SCD - CPR)
    Destination Clock Delay (DCD):    -0.591ns
    Source Clock Delay      (SCD):    -0.453ns
    Clock Pessimism Removal (CPR):    -0.403ns

    Location             Delay type                Incr(ns)  Path(ns)    Netlist Resource(s)
  -------------------------------------------------------------------    -------------------
                         (clock clk_out2_pll rise edge)
                                                      0.000     0.000 r  
    AD12                                              0.000     0.000 r  i_sys_clk_p (IN)
                         net (fo=0)                   0.000     0.000    pll_inst/inst/clk_in1_p
    AD12                 IBUFDS (Prop_ibufds_I_O)     0.388     0.388 r  pll_inst/inst/clkin1_ibufgds/O
                         net (fo=1, routed)           0.503     0.891    pll_inst/inst/clk_in1_pll
    PLLE2_ADV_X1Y1       PLLE2_ADV (Prop_plle2_adv_CLKIN1_CLKOUT1)
                                                     -2.908    -2.017 r  pll_inst/inst/plle2_adv_inst/CLKOUT1
                         net (fo=1, routed)           0.958    -1.059    pll_inst/inst/clk_out2_pll
    BUFGCTRL_X0Y0        BUFG (Prop_bufg_I_O)         0.026    -1.033 r  pll_inst/inst/clkout2_buf/O
                         net (fo=5828, routed)        0.580    -0.453    student_top_inst/u_KLDJ_top/exu2/u_div_ip_wrapper/u_div_gen_u32/U0/i_synth/i_nonzero_fract.i_synth/i_algo_r2_or_lutmult.i_nonzero_fract.i_sdivider/i_sdivider.divider_blk/div_loop[22].adder_gen.reg_req.adsu_mod/add1/no_pipelining.the_addsub/i_q_simple.qreg/aclk
    SLICE_X39Y150        FDRE                                         r  student_top_inst/u_KLDJ_top/exu2/u_div_ip_wrapper/u_div_gen_u32/U0/i_synth/i_nonzero_fract.i_synth/i_algo_r2_or_lutmult.i_nonzero_fract.i_sdivider/i_sdivider.divider_blk/div_loop[22].adder_gen.reg_req.adsu_mod/add1/no_pipelining.the_addsub/i_q_simple.qreg/opt_has_pipe.first_q_reg[14]/C
  -------------------------------------------------------------------    -------------------
    SLICE_X39Y150        FDRE (Prop_fdre_C_Q)         0.100    -0.353 r  student_top_inst/u_KLDJ_top/exu2/u_div_ip_wrapper/u_div_gen_u32/U0/i_synth/i_nonzero_fract.i_synth/i_algo_r2_or_lutmult.i_nonzero_fract.i_sdivider/i_sdivider.divider_blk/div_loop[22].adder_gen.reg_req.adsu_mod/add1/no_pipelining.the_addsub/i_q_simple.qreg/opt_has_pipe.first_q_reg[14]/Q
                         net (fo=2, routed)           0.227    -0.126    student_top_inst/u_KLDJ_top/exu2/u_div_ip_wrapper/u_div_gen_u32/U0/i_synth/i_nonzero_fract.i_synth/i_algo_r2_or_lutmult.i_nonzero_fract.i_sdivider/i_sdivider.divider_blk/div_loop[23].adder_gen.reg_req.adsu_mod/add1/no_pipelining.the_addsub/i_simple_model.carrymux0_1[14]
    SLICE_X40Y149        LUT3 (Prop_lut3_I2_O)        0.028    -0.098 r  student_top_inst/u_KLDJ_top/exu2/u_div_ip_wrapper/u_div_gen_u32/U0/i_synth/i_nonzero_fract.i_synth/i_algo_r2_or_lutmult.i_nonzero_fract.i_sdivider/i_sdivider.divider_blk/div_loop[23].adder_gen.reg_req.adsu_mod/add1/no_pipelining.the_addsub/i_simple_model.i_gt_1.carrychaingen[15].carrymux_i_1/O
                         net (fo=1, routed)           0.000    -0.098    student_top_inst/u_KLDJ_top/exu2/u_div_ip_wrapper/u_div_gen_u32/U0/i_synth/i_nonzero_fract.i_synth/i_algo_r2_or_lutmult.i_nonzero_fract.i_sdivider/i_sdivider.divider_blk/div_loop[23].adder_gen.reg_req.adsu_mod/add1/no_pipelining.the_addsub/i_simple_model.halfsum[15]
    SLICE_X40Y149        CARRY4 (Prop_carry4_S[3]_O[3])
                                                      0.049    -0.049 r  student_top_inst/u_KLDJ_top/exu2/u_div_ip_wrapper/u_div_gen_u32/U0/i_synth/i_nonzero_fract.i_synth/i_algo_r2_or_lutmult.i_nonzero_fract.i_sdivider/i_sdivider.divider_blk/div_loop[23].adder_gen.reg_req.adsu_mod/add1/no_pipelining.the_addsub/i_simple_model.i_gt_1.carrychaingen[12].carrymux_CARRY4/O[3]
                         net (fo=1, routed)           0.000    -0.049    student_top_inst/u_KLDJ_top/exu2/u_div_ip_wrapper/u_div_gen_u32/U0/i_synth/i_nonzero_fract.i_synth/i_algo_r2_or_lutmult.i_nonzero_fract.i_sdivider/i_sdivider.divider_blk/div_loop[23].adder_gen.reg_req.adsu_mod/add1/no_pipelining.the_addsub/i_q_simple.qreg/D[15]
    SLICE_X40Y149        FDRE                                         r  student_top_inst/u_KLDJ_top/exu2/u_div_ip_wrapper/u_div_gen_u32/U0/i_synth/i_nonzero_fract.i_synth/i_algo_r2_or_lutmult.i_nonzero_fract.i_sdivider/i_sdivider.divider_blk/div_loop[23].adder_gen.reg_req.adsu_mod/add1/no_pipelining.the_addsub/i_q_simple.qreg/opt_has_pipe.first_q_reg[15]/D
  -------------------------------------------------------------------    -------------------

                         (clock clk_out2_pll rise edge)
                                                      0.000     0.000 r  
    AD12                                              0.000     0.000 r  i_sys_clk_p (IN)
                         net (fo=0)                   0.000     0.000    pll_inst/inst/clk_in1_p
    AD12                 IBUFDS (Prop_ibufds_I_O)     0.470     0.470 r  pll_inst/inst/clkin1_ibufgds/O
                         net (fo=1, routed)           0.554     1.024    pll_inst/inst/clk_in1_pll
    PLLE2_ADV_X1Y1       PLLE2_ADV (Prop_plle2_adv_CLKIN1_CLKOUT1)
                                                     -3.524    -2.500 r  pll_inst/inst/plle2_adv_inst/CLKOUT1
                         net (fo=1, routed)           1.027    -1.473    pll_inst/inst/clk_out2_pll
    BUFGCTRL_X0Y0        BUFG (Prop_bufg_I_O)         0.030    -1.443 r  pll_inst/inst/clkout2_buf/O
                         net (fo=5828, routed)        0.852    -0.591    student_top_inst/u_KLDJ_top/exu2/u_div_ip_wrapper/u_div_gen_u32/U0/i_synth/i_nonzero_fract.i_synth/i_algo_r2_or_lutmult.i_nonzero_fract.i_sdivider/i_sdivider.divider_blk/div_loop[23].adder_gen.reg_req.adsu_mod/add1/no_pipelining.the_addsub/i_q_simple.qreg/aclk
    SLICE_X40Y149        FDRE                                         r  student_top_inst/u_KLDJ_top/exu2/u_div_ip_wrapper/u_div_gen_u32/U0/i_synth/i_nonzero_fract.i_synth/i_algo_r2_or_lutmult.i_nonzero_fract.i_sdivider/i_sdivider.divider_blk/div_loop[23].adder_gen.reg_req.adsu_mod/add1/no_pipelining.the_addsub/i_q_simple.qreg/opt_has_pipe.first_q_reg[15]/C
                         clock pessimism              0.403    -0.189    
    SLICE_X40Y149        FDRE (Hold_fdre_C_D)         0.071    -0.118    student_top_inst/u_KLDJ_top/exu2/u_div_ip_wrapper/u_div_gen_u32/U0/i_synth/i_nonzero_fract.i_synth/i_algo_r2_or_lutmult.i_nonzero_fract.i_sdivider/i_sdivider.divider_blk/div_loop[23].adder_gen.reg_req.adsu_mod/add1/no_pipelining.the_addsub/i_q_simple.qreg/opt_has_pipe.first_q_reg[15]
  -------------------------------------------------------------------
                         required time                          0.118    
                         arrival time                          -0.049    
  -------------------------------------------------------------------
                         slack                                  0.069    





Pulse Width Checks
--------------------------------------------------------------------------------------
Clock Name:         clk_out2_pll
Waveform(ns):       { 0.000 2.857 }
Period(ns):         5.714
Sources:            { pll_inst/inst/plle2_adv_inst/CLKOUT1 }

Check Type        Corner  Lib Pin            Reference Pin  Required(ns)  Actual(ns)  Slack(ns)  Location        Pin
Min Period        n/a     DSP48E1/CLK        n/a            2.772         5.714       2.942      DSP48_X1Y43     student_top_inst/u_KLDJ_top/exu2/u_mul_ip_wrapper/u_mult_gen_u33/U0/i_mult/gDSP.gDSP_only.iDSP/use_prim.appDSP[0].bppDSP[1].use_dsp.use_dsp48e1.iDSP48E1/CLK
Max Period        n/a     PLLE2_ADV/CLKOUT1  n/a            160.000       5.714       154.286    PLLE2_ADV_X1Y1  pll_inst/inst/plle2_adv_inst/CLKOUT1
Low Pulse Width   Slow    RAMD64E/CLK        n/a            0.768         2.857       2.089      SLICE_X46Y75    student_top_inst/u_KLDJ_top/u_bpu/u_gshare_btb_core/btb_tag_reg_0_63_0_2/RAMA/CLK
High Pulse Width  Slow    RAMD64E/CLK        n/a            0.768         2.857       2.089      SLICE_X46Y75    student_top_inst/u_KLDJ_top/u_bpu/u_gshare_btb_core/btb_tag_reg_0_63_0_2/RAMA/CLK



---------------------------------------------------------------------------------------------------
From Clock:  clkfbout_pll
  To Clock:  clkfbout_pll

Setup :           NA  Failing Endpoints,  Worst Slack           NA  ,  Total Violation           NA
Hold  :           NA  Failing Endpoints,  Worst Slack           NA  ,  Total Violation           NA
PW    :            0  Failing Endpoints,  Worst Slack       18.591ns,  Total Violation        0.000ns
---------------------------------------------------------------------------------------------------


Pulse Width Checks
--------------------------------------------------------------------------------------
Clock Name:         clkfbout_pll
Waveform(ns):       { 0.000 10.000 }
Period(ns):         20.000
Sources:            { pll_inst/inst/plle2_adv_inst/CLKFBOUT }

Check Type  Corner  Lib Pin            Reference Pin  Required(ns)  Actual(ns)  Slack(ns)  Location        Pin
Min Period  n/a     BUFG/I             n/a            1.408         20.000      18.591     BUFGCTRL_X0Y2   pll_inst/inst/clkf_buf/I
Max Period  n/a     PLLE2_ADV/CLKFBIN  n/a            52.633        20.000      32.633     PLLE2_ADV_X1Y1  pll_inst/inst/plle2_adv_inst/CLKFBIN



---------------------------------------------------------------------------------------------------
From Clock:  clk_out2_pll
  To Clock:  clk_out1_pll

Setup :            1  Failing Endpoint ,  Worst Slack       -0.003ns,  Total Violation       -0.003ns
Hold  :            0  Failing Endpoints,  Worst Slack        0.043ns,  Total Violation        0.000ns
---------------------------------------------------------------------------------------------------


Max Delay Paths
--------------------------------------------------------------------------------------
Slack (VIOLATED) :        -0.003ns  (required time - arrival time)
  Source:                 student_top_inst/bridge_inst/seg_driver/count_reg[4]/C
                            (rising edge-triggered cell FDCE clocked by clk_out2_pll  {rise@0.000ns fall@2.857ns period=5.714ns})
  Destination:            twin_controller_inst/status_buffer_reg[0][0]/D
                            (rising edge-triggered cell FDCE clocked by clk_out1_pll  {rise@0.000ns fall@10.000ns period=20.000ns})
  Path Group:             clk_out1_pll
  Path Type:              Setup (Max at Slow Process Corner)
  Requirement:            2.857ns  (clk_out1_pll rise@20.000ns - clk_out2_pll rise@17.143ns)
  Data Path Delay:        2.180ns  (logic 0.371ns (17.016%)  route 1.809ns (82.984%))
  Logic Levels:           2  (LUT3=1 LUT6=1)
  Clock Path Skew:        -0.444ns (DCD - SCD + CPR)
    Destination Clock Delay (DCD):    -2.050ns = ( 17.950 - 20.000 ) 
    Source Clock Delay      (SCD):    -2.203ns = ( 14.939 - 17.143 ) 
    Clock Pessimism Removal (CPR):    -0.598ns
  Clock Uncertainty:      0.214ns  ((TSJ^2 + DJ^2)^1/2) / 2 + PE
    Total System Jitter     (TSJ):    0.071ns
    Discrete Jitter          (DJ):    0.174ns
    Phase Error              (PE):    0.120ns

    Location             Delay type                Incr(ns)  Path(ns)    Netlist Resource(s)
  -------------------------------------------------------------------    -------------------
                         (clock clk_out2_pll rise edge)
                                                     17.143    17.143 r  
    AD12                                              0.000    17.143 r  i_sys_clk_p (IN)
                         net (fo=0)                   0.000    17.143    pll_inst/inst/clk_in1_p
    AD12                 IBUFDS (Prop_ibufds_I_O)     0.906    18.048 r  pll_inst/inst/clkin1_ibufgds/O
                         net (fo=1, routed)           1.098    19.146    pll_inst/inst/clk_in1_pll
    PLLE2_ADV_X1Y1       PLLE2_ADV (Prop_plle2_adv_CLKIN1_CLKOUT1)
                                                     -8.058    11.088 r  pll_inst/inst/plle2_adv_inst/CLKOUT1
                         net (fo=1, routed)           2.128    13.216    pll_inst/inst/clk_out2_pll
    BUFGCTRL_X0Y0        BUFG (Prop_bufg_I_O)         0.093    13.309 r  pll_inst/inst/clkout2_buf/O
                         net (fo=5828, routed)        1.630    14.939    student_top_inst/bridge_inst/seg_driver/clk_out2
    SLICE_X36Y90         FDCE                                         r  student_top_inst/bridge_inst/seg_driver/count_reg[4]/C
  -------------------------------------------------------------------    -------------------
    SLICE_X36Y90         FDCE (Prop_fdce_C_Q)         0.204    15.143 r  student_top_inst/bridge_inst/seg_driver/count_reg[4]/Q
                         net (fo=49, routed)          0.864    16.008    student_top_inst/bridge_inst/seg_driver/Q[0]
    SLICE_X39Y109        LUT3 (Prop_lut3_I1_O)        0.124    16.132 r  student_top_inst/bridge_inst/seg_driver/virtual_seg_OBUF[3]_inst_i_2/O
                         net (fo=3, routed)           0.411    16.543    student_top_inst/bridge_inst/seg_driver/virtual_seg_OBUF[3]_inst_i_2_n_0
    SLICE_X40Y110        LUT6 (Prop_lut6_I5_O)        0.043    16.586 r  student_top_inst/bridge_inst/seg_driver/virtual_seg_OBUF[0]_inst_i_1/O
                         net (fo=2, routed)           0.534    17.120    twin_controller_inst/virtual_seg_OBUF[0]
    SLICE_X41Y110        FDCE                                         r  twin_controller_inst/status_buffer_reg[0][0]/D
  -------------------------------------------------------------------    -------------------

                         (clock clk_out1_pll rise edge)
                                                     20.000    20.000 r  
    AD12                                              0.000    20.000 r  i_sys_clk_p (IN)
                         net (fo=0)                   0.000    20.000    pll_inst/inst/clk_in1_p
    AD12                 IBUFDS (Prop_ibufds_I_O)     0.803    20.803 r  pll_inst/inst/clkin1_ibufgds/O
                         net (fo=1, routed)           1.001    21.804    pll_inst/inst/clk_in1_pll
    PLLE2_ADV_X1Y1       PLLE2_ADV (Prop_plle2_adv_CLKIN1_CLKOUT0)
                                                     -7.261    14.543 r  pll_inst/inst/plle2_adv_inst/CLKOUT0
                         net (fo=1, routed)           2.003    16.546    pll_inst/inst/clk_out1_pll
    BUFGCTRL_X0Y1        BUFG (Prop_bufg_I_O)         0.083    16.629 r  pll_inst/inst/clkout1_buf/O
                         net (fo=386, routed)         1.321    17.950    twin_controller_inst/clk_out1
    SLICE_X41Y110        FDCE                                         r  twin_controller_inst/status_buffer_reg[0][0]/C
                         clock pessimism             -0.598    17.353    
                         clock uncertainty           -0.214    17.139    
    SLICE_X41Y110        FDCE (Setup_fdce_C_D)       -0.022    17.117    twin_controller_inst/status_buffer_reg[0][0]
  -------------------------------------------------------------------
                         required time                         17.117    
                         arrival time                         -17.120    
  -------------------------------------------------------------------
                         slack                                 -0.003    





Min Delay Paths
--------------------------------------------------------------------------------------
Slack (MET) :             0.043ns  (arrival time - required time)
  Source:                 student_top_inst/bridge_inst/LED_reg[5]/C
                            (rising edge-triggered cell FDRE clocked by clk_out2_pll  {rise@0.000ns fall@2.857ns period=5.714ns})
  Destination:            twin_controller_inst/status_buffer_reg[14][5]/D
                            (rising edge-triggered cell FDCE clocked by clk_out1_pll  {rise@0.000ns fall@10.000ns period=20.000ns})
  Path Group:             clk_out1_pll
  Path Type:              Hold (Min at Fast Process Corner)
  Requirement:            0.000ns  (clk_out1_pll rise@0.000ns - clk_out2_pll rise@0.000ns)
  Data Path Delay:        0.543ns  (logic 0.118ns (21.725%)  route 0.425ns (78.275%))
  Logic Levels:           0  
  Clock Path Skew:        0.248ns (DCD - SCD - CPR)
    Destination Clock Delay (DCD):    -0.591ns
    Source Clock Delay      (SCD):    -0.356ns
    Clock Pessimism Removal (CPR):    -0.484ns
  Clock Uncertainty:      0.214ns  ((TSJ^2 + DJ^2)^1/2) / 2 + PE
    Total System Jitter     (TSJ):    0.071ns
    Discrete Jitter          (DJ):    0.174ns
    Phase Error              (PE):    0.120ns

    Location             Delay type                Incr(ns)  Path(ns)    Netlist Resource(s)
  -------------------------------------------------------------------    -------------------
                         (clock clk_out2_pll rise edge)
                                                      0.000     0.000 r  
    AD12                                              0.000     0.000 r  i_sys_clk_p (IN)
                         net (fo=0)                   0.000     0.000    pll_inst/inst/clk_in1_p
    AD12                 IBUFDS (Prop_ibufds_I_O)     0.388     0.388 r  pll_inst/inst/clkin1_ibufgds/O
                         net (fo=1, routed)           0.503     0.891    pll_inst/inst/clk_in1_pll
    PLLE2_ADV_X1Y1       PLLE2_ADV (Prop_plle2_adv_CLKIN1_CLKOUT1)
                                                     -2.908    -2.017 r  pll_inst/inst/plle2_adv_inst/CLKOUT1
                         net (fo=1, routed)           0.958    -1.059    pll_inst/inst/clk_out2_pll
    BUFGCTRL_X0Y0        BUFG (Prop_bufg_I_O)         0.026    -1.033 r  pll_inst/inst/clkout2_buf/O
                         net (fo=5828, routed)        0.677    -0.356    student_top_inst/bridge_inst/clk_out2
    SLICE_X38Y68         FDRE                                         r  student_top_inst/bridge_inst/LED_reg[5]/C
  -------------------------------------------------------------------    -------------------
    SLICE_X38Y68         FDRE (Prop_fdre_C_Q)         0.118    -0.238 r  student_top_inst/bridge_inst/LED_reg[5]/Q
                         net (fo=1, routed)           0.425     0.188    twin_controller_inst/status_buffer_reg[17][7]_0[5]
    SLICE_X39Y101        FDCE                                         r  twin_controller_inst/status_buffer_reg[14][5]/D
  -------------------------------------------------------------------    -------------------

                         (clock clk_out1_pll rise edge)
                                                      0.000     0.000 r  
    AD12                                              0.000     0.000 r  i_sys_clk_p (IN)
                         net (fo=0)                   0.000     0.000    pll_inst/inst/clk_in1_p
    AD12                 IBUFDS (Prop_ibufds_I_O)     0.470     0.470 r  pll_inst/inst/clkin1_ibufgds/O
                         net (fo=1, routed)           0.554     1.024    pll_inst/inst/clk_in1_pll
    PLLE2_ADV_X1Y1       PLLE2_ADV (Prop_plle2_adv_CLKIN1_CLKOUT0)
                                                     -3.524    -2.500 r  pll_inst/inst/plle2_adv_inst/CLKOUT0
                         net (fo=1, routed)           1.027    -1.473    pll_inst/inst/clk_out1_pll
    BUFGCTRL_X0Y1        BUFG (Prop_bufg_I_O)         0.030    -1.443 r  pll_inst/inst/clkout1_buf/O
                         net (fo=386, routed)         0.852    -0.591    twin_controller_inst/clk_out1
    SLICE_X39Y101        FDCE                                         r  twin_controller_inst/status_buffer_reg[14][5]/C
                         clock pessimism              0.484    -0.108    
                         clock uncertainty            0.214     0.106    
    SLICE_X39Y101        FDCE (Hold_fdce_C_D)         0.038     0.144    twin_controller_inst/status_buffer_reg[14][5]
  -------------------------------------------------------------------
                         required time                         -0.144    
                         arrival time                           0.188    
  -------------------------------------------------------------------
                         slack                                  0.043    





---------------------------------------------------------------------------------------------------
From Clock:  clk_out1_pll
  To Clock:  clk_out2_pll

Setup :            0  Failing Endpoints,  Worst Slack        0.234ns,  Total Violation        0.000ns
Hold  :            0  Failing Endpoints,  Worst Slack        0.128ns,  Total Violation        0.000ns
---------------------------------------------------------------------------------------------------


Max Delay Paths
--------------------------------------------------------------------------------------
Slack (MET) :             0.234ns  (required time - arrival time)
  Source:                 twin_controller_inst/sw_reg[48]/C
                            (rising edge-triggered cell FDCE clocked by clk_out1_pll  {rise@0.000ns fall@10.000ns period=20.000ns})
  Destination:            student_top_inst/bridge_inst/mmio_rdata_q_reg[16]/D
                            (rising edge-triggered cell FDRE clocked by clk_out2_pll  {rise@0.000ns fall@2.857ns period=5.714ns})
  Path Group:             clk_out2_pll
  Path Type:              Setup (Max at Slow Process Corner)
  Requirement:            2.857ns  (clk_out2_pll rise@22.857ns - clk_out1_pll rise@20.000ns)
  Data Path Delay:        2.302ns  (logic 0.309ns (13.426%)  route 1.993ns (86.574%))
  Logic Levels:           2  (LUT4=1 LUT5=1)
  Clock Path Skew:        -0.172ns (DCD - SCD + CPR)
    Destination Clock Delay (DCD):    -1.952ns = ( 20.906 - 22.857 ) 
    Source Clock Delay      (SCD):    -2.377ns = ( 17.623 - 20.000 ) 
    Clock Pessimism Removal (CPR):    -0.598ns
  Clock Uncertainty:      0.214ns  ((TSJ^2 + DJ^2)^1/2) / 2 + PE
    Total System Jitter     (TSJ):    0.071ns
    Discrete Jitter          (DJ):    0.174ns
    Phase Error              (PE):    0.120ns

    Location             Delay type                Incr(ns)  Path(ns)    Netlist Resource(s)
  -------------------------------------------------------------------    -------------------
                         (clock clk_out1_pll rise edge)
                                                     20.000    20.000 r  
    AD12                                              0.000    20.000 r  i_sys_clk_p (IN)
                         net (fo=0)                   0.000    20.000    pll_inst/inst/clk_in1_p
    AD12                 IBUFDS (Prop_ibufds_I_O)     0.906    20.906 r  pll_inst/inst/clkin1_ibufgds/O
                         net (fo=1, routed)           1.098    22.004    pll_inst/inst/clk_in1_pll
    PLLE2_ADV_X1Y1       PLLE2_ADV (Prop_plle2_adv_CLKIN1_CLKOUT0)
                                                     -8.058    13.946 r  pll_inst/inst/plle2_adv_inst/CLKOUT0
                         net (fo=1, routed)           2.128    16.074    pll_inst/inst/clk_out1_pll
    BUFGCTRL_X0Y1        BUFG (Prop_bufg_I_O)         0.093    16.167 r  pll_inst/inst/clkout1_buf/O
                         net (fo=386, routed)         1.456    17.623    twin_controller_inst/clk_out1
    SLICE_X41Y109        FDCE                                         r  twin_controller_inst/sw_reg[48]/C
  -------------------------------------------------------------------    -------------------
    SLICE_X41Y109        FDCE (Prop_fdce_C_Q)         0.223    17.846 r  twin_controller_inst/sw_reg[48]/Q
                         net (fo=3, routed)           1.313    19.159    twin_controller_inst/p_6_in[0]
    SLICE_X50Y79         LUT4 (Prop_lut4_I2_O)        0.043    19.202 r  twin_controller_inst/mmio_rdata_q[16]_i_2/O
                         net (fo=1, routed)           0.679    19.881    student_top_inst/bridge_inst/mmio_rdata_q_reg[16]_0
    SLICE_X50Y71         LUT5 (Prop_lut5_I1_O)        0.043    19.924 r  student_top_inst/bridge_inst/mmio_rdata_q[16]_i_1/O
                         net (fo=1, routed)           0.000    19.924    student_top_inst/bridge_inst/mmio_rdata_q[16]_i_1_n_0
    SLICE_X50Y71         FDRE                                         r  student_top_inst/bridge_inst/mmio_rdata_q_reg[16]/D
  -------------------------------------------------------------------    -------------------

                         (clock clk_out2_pll rise edge)
                                                     22.857    22.857 r  
    AD12                                              0.000    22.857 r  i_sys_clk_p (IN)
                         net (fo=0)                   0.000    22.857    pll_inst/inst/clk_in1_p
    AD12                 IBUFDS (Prop_ibufds_I_O)     0.803    23.661 r  pll_inst/inst/clkin1_ibufgds/O
                         net (fo=1, routed)           1.001    24.662    pll_inst/inst/clk_in1_pll
    PLLE2_ADV_X1Y1       PLLE2_ADV (Prop_plle2_adv_CLKIN1_CLKOUT1)
                                                     -7.261    17.401 r  pll_inst/inst/plle2_adv_inst/CLKOUT1
                         net (fo=1, routed)           2.003    19.404    pll_inst/inst/clk_out2_pll
    BUFGCTRL_X0Y0        BUFG (Prop_bufg_I_O)         0.083    19.487 r  pll_inst/inst/clkout2_buf/O
                         net (fo=5828, routed)        1.419    20.906    student_top_inst/bridge_inst/clk_out2
    SLICE_X50Y71         FDRE                                         r  student_top_inst/bridge_inst/mmio_rdata_q_reg[16]/C
                         clock pessimism             -0.598    20.308    
                         clock uncertainty           -0.214    20.094    
    SLICE_X50Y71         FDRE (Setup_fdre_C_D)        0.064    20.158    student_top_inst/bridge_inst/mmio_rdata_q_reg[16]
  -------------------------------------------------------------------
                         required time                         20.158    
                         arrival time                         -19.924    
  -------------------------------------------------------------------
                         slack                                  0.234    





Min Delay Paths
--------------------------------------------------------------------------------------
Slack (MET) :             0.128ns  (arrival time - required time)
  Source:                 twin_controller_inst/sw_reg[11]/C
                            (rising edge-triggered cell FDCE clocked by clk_out1_pll  {rise@0.000ns fall@10.000ns period=20.000ns})
  Destination:            student_top_inst/bridge_inst/mmio_rdata_q_reg[11]/D
                            (rising edge-triggered cell FDRE clocked by clk_out2_pll  {rise@0.000ns fall@2.857ns period=5.714ns})
  Path Group:             clk_out2_pll
  Path Type:              Hold (Min at Fast Process Corner)
  Requirement:            0.000ns  (clk_out2_pll rise@0.000ns - clk_out1_pll rise@0.000ns)
  Data Path Delay:        0.752ns  (logic 0.128ns (17.028%)  route 0.624ns (82.972%))
  Logic Levels:           1  (LUT6=1)
  Clock Path Skew:        0.350ns (DCD - SCD - CPR)
    Destination Clock Delay (DCD):    -0.535ns
    Source Clock Delay      (SCD):    -0.402ns
    Clock Pessimism Removal (CPR):    -0.484ns
  Clock Uncertainty:      0.214ns  ((TSJ^2 + DJ^2)^1/2) / 2 + PE
    Total System Jitter     (TSJ):    0.071ns
    Discrete Jitter          (DJ):    0.174ns
    Phase Error              (PE):    0.120ns

    Location             Delay type                Incr(ns)  Path(ns)    Netlist Resource(s)
  -------------------------------------------------------------------    -------------------
                         (clock clk_out1_pll rise edge)
                                                      0.000     0.000 r  
    AD12                                              0.000     0.000 r  i_sys_clk_p (IN)
                         net (fo=0)                   0.000     0.000    pll_inst/inst/clk_in1_p
    AD12                 IBUFDS (Prop_ibufds_I_O)     0.388     0.388 r  pll_inst/inst/clkin1_ibufgds/O
                         net (fo=1, routed)           0.503     0.891    pll_inst/inst/clk_in1_pll
    PLLE2_ADV_X1Y1       PLLE2_ADV (Prop_plle2_adv_CLKIN1_CLKOUT0)
                                                     -2.908    -2.017 r  pll_inst/inst/plle2_adv_inst/CLKOUT0
                         net (fo=1, routed)           0.958    -1.059    pll_inst/inst/clk_out1_pll
    BUFGCTRL_X0Y1        BUFG (Prop_bufg_I_O)         0.026    -1.033 r  pll_inst/inst/clkout1_buf/O
                         net (fo=386, routed)         0.631    -0.402    twin_controller_inst/clk_out1
    SLICE_X40Y103        FDCE                                         r  twin_controller_inst/sw_reg[11]/C
  -------------------------------------------------------------------    -------------------
    SLICE_X40Y103        FDCE (Prop_fdce_C_Q)         0.100    -0.302 r  twin_controller_inst/sw_reg[11]/Q
                         net (fo=3, routed)           0.624     0.322    student_top_inst/bridge_inst/mmio_rdata_q_reg[15]_0[1]
    SLICE_X41Y76         LUT6 (Prop_lut6_I1_O)        0.028     0.350 r  student_top_inst/bridge_inst/mmio_rdata_q[11]_i_1/O
                         net (fo=1, routed)           0.000     0.350    student_top_inst/bridge_inst/mmio_rdata_q[11]_i_1_n_0
    SLICE_X41Y76         FDRE                                         r  student_top_inst/bridge_inst/mmio_rdata_q_reg[11]/D
  -------------------------------------------------------------------    -------------------

                         (clock clk_out2_pll rise edge)
                                                      0.000     0.000 r  
    AD12                                              0.000     0.000 r  i_sys_clk_p (IN)
                         net (fo=0)                   0.000     0.000    pll_inst/inst/clk_in1_p
    AD12                 IBUFDS (Prop_ibufds_I_O)     0.470     0.470 r  pll_inst/inst/clkin1_ibufgds/O
                         net (fo=1, routed)           0.554     1.024    pll_inst/inst/clk_in1_pll
    PLLE2_ADV_X1Y1       PLLE2_ADV (Prop_plle2_adv_CLKIN1_CLKOUT1)
                                                     -3.524    -2.500 r  pll_inst/inst/plle2_adv_inst/CLKOUT1
                         net (fo=1, routed)           1.027    -1.473    pll_inst/inst/clk_out2_pll
    BUFGCTRL_X0Y0        BUFG (Prop_bufg_I_O)         0.030    -1.443 r  pll_inst/inst/clkout2_buf/O
                         net (fo=5828, routed)        0.908    -0.535    student_top_inst/bridge_inst/clk_out2
    SLICE_X41Y76         FDRE                                         r  student_top_inst/bridge_inst/mmio_rdata_q_reg[11]/C
                         clock pessimism              0.484    -0.052    
                         clock uncertainty            0.214     0.162    
    SLICE_X41Y76         FDRE (Hold_fdre_C_D)         0.060     0.222    student_top_inst/bridge_inst/mmio_rdata_q_reg[11]
  -------------------------------------------------------------------
                         required time                         -0.222    
                         arrival time                           0.350    
  -------------------------------------------------------------------
                         slack                                  0.128    





--------------------------------------------------------------------------------------
Path Group:  (none)
From Clock:  clk_out1_pll
  To Clock:  

Max Delay             1 Endpoint
Min Delay             1 Endpoint
--------------------------------------------------------------------------------------


Max Delay Paths
--------------------------------------------------------------------------------------
Slack:                    inf
  Source:                 uart_inst/tx_reg/C
                            (rising edge-triggered cell FDPE clocked by clk_out1_pll  {rise@0.000ns fall@10.000ns period=20.000ns})
  Destination:            o_uart_tx
                            (output port)
  Path Group:             (none)
  Path Type:              Max at Slow Process Corner
  Data Path Delay:        7.343ns  (logic 3.539ns (48.194%)  route 3.804ns (51.806%))
  Logic Levels:           1  (OBUF=1)
  Clock Uncertainty:      0.255ns  ((TSJ^2 + DJ^2)^1/2) / 2 + PE
    Total System Jitter     (TSJ):    0.050ns
    Discrete Jitter          (DJ):    0.174ns
    Phase Error              (PE):    0.164ns

    Location             Delay type                Incr(ns)  Path(ns)    Netlist Resource(s)
  -------------------------------------------------------------------    -------------------
                         (clock clk_out1_pll rise edge)
                                                      0.000     0.000 r  
    AD12                                              0.000     0.000 r  i_sys_clk_p (IN)
                         net (fo=0)                   0.000     0.000    pll_inst/inst/clk_in1_p
    AD12                 IBUFDS (Prop_ibufds_I_O)     0.906     0.906 r  pll_inst/inst/clkin1_ibufgds/O
                         net (fo=1, routed)           1.098     2.004    pll_inst/inst/clk_in1_pll
    PLLE2_ADV_X1Y1       PLLE2_ADV (Prop_plle2_adv_CLKIN1_CLKOUT0)
                                                     -8.058    -6.054 r  pll_inst/inst/plle2_adv_inst/CLKOUT0
                         net (fo=1, routed)           2.128    -3.926    pll_inst/inst/clk_out1_pll
    BUFGCTRL_X0Y1        BUFG (Prop_bufg_I_O)         0.093    -3.833 r  pll_inst/inst/clkout1_buf/O
                         net (fo=386, routed)         1.454    -2.379    uart_inst/clk_out1
    SLICE_X23Y121        FDPE                                         r  uart_inst/tx_reg/C
  -------------------------------------------------------------------    -------------------
    SLICE_X23Y121        FDPE (Prop_fdpe_C_Q)         0.223    -2.156 r  uart_inst/tx_reg/Q
                         net (fo=1, routed)           3.804     1.648    o_uart_tx_OBUF
    D17                  OBUF (Prop_obuf_I_O)         3.316     4.964 r  o_uart_tx_OBUF_inst/O
                         net (fo=0)                   0.000     4.964    o_uart_tx
    D17                                                               r  o_uart_tx (OUT)
  -------------------------------------------------------------------    -------------------





Min Delay Paths
--------------------------------------------------------------------------------------
Slack:                    inf
  Source:                 uart_inst/tx_reg/C
                            (rising edge-triggered cell FDPE clocked by clk_out1_pll  {rise@0.000ns fall@10.000ns period=20.000ns})
  Destination:            o_uart_tx
                            (output port)
  Path Group:             (none)
  Path Type:              Min at Fast Process Corner
  Data Path Delay:        3.307ns  (logic 1.524ns (46.074%)  route 1.783ns (53.926%))
  Logic Levels:           1  (OBUF=1)
  Clock Uncertainty:      0.255ns  ((TSJ^2 + DJ^2)^1/2) / 2 + PE
    Total System Jitter     (TSJ):    0.050ns
    Discrete Jitter          (DJ):    0.174ns
    Phase Error              (PE):    0.164ns

    Location             Delay type                Incr(ns)  Path(ns)    Netlist Resource(s)
  -------------------------------------------------------------------    -------------------
                         (clock clk_out1_pll rise edge)
                                                      0.000     0.000 r  
    AD12                                              0.000     0.000 r  i_sys_clk_p (IN)
                         net (fo=0)                   0.000     0.000    pll_inst/inst/clk_in1_p
    AD12                 IBUFDS (Prop_ibufds_I_O)     0.388     0.388 r  pll_inst/inst/clkin1_ibufgds/O
                         net (fo=1, routed)           0.503     0.891    pll_inst/inst/clk_in1_pll
    PLLE2_ADV_X1Y1       PLLE2_ADV (Prop_plle2_adv_CLKIN1_CLKOUT0)
                                                     -2.908    -2.017 r  pll_inst/inst/plle2_adv_inst/CLKOUT0
                         net (fo=1, routed)           0.958    -1.059    pll_inst/inst/clk_out1_pll
    BUFGCTRL_X0Y1        BUFG (Prop_bufg_I_O)         0.026    -1.033 r  pll_inst/inst/clkout1_buf/O
                         net (fo=386, routed)         0.631    -0.402    uart_inst/clk_out1
    SLICE_X23Y121        FDPE                                         r  uart_inst/tx_reg/C
  -------------------------------------------------------------------    -------------------
    SLICE_X23Y121        FDPE (Prop_fdpe_C_Q)         0.100    -0.302 r  uart_inst/tx_reg/Q
                         net (fo=1, routed)           1.783     1.482    o_uart_tx_OBUF
    D17                  OBUF (Prop_obuf_I_O)         1.424     2.905 r  o_uart_tx_OBUF_inst/O
                         net (fo=0)                   0.000     2.905    o_uart_tx
    D17                                                               r  o_uart_tx (OUT)
  -------------------------------------------------------------------    -------------------





--------------------------------------------------------------------------------------
Path Group:  (none)
From Clock:  clk_out2_pll
  To Clock:  

Max Delay            68 Endpoints
Min Delay            68 Endpoints
--------------------------------------------------------------------------------------


Max Delay Paths
--------------------------------------------------------------------------------------
Slack:                    inf
  Source:                 student_top_inst/bridge_inst/seg_wdata_reg[6]/C
                            (rising edge-triggered cell FDRE clocked by clk_out2_pll  {rise@0.000ns fall@2.857ns period=5.714ns})
  Destination:            virtual_seg[4]
                            (output port)
  Path Group:             (none)
  Path Type:              Max at Slow Process Corner
  Data Path Delay:        10.990ns  (logic 2.690ns (24.480%)  route 8.300ns (75.520%))
  Logic Levels:           3  (LUT3=1 LUT6=1 OBUF=1)
  Clock Uncertainty:      0.237ns  ((TSJ^2 + DJ^2)^1/2) / 2 + PE
    Total System Jitter     (TSJ):    0.050ns
    Discrete Jitter          (DJ):    0.137ns
    Phase Error              (PE):    0.164ns

    Location             Delay type                Incr(ns)  Path(ns)    Netlist Resource(s)
  -------------------------------------------------------------------    -------------------
                         (clock clk_out2_pll rise edge)
                                                      0.000     0.000 r  
    AD12                                              0.000     0.000 r  i_sys_clk_p (IN)
                         net (fo=0)                   0.000     0.000    pll_inst/inst/clk_in1_p
    AD12                 IBUFDS (Prop_ibufds_I_O)     0.906     0.906 r  pll_inst/inst/clkin1_ibufgds/O
                         net (fo=1, routed)           1.098     2.004    pll_inst/inst/clk_in1_pll
    PLLE2_ADV_X1Y1       PLLE2_ADV (Prop_plle2_adv_CLKIN1_CLKOUT1)
                                                     -8.058    -6.054 r  pll_inst/inst/plle2_adv_inst/CLKOUT1
                         net (fo=1, routed)           2.128    -3.926    pll_inst/inst/clk_out2_pll
    BUFGCTRL_X0Y0        BUFG (Prop_bufg_I_O)         0.093    -3.833 r  pll_inst/inst/clkout2_buf/O
                         net (fo=5828, routed)        1.621    -2.212    student_top_inst/bridge_inst/clk_out2
    SLICE_X39Y82         FDRE                                         r  student_top_inst/bridge_inst/seg_wdata_reg[6]/C
  -------------------------------------------------------------------    -------------------
    SLICE_X39Y82         FDRE (Prop_fdre_C_Q)         0.223    -1.989 r  student_top_inst/bridge_inst/seg_wdata_reg[6]/Q
                         net (fo=2, routed)           0.487    -1.502    student_top_inst/bridge_inst/seg_driver/status_buffer_reg[4][4][6]
    SLICE_X39Y88         LUT3 (Prop_lut3_I2_O)        0.043    -1.459 r  student_top_inst/bridge_inst/seg_driver/virtual_seg_OBUF[6]_inst_i_4/O
                         net (fo=7, routed)           1.061    -0.398    student_top_inst/bridge_inst/seg_driver/virtual_seg_OBUF[6]_inst_i_4_n_0
    SLICE_X37Y109        LUT6 (Prop_lut6_I4_O)        0.043    -0.355 r  student_top_inst/bridge_inst/seg_driver/virtual_seg_OBUF[4]_inst_i_1/O
                         net (fo=2, routed)           6.752     6.396    virtual_seg_OBUF[4]
    K16                  OBUF (Prop_obuf_I_O)         2.381     8.778 r  virtual_seg_OBUF[4]_inst/O
                         net (fo=0)                   0.000     8.778    virtual_seg[4]
    K16                                                               r  virtual_seg[4] (OUT)
  -------------------------------------------------------------------    -------------------





Min Delay Paths
--------------------------------------------------------------------------------------
Slack:                    inf
  Source:                 student_top_inst/bridge_inst/seg_driver/count_reg[4]/C
                            (rising edge-triggered cell FDCE clocked by clk_out2_pll  {rise@0.000ns fall@2.857ns period=5.714ns})
  Destination:            virtual_seg[28]
                            (output port)
  Path Group:             (none)
  Path Type:              Min at Fast Process Corner
  Data Path Delay:        2.522ns  (logic 1.451ns (57.523%)  route 1.071ns (42.477%))
  Logic Levels:           1  (OBUF=1)
  Clock Uncertainty:      0.237ns  ((TSJ^2 + DJ^2)^1/2) / 2 + PE
    Total System Jitter     (TSJ):    0.050ns
    Discrete Jitter          (DJ):    0.137ns
    Phase Error              (PE):    0.164ns

    Location             Delay type                Incr(ns)  Path(ns)    Netlist Resource(s)
  -------------------------------------------------------------------    -------------------
                         (clock clk_out2_pll rise edge)
                                                      0.000     0.000 r  
    AD12                                              0.000     0.000 r  i_sys_clk_p (IN)
                         net (fo=0)                   0.000     0.000    pll_inst/inst/clk_in1_p
    AD12                 IBUFDS (Prop_ibufds_I_O)     0.388     0.388 r  pll_inst/inst/clkin1_ibufgds/O
                         net (fo=1, routed)           0.503     0.891    pll_inst/inst/clk_in1_pll
    PLLE2_ADV_X1Y1       PLLE2_ADV (Prop_plle2_adv_CLKIN1_CLKOUT1)
                                                     -2.908    -2.017 r  pll_inst/inst/plle2_adv_inst/CLKOUT1
                         net (fo=1, routed)           0.958    -1.059    pll_inst/inst/clk_out2_pll
    BUFGCTRL_X0Y0        BUFG (Prop_bufg_I_O)         0.026    -1.033 r  pll_inst/inst/clkout2_buf/O
                         net (fo=5828, routed)        0.683    -0.350    student_top_inst/bridge_inst/seg_driver/clk_out2
    SLICE_X36Y90         FDCE                                         r  student_top_inst/bridge_inst/seg_driver/count_reg[4]/C
  -------------------------------------------------------------------    -------------------
    SLICE_X36Y90         FDCE (Prop_fdce_C_Q)         0.091    -0.259 r  student_top_inst/bridge_inst/seg_driver/count_reg[4]/Q
                         net (fo=49, routed)          1.071     0.813    virtual_seg_OBUF[8]
    AF28                 OBUF (Prop_obuf_I_O)         1.360     2.172 r  virtual_seg_OBUF[28]_inst/O
                         net (fo=0)                   0.000     2.172    virtual_seg[28]
    AF28                                                              r  virtual_seg[28] (OUT)
  -------------------------------------------------------------------    -------------------





--------------------------------------------------------------------------------------
Path Group:  (none)
From Clock:  clkfbout_pll
  To Clock:  

Max Delay             1 Endpoint
Min Delay             1 Endpoint
--------------------------------------------------------------------------------------


Max Delay Paths
--------------------------------------------------------------------------------------
Slack:                    inf
  Source:                 pll_inst/inst/plle2_adv_inst/CLKFBOUT
                            (clock source 'clkfbout_pll'  {rise@0.000ns fall@10.000ns period=20.000ns})
  Destination:            pll_inst/inst/plle2_adv_inst/CLKFBIN
  Path Group:             (none)
  Path Type:              Max at Fast Process Corner
  Data Path Delay:        2.022ns  (logic 0.030ns (1.484%)  route 1.992ns (98.516%))
  Logic Levels:           1  (BUFG=1)
  Clock Uncertainty:      0.220ns  ((TSJ^2 + DJ^2)^1/2) / 2 + PE
    Total System Jitter     (TSJ):    0.050ns
    Discrete Jitter          (DJ):    0.100ns
    Phase Error              (PE):    0.164ns

    Location             Delay type                Incr(ns)  Path(ns)    Netlist Resource(s)
  -------------------------------------------------------------------    -------------------
                         (clock clkfbout_pll fall edge)
                                                     10.000    10.000 f  
    AD12                                              0.000    10.000 f  i_sys_clk_p (IN)
                         net (fo=0)                   0.000    10.000    pll_inst/inst/clk_in1_p
    AD12                 IBUFDS (Prop_ibufds_I_O)     0.470    10.470 f  pll_inst/inst/clkin1_ibufgds/O
                         net (fo=1, routed)           0.554    11.024    pll_inst/inst/clk_in1_pll
  -------------------------------------------------------------------    -------------------
    PLLE2_ADV_X1Y1       PLLE2_ADV (Prop_plle2_adv_CLKIN1_CLKFBOUT)
                                                     -3.524     7.500 f  pll_inst/inst/plle2_adv_inst/CLKFBOUT
                         net (fo=1, routed)           1.027     8.527    pll_inst/inst/clkfbout_pll
    BUFGCTRL_X0Y2        BUFG (Prop_bufg_I_O)         0.030     8.557 f  pll_inst/inst/clkf_buf/O
                         net (fo=1, routed)           0.965     9.522    pll_inst/inst/clkfbout_buf_pll
    PLLE2_ADV_X1Y1       PLLE2_ADV                                    f  pll_inst/inst/plle2_adv_inst/CLKFBIN
  -------------------------------------------------------------------    -------------------





Min Delay Paths
--------------------------------------------------------------------------------------
Slack:                    inf
  Source:                 pll_inst/inst/plle2_adv_inst/CLKFBOUT
                            (clock source 'clkfbout_pll'  {rise@0.000ns fall@10.000ns period=20.000ns})
  Destination:            pll_inst/inst/plle2_adv_inst/CLKFBIN
  Path Group:             (none)
  Path Type:              Min at Slow Process Corner
  Data Path Delay:        3.712ns  (logic 0.083ns (2.236%)  route 3.629ns (97.764%))
  Logic Levels:           1  (BUFG=1)
  Clock Uncertainty:      0.220ns  ((TSJ^2 + DJ^2)^1/2) / 2 + PE
    Total System Jitter     (TSJ):    0.050ns
    Discrete Jitter          (DJ):    0.100ns
    Phase Error              (PE):    0.164ns

    Location             Delay type                Incr(ns)  Path(ns)    Netlist Resource(s)
  -------------------------------------------------------------------    -------------------
                         (clock clkfbout_pll rise edge)
                                                      0.000     0.000 r  
    AD12                                              0.000     0.000 r  i_sys_clk_p (IN)
                         net (fo=0)                   0.000     0.000    pll_inst/inst/clk_in1_p
    AD12                 IBUFDS (Prop_ibufds_I_O)     0.803     0.803 r  pll_inst/inst/clkin1_ibufgds/O
                         net (fo=1, routed)           1.001     1.804    pll_inst/inst/clk_in1_pll
  -------------------------------------------------------------------    -------------------
    PLLE2_ADV_X1Y1       PLLE2_ADV (Prop_plle2_adv_CLKIN1_CLKFBOUT)
                                                     -7.261    -5.457 r  pll_inst/inst/plle2_adv_inst/CLKFBOUT
                         net (fo=1, routed)           2.003    -3.454    pll_inst/inst/clkfbout_pll
    BUFGCTRL_X0Y2        BUFG (Prop_bufg_I_O)         0.083    -3.371 r  pll_inst/inst/clkf_buf/O
                         net (fo=1, routed)           1.626    -1.745    pll_inst/inst/clkfbout_buf_pll
    PLLE2_ADV_X1Y1       PLLE2_ADV                                    r  pll_inst/inst/plle2_adv_inst/CLKFBIN
  -------------------------------------------------------------------    -------------------





--------------------------------------------------------------------------------------
Path Group:  (none)
From Clock:  
  To Clock:  clk_out1_pll

Max Delay             1 Endpoint
Min Delay             1 Endpoint
--------------------------------------------------------------------------------------


Max Delay Paths
--------------------------------------------------------------------------------------
Slack:                    inf
  Source:                 i_uart_rx
                            (input port)
  Destination:            uart_inst/rx_d0_reg/D
                            (rising edge-triggered cell FDPE clocked by clk_out1_pll  {rise@0.000ns fall@10.000ns period=20.000ns})
  Path Group:             (none)
  Path Type:              Setup (Max at Slow Process Corner)
  Data Path Delay:        4.357ns  (logic 1.533ns (35.189%)  route 2.824ns (64.811%))
  Logic Levels:           1  (IBUF=1)
  Clock Path Skew:        -2.048ns (DCD - SCD + CPR)
    Destination Clock Delay (DCD):    -2.048ns
    Source Clock Delay      (SCD):    0.000ns
    Clock Pessimism Removal (CPR):    0.000ns
  Clock Uncertainty:      0.255ns  ((TSJ^2 + DJ^2)^1/2) / 2 + PE
    Total System Jitter     (TSJ):    0.050ns
    Discrete Jitter          (DJ):    0.174ns
    Phase Error              (PE):    0.164ns

    Location             Delay type                Incr(ns)  Path(ns)    Netlist Resource(s)
  -------------------------------------------------------------------    -------------------
    D18                                               0.000     0.000 r  i_uart_rx (IN)
                         net (fo=0)                   0.000     0.000    i_uart_rx
    D18                  IBUF (Prop_ibuf_I_O)         1.533     1.533 r  i_uart_rx_IBUF_inst/O
                         net (fo=1, routed)           2.824     4.357    uart_inst/i_uart_rx_IBUF
    SLICE_X12Y127        FDPE                                         r  uart_inst/rx_d0_reg/D
  -------------------------------------------------------------------    -------------------

                         (clock clk_out1_pll rise edge)
                                                      0.000     0.000 r  
    AD12                                              0.000     0.000 r  i_sys_clk_p (IN)
                         net (fo=0)                   0.000     0.000    pll_inst/inst/clk_in1_p
    AD12                 IBUFDS (Prop_ibufds_I_O)     0.803     0.803 r  pll_inst/inst/clkin1_ibufgds/O
                         net (fo=1, routed)           1.001     1.804    pll_inst/inst/clk_in1_pll
    PLLE2_ADV_X1Y1       PLLE2_ADV (Prop_plle2_adv_CLKIN1_CLKOUT0)
                                                     -7.261    -5.457 r  pll_inst/inst/plle2_adv_inst/CLKOUT0
                         net (fo=1, routed)           2.003    -3.454    pll_inst/inst/clk_out1_pll
    BUFGCTRL_X0Y1        BUFG (Prop_bufg_I_O)         0.083    -3.371 r  pll_inst/inst/clkout1_buf/O
                         net (fo=386, routed)         1.323    -2.048    uart_inst/clk_out1
    SLICE_X12Y127        FDPE                                         r  uart_inst/rx_d0_reg/C





Min Delay Paths
--------------------------------------------------------------------------------------
Slack:                    inf
  Source:                 i_uart_rx
                            (input port)
  Destination:            uart_inst/rx_d0_reg/D
                            (rising edge-triggered cell FDPE clocked by clk_out1_pll  {rise@0.000ns fall@10.000ns period=20.000ns})
  Path Group:             (none)
  Path Type:              Hold (Min at Fast Process Corner)
  Data Path Delay:        1.967ns  (logic 0.458ns (23.266%)  route 1.510ns (76.734%))
  Logic Levels:           1  (IBUF=1)
  Clock Path Skew:        -0.593ns (DCD - SCD - CPR)
    Destination Clock Delay (DCD):    -0.593ns
    Source Clock Delay      (SCD):    0.000ns
    Clock Pessimism Removal (CPR):    -0.000ns

    Location             Delay type                Incr(ns)  Path(ns)    Netlist Resource(s)
  -------------------------------------------------------------------    -------------------
    D18                                               0.000     0.000 r  i_uart_rx (IN)
                         net (fo=0)                   0.000     0.000    i_uart_rx
    D18                  IBUF (Prop_ibuf_I_O)         0.458     0.458 r  i_uart_rx_IBUF_inst/O
                         net (fo=1, routed)           1.510     1.967    uart_inst/i_uart_rx_IBUF
    SLICE_X12Y127        FDPE                                         r  uart_inst/rx_d0_reg/D
  -------------------------------------------------------------------    -------------------

                         (clock clk_out1_pll rise edge)
                                                      0.000     0.000 r  
    AD12                                              0.000     0.000 r  i_sys_clk_p (IN)
                         net (fo=0)                   0.000     0.000    pll_inst/inst/clk_in1_p
    AD12                 IBUFDS (Prop_ibufds_I_O)     0.470     0.470 r  pll_inst/inst/clkin1_ibufgds/O
                         net (fo=1, routed)           0.554     1.024    pll_inst/inst/clk_in1_pll
    PLLE2_ADV_X1Y1       PLLE2_ADV (Prop_plle2_adv_CLKIN1_CLKOUT0)
                                                     -3.524    -2.500 r  pll_inst/inst/plle2_adv_inst/CLKOUT0
                         net (fo=1, routed)           1.027    -1.473    pll_inst/inst/clk_out1_pll
    BUFGCTRL_X0Y1        BUFG (Prop_bufg_I_O)         0.030    -1.443 r  pll_inst/inst/clkout1_buf/O
                         net (fo=386, routed)         0.850    -0.593    uart_inst/clk_out1
    SLICE_X12Y127        FDPE                                         r  uart_inst/rx_d0_reg/C





