#-----------------------------------------------------------
# Vivado v2023.2 (64-bit)
# SW Build 4029153 on Fri Oct 13 20:14:34 MDT 2023
# IP Build 4028589 on Sat Oct 14 00:45:43 MDT 2023
# SharedData Build 4025554 on Tue Oct 10 17:18:54 MDT 2023
# Start of session at: Tue Apr 28 23:19:32 2026
# Process ID: 11704
# Current directory: D:/DESKTOP/JYD/KDLJ_SRC/pipilined5/JYD2025_Contest-rv32i
# Command line: vivado.exe -gui_launcher_event rodinguilauncherevent27308 D:\Desktop\JYD\KDLJ_SRC\pipilined5\JYD2025_Contest-rv32i\digital_twin.xpr
# Log file: D:/DESKTOP/JYD/KDLJ_SRC/pipilined5/JYD2025_Contest-rv32i/vivado.log
# Journal file: D:/DESKTOP/JYD/KDLJ_SRC/pipilined5/JYD2025_Contest-rv32i\vivado.jou
# Running On: DESKTOP-MO7L2KR, OS: Windows, CPU Frequency: 3793 MHz, CPU Physical cores: 16, Host memory: 33618 MB
#-----------------------------------------------------------
start_gui
open_project D:/Desktop/JYD/KDLJ_SRC/pipilined5/JYD2025_Contest-rv32i/digital_twin.xpr
WARNING: [Board 49-26] cannot add Board Part xilinx.com:vek280_es:part0:1.0 available at E:/Vivado2023.2/Vivado/2023.2/data/xhub/boards/XilinxBoardStore/boards/Xilinx/vek280/es/rev_a/1.0/board.xml as part xcve2802-vsvh1760-2lp-e-s-es1 specified in board_part file is either invalid or not available
WARNING: [Board 49-26] cannot add Board Part xilinx.com:vek280_es:part0:1.1 available at E:/Vivado2023.2/Vivado/2023.2/data/xhub/boards/XilinxBoardStore/boards/Xilinx/vek280/es/rev_a/1.1/board.xml as part xcve2802-vsvh1760-2lp-e-s-es1 specified in board_part file is either invalid or not available
WARNING: [Board 49-26] cannot add Board Part xilinx.com:vek280_es_revb:part0:1.0 available at E:/Vivado2023.2/Vivado/2023.2/data/xhub/boards/XilinxBoardStore/boards/Xilinx/vek280/es/rev_b/1.0/board.xml as part xcve2802-vsvh1760-2mp-e-s-es1 specified in board_part file is either invalid or not available
WARNING: [Board 49-26] cannot add Board Part xilinx.com:vek280_es_revb:part0:1.1 available at E:/Vivado2023.2/Vivado/2023.2/data/xhub/boards/XilinxBoardStore/boards/Xilinx/vek280/es/rev_b/1.1/board.xml as part xcve2802-vsvh1760-2mp-e-s-es1 specified in board_part file is either invalid or not available
WARNING: [Board 49-26] cannot add Board Part xilinx.com:vhk158_es:part0:1.0 available at E:/Vivado2023.2/Vivado/2023.2/data/xhub/boards/XilinxBoardStore/boards/Xilinx/vhk158/es/1.0/board.xml as part xcvh1582-vsva3697-2mp-e-s-es1 specified in board_part file is either invalid or not available
WARNING: [Board 49-26] cannot add Board Part xilinx.com:vhk158_es:part0:1.1 available at E:/Vivado2023.2/Vivado/2023.2/data/xhub/boards/XilinxBoardStore/boards/Xilinx/vhk158/es/1.1/board.xml as part xcvh1582-vsva3697-2mp-e-s-es1 specified in board_part file is either invalid or not available
WARNING: [Board 49-26] cannot add Board Part xilinx.com:zcu208ld:part0:2.0 available at E:/Vivado2023.2/Vivado/2023.2/data/xhub/boards/XilinxBoardStore/boards/Xilinx/zcu208ld/production/2.0/board.xml as part xczu58dr-fsvg1517-2-i specified in board_part file is either invalid or not available
WARNING: [Board 49-26] cannot add Board Part xilinx.com:zcu216ld:part0:2.0 available at E:/Vivado2023.2/Vivado/2023.2/data/xhub/boards/XilinxBoardStore/boards/Xilinx/zcu216ld/production/2.0/board.xml as part xczu59dr-ffvf1760-2-i specified in board_part file is either invalid or not available
WARNING: [Board 49-26] cannot add Board Part xilinx.com:zcu670:part0:2.0 available at E:/Vivado2023.2/Vivado/2023.2/data/xhub/boards/XilinxBoardStore/boards/Xilinx/zcu670/2.0/board.xml as part xczu67dr-fsve1156-2-i specified in board_part file is either invalid or not available
WARNING: [Board 49-26] cannot add Board Part xilinx.com:zcu670ld:part0:1.0 available at E:/Vivado2023.2/Vivado/2023.2/data/xhub/boards/XilinxBoardStore/boards/Xilinx/zcu670ld/1.0/board.xml as part xczu57dr-fsve1156-2-i specified in board_part file is either invalid or not available
INFO: [Project 1-313] Project file moved from 'C:/Users/nana4/Desktop/jichuang/JYD2025_Contest-rv32i' since last save.
WARNING: [filemgmt 56-2] IP Repository Path: Could not find the directory 'D:/Desktop/JYD/AppData/Roaming/Xilinx/ip_repo', nor could it be found using path 'C:/Users/nana4/AppData/Roaming/Xilinx/ip_repo'.
Scanning sources...
Finished scanning sources
INFO: [IP_Flow 19-234] Refreshing IP repositories
WARNING: [IP_Flow 19-2248] Failed to load user IP repository 'd:/Desktop/JYD/AppData/Roaming/Xilinx/ip_repo'; Can't find the specified path.
If this directory should no longer be in your list of user repositories, go to the IP Settings dialog and remove it.
INFO: [IP_Flow 19-2313] Loaded Vivado IP repository 'E:/Vivado2023.2/Vivado/2023.2/data/ip'.
open_project: Time (s): cpu = 00:00:21 ; elapsed = 00:00:09 . Memory (MB): peak = 1617.438 ; gain = 388.617
update_compile_order -fileset sources_1
add_files -norecurse {D:/DESKTOP/JYD/KDLJ_SRC/pipilined5/kldj.srcs2/sources_1/imports/rtl/KLDJ_regfile.v D:/DESKTOP/JYD/KDLJ_SRC/pipilined5/kldj.srcs2/sources_1/imports/rtl/DataMemory.v D:/DESKTOP/JYD/KDLJ_SRC/pipilined5/kldj.srcs2/sources_1/imports/rtl/KLDJ_wbu.v D:/DESKTOP/JYD/KDLJ_SRC/pipilined5/kldj.srcs2/sources_1/imports/rtl/MuxKeyWithDefault.v D:/DESKTOP/JYD/KDLJ_SRC/pipilined5/kldj.srcs2/sources_1/imports/rtl/alu_add.v D:/DESKTOP/JYD/KDLJ_SRC/pipilined5/kldj.srcs2/sources_1/imports/rtl/alu_or.v D:/DESKTOP/JYD/KDLJ_SRC/pipilined5/kldj.srcs2/sources_1/imports/rtl/define.v D:/DESKTOP/JYD/KDLJ_SRC/pipilined5/kldj.srcs2/sources_1/imports/rtl/KLDJ_idu.v D:/DESKTOP/JYD/KDLJ_SRC/pipilined5/kldj.srcs2/sources_1/imports/rtl/alu_xor.v D:/DESKTOP/JYD/KDLJ_SRC/pipilined5/kldj.srcs2/sources_1/imports/rtl/KLDJ_alu.v D:/DESKTOP/JYD/KDLJ_SRC/pipilined5/kldj.srcs2/sources_1/imports/rtl/KLDJ_ifu.v D:/DESKTOP/JYD/KDLJ_SRC/pipilined5/kldj.srcs2/sources_1/imports/rtl/alu_shifter.v D:/DESKTOP/JYD/KDLJ_SRC/pipilined5/kldj.srcs2/sources_1/imports/rtl/KLDJ_lsu.v D:/DESKTOP/JYD/KDLJ_SRC/pipilined5/kldj.srcs2/sources_1/imports/rtl/KLDJ_exu.v D:/DESKTOP/JYD/KDLJ_SRC/pipilined5/kldj.srcs2/sources_1/imports/rtl/alu_slt.v D:/DESKTOP/JYD/KDLJ_SRC/pipilined5/kldj.srcs2/sources_1/imports/rtl/MuxKeyInternal.v D:/DESKTOP/JYD/KDLJ_SRC/pipilined5/kldj.srcs2/sources_1/imports/rtl/KLDJ_top.v D:/DESKTOP/JYD/KDLJ_SRC/pipilined5/kldj.srcs2/sources_1/imports/rtl/alu_and.v}
update_compile_order -fileset sources_1
set_property top top [current_fileset]
update_compile_order -fileset sources_1
INFO: [Device 21-403] Loading part xc7k325tffg900-2
set_property -dict [list \
  CONFIG.CLKOUT1_JITTER {123.939} \
  CONFIG.CLKOUT1_PHASE_ERROR {82.897} \
  CONFIG.CLKOUT2_JITTER {103.551} \
  CONFIG.CLKOUT2_PHASE_ERROR {82.897} \
  CONFIG.CLKOUT2_REQUESTED_OUT_FREQ {130} \
  CONFIG.MMCM_CLKFBOUT_MULT_F {13} \
  CONFIG.MMCM_CLKOUT0_DIVIDE_F {26} \
  CONFIG.MMCM_CLKOUT1_DIVIDE {10} \
  CONFIG.MMCM_DIVCLK_DIVIDE {2} \
] [get_ips pll]
generate_target all [get_files  D:/Desktop/JYD/KDLJ_SRC/pipilined5/JYD2025_Contest-rv32i/digital_twin.srcs/sources_1/ip/pll_1/pll.xci]
INFO: [IP_Flow 19-1686] Generating 'Instantiation Template' target for IP 'pll'...
INFO: [IP_Flow 19-1686] Generating 'Synthesis' target for IP 'pll'...
INFO: [IP_Flow 19-1686] Generating 'Simulation' target for IP 'pll'...
INFO: [IP_Flow 19-1686] Generating 'Implementation' target for IP 'pll'...
INFO: [IP_Flow 19-1686] Generating 'Change Log' target for IP 'pll'...
catch { config_ip_cache -export [get_ips -all pll] }
INFO: [IP_Flow 19-6924] IPCACHE: Running cache check for IP inst: pll
export_ip_user_files -of_objects [get_files D:/Desktop/JYD/KDLJ_SRC/pipilined5/JYD2025_Contest-rv32i/digital_twin.srcs/sources_1/ip/pll_1/pll.xci] -no_script -sync -force -quiet
create_ip_run [get_files -of_objects [get_fileset sources_1] D:/Desktop/JYD/KDLJ_SRC/pipilined5/JYD2025_Contest-rv32i/digital_twin.srcs/sources_1/ip/pll_1/pll.xci]
launch_runs pll_synth_1 -jobs 8
INFO: [IP_Flow 19-6924] IPCACHE: Running cache check for IP inst: pll
[Tue Apr 28 23:21:11 2026] Launched pll_synth_1...
Run output will be captured here: D:/Desktop/JYD/KDLJ_SRC/pipilined5/JYD2025_Contest-rv32i/digital_twin.runs/pll_synth_1/runme.log
export_simulation -of_objects [get_files D:/Desktop/JYD/KDLJ_SRC/pipilined5/JYD2025_Contest-rv32i/digital_twin.srcs/sources_1/ip/pll_1/pll.xci] -directory D:/Desktop/JYD/KDLJ_SRC/pipilined5/JYD2025_Contest-rv32i/digital_twin.ip_user_files/sim_scripts -ip_user_files_dir D:/Desktop/JYD/KDLJ_SRC/pipilined5/JYD2025_Contest-rv32i/digital_twin.ip_user_files -ipstatic_source_dir D:/Desktop/JYD/KDLJ_SRC/pipilined5/JYD2025_Contest-rv32i/digital_twin.ip_user_files/ipstatic -lib_map_path [list {modelsim=D:/Desktop/JYD/KDLJ_SRC/pipilined5/JYD2025_Contest-rv32i/digital_twin.cache/compile_simlib/modelsim} {questa=D:/Desktop/JYD/KDLJ_SRC/pipilined5/JYD2025_Contest-rv32i/digital_twin.cache/compile_simlib/questa} {riviera=D:/Desktop/JYD/KDLJ_SRC/pipilined5/JYD2025_Contest-rv32i/digital_twin.cache/compile_simlib/riviera} {activehdl=D:/Desktop/JYD/KDLJ_SRC/pipilined5/JYD2025_Contest-rv32i/digital_twin.cache/compile_simlib/activehdl}] -use_ip_compiled_libs -force -quiet
set_property -dict [list \
  CONFIG.CLKOUT1_JITTER {129.198} \
  CONFIG.CLKOUT1_PHASE_ERROR {89.971} \
  CONFIG.CLKOUT2_JITTER {107.523} \
  CONFIG.CLKOUT2_PHASE_ERROR {89.971} \
  CONFIG.CLKOUT2_REQUESTED_OUT_FREQ {125} \
  CONFIG.MMCM_CLKFBOUT_MULT_F {5} \
  CONFIG.MMCM_CLKOUT0_DIVIDE_F {20} \
  CONFIG.MMCM_CLKOUT1_DIVIDE {8} \
  CONFIG.MMCM_DIVCLK_DIVIDE {1} \
] [get_ips pll]
generate_target all [get_files  D:/Desktop/JYD/KDLJ_SRC/pipilined5/JYD2025_Contest-rv32i/digital_twin.srcs/sources_1/ip/pll_1/pll.xci]
INFO: [IP_Flow 19-1686] Generating 'Instantiation Template' target for IP 'pll'...
INFO: [IP_Flow 19-1686] Generating 'Synthesis' target for IP 'pll'...
INFO: [IP_Flow 19-1686] Generating 'Simulation' target for IP 'pll'...
INFO: [IP_Flow 19-1686] Generating 'Implementation' target for IP 'pll'...
INFO: [IP_Flow 19-1686] Generating 'Change Log' target for IP 'pll'...
catch { config_ip_cache -export [get_ips -all pll] }
INFO: [IP_Flow 19-6924] IPCACHE: Running cache check for IP inst: pll
export_ip_user_files -of_objects [get_files D:/Desktop/JYD/KDLJ_SRC/pipilined5/JYD2025_Contest-rv32i/digital_twin.srcs/sources_1/ip/pll_1/pll.xci] -no_script -sync -force -quiet
reset_run pll_synth_1
launch_runs pll_synth_1 -jobs 8
INFO: [IP_Flow 19-6924] IPCACHE: Running cache check for IP inst: pll
[Tue Apr 28 23:22:12 2026] Launched pll_synth_1...
Run output will be captured here: D:/Desktop/JYD/KDLJ_SRC/pipilined5/JYD2025_Contest-rv32i/digital_twin.runs/pll_synth_1/runme.log
export_simulation -of_objects [get_files D:/Desktop/JYD/KDLJ_SRC/pipilined5/JYD2025_Contest-rv32i/digital_twin.srcs/sources_1/ip/pll_1/pll.xci] -directory D:/Desktop/JYD/KDLJ_SRC/pipilined5/JYD2025_Contest-rv32i/digital_twin.ip_user_files/sim_scripts -ip_user_files_dir D:/Desktop/JYD/KDLJ_SRC/pipilined5/JYD2025_Contest-rv32i/digital_twin.ip_user_files -ipstatic_source_dir D:/Desktop/JYD/KDLJ_SRC/pipilined5/JYD2025_Contest-rv32i/digital_twin.ip_user_files/ipstatic -lib_map_path [list {modelsim=D:/Desktop/JYD/KDLJ_SRC/pipilined5/JYD2025_Contest-rv32i/digital_twin.cache/compile_simlib/modelsim} {questa=D:/Desktop/JYD/KDLJ_SRC/pipilined5/JYD2025_Contest-rv32i/digital_twin.cache/compile_simlib/questa} {riviera=D:/Desktop/JYD/KDLJ_SRC/pipilined5/JYD2025_Contest-rv32i/digital_twin.cache/compile_simlib/riviera} {activehdl=D:/Desktop/JYD/KDLJ_SRC/pipilined5/JYD2025_Contest-rv32i/digital_twin.cache/compile_simlib/activehdl}] -use_ip_compiled_libs -force -quiet
reset_run synth_1
INFO: [Project 1-1161] Replacing file D:/Desktop/JYD/KDLJ_SRC/pipilined5/JYD2025_Contest-rv32i/digital_twin.srcs/utils_1/imports/synth_1/top.dcp with file D:/Desktop/JYD/KDLJ_SRC/pipilined5/JYD2025_Contest-rv32i/digital_twin.runs/synth_1/top.dcp
launch_runs synth_1 -jobs 8
WARNING: [HDL 9-3756] overwriting previous definition of module 'MuxKeyInternal' [D:/Desktop/JYD/KDLJ_SRC/pipilined5/JYD2025_Contest-rv32i/digital_twin.srcs/sources_1/imports/new/MuxKeyInternal.v:1]
WARNING: [filemgmt 20-1318] Duplicate Design Unit 'MuxKeyInternal()' found in library 'xil_defaultlib'
Duplicate found at line 1 of file D:/DESKTOP/JYD/KDLJ_SRC/pipilined5/kldj.srcs2/sources_1/imports/rtl/MuxKeyInternal.v
	(Active) Duplicate found at line 1 of file D:/Desktop/JYD/KDLJ_SRC/pipilined5/JYD2025_Contest-rv32i/digital_twin.srcs/sources_1/imports/new/MuxKeyInternal.v
[Tue Apr 28 23:22:58 2026] Launched synth_1...
Run output will be captured here: D:/Desktop/JYD/KDLJ_SRC/pipilined5/JYD2025_Contest-rv32i/digital_twin.runs/synth_1/runme.log
launch_runs impl_1 -jobs 8
[Tue Apr 28 23:24:32 2026] Launched impl_1...
Run output will be captured here: D:/Desktop/JYD/KDLJ_SRC/pipilined5/JYD2025_Contest-rv32i/digital_twin.runs/impl_1/runme.log
open_run impl_1
Netlist sorting complete. Time (s): cpu = 00:00:01 ; elapsed = 00:00:00.164 . Memory (MB): peak = 2224.863 ; gain = 0.000
INFO: [Netlist 29-17] Analyzing 10850 Unisim elements for replacement
INFO: [Netlist 29-28] Unisim Transformation completed in 3 CPU seconds
INFO: [Project 1-479] Netlist was created with Vivado 2023.2
INFO: [Project 1-570] Preparing netlist for logic optimization
Read ShapeDB Complete: Time (s): cpu = 00:00:01 ; elapsed = 00:00:00.231 . Memory (MB): peak = 2434.469 ; gain = 14.906
INFO: [Timing 38-478] Restoring timing data from binary archive.
INFO: [Timing 38-479] Binary timing data restore complete.
INFO: [Project 1-856] Restoring constraints from binary archive.
INFO: [Project 1-853] Binary constraint restore complete.
INFO: [Designutils 20-5722] Start Reading Physical Databases.
Reading placement.
Read Netlist Cache: Time (s): cpu = 00:00:00 ; elapsed = 00:00:00.036 . Memory (MB): peak = 3181.230 ; gain = 0.000
Reading placer database...
Read Device Cache: Time (s): cpu = 00:00:00 ; elapsed = 00:00:00.006 . Memory (MB): peak = 3181.230 ; gain = 0.000
Read PlaceDB: Time (s): cpu = 00:00:02 ; elapsed = 00:00:02 . Memory (MB): peak = 3238.691 ; gain = 57.461
Read PulsedLatchDB: Time (s): cpu = 00:00:00 ; elapsed = 00:00:00 . Memory (MB): peak = 3238.828 ; gain = 0.000
Reading routing.
Read RouteStorage: Time (s): cpu = 00:00:01 ; elapsed = 00:00:00.949 . Memory (MB): peak = 3251.020 ; gain = 12.191
Read Physdb Files: Time (s): cpu = 00:00:03 ; elapsed = 00:00:03 . Memory (MB): peak = 3251.020 ; gain = 69.789
Restored from archive | CPU: 3.000000 secs | Memory: 0.000000 MB |
Finished XDEF File Restore: Time (s): cpu = 00:00:03 ; elapsed = 00:00:03 . Memory (MB): peak = 3251.020 ; gain = 69.789
Netlist sorting complete. Time (s): cpu = 00:00:00 ; elapsed = 00:00:00.046 . Memory (MB): peak = 3251.020 ; gain = 0.000
INFO: [Project 1-111] Unisim Transformation Summary:
  A total of 8192 instances were transformed.
  RAM256X1S => RAM256X1S (MUXF7(x2), MUXF8, RAMS64E(x4)): 8192 instances

open_run: Time (s): cpu = 00:00:28 ; elapsed = 00:00:21 . Memory (MB): peak = 3425.102 ; gain = 1224.812
open_report: Time (s): cpu = 00:00:25 ; elapsed = 00:00:12 . Memory (MB): peak = 3839.156 ; gain = 388.961
launch_runs impl_1 -to_step write_bitstream -jobs 8
[Tue Apr 28 23:50:26 2026] Launched impl_1...
Run output will be captured here: D:/Desktop/JYD/KDLJ_SRC/pipilined5/JYD2025_Contest-rv32i/digital_twin.runs/impl_1/runme.log
set_property -dict [list \
  CONFIG.CLKOUT1_JITTER {123.939} \
  CONFIG.CLKOUT1_PHASE_ERROR {82.897} \
  CONFIG.CLKOUT2_JITTER {103.551} \
  CONFIG.CLKOUT2_PHASE_ERROR {82.897} \
  CONFIG.CLKOUT2_REQUESTED_OUT_FREQ {130} \
  CONFIG.MMCM_CLKFBOUT_MULT_F {13} \
  CONFIG.MMCM_CLKOUT0_DIVIDE_F {26} \
  CONFIG.MMCM_CLKOUT1_DIVIDE {10} \
  CONFIG.MMCM_DIVCLK_DIVIDE {2} \
] [get_ips pll]
generate_target all [get_files  D:/Desktop/JYD/KDLJ_SRC/pipilined5/JYD2025_Contest-rv32i/digital_twin.srcs/sources_1/ip/pll_1/pll.xci]
INFO: [IP_Flow 19-1686] Generating 'Instantiation Template' target for IP 'pll'...
INFO: [IP_Flow 19-1686] Generating 'Synthesis' target for IP 'pll'...
INFO: [IP_Flow 19-1686] Generating 'Simulation' target for IP 'pll'...
INFO: [IP_Flow 19-1686] Generating 'Implementation' target for IP 'pll'...
INFO: [IP_Flow 19-1686] Generating 'Change Log' target for IP 'pll'...
catch { config_ip_cache -export [get_ips -all pll] }
INFO: [IP_Flow 19-6924] IPCACHE: Running cache check for IP inst: pll
INFO: [IP_Flow 19-6922] IPCACHE: Exporting cached entry 64cc09dc38c1492d to dir: d:/Desktop/JYD/KDLJ_SRC/pipilined5/JYD2025_Contest-rv32i/digital_twin.gen/sources_1/ip/pll
INFO: [IP_Flow 19-6928] IPCACHE: copied cached file d:/Desktop/JYD/KDLJ_SRC/pipilined5/JYD2025_Contest-rv32i/digital_twin.cache/ip/2023.2/6/4/64cc09dc38c1492d/pll.dcp to d:/Desktop/JYD/KDLJ_SRC/pipilined5/JYD2025_Contest-rv32i/digital_twin.gen/sources_1/ip/pll/pll.dcp.
INFO: [IP_Flow 19-6926] IPCACHE: added file to list for BOM: d:/Desktop/JYD/KDLJ_SRC/pipilined5/JYD2025_Contest-rv32i/digital_twin.gen/sources_1/ip/pll/pll.dcp
INFO: [IP_Flow 19-6928] IPCACHE: copied cached file d:/Desktop/JYD/KDLJ_SRC/pipilined5/JYD2025_Contest-rv32i/digital_twin.cache/ip/2023.2/6/4/64cc09dc38c1492d/pll_sim_netlist.v to d:/Desktop/JYD/KDLJ_SRC/pipilined5/JYD2025_Contest-rv32i/digital_twin.gen/sources_1/ip/pll/pll_sim_netlist.v.
INFO: [IP_Flow 19-6926] IPCACHE: added file to list for BOM: d:/Desktop/JYD/KDLJ_SRC/pipilined5/JYD2025_Contest-rv32i/digital_twin.gen/sources_1/ip/pll/pll_sim_netlist.v
INFO: [IP_Flow 19-6928] IPCACHE: copied cached file d:/Desktop/JYD/KDLJ_SRC/pipilined5/JYD2025_Contest-rv32i/digital_twin.cache/ip/2023.2/6/4/64cc09dc38c1492d/pll_sim_netlist.vhdl to d:/Desktop/JYD/KDLJ_SRC/pipilined5/JYD2025_Contest-rv32i/digital_twin.gen/sources_1/ip/pll/pll_sim_netlist.vhdl.
INFO: [IP_Flow 19-6926] IPCACHE: added file to list for BOM: d:/Desktop/JYD/KDLJ_SRC/pipilined5/JYD2025_Contest-rv32i/digital_twin.gen/sources_1/ip/pll/pll_sim_netlist.vhdl
INFO: [IP_Flow 19-6928] IPCACHE: copied cached file d:/Desktop/JYD/KDLJ_SRC/pipilined5/JYD2025_Contest-rv32i/digital_twin.cache/ip/2023.2/6/4/64cc09dc38c1492d/pll_stub.v to d:/Desktop/JYD/KDLJ_SRC/pipilined5/JYD2025_Contest-rv32i/digital_twin.gen/sources_1/ip/pll/pll_stub.v.
INFO: [IP_Flow 19-6926] IPCACHE: added file to list for BOM: d:/Desktop/JYD/KDLJ_SRC/pipilined5/JYD2025_Contest-rv32i/digital_twin.gen/sources_1/ip/pll/pll_stub.v
INFO: [IP_Flow 19-6928] IPCACHE: copied cached file d:/Desktop/JYD/KDLJ_SRC/pipilined5/JYD2025_Contest-rv32i/digital_twin.cache/ip/2023.2/6/4/64cc09dc38c1492d/pll_stub.vhdl to d:/Desktop/JYD/KDLJ_SRC/pipilined5/JYD2025_Contest-rv32i/digital_twin.gen/sources_1/ip/pll/pll_stub.vhdl.
INFO: [IP_Flow 19-6926] IPCACHE: added file to list for BOM: d:/Desktop/JYD/KDLJ_SRC/pipilined5/JYD2025_Contest-rv32i/digital_twin.gen/sources_1/ip/pll/pll_stub.vhdl
INFO: [IP_Flow 19-4993] Using cached IP synthesis design for IP pll, cache-ID = 64cc09dc38c1492d; cache size = 50.482 MB.
catch { [ delete_ip_run [get_ips -all pll] ] }
INFO: [Project 1-386] Moving file 'D:/Desktop/JYD/KDLJ_SRC/pipilined5/JYD2025_Contest-rv32i/digital_twin.srcs/sources_1/ip/pll_1/pll.xci' from fileset 'pll' to fileset 'sources_1'.
export_ip_user_files -of_objects [get_files D:/Desktop/JYD/KDLJ_SRC/pipilined5/JYD2025_Contest-rv32i/digital_twin.srcs/sources_1/ip/pll_1/pll.xci] -no_script -sync -force -quiet
create_ip_run [get_files -of_objects [get_fileset sources_1] D:/Desktop/JYD/KDLJ_SRC/pipilined5/JYD2025_Contest-rv32i/digital_twin.srcs/sources_1/ip/pll_1/pll.xci]
INFO: [Vivado 12-3453] The given sub-design is up-to-date, no action was taken.  If a run is still desired, use the '-force' option for the file:'D:/Desktop/JYD/KDLJ_SRC/pipilined5/JYD2025_Contest-rv32i/digital_twin.srcs/sources_1/ip/pll_1/pll.xci'
export_simulation -of_objects [get_files D:/Desktop/JYD/KDLJ_SRC/pipilined5/JYD2025_Contest-rv32i/digital_twin.srcs/sources_1/ip/pll_1/pll.xci] -directory D:/Desktop/JYD/KDLJ_SRC/pipilined5/JYD2025_Contest-rv32i/digital_twin.ip_user_files/sim_scripts -ip_user_files_dir D:/Desktop/JYD/KDLJ_SRC/pipilined5/JYD2025_Contest-rv32i/digital_twin.ip_user_files -ipstatic_source_dir D:/Desktop/JYD/KDLJ_SRC/pipilined5/JYD2025_Contest-rv32i/digital_twin.ip_user_files/ipstatic -lib_map_path [list {modelsim=D:/Desktop/JYD/KDLJ_SRC/pipilined5/JYD2025_Contest-rv32i/digital_twin.cache/compile_simlib/modelsim} {questa=D:/Desktop/JYD/KDLJ_SRC/pipilined5/JYD2025_Contest-rv32i/digital_twin.cache/compile_simlib/questa} {riviera=D:/Desktop/JYD/KDLJ_SRC/pipilined5/JYD2025_Contest-rv32i/digital_twin.cache/compile_simlib/riviera} {activehdl=D:/Desktop/JYD/KDLJ_SRC/pipilined5/JYD2025_Contest-rv32i/digital_twin.cache/compile_simlib/activehdl}] -use_ip_compiled_libs -force -quiet
reset_run synth_1
INFO: [Project 1-1161] Replacing file D:/Desktop/JYD/KDLJ_SRC/pipilined5/JYD2025_Contest-rv32i/digital_twin.srcs/utils_1/imports/synth_1/top.dcp with file D:/Desktop/JYD/KDLJ_SRC/pipilined5/JYD2025_Contest-rv32i/digital_twin.runs/synth_1/top.dcp
launch_runs synth_1 -jobs 8
INFO: [Vivado 12-4149] The synthesis checkpoint for IP 'D:/Desktop/JYD/KDLJ_SRC/pipilined5/JYD2025_Contest-rv32i/digital_twin.srcs/sources_1/ip/pll_1/pll.xci' is already up-to-date
[Tue Apr 28 23:53:41 2026] Launched synth_1...
Run output will be captured here: D:/Desktop/JYD/KDLJ_SRC/pipilined5/JYD2025_Contest-rv32i/digital_twin.runs/synth_1/runme.log
launch_runs impl_1 -jobs 8
INFO: [Vivado 12-4149] The synthesis checkpoint for IP 'D:/Desktop/JYD/KDLJ_SRC/pipilined5/JYD2025_Contest-rv32i/digital_twin.srcs/sources_1/ip/pll_1/pll.xci' is already up-to-date
[Tue Apr 28 23:55:05 2026] Launched impl_1...
Run output will be captured here: D:/Desktop/JYD/KDLJ_SRC/pipilined5/JYD2025_Contest-rv32i/digital_twin.runs/impl_1/runme.log
set_property -dict [list \
  CONFIG.CLKOUT1_JITTER {129.198} \
  CONFIG.CLKOUT1_PHASE_ERROR {89.971} \
  CONFIG.CLKOUT2_JITTER {107.523} \
  CONFIG.CLKOUT2_PHASE_ERROR {89.971} \
  CONFIG.CLKOUT2_REQUESTED_OUT_FREQ {125} \
  CONFIG.MMCM_CLKFBOUT_MULT_F {5} \
  CONFIG.MMCM_CLKOUT0_DIVIDE_F {20} \
  CONFIG.MMCM_CLKOUT1_DIVIDE {8} \
  CONFIG.MMCM_DIVCLK_DIVIDE {1} \
] [get_ips pll]
generate_target all [get_files  D:/Desktop/JYD/KDLJ_SRC/pipilined5/JYD2025_Contest-rv32i/digital_twin.srcs/sources_1/ip/pll_1/pll.xci]
INFO: [IP_Flow 19-1686] Generating 'Instantiation Template' target for IP 'pll'...
INFO: [IP_Flow 19-1686] Generating 'Synthesis' target for IP 'pll'...
INFO: [IP_Flow 19-1686] Generating 'Simulation' target for IP 'pll'...
INFO: [IP_Flow 19-1686] Generating 'Implementation' target for IP 'pll'...
INFO: [IP_Flow 19-1686] Generating 'Change Log' target for IP 'pll'...
catch { config_ip_cache -export [get_ips -all pll] }
INFO: [IP_Flow 19-6924] IPCACHE: Running cache check for IP inst: pll
INFO: [IP_Flow 19-6922] IPCACHE: Exporting cached entry fb42da8dabed0da9 to dir: d:/Desktop/JYD/KDLJ_SRC/pipilined5/JYD2025_Contest-rv32i/digital_twin.gen/sources_1/ip/pll
INFO: [IP_Flow 19-6928] IPCACHE: copied cached file d:/Desktop/JYD/KDLJ_SRC/pipilined5/JYD2025_Contest-rv32i/digital_twin.cache/ip/2023.2/f/b/fb42da8dabed0da9/pll.dcp to d:/Desktop/JYD/KDLJ_SRC/pipilined5/JYD2025_Contest-rv32i/digital_twin.gen/sources_1/ip/pll/pll.dcp.
INFO: [IP_Flow 19-6926] IPCACHE: added file to list for BOM: d:/Desktop/JYD/KDLJ_SRC/pipilined5/JYD2025_Contest-rv32i/digital_twin.gen/sources_1/ip/pll/pll.dcp
INFO: [IP_Flow 19-6928] IPCACHE: copied cached file d:/Desktop/JYD/KDLJ_SRC/pipilined5/JYD2025_Contest-rv32i/digital_twin.cache/ip/2023.2/f/b/fb42da8dabed0da9/pll_sim_netlist.v to d:/Desktop/JYD/KDLJ_SRC/pipilined5/JYD2025_Contest-rv32i/digital_twin.gen/sources_1/ip/pll/pll_sim_netlist.v.
INFO: [IP_Flow 19-6926] IPCACHE: added file to list for BOM: d:/Desktop/JYD/KDLJ_SRC/pipilined5/JYD2025_Contest-rv32i/digital_twin.gen/sources_1/ip/pll/pll_sim_netlist.v
INFO: [IP_Flow 19-6928] IPCACHE: copied cached file d:/Desktop/JYD/KDLJ_SRC/pipilined5/JYD2025_Contest-rv32i/digital_twin.cache/ip/2023.2/f/b/fb42da8dabed0da9/pll_sim_netlist.vhdl to d:/Desktop/JYD/KDLJ_SRC/pipilined5/JYD2025_Contest-rv32i/digital_twin.gen/sources_1/ip/pll/pll_sim_netlist.vhdl.
INFO: [IP_Flow 19-6926] IPCACHE: added file to list for BOM: d:/Desktop/JYD/KDLJ_SRC/pipilined5/JYD2025_Contest-rv32i/digital_twin.gen/sources_1/ip/pll/pll_sim_netlist.vhdl
INFO: [IP_Flow 19-6928] IPCACHE: copied cached file d:/Desktop/JYD/KDLJ_SRC/pipilined5/JYD2025_Contest-rv32i/digital_twin.cache/ip/2023.2/f/b/fb42da8dabed0da9/pll_stub.v to d:/Desktop/JYD/KDLJ_SRC/pipilined5/JYD2025_Contest-rv32i/digital_twin.gen/sources_1/ip/pll/pll_stub.v.
INFO: [IP_Flow 19-6926] IPCACHE: added file to list for BOM: d:/Desktop/JYD/KDLJ_SRC/pipilined5/JYD2025_Contest-rv32i/digital_twin.gen/sources_1/ip/pll/pll_stub.v
INFO: [IP_Flow 19-6928] IPCACHE: copied cached file d:/Desktop/JYD/KDLJ_SRC/pipilined5/JYD2025_Contest-rv32i/digital_twin.cache/ip/2023.2/f/b/fb42da8dabed0da9/pll_stub.vhdl to d:/Desktop/JYD/KDLJ_SRC/pipilined5/JYD2025_Contest-rv32i/digital_twin.gen/sources_1/ip/pll/pll_stub.vhdl.
INFO: [IP_Flow 19-6926] IPCACHE: added file to list for BOM: d:/Desktop/JYD/KDLJ_SRC/pipilined5/JYD2025_Contest-rv32i/digital_twin.gen/sources_1/ip/pll/pll_stub.vhdl
INFO: [IP_Flow 19-4993] Using cached IP synthesis design for IP pll, cache-ID = fb42da8dabed0da9; cache size = 50.482 MB.
export_ip_user_files -of_objects [get_files D:/Desktop/JYD/KDLJ_SRC/pipilined5/JYD2025_Contest-rv32i/digital_twin.srcs/sources_1/ip/pll_1/pll.xci] -no_script -sync -force -quiet
create_ip_run [get_files -of_objects [get_fileset sources_1] D:/Desktop/JYD/KDLJ_SRC/pipilined5/JYD2025_Contest-rv32i/digital_twin.srcs/sources_1/ip/pll_1/pll.xci]
INFO: [Vivado 12-3453] The given sub-design is up-to-date, no action was taken.  If a run is still desired, use the '-force' option for the file:'D:/Desktop/JYD/KDLJ_SRC/pipilined5/JYD2025_Contest-rv32i/digital_twin.srcs/sources_1/ip/pll_1/pll.xci'
export_simulation -of_objects [get_files D:/Desktop/JYD/KDLJ_SRC/pipilined5/JYD2025_Contest-rv32i/digital_twin.srcs/sources_1/ip/pll_1/pll.xci] -directory D:/Desktop/JYD/KDLJ_SRC/pipilined5/JYD2025_Contest-rv32i/digital_twin.ip_user_files/sim_scripts -ip_user_files_dir D:/Desktop/JYD/KDLJ_SRC/pipilined5/JYD2025_Contest-rv32i/digital_twin.ip_user_files -ipstatic_source_dir D:/Desktop/JYD/KDLJ_SRC/pipilined5/JYD2025_Contest-rv32i/digital_twin.ip_user_files/ipstatic -lib_map_path [list {modelsim=D:/Desktop/JYD/KDLJ_SRC/pipilined5/JYD2025_Contest-rv32i/digital_twin.cache/compile_simlib/modelsim} {questa=D:/Desktop/JYD/KDLJ_SRC/pipilined5/JYD2025_Contest-rv32i/digital_twin.cache/compile_simlib/questa} {riviera=D:/Desktop/JYD/KDLJ_SRC/pipilined5/JYD2025_Contest-rv32i/digital_twin.cache/compile_simlib/riviera} {activehdl=D:/Desktop/JYD/KDLJ_SRC/pipilined5/JYD2025_Contest-rv32i/digital_twin.cache/compile_simlib/activehdl}] -use_ip_compiled_libs -force -quiet
create_run synth_2 -flow {Vivado Synthesis 2023}
Run is defaulting to srcset: sources_1
Run is defaulting to constrset: constrs_1
Run is defaulting to part: xc7k325tffg900-2
launch_runs synth_2 -jobs 8
INFO: [Vivado 12-4149] The synthesis checkpoint for IP 'D:/Desktop/JYD/KDLJ_SRC/pipilined5/JYD2025_Contest-rv32i/digital_twin.srcs/sources_1/ip/pll_1/pll.xci' is already up-to-date
WARNING: [Vivado 12-7122] Auto Incremental Compile:: No reference checkpoint was found in run synth_2. Auto-incremental flow will not be run, the standard flow will be run instead.
[Wed Apr 29 00:14:13 2026] Launched synth_2...
Run output will be captured here: D:/Desktop/JYD/KDLJ_SRC/pipilined5/JYD2025_Contest-rv32i/digital_twin.runs/synth_2/runme.log
exit
INFO: [Common 17-206] Exiting Vivado at Wed Apr 29 00:29:44 2026...
