MEM_LOAD_RDATA_FF_COUNT=32
student_top_inst/bridge_inst/mem_load_rdata_reg[0] | REF_NAME=FDRE | LOC=SLICE_X42Y90 | BEL=SLICEM.CFF
student_top_inst/bridge_inst/mem_load_rdata_reg[10] | REF_NAME=FDRE | LOC=SLICE_X43Y86 | BEL=SLICEL.AFF
student_top_inst/bridge_inst/mem_load_rdata_reg[11] | REF_NAME=FDRE | LOC=SLICE_X38Y89 | BEL=SLICEM.BFF
student_top_inst/bridge_inst/mem_load_rdata_reg[12] | REF_NAME=FDRE | LOC=SLICE_X47Y89 | BEL=SLICEL.CFF
student_top_inst/bridge_inst/mem_load_rdata_reg[13] | REF_NAME=FDRE | LOC=SLICE_X47Y89 | BEL=SLICEL.BFF
student_top_inst/bridge_inst/mem_load_rdata_reg[14] | REF_NAME=FDRE | LOC=SLICE_X42Y89 | BEL=SLICEM.AFF
student_top_inst/bridge_inst/mem_load_rdata_reg[15] | REF_NAME=FDRE | LOC=SLICE_X47Y87 | BEL=SLICEL.DFF
student_top_inst/bridge_inst/mem_load_rdata_reg[16] | REF_NAME=FDRE | LOC=SLICE_X40Y87 | BEL=SLICEL.BFF
student_top_inst/bridge_inst/mem_load_rdata_reg[17] | REF_NAME=FDRE | LOC=SLICE_X39Y86 | BEL=SLICEL.BFF
student_top_inst/bridge_inst/mem_load_rdata_reg[18] | REF_NAME=FDRE | LOC=SLICE_X41Y85 | BEL=SLICEL.DFF
student_top_inst/bridge_inst/mem_load_rdata_reg[19] | REF_NAME=FDRE | LOC=SLICE_X41Y84 | BEL=SLICEL.CFF
student_top_inst/bridge_inst/mem_load_rdata_reg[1] | REF_NAME=FDRE | LOC=SLICE_X47Y87 | BEL=SLICEL.BFF
student_top_inst/bridge_inst/mem_load_rdata_reg[20] | REF_NAME=FDRE | LOC=SLICE_X41Y84 | BEL=SLICEL.AFF
student_top_inst/bridge_inst/mem_load_rdata_reg[21] | REF_NAME=FDRE | LOC=SLICE_X39Y86 | BEL=SLICEL.AFF
student_top_inst/bridge_inst/mem_load_rdata_reg[22] | REF_NAME=FDRE | LOC=SLICE_X26Y87 | BEL=SLICEL.DFF
student_top_inst/bridge_inst/mem_load_rdata_reg[23] | REF_NAME=FDRE | LOC=SLICE_X38Y87 | BEL=SLICEM.CFF
student_top_inst/bridge_inst/mem_load_rdata_reg[24] | REF_NAME=FDRE | LOC=SLICE_X38Y87 | BEL=SLICEM.BFF
student_top_inst/bridge_inst/mem_load_rdata_reg[25] | REF_NAME=FDRE | LOC=SLICE_X41Y84 | BEL=SLICEL.BFF
student_top_inst/bridge_inst/mem_load_rdata_reg[26] | REF_NAME=FDRE | LOC=SLICE_X39Y86 | BEL=SLICEL.CFF
student_top_inst/bridge_inst/mem_load_rdata_reg[27] | REF_NAME=FDRE | LOC=SLICE_X47Y78 | BEL=SLICEL.AFF
student_top_inst/bridge_inst/mem_load_rdata_reg[28] | REF_NAME=FDRE | LOC=SLICE_X43Y85 | BEL=SLICEL.BFF
student_top_inst/bridge_inst/mem_load_rdata_reg[29] | REF_NAME=FDRE | LOC=SLICE_X46Y82 | BEL=SLICEM.CFF
student_top_inst/bridge_inst/mem_load_rdata_reg[2] | REF_NAME=FDRE | LOC=SLICE_X42Y84 | BEL=SLICEM.BFF
student_top_inst/bridge_inst/mem_load_rdata_reg[30] | REF_NAME=FDRE | LOC=SLICE_X47Y82 | BEL=SLICEL.AFF
student_top_inst/bridge_inst/mem_load_rdata_reg[31] | REF_NAME=FDRE | LOC=SLICE_X45Y80 | BEL=SLICEL.CFF
student_top_inst/bridge_inst/mem_load_rdata_reg[3] | REF_NAME=FDRE | LOC=SLICE_X43Y85 | BEL=SLICEL.AFF
student_top_inst/bridge_inst/mem_load_rdata_reg[4] | REF_NAME=FDRE | LOC=SLICE_X42Y87 | BEL=SLICEM.BFF
student_top_inst/bridge_inst/mem_load_rdata_reg[5] | REF_NAME=FDRE | LOC=SLICE_X45Y84 | BEL=SLICEL.DFF
student_top_inst/bridge_inst/mem_load_rdata_reg[6] | REF_NAME=FDRE | LOC=SLICE_X42Y86 | BEL=SLICEM.DFF
student_top_inst/bridge_inst/mem_load_rdata_reg[7] | REF_NAME=FDRE | LOC=SLICE_X43Y87 | BEL=SLICEL.BFF
student_top_inst/bridge_inst/mem_load_rdata_reg[8] | REF_NAME=FDRE | LOC=SLICE_X46Y88 | BEL=SLICEM.CFF
student_top_inst/bridge_inst/mem_load_rdata_reg[9] | REF_NAME=FDRE | LOC=SLICE_X43Y87 | BEL=SLICEL.DFF
